main.c:263:5:main	16	static
main.c:374:6:SystemClock_Config	232	static
main.c:448:13:MX_I2C2_Init	8	static
main.c:494:13:MX_I2S1_Init	8	static
main.c:527:13:MX_SAI1_Init	8	static
main.c:563:13:MX_UART4_Init	8	static
main.c:596:13:MX_DMA_Init	16	static
main.c:618:13:MX_GPIO_Init	48	static
main.c:643:6:HAL_I2S_TxCpltCallback	16	static
main.c:650:6:HAL_SAI_TxCpltCallback	16	static
main.c:662:10:DMA_GetCurrDataCounter	16	static
main.c:672:9:MIDI_GetNbNewBytes	16	static
main.c:697:6:processBuffer	24	static
main.c:938:6:HAL_UART_RxHalfCpltCallback	16	static
main.c:948:6:HAL_UART_RxCpltCallback	16	static
main.c:965:6:Error_Handler	4	static,ignoring_inline_asm
