main.c:140:5:main	24	static
main.c:263:6:SystemClock_Config	232	static
main.c:337:13:MX_I2C2_Init	8	static
main.c:383:13:MX_I2S1_Init	8	static
main.c:416:13:MX_SAI1_Init	8	static
main.c:452:13:MX_UART4_Init	8	static
main.c:485:13:MX_DMA_Init	16	static
main.c:507:13:MX_GPIO_Init	48	static
main.c:532:6:HAL_I2S_TxCpltCallback	16	static
main.c:539:6:HAL_SAI_TxHalfCpltCallback	16	static
main.c:543:6:HAL_SAI_TxCpltCallback	16	static
main.c:554:10:DMA_GetCurrDataCounter	16	static
main.c:564:9:MIDI_GetNbNewBytes	16	static
main.c:589:6:processBuffer	24	static
main.c:834:6:setParams	4	static
main.c:923:6:HAL_UART_RxHalfCpltCallback	16	static
main.c:931:6:HAL_UART_RxCpltCallback	16	static
main.c:940:7:calcSynth	32	static
main.c:1058:6:make_sound	24	static
main.c:1073:6:Error_Handler	4	static,ignoring_inline_asm
