ssd1306.c:61:6:SSD1306_ScrollRight	16	static
ssd1306.c:74:6:SSD1306_ScrollLeft	16	static
ssd1306.c:87:6:SSD1306_Scrolldiagright	16	static
ssd1306.c:103:6:SSD1306_Scrolldiagleft	16	static
ssd1306.c:119:6:SSD1306_Stopscroll	8	static
ssd1306.c:126:6:SSD1306_InvertDisplay	16	static
ssd1306.c:135:6:SSD1306_DrawBitmap	32	static
ssd1306.c:165:9:SSD1306_Init	16	static
ssd1306.c:231:6:SSD1306_UpdateScreen	16	static
ssd1306.c:244:6:SSD1306_ToggleInvert	16	static
ssd1306.c:256:6:SSD1306_Fill	16	static
ssd1306.c:261:6:SSD1306_DrawPixel	16	static
ssd1306.c:283:6:SSD1306_GotoXY	16	static
ssd1306.c:289:6:SSD1306_Putc	32	static
ssd1306.c:320:6:SSD1306_Puts	24	static
ssd1306.c:338:6:SSD1306_DrawLine	40	static
ssd1306.c:422:6:SSD1306_DrawRectangle	32	static
ssd1306.c:447:6:SSD1306_DrawFilledRectangle	40	static
ssd1306.c:474:6:SSD1306_DrawTriangle	32	static
ssd1306.c:482:6:SSD1306_DrawFilledTriangle	64	static
ssd1306.c:538:6:SSD1306_DrawCircle	40	static
ssd1306.c:572:6:SSD1306_DrawFilledCircle	48	static
ssd1306.c:605:6:SSD1306_Clear	8	static
ssd1306.c:610:6:SSD1306_ON	8	static
ssd1306.c:615:6:SSD1306_OFF	8	static
ssd1306.c:631:6:ssd1306_I2C_Init	16	static
ssd1306.c:643:6:ssd1306_I2C_WriteMulti	296	static
ssd1306.c:653:6:ssd1306_I2C_Write	32	static
ssd1306.c:678:6:SSD1306_Menu	8	static
ssd1306.c:728:6:SSD1306_Note0	8	static
ssd1306.c:740:6:SSD1306_Note1	8	static
ssd1306.c:752:6:SSD1306_Note2	8	static
ssd1306.c:764:6:SSD1306_Note3	8	static
ssd1306.c:776:6:SSD1306_Note4	8	static
ssd1306.c:788:6:SSD1306_Note5	8	static
ssd1306.c:800:6:SSD1306_Note6	8	static
ssd1306.c:812:6:SSD1306_Note7	8	static
ssd1306.c:824:6:SSD1306_Note8	8	static
ssd1306.c:836:6:SSD1306_Note9	8	static
ssd1306.c:848:6:SSD1306_Note10	8	static
ssd1306.c:860:6:SSD1306_Note11	8	static
ssd1306.c:876:6:SSD1306_Note12	8	static
ssd1306.c:888:6:SSD1306_Note13	8	static
ssd1306.c:900:6:SSD1306_Note14	8	static
ssd1306.c:912:6:SSD1306_Note15	8	static
ssd1306.c:924:6:SSD1306_Note16	8	static
ssd1306.c:936:6:SSD1306_Note17	8	static
ssd1306.c:948:6:SSD1306_Note18	8	static
ssd1306.c:960:6:SSD1306_Note19	8	static
ssd1306.c:972:6:SSD1306_Note20	8	static
ssd1306.c:984:6:SSD1306_Note21	8	static
ssd1306.c:996:6:SSD1306_Note22	8	static
ssd1306.c:1008:6:SSD1306_Note23	8	static
ssd1306.c:1024:6:SSD1306_Note24	8	static
ssd1306.c:1037:6:SSD1306_Note25	8	static
ssd1306.c:1049:6:SSD1306_Note26	8	static
ssd1306.c:1061:6:SSD1306_Note27	8	static
ssd1306.c:1073:6:SSD1306_Note28	8	static
ssd1306.c:1085:6:SSD1306_Note29	8	static
ssd1306.c:1097:6:SSD1306_Note30	8	static
ssd1306.c:1109:6:SSD1306_Note31	8	static
ssd1306.c:1121:6:SSD1306_Note32	8	static
ssd1306.c:1133:6:SSD1306_Note33	8	static
ssd1306.c:1145:6:SSD1306_Note34	8	static
ssd1306.c:1157:6:SSD1306_Note35	8	static
ssd1306.c:1173:6:SSD1306_Note36	8	static
ssd1306.c:1186:6:SSD1306_Note37	8	static
ssd1306.c:1198:6:SSD1306_Note38	8	static
ssd1306.c:1210:6:SSD1306_Note39	8	static
ssd1306.c:1222:6:SSD1306_Note40	8	static
ssd1306.c:1234:6:SSD1306_Note41	8	static
ssd1306.c:1246:6:SSD1306_Note42	8	static
ssd1306.c:1258:6:SSD1306_Note43	8	static
ssd1306.c:1270:6:SSD1306_Note44	8	static
ssd1306.c:1282:6:SSD1306_Note45	8	static
ssd1306.c:1294:6:SSD1306_Note46	8	static
ssd1306.c:1306:6:SSD1306_Note47	8	static
ssd1306.c:1322:6:SSD1306_Note48	8	static
ssd1306.c:1335:6:SSD1306_Note49	8	static
ssd1306.c:1347:6:SSD1306_Note50	8	static
ssd1306.c:1359:6:SSD1306_Note51	8	static
ssd1306.c:1371:6:SSD1306_Note52	8	static
ssd1306.c:1383:6:SSD1306_Note53	8	static
ssd1306.c:1395:6:SSD1306_Note54	8	static
ssd1306.c:1407:6:SSD1306_Note55	8	static
ssd1306.c:1419:6:SSD1306_Note56	8	static
ssd1306.c:1431:6:SSD1306_Note57	8	static
ssd1306.c:1443:6:SSD1306_Note58	8	static
ssd1306.c:1455:6:SSD1306_Note59	8	static
ssd1306.c:1471:6:SSD1306_Note60	8	static
ssd1306.c:1484:6:SSD1306_Note61	8	static
ssd1306.c:1496:6:SSD1306_Note62	8	static
ssd1306.c:1508:6:SSD1306_Note63	8	static
ssd1306.c:1520:6:SSD1306_Note64	8	static
ssd1306.c:1532:6:SSD1306_Note65	8	static
ssd1306.c:1544:6:SSD1306_Note66	8	static
ssd1306.c:1556:6:SSD1306_Note67	8	static
ssd1306.c:1568:6:SSD1306_Note68	8	static
ssd1306.c:1580:6:SSD1306_Note69	8	static
ssd1306.c:1592:6:SSD1306_Note70	8	static
ssd1306.c:1604:6:SSD1306_Note71	8	static
ssd1306.c:1621:6:SSD1306_Note72	8	static
ssd1306.c:1634:6:SSD1306_Note73	8	static
ssd1306.c:1646:6:SSD1306_Note74	8	static
ssd1306.c:1658:6:SSD1306_Note75	8	static
ssd1306.c:1670:6:SSD1306_Note76	8	static
ssd1306.c:1682:6:SSD1306_Note77	8	static
ssd1306.c:1694:6:SSD1306_Note78	8	static
ssd1306.c:1706:6:SSD1306_Note79	8	static
ssd1306.c:1718:6:SSD1306_Note80	8	static
ssd1306.c:1730:6:SSD1306_Note81	8	static
ssd1306.c:1742:6:SSD1306_Note82	8	static
ssd1306.c:1754:6:SSD1306_Note83	8	static
ssd1306.c:1770:6:SSD1306_Note84	8	static
ssd1306.c:1783:6:SSD1306_Note85	8	static
ssd1306.c:1795:6:SSD1306_Note86	8	static
ssd1306.c:1807:6:SSD1306_Note87	8	static
ssd1306.c:1819:6:SSD1306_Note88	8	static
ssd1306.c:1831:6:SSD1306_Note89	8	static
ssd1306.c:1843:6:SSD1306_Note90	8	static
ssd1306.c:1855:6:SSD1306_Note91	8	static
ssd1306.c:1867:6:SSD1306_Note92	8	static
ssd1306.c:1879:6:SSD1306_Note93	8	static
ssd1306.c:1891:6:SSD1306_Note94	8	static
ssd1306.c:1903:6:SSD1306_Note95	8	static
ssd1306.c:1920:6:SSD1306_Note96	8	static
ssd1306.c:1933:6:SSD1306_Note97	8	static
ssd1306.c:1945:6:SSD1306_Note98	8	static
ssd1306.c:1957:6:SSD1306_Note99	8	static
ssd1306.c:1969:6:SSD1306_Note100	8	static
ssd1306.c:1981:6:SSD1306_Note101	8	static
ssd1306.c:1993:6:SSD1306_Note102	8	static
ssd1306.c:2005:6:SSD1306_Note103	8	static
ssd1306.c:2017:6:SSD1306_Note104	8	static
ssd1306.c:2029:6:SSD1306_Note105	8	static
ssd1306.c:2041:6:SSD1306_Note106	8	static
ssd1306.c:2053:6:SSD1306_Note107	8	static
ssd1306.c:2070:6:SSD1306_Note108	8	static
ssd1306.c:2083:6:SSD1306_Note109	8	static
ssd1306.c:2095:6:SSD1306_Note110	8	static
ssd1306.c:2107:6:SSD1306_Note111	8	static
ssd1306.c:2119:6:SSD1306_Note112	8	static
ssd1306.c:2131:6:SSD1306_Note113	8	static
ssd1306.c:2143:6:SSD1306_Note114	8	static
ssd1306.c:2155:6:SSD1306_Note115	8	static
ssd1306.c:2167:6:SSD1306_Note116	8	static
ssd1306.c:2179:6:SSD1306_Note117	8	static
ssd1306.c:2191:6:SSD1306_Note118	8	static
ssd1306.c:2203:6:SSD1306_Note119	8	static
ssd1306.c:2220:6:SSD1306_Note120	8	static
ssd1306.c:2233:6:SSD1306_Note121	8	static
ssd1306.c:2245:6:SSD1306_Note122	8	static
ssd1306.c:2257:6:SSD1306_Note123	8	static
ssd1306.c:2269:6:SSD1306_Note124	8	static
ssd1306.c:2281:6:SSD1306_Note125	8	static
ssd1306.c:2293:6:SSD1306_Note126	8	static
ssd1306.c:2305:6:SSD1306_Note127	8	static
