main.cpp:79:6:void makeSound(uint16_t)	24	static
main.cpp:87:6:void HAL_I2S_TxHalfCpltCallback(I2S_HandleTypeDef*)	16	static
main.cpp:91:6:void HAL_I2S_TxCpltCallback(I2S_HandleTypeDef*)	16	static
main.cpp:101:5:int main()	16	static
main.cpp:154:6:void SystemClock_Config()	232	static
main.cpp:215:13:void MX_ETH_Init()	8	static
main.cpp:262:13:void MX_I2C1_Init()	8	static
main.cpp:308:13:void MX_I2S3_Init()	8	static
main.cpp:341:13:void MX_UART4_Init()	8	static
main.cpp:376:13:void MX_USART3_UART_Init()	8	static
main.cpp:409:13:void MX_DMA_Init()	16	static
main.cpp:427:13:void MX_GPIO_Init()	56	static
main.cpp:505:6:void Error_Handler()	4	static,ignoring_inline_asm
main.cpp:514:1:void __static_initialization_and_destruction_0(int, int)	16	static
main.cpp:514:1:cpp)	8	static
main.cpp:514:1:cpp)	8	static
