main.c:221:6:Error_Handler	0	static
main.c:281:6:PrepOscs	40	static
main.c:429:6:stop_note	8	static
main.c:445:6:play_slave	4	static
main.c:452:6:stop_slave	0	static
main.c:459:6:MakeSound	56	static
main.c:530:6:UpdateLFOs	4	static
main.c:589:6:ProcessPitch	16	static
main.c:622:6:ProcessADSRs	56	static
main.c:229:6:envelope	16	static
main.c:728:7:KarlsenLPF	20	static
main.c:250:6:AudioOutput	40	static
main.c:238:6:mixer	8	static
main.c:804:6:LocalMidiHandler	8	static
main.c:912:6:ParamUpdate	0	static
main.c:1014:6:SetLeds	8	static
main.c:310:6:play_note	40	static
main.c:762:6:ProcessReceivedMidiDatas	8	static
main.c:1065:6:Configure_USARTx	32	static,ignoring_inline_asm
main.c:1150:6:Configure_USARTy	32	static,ignoring_inline_asm
main.c:1241:6:SystemClock_Config	24	static
main.c:1296:6:DAC_Config	16	static
main.c:1329:6:enable_backup_sram	16	static
main.c:1342:6:writeBkpSram	0	static
main.c:1348:9:readBkpSram	0	static
main.c:1358:6:writeBkpSramWord	0	static
main.c:1364:10:readBkpSramWord	0	static
main.c:1374:6:InitPatch	12	static
main.c:1413:6:GetPatch	36	static
main.c:1425:6:PutPatch	8	static
main.c:1436:6:TIM2_Config	16	static
main.c:1451:6:TIM3_Config	16	static
main.c:1466:6:TIM4_Config	16	static
main.c:1481:6:TIM5_Config	16	static
main.c:1496:6:TIM8_Config	16	static
main.c:1511:6:TIM6_Config	16	static
main.c:1526:6:TIM7_Config	16	static
main.c:1541:6:TIM10_Config	16	static
main.c:1556:6:TIM11_Config	16	static
main.c:1571:6:TIM12_Config	16	static
main.c:1586:6:TIM13_Config	16	static
main.c:1601:6:TIM14_Config	16	static
main.c:1616:6:TIM9_Config	16	static
main.c:1641:6:HAL_TIM_PeriodElapsedCallback	8	static
main.c:1647:6:MX_GPIO_Init	88	static
main.c:1738:6:CPU_CACHE_Enable	12	static,ignoring_inline_asm
main.c:149:5:main	8	static
main.c:1757:6:USARTx_CharReception_Callback	24	static
main.c:1844:6:USARTy_CharReception_Callback	8	static
main.c:1859:6:Error_Callback	4	static
main.c:1866:6:SendToUSART	0	static
