Archive member included to satisfy reference by file (symbol)

c:/st/stm32cubeide_1.4.0/stm32cubeide/plugins/com.st.stm32cube.ide.mcu.externaltools.gnu-tools-for-stm32.9-2020-q2-update.win32_2.0.0.202105311346/tools/bin/../lib/gcc/arm-none-eabi/9.3.1/../../../../arm-none-eabi/lib/thumb/v7e-m+dp/hard\libstdc++_nano.a(del_ops.o)
                              ./Core/Src/Codec.o (operator delete(void*, unsigned int))
c:/st/stm32cubeide_1.4.0/stm32cubeide/plugins/com.st.stm32cube.ide.mcu.externaltools.gnu-tools-for-stm32.9-2020-q2-update.win32_2.0.0.202105311346/tools/bin/../lib/gcc/arm-none-eabi/9.3.1/../../../../arm-none-eabi/lib/thumb/v7e-m+dp/hard\libstdc++_nano.a(del_op.o)
                              c:/st/stm32cubeide_1.4.0/stm32cubeide/plugins/com.st.stm32cube.ide.mcu.externaltools.gnu-tools-for-stm32.9-2020-q2-update.win32_2.0.0.202105311346/tools/bin/../lib/gcc/arm-none-eabi/9.3.1/../../../../arm-none-eabi/lib/thumb/v7e-m+dp/hard\libstdc++_nano.a(del_ops.o) (operator delete(void*))
c:/st/stm32cubeide_1.4.0/stm32cubeide/plugins/com.st.stm32cube.ide.mcu.externaltools.gnu-tools-for-stm32.9-2020-q2-update.win32_2.0.0.202105311346/tools/bin/../lib/gcc/arm-none-eabi/9.3.1/../../../../arm-none-eabi/lib/thumb/v7e-m+dp/hard\libc_nano.a(lib_a-errno.o)
                              ./Core/Src/syscalls.o (__errno)
c:/st/stm32cubeide_1.4.0/stm32cubeide/plugins/com.st.stm32cube.ide.mcu.externaltools.gnu-tools-for-stm32.9-2020-q2-update.win32_2.0.0.202105311346/tools/bin/../lib/gcc/arm-none-eabi/9.3.1/../../../../arm-none-eabi/lib/thumb/v7e-m+dp/hard\libc_nano.a(lib_a-exit.o)
                              c:/st/stm32cubeide_1.4.0/stm32cubeide/plugins/com.st.stm32cube.ide.mcu.externaltools.gnu-tools-for-stm32.9-2020-q2-update.win32_2.0.0.202105311346/tools/bin/../lib/gcc/arm-none-eabi/9.3.1/../../../../arm-none-eabi/lib/thumb/v7e-m+dp/hard/crt0.o (exit)
c:/st/stm32cubeide_1.4.0/stm32cubeide/plugins/com.st.stm32cube.ide.mcu.externaltools.gnu-tools-for-stm32.9-2020-q2-update.win32_2.0.0.202105311346/tools/bin/../lib/gcc/arm-none-eabi/9.3.1/../../../../arm-none-eabi/lib/thumb/v7e-m+dp/hard\libc_nano.a(lib_a-impure.o)
                              c:/st/stm32cubeide_1.4.0/stm32cubeide/plugins/com.st.stm32cube.ide.mcu.externaltools.gnu-tools-for-stm32.9-2020-q2-update.win32_2.0.0.202105311346/tools/bin/../lib/gcc/arm-none-eabi/9.3.1/../../../../arm-none-eabi/lib/thumb/v7e-m+dp/hard\libc_nano.a(lib_a-exit.o) (_global_impure_ptr)
c:/st/stm32cubeide_1.4.0/stm32cubeide/plugins/com.st.stm32cube.ide.mcu.externaltools.gnu-tools-for-stm32.9-2020-q2-update.win32_2.0.0.202105311346/tools/bin/../lib/gcc/arm-none-eabi/9.3.1/../../../../arm-none-eabi/lib/thumb/v7e-m+dp/hard\libc_nano.a(lib_a-init.o)
                              c:/st/stm32cubeide_1.4.0/stm32cubeide/plugins/com.st.stm32cube.ide.mcu.externaltools.gnu-tools-for-stm32.9-2020-q2-update.win32_2.0.0.202105311346/tools/bin/../lib/gcc/arm-none-eabi/9.3.1/../../../../arm-none-eabi/lib/thumb/v7e-m+dp/hard/crt0.o (__libc_init_array)
c:/st/stm32cubeide_1.4.0/stm32cubeide/plugins/com.st.stm32cube.ide.mcu.externaltools.gnu-tools-for-stm32.9-2020-q2-update.win32_2.0.0.202105311346/tools/bin/../lib/gcc/arm-none-eabi/9.3.1/../../../../arm-none-eabi/lib/thumb/v7e-m+dp/hard\libc_nano.a(lib_a-malloc.o)
                              c:/st/stm32cubeide_1.4.0/stm32cubeide/plugins/com.st.stm32cube.ide.mcu.externaltools.gnu-tools-for-stm32.9-2020-q2-update.win32_2.0.0.202105311346/tools/bin/../lib/gcc/arm-none-eabi/9.3.1/../../../../arm-none-eabi/lib/thumb/v7e-m+dp/hard\libstdc++_nano.a(del_op.o) (free)
c:/st/stm32cubeide_1.4.0/stm32cubeide/plugins/com.st.stm32cube.ide.mcu.externaltools.gnu-tools-for-stm32.9-2020-q2-update.win32_2.0.0.202105311346/tools/bin/../lib/gcc/arm-none-eabi/9.3.1/../../../../arm-none-eabi/lib/thumb/v7e-m+dp/hard\libc_nano.a(lib_a-memset.o)
                              c:/st/stm32cubeide_1.4.0/stm32cubeide/plugins/com.st.stm32cube.ide.mcu.externaltools.gnu-tools-for-stm32.9-2020-q2-update.win32_2.0.0.202105311346/tools/bin/../lib/gcc/arm-none-eabi/9.3.1/../../../../arm-none-eabi/lib/thumb/v7e-m+dp/hard/crt0.o (memset)
c:/st/stm32cubeide_1.4.0/stm32cubeide/plugins/com.st.stm32cube.ide.mcu.externaltools.gnu-tools-for-stm32.9-2020-q2-update.win32_2.0.0.202105311346/tools/bin/../lib/gcc/arm-none-eabi/9.3.1/../../../../arm-none-eabi/lib/thumb/v7e-m+dp/hard\libc_nano.a(lib_a-nano-freer.o)
                              c:/st/stm32cubeide_1.4.0/stm32cubeide/plugins/com.st.stm32cube.ide.mcu.externaltools.gnu-tools-for-stm32.9-2020-q2-update.win32_2.0.0.202105311346/tools/bin/../lib/gcc/arm-none-eabi/9.3.1/../../../../arm-none-eabi/lib/thumb/v7e-m+dp/hard\libc_nano.a(lib_a-malloc.o) (_free_r)
c:/st/stm32cubeide_1.4.0/stm32cubeide/plugins/com.st.stm32cube.ide.mcu.externaltools.gnu-tools-for-stm32.9-2020-q2-update.win32_2.0.0.202105311346/tools/bin/../lib/gcc/arm-none-eabi/9.3.1/../../../../arm-none-eabi/lib/thumb/v7e-m+dp/hard\libc_nano.a(lib_a-nano-mallocr.o)
[...]
Memory Configuration

Name             Origin             Length             Attributes
RAM              0x0000000020000000 0x0000000000080000 xrw
FLASH            0x0000000008000000 0x0000000000200000 xr
*default*        0x0000000000000000 0xffffffffffffffff

Linker script and memory map

LOAD c:/st/stm32cubeide_1.4.0/stm32cubeide/plugins/com.st.stm32cube.ide.mcu.externaltools.gnu-tools-for-stm32.9-2020-q2-update.win32_2.0.0.202105311346/tools/bin/../lib/gcc/arm-none-eabi/9.3.1/thumb/v7e-m+dp/hard/crti.o
LOAD c:/st/stm32cubeide_1.4.0/stm32cubeide/plugins/com.st.stm32cube.ide.mcu.externaltools.gnu-tools-for-stm32.9-2020-q2-update.win32_2.0.0.202105311346/tools/bin/../lib/gcc/arm-none-eabi/9.3.1/thumb/v7e-m+dp/hard/crtbegin.o
LOAD c:/st/stm32cubeide_1.4.0/stm32cubeide/plugins/com.st.stm32cube.ide.mcu.externaltools.gnu-tools-for-stm32.9-2020-q2-update.win32_2.0.0.202105311346/tools/bin/../lib/gcc/arm-none-eabi/9.3.1/../../../../arm-none-eabi/lib/thumb/v7e-m+dp/hard/crt0.o
LOAD ./Core/Src/Codec.o
LOAD ./Core/Src/Synth.o
LOAD ./Core/Src/main.o
LOAD ./Core/Src/stm32f7xx_hal_msp.o
LOAD ./Core/Src/stm32f7xx_it.o
LOAD ./Core/Src/syscalls.o
LOAD ./Core/Src/sysmem.o
LOAD ./Core/Src/system_stm32f7xx.o
LOAD ./Core/Startup/startup_stm32f767zitx.o
LOAD ./Drivers/STM32F7xx_HAL_Driver/Src/stm32f7xx_hal.o
LOAD ./Drivers/STM32F7xx_HAL_Driver/Src/stm32f7xx_hal_cortex.o
LOAD ./Drivers/STM32F7xx_HAL_Driver/Src/stm32f7xx_hal_dma.o
LOAD ./Drivers/STM32F7xx_HAL_Driver/Src/stm32f7xx_hal_dma_ex.o
LOAD ./Drivers/STM32F7xx_HAL_Driver/Src/stm32f7xx_hal_eth.o
LOAD ./Drivers/STM32F7xx_HAL_Driver/Src/stm32f7xx_hal_exti.o
LOAD ./Drivers/STM32F7xx_HAL_Driver/Src/stm32f7xx_hal_flash.o
LOAD ./Drivers/STM32F7xx_HAL_Driver/Src/stm32f7xx_hal_flash_ex.o
LOAD ./Drivers/STM32F7xx_HAL_Driver/Src/stm32f7xx_hal_gpio.o
LOAD ./Drivers/STM32F7xx_HAL_Driver/Src/stm32f7xx_hal_i2c.o
LOAD ./Drivers/STM32F7xx_HAL_Driver/Src/stm32f7xx_hal_i2c_ex.o
LOAD ./Drivers/STM32F7xx_HAL_Driver/Src/stm32f7xx_hal_i2s.o
LOAD ./Drivers/STM32F7xx_HAL_Driver/Src/stm32f7xx_hal_pwr.o
LOAD ./Drivers/STM32F7xx_HAL_Driver/Src/stm32f7xx_hal_pwr_ex.o
LOAD ./Drivers/STM32F7xx_HAL_Driver/Src/stm32f7xx_hal_rcc.o
LOAD ./Drivers/STM32F7xx_HAL_Driver/Src/stm32f7xx_hal_rcc_ex.o
LOAD ./Drivers/STM32F7xx_HAL_Driver/Src/stm32f7xx_hal_tim.o
LOAD ./Drivers/STM32F7xx_HAL_Driver/Src/stm32f7xx_hal_tim_ex.o
LOAD ./Drivers/STM32F7xx_HAL_Driver/Src/stm32f7xx_hal_uart.o
LOAD ./Drivers/STM32F7xx_HAL_Driver/Src/stm32f7xx_hal_uart_ex.o
START GROUP
LOAD c:/st/stm32cubeide_1.4.0/stm32cubeide/plugins/com.st.stm32cube.ide.mcu.externaltools.gnu-tools-for-stm32.9-2020-q2-update.win32_2.0.0.202105311346/tools/bin/../lib/gcc/arm-none-eabi/9.3.1/../../../../arm-none-eabi/lib/thumb/v7e-m+dp/hard\libstdc++_nano.a
LOAD c:/st/stm32cubeide_1.4.0/stm32cubeide/plugins/com.st.stm32cube.ide.mcu.externaltools.gnu-tools-for-stm32.9-2020-q2-update.win32_2.0.0.202105311346/tools/bin/../lib/gcc/arm-none-eabi/9.3.1/../../../../arm-none-eabi/lib/thumb/v7e-m+dp/hard\libsupc++_nano.a
END GROUP
LOAD c:/st/stm32cubeide_1.4.0/stm32cubeide/plugins/com.st.stm32cube.ide.mcu.externaltools.gnu-tools-for-stm32.9-2020-q2-update.win32_2.0.0.202105311346/tools/bin/../lib/gcc/arm-none-eabi/9.3.1/../../../../arm-none-eabi/lib/thumb/v7e-m+dp/hard\libstdc++_nano.a
LOAD c:/st/stm32cubeide_1.4.0/stm32cubeide/plugins/com.st.stm32cube.ide.mcu.externaltools.gnu-tools-for-stm32.9-2020-q2-update.win32_2.0.0.202105311346/tools/bin/../lib/gcc/arm-none-eabi/9.3.1/../../../../arm-none-eabi/lib/thumb/v7e-m+dp/hard\libm.a
LOAD c:/st/stm32cubeide_1.4.0/stm32cubeide/plugins/com.st.stm32cube.ide.mcu.externaltools.gnu-tools-for-stm32.9-2020-q2-update.win32_2.0.0.202105311346/tools/bin/../lib/gcc/arm-none-eabi/9.3.1/../../../../arm-none-eabi/lib/thumb/v7e-m+dp/hard\libc_nano.a
START GROUP
LOAD c:/st/stm32cubeide_1.4.0/stm32cubeide/plugins/com.st.stm32cube.ide.mcu.externaltools.gnu-tools-for-stm32.9-2020-q2-update.win32_2.0.0.202105311346/tools/bin/../lib/gcc/arm-none-eabi/9.3.1/thumb/v7e-m+dp/hard\libgcc.a
LOAD c:/st/stm32cubeide_1.4.0/stm32cubeide/plugins/com.st.stm32cube.ide.mcu.externaltools.gnu-tools-for-stm32.9-2020-q2-update.win32_2.0.0.202105311346/tools/bin/../lib/gcc/arm-none-eabi/9.3.1/../../../../arm-none-eabi/lib/thumb/v7e-m+dp/hard\libc_nano.a
END GROUP
START GROUP
LOAD c:/st/stm32cubeide_1.4.0/stm32cubeide/plugins/com.st.stm32cube.ide.mcu.externaltools.gnu-tools-for-stm32.9-2020-q2-update.win32_2.0.0.202105311346/tools/bin/../lib/gcc/arm-none-eabi/9.3.1/thumb/v7e-m+dp/hard\libgcc.a
LOAD c:/st/stm32cubeide_1.4.0/stm32cubeide/plugins/com.st.stm32cube.ide.mcu.externaltools.gnu-tools-for-stm32.9-2020-q2-update.win32_2.0.0.202105311346/tools/bin/../lib/gcc/arm-none-eabi/9.3.1/../../../../arm-none-eabi/lib/thumb/v7e-m+dp/hard\libc_nano.a
LOAD c:/st/stm32cubeide_1.4.0/stm32cubeide/plugins/com.st.stm32cube.ide.mcu.externaltools.gnu-tools-for-stm32.9-2020-q2-update.win32_2.0.0.202105311346/tools/bin/../lib/gcc/arm-none-eabi/9.3.1/../../../../arm-none-eabi/lib/thumb/v7e-m+dp/hard\libnosys.a
END GROUP
START GROUP
LOAD c:/st/stm32cubeide_1.4.0/stm32cubeide/plugins/com.st.stm32cube.ide.mcu.externaltools.gnu-tools-for-stm32.9-2020-q2-update.win32_2.0.0.202105311346/tools/bin/../lib/gcc/arm-none-eabi/9.3.1/thumb/v7e-m+dp/hard\libgcc.a
LOAD c:/st/stm32cubeide_1.4.0/stm32cubeide/plugins/com.st.stm32cube.ide.mcu.externaltools.gnu-tools-for-stm32.9-2020-q2-update.win32_2.0.0.202105311346/tools/bin/../lib/gcc/arm-none-eabi/9.3.1/../../../../arm-none-eabi/lib/thumb/v7e-m+dp/hard\libc_nano.a
LOAD c:/st/stm32cubeide_1.4.0/stm32cubeide/plugins/com.st.stm32cube.ide.mcu.externaltools.gnu-tools-for-stm32.9-2020-q2-update.win32_2.0.0.202105311346/tools/bin/../lib/gcc/arm-none-eabi/9.3.1/../../../../arm-none-eabi/lib/thumb/v7e-m+dp/hard\libnosys.a
END GROUP
LOAD c:/st/stm32cubeide_1.4.0/stm32cubeide/plugins/com.st.stm32cube.ide.mcu.externaltools.gnu-tools-for-stm32.9-2020-q2-update.win32_2.0.0.202105311346/tools/bin/../lib/gcc/arm-none-eabi/9.3.1/thumb/v7e-m+dp/hard/crtend.o
LOAD c:/st/stm32cubeide_1.4.0/stm32cubeide/plugins/com.st.stm32cube.ide.mcu.externaltools.gnu-tools-for-stm32.9-2020-q2-update.win32_2.0.0.202105311346/tools/bin/../lib/gcc/arm-none-eabi/9.3.1/thumb/v7e-m+dp/hard/crtn.o
                0x0000000020080000                _estack = (ORIGIN (RAM) + LENGTH (RAM))
                0x0000000000000200                _Min_Heap_Size = 0x200
                0x0000000000000400                _Min_Stack_Size = 0x400

.isr_vector     0x0000000008000000      0x1f8
                0x0000000008000000                . = ALIGN (0x4)
 *(.isr_vector)
 .isr_vector    0x0000000008000000      0x1f8 ./Core/Startup/startup_stm32f767zitx.o
                0x0000000008000000                g_pfnVectors
                0x00000000080001f8                . = ALIGN (0x4)

.text           0x00000000080001f8     0x5100
                0x00000000080001f8                . = ALIGN (0x4)
 *(.text)
 .text          0x00000000080001f8       0x40 c:/st/stm32cubeide_1.4.0/stm32cubeide/plugins/com.st.stm32cube.ide.mcu.externaltools.gnu-tools-for-stm32.9-2020-q2-update.win32_2.0.0.202105311346/tools/bin/../lib/gcc/arm-none-eabi/9.3.1/thumb/v7e-m+dp/hard/crtbegin.o
 .text          0x0000000008000238       0x30 c:/st/stm32cubeide_1.4.0/stm32cubeide/plugins/com.st.stm32cube.ide.mcu.externaltools.gnu-tools-for-stm32.9-2020-q2-update.win32_2.0.0.202105311346/tools/bin/../lib/gcc/arm-none-eabi/9.3.1/thumb/v7e-m+dp/hard\libgcc.a(_aeabi_uldivmod.o)
                0x0000000008000238                __aeabi_uldivmod
 .text          0x0000000008000268      0x2c4 c:/st/stm32cubeide_1.4.0/stm32cubeide/plugins/com.st.stm32cube.ide.mcu.externaltools.gnu-tools-for-stm32.9-2020-q2-update.win32_2.0.0.202105311346/tools/bin/../lib/gcc/arm-none-eabi/9.3.1/thumb/v7e-m+dp/hard\libgcc.a(_udivmoddi4.o)
                0x0000000008000268                __udivmoddi4
 .text          0x000000000800052c        0x4 c:/st/stm32cubeide_1.4.0/stm32cubeide/plugins/com.st.stm32cube.ide.mcu.externaltools.gnu-tools-for-stm32.9-2020-q2-update.win32_2.0.0.202105311346/tools/bin/../lib/gcc/arm-none-eabi/9.3.1/thumb/v7e-m+dp/hard\libgcc.a(_dvmd_tls.o)
                0x000000000800052c                __aeabi_idiv0
                0x000000000800052c                __aeabi_ldiv0
 *(.text*)
 .text._ZN5CodecC2Ev
                0x0000000008000530       0x20 ./Core/Src/Codec.o
                0x0000000008000530                Codec::Codec()
                0x0000000008000530                Codec::Codec()
 .text._ZN5CodecD2Ev
                0x0000000008000550       0x20 ./Core/Src/Codec.o
                0x0000000008000550                Codec::~Codec()
                0x0000000008000550                Codec::~Codec()
 .text._ZN5CodecD0Ev
                0x0000000008000570       0x20 ./Core/Src/Codec.o
                0x0000000008000570                Codec::~Codec()
 .text._ZN5Codec4initEv
                0x0000000008000590       0x60 ./Core/Src/Codec.o
                0x0000000008000590                Codec::init()
 .text._ZN5Codec5writeEhh
                0x00000000080005f0       0x4c ./Core/Src/Codec.o
                0x00000000080005f0                Codec::write(unsigned char, unsigned char)
 .text._ZN5SynthC2Ev
                0x000000000800063c       0x38 ./Core/Src/Synth.o
                0x000000000800063c                Synth::Synth()
                0x000000000800063c                Synth::Synth()
 .text._ZN5SynthD2Ev
                0x0000000008000674       0x20 ./Core/Src/Synth.o
                0x0000000008000674                Synth::~Synth()
                0x0000000008000674                Synth::~Synth()
 .text._ZN5SynthD0Ev
                0x0000000008000694       0x20 ./Core/Src/Synth.o
                0x0000000008000694                Synth::~Synth()
 .text._ZN5Synth18calculateOscilatorEv
                0x00000000080006b4      0x15c ./Core/Src/Synth.o
                0x00000000080006b4                Synth::calculateOscilator()
 .text._Z9makeSoundt
                0x0000000008000810       0x70 ./Core/Src/main.o
                0x0000000008000810                makeSound(unsigned short)
 .text.HAL_I2S_TxHalfCpltCallback
                0x0000000008000880       0x16 ./Core/Src/main.o
                0x0000000008000880                HAL_I2S_TxHalfCpltCallback
 .text.HAL_I2S_TxCpltCallback
                0x0000000008000896       0x18 ./Core/Src/main.o
                0x0000000008000896                HAL_I2S_TxCpltCallback
 *fill*         0x00000000080008ae        0x2 
 .text.main     0x00000000080008b0       0x60 ./Core/Src/main.o
                0x00000000080008b0                main
 .text._Z18SystemClock_Configv
                0x0000000008000910      0x158 ./Core/Src/main.o
                0x0000000008000910                SystemClock_Config()
 .text._ZL11MX_ETH_Initv
                0x0000000008000a68       0x90 ./Core/Src/main.o
 .text._ZL12MX_I2C1_Initv
                0x0000000008000af8       0x9c ./Core/Src/main.o
 .text._ZL12MX_I2S3_Initv
                0x0000000008000b94       0x60 ./Core/Src/main.o
 .text._ZL13MX_UART4_Initv
                0x0000000008000bf4       0x68 ./Core/Src/main.o
 .text._ZL19MX_USART3_UART_Initv
                0x0000000008000c5c       0x68 ./Core/Src/main.o
 .text._ZL11MX_DMA_Initv
                0x0000000008000cc4       0x3c ./Core/Src/main.o
 .text._ZL12MX_GPIO_Initv
                0x0000000008000d00      0x1b0 ./Core/Src/main.o
 .text.Error_Handler
                0x0000000008000eb0        0xa ./Core/Src/main.o
                0x0000000008000eb0                Error_Handler
 *fill*         0x0000000008000eba        0x2 
 .text._Z41__static_initialization_and_destruction_0ii
                0x0000000008000ebc       0x54 ./Core/Src/main.o
 .text._GLOBAL__sub_I_heth
                0x0000000008000f10       0x10 ./Core/Src/main.o
 .text._GLOBAL__sub_D_heth
                0x0000000008000f20       0x10 ./Core/Src/main.o
 .text.HAL_MspInit
                0x0000000008000f30       0x48 ./Core/Src/stm32f7xx_hal_msp.o
                0x0000000008000f30                HAL_MspInit
 .text.HAL_ETH_MspInit
                0x0000000008000f78      0x170 ./Core/Src/stm32f7xx_hal_msp.o
                0x0000000008000f78                HAL_ETH_MspInit
 .text.HAL_I2C_MspInit
                0x00000000080010e8       0x88 ./Core/Src/stm32f7xx_hal_msp.o
                0x00000000080010e8                HAL_I2C_MspInit
 .text.HAL_I2S_MspInit
                0x0000000008001170      0x16c ./Core/Src/stm32f7xx_hal_msp.o
                0x0000000008001170                HAL_I2S_MspInit
 .text.HAL_UART_MspInit
                0x00000000080012dc      0x128 ./Core/Src/stm32f7xx_hal_msp.o
                0x00000000080012dc                HAL_UART_MspInit
 .text.NMI_Handler
                0x0000000008001404        0x6 ./Core/Src/stm32f7xx_it.o
                0x0000000008001404                NMI_Handler
 .text.HardFault_Handler
                0x000000000800140a        0x6 ./Core/Src/stm32f7xx_it.o
                0x000000000800140a                HardFault_Handler
 .text.MemManage_Handler
                0x0000000008001410        0x6 ./Core/Src/stm32f7xx_it.o
                0x0000000008001410                MemManage_Handler
 .text.BusFault_Handler
                0x0000000008001416        0x6 ./Core/Src/stm32f7xx_it.o
                0x0000000008001416                BusFault_Handler
 .text.UsageFault_Handler
                0x000000000800141c        0x6 ./Core/Src/stm32f7xx_it.o
                0x000000000800141c                UsageFault_Handler
 .text.SVC_Handler
                0x0000000008001422        0xe ./Core/Src/stm32f7xx_it.o
                0x0000000008001422                SVC_Handler
 .text.DebugMon_Handler
                0x0000000008001430        0xe ./Core/Src/stm32f7xx_it.o
                0x0000000008001430                DebugMon_Handler
 .text.PendSV_Handler
                0x000000000800143e        0xe ./Core/Src/stm32f7xx_it.o
                0x000000000800143e                PendSV_Handler
 .text.SysTick_Handler
                0x000000000800144c        0xc ./Core/Src/stm32f7xx_it.o
                0x000000000800144c                SysTick_Handler
 .text.DMA1_Stream5_IRQHandler
                0x0000000008001458       0x14 ./Core/Src/stm32f7xx_it.o
                0x0000000008001458                DMA1_Stream5_IRQHandler
 .text.SystemInit
                0x000000000800146c       0x24 ./Core/Src/system_stm32f7xx.o
                0x000000000800146c                SystemInit
 .text.Reset_Handler
                0x0000000008001490       0x50 ./Core/Startup/startup_stm32f767zitx.o
                0x0000000008001490                Reset_Handler
 .text.Default_Handler
                0x00000000080014e0        0x2 ./Core/Startup/startup_stm32f767zitx.o
                0x00000000080014e0                RTC_Alarm_IRQHandler
                0x00000000080014e0                EXTI2_IRQHandler
                0x00000000080014e0                TIM8_CC_IRQHandler
                0x00000000080014e0                UART8_IRQHandler
                0x00000000080014e0                SPI4_IRQHandler
                0x00000000080014e0                TIM1_CC_IRQHandler
                0x00000000080014e0                DMA2_Stream5_IRQHandler
                0x00000000080014e0                JPEG_IRQHandler
                0x00000000080014e0                CAN3_RX1_IRQHandler
                0x00000000080014e0                PVD_IRQHandler
                0x00000000080014e0                TAMP_STAMP_IRQHandler
                0x00000000080014e0                CAN2_RX1_IRQHandler
                0x00000000080014e0                EXTI3_IRQHandler
                0x00000000080014e0                TIM8_TRG_COM_TIM14_IRQHandler
                0x00000000080014e0                DFSDM1_FLT1_IRQHandler
                0x00000000080014e0                TIM1_UP_TIM10_IRQHandler
                0x00000000080014e0                TIM8_UP_TIM13_IRQHandler
                0x00000000080014e0                I2C3_ER_IRQHandler
                0x00000000080014e0                DFSDM1_FLT2_IRQHandler
                0x00000000080014e0                EXTI0_IRQHandler
                0x00000000080014e0                I2C2_EV_IRQHandler
                0x00000000080014e0                DMA1_Stream2_IRQHandler
                0x00000000080014e0                CAN1_RX0_IRQHandler
                0x00000000080014e0                FPU_IRQHandler
                0x00000000080014e0                OTG_HS_WKUP_IRQHandler
                0x00000000080014e0                CAN3_SCE_IRQHandler
                0x00000000080014e0                LTDC_ER_IRQHandler
                0x00000000080014e0                CAN2_SCE_IRQHandler
                0x00000000080014e0                DMA2_Stream2_IRQHandler
                0x00000000080014e0                SPI1_IRQHandler
                0x00000000080014e0                TIM6_DAC_IRQHandler
                0x00000000080014e0                TIM1_BRK_TIM9_IRQHandler
                0x00000000080014e0                DCMI_IRQHandler
                0x00000000080014e0                CAN2_RX0_IRQHandler
                0x00000000080014e0                DMA2_Stream3_IRQHandler
                0x00000000080014e0                SAI2_IRQHandler
                0x00000000080014e0                DFSDM1_FLT3_IRQHandler
                0x00000000080014e0                USART6_IRQHandler
                0x00000000080014e0                CAN3_RX0_IRQHandler
                0x00000000080014e0                USART3_IRQHandler
                0x00000000080014e0                CAN1_RX1_IRQHandler
                0x00000000080014e0                UART5_IRQHandler
                0x00000000080014e0                DMA2_Stream0_IRQHandler
                0x00000000080014e0                TIM4_IRQHandler
                0x00000000080014e0                QUADSPI_IRQHandler
                0x00000000080014e0                I2C1_EV_IRQHandler
                0x00000000080014e0                DMA1_Stream6_IRQHandler
                0x00000000080014e0                DMA1_Stream1_IRQHandler
                0x00000000080014e0                UART4_IRQHandler
                0x00000000080014e0                TIM3_IRQHandler
                0x00000000080014e0                RCC_IRQHandler
                0x00000000080014e0                TIM8_BRK_TIM12_IRQHandler
                0x00000000080014e0                Default_Handler
                0x00000000080014e0                CEC_IRQHandler
                0x00000000080014e0                EXTI15_10_IRQHandler
                0x00000000080014e0                ADC_IRQHandler
                0x00000000080014e0                DMA1_Stream7_IRQHandler
                0x00000000080014e0                SPI5_IRQHandler
                0x00000000080014e0                TIM7_IRQHandler
                0x00000000080014e0                SDMMC1_IRQHandler
                0x00000000080014e0                CAN2_TX_IRQHandler
                0x00000000080014e0                TIM5_IRQHandler
                0x00000000080014e0                DMA2_Stream7_IRQHandler
                0x00000000080014e0                I2C3_EV_IRQHandler
                0x00000000080014e0                EXTI9_5_IRQHandler
                0x00000000080014e0                RTC_WKUP_IRQHandler
                0x00000000080014e0                LTDC_IRQHandler
                0x00000000080014e0                ETH_WKUP_IRQHandler
                0x00000000080014e0                SPDIF_RX_IRQHandler
                0x00000000080014e0                SPI2_IRQHandler
                0x00000000080014e0                OTG_HS_EP1_IN_IRQHandler
                0x00000000080014e0                DMA1_Stream0_IRQHandler
                0x00000000080014e0                CAN1_TX_IRQHandler
                0x00000000080014e0                EXTI4_IRQHandler
                0x00000000080014e0                RNG_IRQHandler
                0x00000000080014e0                ETH_IRQHandler
                0x00000000080014e0                OTG_HS_EP1_OUT_IRQHandler
                0x00000000080014e0                WWDG_IRQHandler
                0x00000000080014e0                SPI6_IRQHandler
                0x00000000080014e0                MDIOS_IRQHandler
                0x00000000080014e0                I2C4_EV_IRQHandler
                0x00000000080014e0                CAN3_TX_IRQHandler
                0x00000000080014e0                TIM2_IRQHandler
                0x00000000080014e0                OTG_FS_WKUP_IRQHandler
                0x00000000080014e0                TIM1_TRG_COM_TIM11_IRQHandler
                0x00000000080014e0                OTG_HS_IRQHandler
                0x00000000080014e0                DMA2D_IRQHandler
                0x00000000080014e0                EXTI1_IRQHandler
                0x00000000080014e0                SDMMC2_IRQHandler
                0x00000000080014e0                UART7_IRQHandler
                0x00000000080014e0                USART2_IRQHandler
                0x00000000080014e0                DFSDM1_FLT0_IRQHandler
                0x00000000080014e0                I2C2_ER_IRQHandler
                0x00000000080014e0                DMA2_Stream1_IRQHandler
                0x00000000080014e0                CAN1_SCE_IRQHandler
                0x00000000080014e0                FLASH_IRQHandler
                0x00000000080014e0                DMA2_Stream4_IRQHandler
                0x00000000080014e0                USART1_IRQHandler
                0x00000000080014e0                OTG_FS_IRQHandler
                0x00000000080014e0                SPI3_IRQHandler
                0x00000000080014e0                DMA1_Stream4_IRQHandler
                0x00000000080014e0                I2C1_ER_IRQHandler
                0x00000000080014e0                FMC_IRQHandler
                0x00000000080014e0                LPTIM1_IRQHandler
                0x00000000080014e0                I2C4_ER_IRQHandler
                0x00000000080014e0                DMA2_Stream6_IRQHandler
                0x00000000080014e0                SAI1_IRQHandler
                0x00000000080014e0                DMA1_Stream3_IRQHandler
 .text.HAL_Init
                0x00000000080014e2       0x1a ./Drivers/STM32F7xx_HAL_Driver/Src/stm32f7xx_hal.o
                0x00000000080014e2                HAL_Init
 .text.HAL_InitTick
                0x00000000080014fc       0x60 ./Drivers/STM32F7xx_HAL_Driver/Src/stm32f7xx_hal.o
                0x00000000080014fc                HAL_InitTick
 .text.HAL_IncTick
                0x000000000800155c       0x28 ./Drivers/STM32F7xx_HAL_Driver/Src/stm32f7xx_hal.o
                0x000000000800155c                HAL_IncTick
 .text.HAL_GetTick
                0x0000000008001584       0x18 ./Drivers/STM32F7xx_HAL_Driver/Src/stm32f7xx_hal.o
                0x0000000008001584                HAL_GetTick
 .text.HAL_Delay
                0x000000000800159c       0x48 ./Drivers/STM32F7xx_HAL_Driver/Src/stm32f7xx_hal.o
                0x000000000800159c                HAL_Delay
 .text.__NVIC_SetPriorityGrouping
                0x00000000080015e4       0x48 ./Drivers/STM32F7xx_HAL_Driver/Src/stm32f7xx_hal_cortex.o
 .text.__NVIC_GetPriorityGrouping
                0x000000000800162c       0x1c ./Drivers/STM32F7xx_HAL_Driver/Src/stm32f7xx_hal_cortex.o
 .text.__NVIC_EnableIRQ
                0x0000000008001648       0x3c ./Drivers/STM32F7xx_HAL_Driver/Src/stm32f7xx_hal_cortex.o
 .text.__NVIC_SetPriority
                0x0000000008001684       0x54 ./Drivers/STM32F7xx_HAL_Driver/Src/stm32f7xx_hal_cortex.o
 .text.NVIC_EncodePriority
                0x00000000080016d8       0x66 ./Drivers/STM32F7xx_HAL_Driver/Src/stm32f7xx_hal_cortex.o
 *fill*         0x000000000800173e        0x2 
 .text.SysTick_Config
                0x0000000008001740       0x44 ./Drivers/STM32F7xx_HAL_Driver/Src/stm32f7xx_hal_cortex.o
 .text.HAL_NVIC_SetPriorityGrouping
                0x0000000008001784       0x16 ./Drivers/STM32F7xx_HAL_Driver/Src/stm32f7xx_hal_cortex.o
                0x0000000008001784                HAL_NVIC_SetPriorityGrouping
 .text.HAL_NVIC_SetPriority
                0x000000000800179a       0x38 ./Drivers/STM32F7xx_HAL_Driver/Src/stm32f7xx_hal_cortex.o
                0x000000000800179a                HAL_NVIC_SetPriority
 .text.HAL_NVIC_EnableIRQ
                0x00000000080017d2       0x1c ./Drivers/STM32F7xx_HAL_Driver/Src/stm32f7xx_hal_cortex.o
                0x00000000080017d2                HAL_NVIC_EnableIRQ
 .text.HAL_SYSTICK_Config
                0x00000000080017ee       0x18 ./Drivers/STM32F7xx_HAL_Driver/Src/stm32f7xx_hal_cortex.o
                0x00000000080017ee                HAL_SYSTICK_Config
 *fill*         0x0000000008001806        0x2 
 .text.HAL_DMA_Init
                0x0000000008001808      0x15c ./Drivers/STM32F7xx_HAL_Driver/Src/stm32f7xx_hal_dma.o
                0x0000000008001808                HAL_DMA_Init
 .text.HAL_DMA_Start_IT
                0x0000000008001964       0xc0 ./Drivers/STM32F7xx_HAL_Driver/Src/stm32f7xx_hal_dma.o
                0x0000000008001964                HAL_DMA_Start_IT
 .text.HAL_DMA_IRQHandler
                0x0000000008001a24      0x314 ./Drivers/STM32F7xx_HAL_Driver/Src/stm32f7xx_hal_dma.o
                0x0000000008001a24                HAL_DMA_IRQHandler
 .text.DMA_SetConfig
                0x0000000008001d38       0x5c ./Drivers/STM32F7xx_HAL_Driver/Src/stm32f7xx_hal_dma.o
 .text.DMA_CalcBaseAndBitshift
                0x0000000008001d94       0x6c ./Drivers/STM32F7xx_HAL_Driver/Src/stm32f7xx_hal_dma.o
 .text.DMA_CheckFifoParam
                0x0000000008001e00       0xf8 ./Drivers/STM32F7xx_HAL_Driver/Src/stm32f7xx_hal_dma.o
 .text.HAL_ETH_Init
                0x0000000008001ef8      0x334 ./Drivers/STM32F7xx_HAL_Driver/Src/stm32f7xx_hal_eth.o
                0x0000000008001ef8                HAL_ETH_Init
 .text.HAL_ETH_ReadPHYRegister
                0x000000000800222c       0xd0 ./Drivers/STM32F7xx_HAL_Driver/Src/stm32f7xx_hal_eth.o
                0x000000000800222c                HAL_ETH_ReadPHYRegister
 .text.HAL_ETH_WritePHYRegister
                0x00000000080022fc       0xcc ./Drivers/STM32F7xx_HAL_Driver/Src/stm32f7xx_hal_eth.o
                0x00000000080022fc                HAL_ETH_WritePHYRegister
 .text.ETH_MACDMAConfig
                0x00000000080023c8      0x394 ./Drivers/STM32F7xx_HAL_Driver/Src/stm32f7xx_hal_eth.o
 .text.ETH_MACAddressConfig
                0x000000000800275c       0x70 ./Drivers/STM32F7xx_HAL_Driver/Src/stm32f7xx_hal_eth.o
 .text.HAL_GPIO_Init
                0x00000000080027cc      0x358 ./Drivers/STM32F7xx_HAL_Driver/Src/stm32f7xx_hal_gpio.o
                0x00000000080027cc                HAL_GPIO_Init
 .text.HAL_GPIO_WritePin
                0x0000000008002b24       0x32 ./Drivers/STM32F7xx_HAL_Driver/Src/stm32f7xx_hal_gpio.o
                0x0000000008002b24                HAL_GPIO_WritePin
 *fill*         0x0000000008002b56        0x2 
 .text.HAL_I2C_Init
                0x0000000008002b58      0x120 ./Drivers/STM32F7xx_HAL_Driver/Src/stm32f7xx_hal_i2c.o
                0x0000000008002b58                HAL_I2C_Init
 .text.HAL_I2C_Mem_Write
                0x0000000008002c78      0x228 ./Drivers/STM32F7xx_HAL_Driver/Src/stm32f7xx_hal_i2c.o
                0x0000000008002c78                HAL_I2C_Mem_Write
 .text.I2C_RequestMemoryWrite
                0x0000000008002ea0       0xa8 ./Drivers/STM32F7xx_HAL_Driver/Src/stm32f7xx_hal_i2c.o
 .text.I2C_Flush_TXDR
                0x0000000008002f48       0x48 ./Drivers/STM32F7xx_HAL_Driver/Src/stm32f7xx_hal_i2c.o
 .text.I2C_WaitOnFlagUntilTimeout
                0x0000000008002f90       0x80 ./Drivers/STM32F7xx_HAL_Driver/Src/stm32f7xx_hal_i2c.o
 .text.I2C_WaitOnTXISFlagUntilTimeout
                0x0000000008003010       0x80 ./Drivers/STM32F7xx_HAL_Driver/Src/stm32f7xx_hal_i2c.o
 .text.I2C_WaitOnSTOPFlagUntilTimeout
                0x0000000008003090       0x78 ./Drivers/STM32F7xx_HAL_Driver/Src/stm32f7xx_hal_i2c.o
 .text.I2C_IsAcknowledgeFailed
                0x0000000008003108       0xcc ./Drivers/STM32F7xx_HAL_Driver/Src/stm32f7xx_hal_i2c.o
 .text.I2C_TransferConfig
                0x00000000080031d4       0x5c ./Drivers/STM32F7xx_HAL_Driver/Src/stm32f7xx_hal_i2c.o
 .text.HAL_I2CEx_ConfigAnalogFilter
                0x0000000008003230       0x96 ./Drivers/STM32F7xx_HAL_Driver/Src/stm32f7xx_hal_i2c_ex.o
                0x0000000008003230                HAL_I2CEx_ConfigAnalogFilter
 .text.HAL_I2CEx_ConfigDigitalFilter
                0x00000000080032c6       0x98 ./Drivers/STM32F7xx_HAL_Driver/Src/stm32f7xx_hal_i2c_ex.o
                0x00000000080032c6                HAL_I2CEx_ConfigDigitalFilter
 *fill*         0x000000000800335e        0x2 
 .text.HAL_I2S_Init
                0x0000000008003360      0x1cc ./Drivers/STM32F7xx_HAL_Driver/Src/stm32f7xx_hal_i2s.o
                0x0000000008003360                HAL_I2S_Init
 .text.HAL_I2S_Transmit_DMA
                0x000000000800352c      0x150 ./Drivers/STM32F7xx_HAL_Driver/Src/stm32f7xx_hal_i2s.o
                0x000000000800352c                HAL_I2S_Transmit_DMA
 .text.HAL_I2S_ErrorCallback
                0x000000000800367c       0x14 ./Drivers/STM32F7xx_HAL_Driver/Src/stm32f7xx_hal_i2s.o
                0x000000000800367c                HAL_I2S_ErrorCallback
 .text.I2S_GetClockFreq
                0x0000000008003690       0x98 ./Drivers/STM32F7xx_HAL_Driver/Src/stm32f7xx_hal_i2s.o
 .text.I2S_DMATxCplt
                0x0000000008003728       0x42 ./Drivers/STM32F7xx_HAL_Driver/Src/stm32f7xx_hal_i2s.o
 .text.I2S_DMATxHalfCplt
                0x000000000800376a       0x1c ./Drivers/STM32F7xx_HAL_Driver/Src/stm32f7xx_hal_i2s.o
 .text.I2S_DMAError
                0x0000000008003786       0x4c ./Drivers/STM32F7xx_HAL_Driver/Src/stm32f7xx_hal_i2s.o
 *fill*         0x00000000080037d2        0x2 
 .text.HAL_RCC_OscConfig
                0x00000000080037d4      0x55c ./Drivers/STM32F7xx_HAL_Driver/Src/stm32f7xx_hal_rcc.o
                0x00000000080037d4                HAL_RCC_OscConfig
 .text.HAL_RCC_ClockConfig
                0x0000000008003d30      0x1d8 ./Drivers/STM32F7xx_HAL_Driver/Src/stm32f7xx_hal_rcc.o
                0x0000000008003d30                HAL_RCC_ClockConfig
 .text.HAL_RCC_GetSysClockFreq
                0x0000000008003f08      0x1c4 ./Drivers/STM32F7xx_HAL_Driver/Src/stm32f7xx_hal_rcc.o
                0x0000000008003f08                HAL_RCC_GetSysClockFreq
 .text.HAL_RCC_GetHCLKFreq
                0x00000000080040cc       0x18 ./Drivers/STM32F7xx_HAL_Driver/Src/stm32f7xx_hal_rcc.o
                0x00000000080040cc                HAL_RCC_GetHCLKFreq
 .text.HAL_RCC_GetPCLK1Freq
                0x00000000080040e4       0x28 ./Drivers/STM32F7xx_HAL_Driver/Src/stm32f7xx_hal_rcc.o
                0x00000000080040e4                HAL_RCC_GetPCLK1Freq
 .text.HAL_RCC_GetPCLK2Freq
                0x000000000800410c       0x28 ./Drivers/STM32F7xx_HAL_Driver/Src/stm32f7xx_hal_rcc.o
                0x000000000800410c                HAL_RCC_GetPCLK2Freq
 .text.HAL_RCCEx_PeriphCLKConfig
                0x0000000008004134      0x850 ./Drivers/STM32F7xx_HAL_Driver/Src/stm32f7xx_hal_rcc_ex.o
                0x0000000008004134                HAL_RCCEx_PeriphCLKConfig
 .text.HAL_UART_Init
                0x0000000008004984       0x9c ./Drivers/STM32F7xx_HAL_Driver/Src/stm32f7xx_hal_uart.o
                0x0000000008004984                HAL_UART_Init
 .text.UART_SetConfig
                0x0000000008004a20      0x4c4 ./Drivers/STM32F7xx_HAL_Driver/Src/stm32f7xx_hal_uart.o
                0x0000000008004a20                UART_SetConfig
 .text.UART_AdvFeatureConfig
                0x0000000008004ee4      0x144 ./Drivers/STM32F7xx_HAL_Driver/Src/stm32f7xx_hal_uart.o
                0x0000000008004ee4                UART_AdvFeatureConfig
 .text.UART_CheckIdleState
                0x0000000008005028       0x92 ./Drivers/STM32F7xx_HAL_Driver/Src/stm32f7xx_hal_uart.o
                0x0000000008005028                UART_CheckIdleState
 .text.UART_WaitOnFlagUntilTimeout
                0x00000000080050ba       0xf8 ./Drivers/STM32F7xx_HAL_Driver/Src/stm32f7xx_hal_uart.o
                0x00000000080050ba                UART_WaitOnFlagUntilTimeout
 .text._ZdlPvj  0x00000000080051b2        0x4 c:/st/stm32cubeide_1.4.0/stm32cubeide/plugins/com.st.stm32cube.ide.mcu.externaltools.gnu-tools-for-stm32.9-2020-q2-update.win32_2.0.0.202105311346/tools/bin/../lib/gcc/arm-none-eabi/9.3.1/../../../../arm-none-eabi/lib/thumb/v7e-m+dp/hard\libstdc++_nano.a(del_ops.o)
                0x00000000080051b2                operator delete(void*, unsigned int)
 .text._ZdlPv   0x00000000080051b6        0x4 c:/st/stm32cubeide_1.4.0/stm32cubeide/plugins/com.st.stm32cube.ide.mcu.externaltools.gnu-tools-for-stm32.9-2020-q2-update.win32_2.0.0.202105311346/tools/bin/../lib/gcc/arm-none-eabi/9.3.1/../../../../arm-none-eabi/lib/thumb/v7e-m+dp/hard\libstdc++_nano.a(del_op.o)
                0x00000000080051b6                operator delete(void*)
 *fill*         0x00000000080051ba        0x2 
 .text.__libc_init_array
                0x00000000080051bc       0x48 c:/st/stm32cubeide_1.4.0/stm32cubeide/plugins/com.st.stm32cube.ide.mcu.externaltools.gnu-tools-for-stm32.9-2020-q2-update.win32_2.0.0.202105311346/tools/bin/../lib/gcc/arm-none-eabi/9.3.1/../../../../arm-none-eabi/lib/thumb/v7e-m+dp/hard\libc_nano.a(lib_a-init.o)
                0x00000000080051bc                __libc_init_array
 .text.free     0x0000000008005204       0x10 c:/st/stm32cubeide_1.4.0/stm32cubeide/plugins/com.st.stm32cube.ide.mcu.externaltools.gnu-tools-for-stm32.9-2020-q2-update.win32_2.0.0.202105311346/tools/bin/../lib/gcc/arm-none-eabi/9.3.1/../../../../arm-none-eabi/lib/thumb/v7e-m+dp/hard\libc_nano.a(lib_a-malloc.o)
                0x0000000008005204                free
 .text.memset   0x0000000008005214       0x10 c:/st/stm32cubeide_1.4.0/stm32cubeide/plugins/com.st.stm32cube.ide.mcu.externaltools.gnu-tools-for-stm32.9-2020-q2-update.win32_2.0.0.202105311346/tools/bin/../lib/gcc/arm-none-eabi/9.3.1/../../../../arm-none-eabi/lib/thumb/v7e-m+dp/hard\libc_nano.a(lib_a-memset.o)
                0x0000000008005214                memset
 .text._free_r  0x0000000008005224       0xa0 c:/st/stm32cubeide_1.4.0/stm32cubeide/plugins/com.st.stm32cube.ide.mcu.externaltools.gnu-tools-for-stm32.9-2020-q2-update.win32_2.0.0.202105311346/tools/bin/../lib/gcc/arm-none-eabi/9.3.1/../../../../arm-none-eabi/lib/thumb/v7e-m+dp/hard\libc_nano.a(lib_a-nano-freer.o)
                0x0000000008005224                _free_r
 .text.__malloc_lock
                0x00000000080052c4        0xc c:/st/stm32cubeide_1.4.0/stm32cubeide/plugins/com.st.stm32cube.ide.mcu.externaltools.gnu-tools-for-stm32.9-2020-q2-update.win32_2.0.0.202105311346/tools/bin/../lib/gcc/arm-none-eabi/9.3.1/../../../../arm-none-eabi/lib/thumb/v7e-m+dp/hard\libc_nano.a(lib_a-mlock.o)
                0x00000000080052c4                __malloc_lock
 .text.__malloc_unlock
                0x00000000080052d0        0xc c:/st/stm32cubeide_1.4.0/stm32cubeide/plugins/com.st.stm32cube.ide.mcu.externaltools.gnu-tools-for-stm32.9-2020-q2-update.win32_2.0.0.202105311346/tools/bin/../lib/gcc/arm-none-eabi/9.3.1/../../../../arm-none-eabi/lib/thumb/v7e-m+dp/hard\libc_nano.a(lib_a-mlock.o)
                0x00000000080052d0                __malloc_unlock
 .text.__retarget_lock_acquire_recursive
                0x00000000080052dc        0x2 c:/st/stm32cubeide_1.4.0/stm32cubeide/plugins/com.st.stm32cube.ide.mcu.externaltools.gnu-tools-for-stm32.9-2020-q2-update.win32_2.0.0.202105311346/tools/bin/../lib/gcc/arm-none-eabi/9.3.1/../../../../arm-none-eabi/lib/thumb/v7e-m+dp/hard\libc_nano.a(lib_a-lock.o)
                0x00000000080052dc                __retarget_lock_acquire_recursive
 .text.__retarget_lock_release_recursive
                0x00000000080052de        0x2 c:/st/stm32cubeide_1.4.0/stm32cubeide/plugins/com.st.stm32cube.ide.mcu.externaltools.gnu-tools-for-stm32.9-2020-q2-update.win32_2.0.0.202105311346/tools/bin/../lib/gcc/arm-none-eabi/9.3.1/../../../../arm-none-eabi/lib/thumb/v7e-m+dp/hard\libc_nano.a(lib_a-lock.o)
                0x00000000080052de                __retarget_lock_release_recursive
 *(.glue_7)
 .glue_7        0x00000000080052e0        0x0 linker stubs
 *(.glue_7t)
 .glue_7t       0x00000000080052e0        0x0 linker stubs
 *(.eh_frame)
 .eh_frame      0x00000000080052e0        0x0 c:/st/stm32cubeide_1.4.0/stm32cubeide/plugins/com.st.stm32cube.ide.mcu.externaltools.gnu-tools-for-stm32.9-2020-q2-update.win32_2.0.0.202105311346/tools/bin/../lib/gcc/arm-none-eabi/9.3.1/thumb/v7e-m+dp/hard/crtbegin.o
 *(.init)
 .init          0x00000000080052e0        0x4 c:/st/stm32cubeide_1.4.0/stm32cubeide/plugins/com.st.stm32cube.ide.mcu.externaltools.gnu-tools-for-stm32.9-2020-q2-update.win32_2.0.0.202105311346/tools/bin/../lib/gcc/arm-none-eabi/9.3.1/thumb/v7e-m+dp/hard/crti.o
                0x00000000080052e0                _init
 .init          0x00000000080052e4        0x8 c:/st/stm32cubeide_1.4.0/stm32cubeide/plugins/com.st.stm32cube.ide.mcu.externaltools.gnu-tools-for-stm32.9-2020-q2-update.win32_2.0.0.202105311346/tools/bin/../lib/gcc/arm-none-eabi/9.3.1/thumb/v7e-m+dp/hard/crtn.o
 *(.fini)
 .fini          0x00000000080052ec        0x4 c:/st/stm32cubeide_1.4.0/stm32cubeide/plugins/com.st.stm32cube.ide.mcu.externaltools.gnu-tools-for-stm32.9-2020-q2-update.win32_2.0.0.202105311346/tools/bin/../lib/gcc/arm-none-eabi/9.3.1/thumb/v7e-m+dp/hard/crti.o
                0x00000000080052ec                _fini
 .fini          0x00000000080052f0        0x8 c:/st/stm32cubeide_1.4.0/stm32cubeide/plugins/com.st.stm32cube.ide.mcu.externaltools.gnu-tools-for-stm32.9-2020-q2-update.win32_2.0.0.202105311346/tools/bin/../lib/gcc/arm-none-eabi/9.3.1/thumb/v7e-m+dp/hard/crtn.o
                0x00000000080052f8                . = ALIGN (0x4)
                0x00000000080052f8                _etext = .

.vfp11_veneer   0x00000000080052f8        0x0
 .vfp11_veneer  0x00000000080052f8        0x0 linker stubs

.v4_bx          0x00000000080052f8        0x0
 .v4_bx         0x00000000080052f8        0x0 linker stubs

.iplt           0x00000000080052f8        0x0
 .iplt          0x00000000080052f8        0x0 c:/st/stm32cubeide_1.4.0/stm32cubeide/plugins/com.st.stm32cube.ide.mcu.externaltools.gnu-tools-for-stm32.9-2020-q2-update.win32_2.0.0.202105311346/tools/bin/../lib/gcc/arm-none-eabi/9.3.1/thumb/v7e-m+dp/hard/crtbegin.o

.rodata         0x00000000080052f8     0x1040
                0x00000000080052f8                . = ALIGN (0x4)
 *(.rodata)
 *(.rodata*)
 .rodata._ZTV5Codec
                0x00000000080052f8       0x10 ./Core/Src/Codec.o
                0x00000000080052f8                vtable for Codec
 .rodata._ZL8triangle
                0x0000000008005308     0x1000 ./Core/Src/Synth.o
 .rodata._ZTV5Synth
                0x0000000008006308       0x10 ./Core/Src/Synth.o
                0x0000000008006308                vtable for Synth
 .rodata.AHBPrescTable
                0x0000000008006318       0x10 ./Core/Src/system_stm32f7xx.o
                0x0000000008006318                AHBPrescTable
 .rodata.APBPrescTable
                0x0000000008006328        0x8 ./Core/Src/system_stm32f7xx.o
                0x0000000008006328                APBPrescTable
 .rodata.flagBitshiftOffset.8829
                0x0000000008006330        0x8 ./Drivers/STM32F7xx_HAL_Driver/Src/stm32f7xx_hal_dma.o
                0x0000000008006338                . = ALIGN (0x4)

.ARM.extab      0x0000000008006338        0x0
                0x0000000008006338                . = ALIGN (0x4)
 *(.ARM.extab* .gnu.linkonce.armextab.*)
                0x0000000008006338                . = ALIGN (0x4)

.ARM            0x0000000008006338        0x8
                0x0000000008006338                . = ALIGN (0x4)
                0x0000000008006338                __exidx_start = .
 *(.ARM.exidx*)
 .ARM.exidx     0x0000000008006338        0x8 c:/st/stm32cubeide_1.4.0/stm32cubeide/plugins/com.st.stm32cube.ide.mcu.externaltools.gnu-tools-for-stm32.9-2020-q2-update.win32_2.0.0.202105311346/tools/bin/../lib/gcc/arm-none-eabi/9.3.1/thumb/v7e-m+dp/hard\libgcc.a(_udivmoddi4.o)
                0x0000000008006340                __exidx_end = .
                0x0000000008006340                . = ALIGN (0x4)

.rel.dyn        0x0000000008006340        0x0
 .rel.iplt      0x0000000008006340        0x0 c:/st/stm32cubeide_1.4.0/stm32cubeide/plugins/com.st.stm32cube.ide.mcu.externaltools.gnu-tools-for-stm32.9-2020-q2-update.win32_2.0.0.202105311346/tools/bin/../lib/gcc/arm-none-eabi/9.3.1/thumb/v7e-m+dp/hard/crtbegin.o

.preinit_array  0x0000000008006340        0x0
                0x0000000008006340                . = ALIGN (0x4)
                0x0000000008006340                PROVIDE (__preinit_array_start = .)
 *(.preinit_array*)
                0x0000000008006340                PROVIDE (__preinit_array_end = .)
                0x0000000008006340                . = ALIGN (0x4)

.init_array     0x0000000008006340        0x8
                0x0000000008006340                . = ALIGN (0x4)
                0x0000000008006340                PROVIDE (__init_array_start = .)
 *(SORT_BY_NAME(.init_array.*))
 *(.init_array*)
 .init_array    0x0000000008006340        0x4 c:/st/stm32cubeide_1.4.0/stm32cubeide/plugins/com.st.stm32cube.ide.mcu.externaltools.gnu-tools-for-stm32.9-2020-q2-update.win32_2.0.0.202105311346/tools/bin/../lib/gcc/arm-none-eabi/9.3.1/thumb/v7e-m+dp/hard/crtbegin.o
 .init_array    0x0000000008006344        0x4 ./Core/Src/main.o
                0x0000000008006348                PROVIDE (__init_array_end = .)
                0x0000000008006348                . = ALIGN (0x4)

.fini_array     0x0000000008006348        0x8
                0x0000000008006348                . = ALIGN (0x4)
                [!provide]                        PROVIDE (__fini_array_start = .)
 *(SORT_BY_NAME(.fini_array.*))
 *(.fini_array*)
 .fini_array    0x0000000008006348        0x4 c:/st/stm32cubeide_1.4.0/stm32cubeide/plugins/com.st.stm32cube.ide.mcu.externaltools.gnu-tools-for-stm32.9-2020-q2-update.win32_2.0.0.202105311346/tools/bin/../lib/gcc/arm-none-eabi/9.3.1/thumb/v7e-m+dp/hard/crtbegin.o
 .fini_array    0x000000000800634c        0x4 ./Core/Src/main.o
                [!provide]                        PROVIDE (__fini_array_end = .)
                0x0000000008006350                . = ALIGN (0x4)
                0x0000000008006350                _sidata = LOADADDR (.data)

.data           0x0000000020000000       0x70 load address 0x0000000008006350
                0x0000000020000000                . = ALIGN (0x4)
                0x0000000020000000                _sdata = .
 *(.data)
 *(.data*)
 .data.SystemCoreClock
                0x0000000020000000        0x4 ./Core/Src/system_stm32f7xx.o
                0x0000000020000000                SystemCoreClock
 .data.uwTickPrio
                0x0000000020000004        0x4 ./Drivers/STM32F7xx_HAL_Driver/Src/stm32f7xx_hal.o
                0x0000000020000004                uwTickPrio
 .data.uwTickFreq
                0x0000000020000008        0x1 ./Drivers/STM32F7xx_HAL_Driver/Src/stm32f7xx_hal.o
                0x0000000020000008                uwTickFreq
 *fill*         0x0000000020000009        0x3 
 .data._impure_ptr
                0x000000002000000c        0x4 c:/st/stm32cubeide_1.4.0/stm32cubeide/plugins/com.st.stm32cube.ide.mcu.externaltools.gnu-tools-for-stm32.9-2020-q2-update.win32_2.0.0.202105311346/tools/bin/../lib/gcc/arm-none-eabi/9.3.1/../../../../arm-none-eabi/lib/thumb/v7e-m+dp/hard\libc_nano.a(lib_a-impure.o)
                0x000000002000000c                _impure_ptr
 .data.impure_data
                0x0000000020000010       0x60 c:/st/stm32cubeide_1.4.0/stm32cubeide/plugins/com.st.stm32cube.ide.mcu.externaltools.gnu-tools-for-stm32.9-2020-q2-update.win32_2.0.0.202105311346/tools/bin/../lib/gcc/arm-none-eabi/9.3.1/../../../../arm-none-eabi/lib/thumb/v7e-m+dp/hard\libc_nano.a(lib_a-impure.o)
 *(.RamFunc)
 *(.RamFunc*)
                0x0000000020000070                . = ALIGN (0x4)
                0x0000000020000070                _edata = .

.igot.plt       0x0000000020000070        0x0 load address 0x00000000080063c0
 .igot.plt      0x0000000020000070        0x0 c:/st/stm32cubeide_1.4.0/stm32cubeide/plugins/com.st.stm32cube.ide.mcu.externaltools.gnu-tools-for-stm32.9-2020-q2-update.win32_2.0.0.202105311346/tools/bin/../lib/gcc/arm-none-eabi/9.3.1/thumb/v7e-m+dp/hard/crtbegin.o
                0x0000000020000070                . = ALIGN (0x4)

.bss            0x0000000020000070     0x428c load address 0x00000000080063c0
                0x0000000020000070                _sbss = .
                0x0000000020000070                __bss_start__ = _sbss
 *(.bss)
 .bss           0x0000000020000070       0x1c c:/st/stm32cubeide_1.4.0/stm32cubeide/plugins/com.st.stm32cube.ide.mcu.externaltools.gnu-tools-for-stm32.9-2020-q2-update.win32_2.0.0.202105311346/tools/bin/../lib/gcc/arm-none-eabi/9.3.1/thumb/v7e-m+dp/hard/crtbegin.o
 *(.bss*)
 .bss.heth      0x000000002000008c       0x48 ./Core/Src/main.o
                0x000000002000008c                heth
 .bss.hi2c1     0x00000000200000d4       0x4c ./Core/Src/main.o
                0x00000000200000d4                hi2c1
 .bss.hi2s3     0x0000000020000120       0x40 ./Core/Src/main.o
                0x0000000020000120                hi2s3
 .bss.hdma_spi3_tx
                0x0000000020000160       0x60 ./Core/Src/main.o
                0x0000000020000160                hdma_spi3_tx
 .bss.huart4    0x00000000200001c0       0x84 ./Core/Src/main.o
                0x00000000200001c0                huart4
 .bss.huart3    0x0000000020000244       0x84 ./Core/Src/main.o
                0x0000000020000244                huart3
 .bss.codec     0x00000000200002c8        0x4 ./Core/Src/main.o
                0x00000000200002c8                codec
 .bss.synth     0x00000000200002cc       0x14 ./Core/Src/main.o
                0x00000000200002cc                synth
 .bss.audioBuff
                0x00000000200002e0     0x4000 ./Core/Src/main.o
                0x00000000200002e0                audioBuff
 .bss._ZZL11MX_ETH_InitvE7MACAddr
                0x00000000200042e0        0x6 ./Core/Src/main.o
 *fill*         0x00000000200042e6        0x2 
 .bss.__malloc_free_list
                0x00000000200042e8        0x4 c:/st/stm32cubeide_1.4.0/stm32cubeide/plugins/com.st.stm32cube.ide.mcu.externaltools.gnu-tools-for-stm32.9-2020-q2-update.win32_2.0.0.202105311346/tools/bin/../lib/gcc/arm-none-eabi/9.3.1/../../../../arm-none-eabi/lib/thumb/v7e-m+dp/hard\libc_nano.a(lib_a-nano-mallocr.o)
                0x00000000200042e8                __malloc_free_list
 *(COMMON)
 COMMON         0x00000000200042ec        0x4 ./Drivers/STM32F7xx_HAL_Driver/Src/stm32f7xx_hal.o
                0x00000000200042ec                uwTick
 COMMON         0x00000000200042f0        0x9 c:/st/stm32cubeide_1.4.0/stm32cubeide/plugins/com.st.stm32cube.ide.mcu.externaltools.gnu-tools-for-stm32.9-2020-q2-update.win32_2.0.0.202105311346/tools/bin/../lib/gcc/arm-none-eabi/9.3.1/../../../../arm-none-eabi/lib/thumb/v7e-m+dp/hard\libc_nano.a(lib_a-lock.o)
                0x00000000200042f0                __lock___atexit_recursive_mutex
                0x00000000200042f1                __lock___arc4random_mutex
                0x00000000200042f2                __lock___env_recursive_mutex
                0x00000000200042f3                __lock___sinit_recursive_mutex
                0x00000000200042f4                __lock___malloc_recursive_mutex
                0x00000000200042f5                __lock___at_quick_exit_mutex
                0x00000000200042f6                __lock___dd_hash_mutex
                0x00000000200042f7                __lock___tz_mutex
                0x00000000200042f8                __lock___sfp_recursive_mutex
                0x00000000200042fc                . = ALIGN (0x4)
 *fill*         0x00000000200042f9        0x3 
                0x00000000200042fc                _ebss = .
                0x00000000200042fc                __bss_end__ = _ebss

._user_heap_stack
                0x00000000200042fc      0x604 load address 0x00000000080063c0
                0x0000000020004300                . = ALIGN (0x8)
 *fill*         0x00000000200042fc        0x4 
                [!provide]                        PROVIDE (end = .)
                0x0000000020004300                PROVIDE (_end = .)
                0x0000000020004500                . = (. + _Min_Heap_Size)
 *fill*         0x0000000020004300      0x200 
                0x0000000020004900                . = (. + _Min_Stack_Size)
 *fill*         0x0000000020004500      0x400 
                0x0000000020004900                . = ALIGN (0x8)

/DISCARD/
 libc.a(*)
 libm.a(*)
 libgcc.a(*)

.ARM.attributes
                0x0000000000000000       0x2e
 *(.ARM.attributes)
 .ARM.attributes
                0x0000000000000000       0x1e c:/st/stm32cubeide_1.4.0/stm32cubeide/plugins/com.st.stm32cube.ide.mcu.externaltools.gnu-tools-for-stm32.9-2020-q2-update.win32_2.0.0.202105311346/tools/bin/../lib/gcc/arm-none-eabi/9.3.1/thumb/v7e-m+dp/hard/crti.o
 .ARM.attributes
                0x000000000000001e       0x32 c:/st/stm32cubeide_1.4.0/stm32cubeide/plugins/com.st.stm32cube.ide.mcu.externaltools.gnu-tools-for-stm32.9-2020-q2-update.win32_2.0.0.202105311346/tools/bin/../lib/gcc/arm-none-eabi/9.3.1/thumb/v7e-m+dp/hard/crtbegin.o
 .ARM.attributes
                0x0000000000000050       0x32 ./Core/Src/Codec.o
 .ARM.attributes
                0x0000000000000082       0x32 ./Core/Src/Synth.o
 .ARM.attributes
                0x00000000000000b4       0x32 ./Core/Src/main.o
 .ARM.attributes
                0x00000000000000e6       0x32 ./Core/Src/stm32f7xx_hal_msp.o
 .ARM.attributes
                0x0000000000000118       0x32 ./Core/Src/stm32f7xx_it.o
 .ARM.attributes
                0x000000000000014a       0x32 ./Core/Src/system_stm32f7xx.o
 .ARM.attributes
                0x000000000000017c       0x21 ./Core/Startup/startup_stm32f767zitx.o
 .ARM.attributes
                0x000000000000019d       0x32 ./Drivers/STM32F7xx_HAL_Driver/Src/stm32f7xx_hal.o
 .ARM.attributes
                0x00000000000001cf       0x32 ./Drivers/STM32F7xx_HAL_Driver/Src/stm32f7xx_hal_cortex.o
 .ARM.attributes
                0x0000000000000201       0x32 ./Drivers/STM32F7xx_HAL_Driver/Src/stm32f7xx_hal_dma.o
 .ARM.attributes
                0x0000000000000233       0x32 ./Drivers/STM32F7xx_HAL_Driver/Src/stm32f7xx_hal_eth.o
 .ARM.attributes
                0x0000000000000265       0x32 ./Drivers/STM32F7xx_HAL_Driver/Src/stm32f7xx_hal_gpio.o
 .ARM.attributes
                0x0000000000000297       0x32 ./Drivers/STM32F7xx_HAL_Driver/Src/stm32f7xx_hal_i2c.o
 .ARM.attributes
                0x00000000000002c9       0x32 ./Drivers/STM32F7xx_HAL_Driver/Src/stm32f7xx_hal_i2c_ex.o
 .ARM.attributes
                0x00000000000002fb       0x32 ./Drivers/STM32F7xx_HAL_Driver/Src/stm32f7xx_hal_i2s.o
 .ARM.attributes
                0x000000000000032d       0x32 ./Drivers/STM32F7xx_HAL_Driver/Src/stm32f7xx_hal_rcc.o
 .ARM.attributes
                0x000000000000035f       0x32 ./Drivers/STM32F7xx_HAL_Driver/Src/stm32f7xx_hal_rcc_ex.o
 .ARM.attributes
                0x0000000000000391       0x32 ./Drivers/STM32F7xx_HAL_Driver/Src/stm32f7xx_hal_uart.o
 .ARM.attributes
                0x00000000000003c3       0x32 c:/st/stm32cubeide_1.4.0/stm32cubeide/plugins/com.st.stm32cube.ide.mcu.externaltools.gnu-tools-for-stm32.9-2020-q2-update.win32_2.0.0.202105311346/tools/bin/../lib/gcc/arm-none-eabi/9.3.1/../../../../arm-none-eabi/lib/thumb/v7e-m+dp/hard\libstdc++_nano.a(del_ops.o)
 .ARM.attributes
                0x00000000000003f5       0x32 c:/st/stm32cubeide_1.4.0/stm32cubeide/plugins/com.st.stm32cube.ide.mcu.externaltools.gnu-tools-for-stm32.9-2020-q2-update.win32_2.0.0.202105311346/tools/bin/../lib/gcc/arm-none-eabi/9.3.1/../../../../arm-none-eabi/lib/thumb/v7e-m+dp/hard\libstdc++_nano.a(del_op.o)
 .ARM.attributes
                0x0000000000000427       0x30 c:/st/stm32cubeide_1.4.0/stm32cubeide/plugins/com.st.stm32cube.ide.mcu.externaltools.gnu-tools-for-stm32.9-2020-q2-update.win32_2.0.0.202105311346/tools/bin/../lib/gcc/arm-none-eabi/9.3.1/../../../../arm-none-eabi/lib/thumb/v7e-m+dp/hard\libc_nano.a(lib_a-impure.o)
 .ARM.attributes
                0x0000000000000457       0x32 c:/st/stm32cubeide_1.4.0/stm32cubeide/plugins/com.st.stm32cube.ide.mcu.externaltools.gnu-tools-for-stm32.9-2020-q2-update.win32_2.0.0.202105311346/tools/bin/../lib/gcc/arm-none-eabi/9.3.1/../../../../arm-none-eabi/lib/thumb/v7e-m+dp/hard\libc_nano.a(lib_a-init.o)
 .ARM.attributes
                0x0000000000000489       0x32 c:/st/stm32cubeide_1.4.0/stm32cubeide/plugins/com.st.stm32cube.ide.mcu.externaltools.gnu-tools-for-stm32.9-2020-q2-update.win32_2.0.0.202105311346/tools/bin/../lib/gcc/arm-none-eabi/9.3.1/../../../../arm-none-eabi/lib/thumb/v7e-m+dp/hard\libc_nano.a(lib_a-malloc.o)
 .ARM.attributes
                0x00000000000004bb       0x32 c:/st/stm32cubeide_1.4.0/stm32cubeide/plugins/com.st.stm32cube.ide.mcu.externaltools.gnu-tools-for-stm32.9-2020-q2-update.win32_2.0.0.202105311346/tools/bin/../lib/gcc/arm-none-eabi/9.3.1/../../../../arm-none-eabi/lib/thumb/v7e-m+dp/hard\libc_nano.a(lib_a-memset.o)
 .ARM.attributes
                0x00000000000004ed       0x32 c:/st/stm32cubeide_1.4.0/stm32cubeide/plugins/com.st.stm32cube.ide.mcu.externaltools.gnu-tools-for-stm32.9-2020-q2-update.win32_2.0.0.202105311346/tools/bin/../lib/gcc/arm-none-eabi/9.3.1/../../../../arm-none-eabi/lib/thumb/v7e-m+dp/hard\libc_nano.a(lib_a-nano-freer.o)
 .ARM.attributes
                0x000000000000051f       0x32 c:/st/stm32cubeide_1.4.0/stm32cubeide/plugins/com.st.stm32cube.ide.mcu.externaltools.gnu-tools-for-stm32.9-2020-q2-update.win32_2.0.0.202105311346/tools/bin/../lib/gcc/arm-none-eabi/9.3.1/../../../../arm-none-eabi/lib/thumb/v7e-m+dp/hard\libc_nano.a(lib_a-nano-mallocr.o)
 .ARM.attributes
                0x0000000000000551       0x32 c:/st/stm32cubeide_1.4.0/stm32cubeide/plugins/com.st.stm32cube.ide.mcu.externaltools.gnu-tools-for-stm32.9-2020-q2-update.win32_2.0.0.202105311346/tools/bin/../lib/gcc/arm-none-eabi/9.3.1/../../../../arm-none-eabi/lib/thumb/v7e-m+dp/hard\libc_nano.a(lib_a-mlock.o)
 .ARM.attributes
                0x0000000000000583       0x32 c:/st/stm32cubeide_1.4.0/stm32cubeide/plugins/com.st.stm32cube.ide.mcu.externaltools.gnu-tools-for-stm32.9-2020-q2-update.win32_2.0.0.202105311346/tools/bin/../lib/gcc/arm-none-eabi/9.3.1/../../../../arm-none-eabi/lib/thumb/v7e-m+dp/hard\libc_nano.a(lib_a-lock.o)
 .ARM.attributes
                0x00000000000005b5       0x1e c:/st/stm32cubeide_1.4.0/stm32cubeide/plugins/com.st.stm32cube.ide.mcu.externaltools.gnu-tools-for-stm32.9-2020-q2-update.win32_2.0.0.202105311346/tools/bin/../lib/gcc/arm-none-eabi/9.3.1/thumb/v7e-m+dp/hard\libgcc.a(_aeabi_uldivmod.o)
 .ARM.attributes
                0x00000000000005d3       0x32 c:/st/stm32cubeide_1.4.0/stm32cubeide/plugins/com.st.stm32cube.ide.mcu.externaltools.gnu-tools-for-stm32.9-2020-q2-update.win32_2.0.0.202105311346/tools/bin/../lib/gcc/arm-none-eabi/9.3.1/thumb/v7e-m+dp/hard\libgcc.a(_udivmoddi4.o)
 .ARM.attributes
                0x0000000000000605       0x1e c:/st/stm32cubeide_1.4.0/stm32cubeide/plugins/com.st.stm32cube.ide.mcu.externaltools.gnu-tools-for-stm32.9-2020-q2-update.win32_2.0.0.202105311346/tools/bin/../lib/gcc/arm-none-eabi/9.3.1/thumb/v7e-m+dp/hard\libgcc.a(_dvmd_tls.o)
 .ARM.attributes
                0x0000000000000623       0x1e c:/st/stm32cubeide_1.4.0/stm32cubeide/plugins/com.st.stm32cube.ide.mcu.externaltools.gnu-tools-for-stm32.9-2020-q2-update.win32_2.0.0.202105311346/tools/bin/../lib/gcc/arm-none-eabi/9.3.1/thumb/v7e-m+dp/hard/crtn.o
OUTPUT(STM_DAC.elf elf32-littlearm)
LOAD linker stubs
LOAD c:/st/stm32cubeide_1.4.0/stm32cubeide/plugins/com.st.stm32cube.ide.mcu.externaltools.gnu-tools-for-stm32.9-2020-q2-update.win32_2.0.0.202105311346/tools/bin/../lib/gcc/arm-none-eabi/9.3.1/../../../../arm-none-eabi/lib/thumb/v7e-m+dp/hard\libc.a
LOAD c:/st/stm32cubeide_1.4.0/stm32cubeide/plugins/com.st.stm32cube.ide.mcu.externaltools.gnu-tools-for-stm32.9-2020-q2-update.win32_2.0.0.202105311346/tools/bin/../lib/gcc/arm-none-eabi/9.3.1/../../../../arm-none-eabi/lib/thumb/v7e-m+dp/hard\libm.a
LOAD c:/st/stm32cubeide_1.4.0/stm32cubeide/plugins/com.st.stm32cube.ide.mcu.externaltools.gnu-tools-for-stm32.9-2020-q2-update.win32_2.0.0.202105311346/tools/bin/../lib/gcc/arm-none-eabi/9.3.1/thumb/v7e-m+dp/hard\libgcc.a

.debug_info     0x0000000000000000    0x15aea
 .debug_info    0x0000000000000000     0x1304 ./Core/Src/Codec.o
 .debug_info    0x0000000000001304     0x2a15 ./Core/Src/Synth.o
 .debug_info    0x0000000000003d19     0x4986 ./Core/Src/main.o
 .debug_info    0x000000000000869f     0x1a09 ./Core/Src/stm32f7xx_hal_msp.o
 .debug_info    0x000000000000a0a8      0x4b7 ./Core/Src/stm32f7xx_it.o
 .debug_info    0x000000000000a55f      0x7ad ./Core/Src/system_stm32f7xx.o
 .debug_info    0x000000000000ad0c       0x22 ./Core/Startup/startup_stm32f767zitx.o
 .debug_info    0x000000000000ad2e      0xab8 ./Drivers/STM32F7xx_HAL_Driver/Src/stm32f7xx_hal.o
 .debug_info    0x000000000000b7e6     0x1158 ./Drivers/STM32F7xx_HAL_Driver/Src/stm32f7xx_hal_cortex.o
 .debug_info    0x000000000000c93e      0x9f1 ./Drivers/STM32F7xx_HAL_Driver/Src/stm32f7xx_hal_dma.o
 .debug_info    0x000000000000d32f     0x1602 ./Drivers/STM32F7xx_HAL_Driver/Src/stm32f7xx_hal_eth.o
 .debug_info    0x000000000000e931      0x876 ./Drivers/STM32F7xx_HAL_Driver/Src/stm32f7xx_hal_gpio.o
 .debug_info    0x000000000000f1a7     0x221e ./Drivers/STM32F7xx_HAL_Driver/Src/stm32f7xx_hal_i2c.o
 .debug_info    0x00000000000113c5      0xa9c ./Drivers/STM32F7xx_HAL_Driver/Src/stm32f7xx_hal_i2c_ex.o
 .debug_info    0x0000000000011e61     0x109a ./Drivers/STM32F7xx_HAL_Driver/Src/stm32f7xx_hal_i2s.o
 .debug_info    0x0000000000012efb      0xa28 ./Drivers/STM32F7xx_HAL_Driver/Src/stm32f7xx_hal_rcc.o
 .debug_info    0x0000000000013923      0x853 ./Drivers/STM32F7xx_HAL_Driver/Src/stm32f7xx_hal_rcc_ex.o
 .debug_info    0x0000000000014176     0x1974 ./Drivers/STM32F7xx_HAL_Driver/Src/stm32f7xx_hal_uart.o

.debug_abbrev   0x0000000000000000     0x2a3d
 .debug_abbrev  0x0000000000000000      0x312 ./Core/Src/Codec.o
 .debug_abbrev  0x0000000000000312      0x454 ./Core/Src/Synth.o
 .debug_abbrev  0x0000000000000766      0x4cb ./Core/Src/main.o
 .debug_abbrev  0x0000000000000c31      0x231 ./Core/Src/stm32f7xx_hal_msp.o
 .debug_abbrev  0x0000000000000e62      0x163 ./Core/Src/stm32f7xx_it.o
 .debug_abbrev  0x0000000000000fc5      0x165 ./Core/Src/system_stm32f7xx.o
 .debug_abbrev  0x000000000000112a       0x12 ./Core/Startup/startup_stm32f767zitx.o
 .debug_abbrev  0x000000000000113c      0x1ed ./Drivers/STM32F7xx_HAL_Driver/Src/stm32f7xx_hal.o
 .debug_abbrev  0x0000000000001329      0x33c ./Drivers/STM32F7xx_HAL_Driver/Src/stm32f7xx_hal_cortex.o
 .debug_abbrev  0x0000000000001665      0x259 ./Drivers/STM32F7xx_HAL_Driver/Src/stm32f7xx_hal_dma.o
 .debug_abbrev  0x00000000000018be      0x270 ./Drivers/STM32F7xx_HAL_Driver/Src/stm32f7xx_hal_eth.o
 .debug_abbrev  0x0000000000001b2e      0x1f1 ./Drivers/STM32F7xx_HAL_Driver/Src/stm32f7xx_hal_gpio.o
 .debug_abbrev  0x0000000000001d1f      0x256 ./Drivers/STM32F7xx_HAL_Driver/Src/stm32f7xx_hal_i2c.o
 .debug_abbrev  0x0000000000001f75      0x1bb ./Drivers/STM32F7xx_HAL_Driver/Src/stm32f7xx_hal_i2c_ex.o
 .debug_abbrev  0x0000000000002130      0x261 ./Drivers/STM32F7xx_HAL_Driver/Src/stm32f7xx_hal_i2s.o
 .debug_abbrev  0x0000000000002391      0x29c ./Drivers/STM32F7xx_HAL_Driver/Src/stm32f7xx_hal_rcc.o
 .debug_abbrev  0x000000000000262d      0x1d1 ./Drivers/STM32F7xx_HAL_Driver/Src/stm32f7xx_hal_rcc_ex.o
 .debug_abbrev  0x00000000000027fe      0x23f ./Drivers/STM32F7xx_HAL_Driver/Src/stm32f7xx_hal_uart.o

.debug_aranges  0x0000000000000000      0xd20
 .debug_aranges
                0x0000000000000000       0x40 ./Core/Src/Codec.o
 .debug_aranges
                0x0000000000000040       0x38 ./Core/Src/Synth.o
 .debug_aranges
                0x0000000000000078       0x98 ./Core/Src/main.o
 .debug_aranges
                0x0000000000000110       0x60 ./Core/Src/stm32f7xx_hal_msp.o
 .debug_aranges
                0x0000000000000170       0x68 ./Core/Src/stm32f7xx_it.o
 .debug_aranges
                0x00000000000001d8       0x28 ./Core/Src/system_stm32f7xx.o
 .debug_aranges
                0x0000000000000200       0x28 ./Core/Startup/startup_stm32f767zitx.o
 .debug_aranges
                0x0000000000000228      0x110 ./Drivers/STM32F7xx_HAL_Driver/Src/stm32f7xx_hal.o
 .debug_aranges
                0x0000000000000338      0x118 ./Drivers/STM32F7xx_HAL_Driver/Src/stm32f7xx_hal_cortex.o
 .debug_aranges
                0x0000000000000450       0x90 ./Drivers/STM32F7xx_HAL_Driver/Src/stm32f7xx_hal_dma.o
 .debug_aranges
                0x00000000000004e0      0x110 ./Drivers/STM32F7xx_HAL_Driver/Src/stm32f7xx_hal_eth.o
 .debug_aranges
                0x00000000000005f0       0x58 ./Drivers/STM32F7xx_HAL_Driver/Src/stm32f7xx_hal_gpio.o
 .debug_aranges
                0x0000000000000648      0x290 ./Drivers/STM32F7xx_HAL_Driver/Src/stm32f7xx_hal_i2c.o
 .debug_aranges
                0x00000000000008d8       0x38 ./Drivers/STM32F7xx_HAL_Driver/Src/stm32f7xx_hal_i2c_ex.o
 .debug_aranges
                0x0000000000000910      0x108 ./Drivers/STM32F7xx_HAL_Driver/Src/stm32f7xx_hal_i2s.o
 .debug_aranges
                0x0000000000000a18       0x88 ./Drivers/STM32F7xx_HAL_Driver/Src/stm32f7xx_hal_rcc.o
 .debug_aranges
                0x0000000000000aa0       0x50 ./Drivers/STM32F7xx_HAL_Driver/Src/stm32f7xx_hal_rcc_ex.o
 .debug_aranges
                0x0000000000000af0      0x230 ./Drivers/STM32F7xx_HAL_Driver/Src/stm32f7xx_hal_uart.o

.debug_ranges   0x0000000000000000      0xc38
 .debug_ranges  0x0000000000000000       0x30 ./Core/Src/Codec.o
 .debug_ranges  0x0000000000000030       0x28 ./Core/Src/Synth.o
 .debug_ranges  0x0000000000000058       0x88 ./Core/Src/main.o
 .debug_ranges  0x00000000000000e0       0x50 ./Core/Src/stm32f7xx_hal_msp.o
 .debug_ranges  0x0000000000000130       0x58 ./Core/Src/stm32f7xx_it.o
 .debug_ranges  0x0000000000000188       0x18 ./Core/Src/system_stm32f7xx.o
 .debug_ranges  0x00000000000001a0       0x20 ./Core/Startup/startup_stm32f767zitx.o
 .debug_ranges  0x00000000000001c0      0x100 ./Drivers/STM32F7xx_HAL_Driver/Src/stm32f7xx_hal.o
 .debug_ranges  0x00000000000002c0      0x108 ./Drivers/STM32F7xx_HAL_Driver/Src/stm32f7xx_hal_cortex.o
 .debug_ranges  0x00000000000003c8       0x80 ./Drivers/STM32F7xx_HAL_Driver/Src/stm32f7xx_hal_dma.o
 .debug_ranges  0x0000000000000448      0x100 ./Drivers/STM32F7xx_HAL_Driver/Src/stm32f7xx_hal_eth.o
 .debug_ranges  0x0000000000000548       0x48 ./Drivers/STM32F7xx_HAL_Driver/Src/stm32f7xx_hal_gpio.o
 .debug_ranges  0x0000000000000590      0x280 ./Drivers/STM32F7xx_HAL_Driver/Src/stm32f7xx_hal_i2c.o
 .debug_ranges  0x0000000000000810       0x28 ./Drivers/STM32F7xx_HAL_Driver/Src/stm32f7xx_hal_i2c_ex.o
 .debug_ranges  0x0000000000000838       0xf8 ./Drivers/STM32F7xx_HAL_Driver/Src/stm32f7xx_hal_i2s.o
 .debug_ranges  0x0000000000000930       0x78 ./Drivers/STM32F7xx_HAL_Driver/Src/stm32f7xx_hal_rcc.o
 .debug_ranges  0x00000000000009a8       0x40 ./Drivers/STM32F7xx_HAL_Driver/Src/stm32f7xx_hal_rcc_ex.o
 .debug_ranges  0x00000000000009e8      0x250 ./Drivers/STM32F7xx_HAL_Driver/Src/stm32f7xx_hal_uart.o

.debug_macro    0x0000000000000000    0x2bd5a
 .debug_macro   0x0000000000000000      0x361 ./Core/Src/Codec.o
 .debug_macro   0x0000000000000361      0xb98 ./Core/Src/Codec.o
 .debug_macro   0x0000000000000ef9       0x1c ./Core/Src/Codec.o
 .debug_macro   0x0000000000000f15       0x22 ./Core/Src/Codec.o
 .debug_macro   0x0000000000000f37       0x8e ./Core/Src/Codec.o
 .debug_macro   0x0000000000000fc5       0x51 ./Core/Src/Codec.o
 .debug_macro   0x0000000000001016      0x103 ./Core/Src/Codec.o
 .debug_macro   0x0000000000001119       0x6a ./Core/Src/Codec.o
 .debug_macro   0x0000000000001183      0x1df ./Core/Src/Codec.o
 .debug_macro   0x0000000000001362       0x52 ./Core/Src/Codec.o
 .debug_macro   0x00000000000013b4       0x17 ./Core/Src/Codec.o
 .debug_macro   0x00000000000013cb       0x3c ./Core/Src/Codec.o
 .debug_macro   0x0000000000001407       0x34 ./Core/Src/Codec.o
 .debug_macro   0x000000000000143b       0x16 ./Core/Src/Codec.o
 .debug_macro   0x0000000000001451       0x97 ./Core/Src/Codec.o
 .debug_macro   0x00000000000014e8      0x35c ./Core/Src/Codec.o
 .debug_macro   0x0000000000001844      0x104 ./Core/Src/Codec.o
 .debug_macro   0x0000000000001948       0x10 ./Core/Src/Codec.o
 .debug_macro   0x0000000000001958       0x16 ./Core/Src/Codec.o
 .debug_macro   0x000000000000196e       0x43 ./Core/Src/Codec.o
 .debug_macro   0x00000000000019b1       0x34 ./Core/Src/Codec.o
 .debug_macro   0x00000000000019e5       0x10 ./Core/Src/Codec.o
 .debug_macro   0x00000000000019f5       0x58 ./Core/Src/Codec.o
 .debug_macro   0x0000000000001a4d       0x71 ./Core/Src/Codec.o
 .debug_macro   0x0000000000001abe       0x16 ./Core/Src/Codec.o
 .debug_macro   0x0000000000001ad4      0x12a ./Core/Src/Codec.o
 .debug_macro   0x0000000000001bfe       0x10 ./Core/Src/Codec.o
 .debug_macro   0x0000000000001c0e       0x1c ./Core/Src/Codec.o
 .debug_macro   0x0000000000001c2a       0x52 ./Core/Src/Codec.o
 .debug_macro   0x0000000000001c7c       0x22 ./Core/Src/Codec.o
 .debug_macro   0x0000000000001c9e       0x10 ./Core/Src/Codec.o
 .debug_macro   0x0000000000001cae       0x40 ./Core/Src/Codec.o
 .debug_macro   0x0000000000001cee       0xd5 ./Core/Src/Codec.o
 .debug_macro   0x0000000000001dc3       0x1c ./Core/Src/Codec.o
 .debug_macro   0x0000000000001ddf       0x3d ./Core/Src/Codec.o
 .debug_macro   0x0000000000001e1c       0x16 ./Core/Src/Codec.o
 .debug_macro   0x0000000000001e32      0x137 ./Core/Src/Codec.o
 .debug_macro   0x0000000000001f69      0x2a7 ./Core/Src/Codec.o
 .debug_macro   0x0000000000002210       0x2e ./Core/Src/Codec.o
 .debug_macro   0x000000000000223e       0x3b ./Core/Src/Codec.o
 .debug_macro   0x0000000000002279       0x1c ./Core/Src/Codec.o
 .debug_macro   0x0000000000002295       0x22 ./Core/Src/Codec.o
 .debug_macro   0x00000000000022b7       0xd9 ./Core/Src/Codec.o
 .debug_macro   0x0000000000002390     0x12cd ./Core/Src/Codec.o
 .debug_macro   0x000000000000365d      0x11f ./Core/Src/Codec.o
 .debug_macro   0x000000000000377c       0x19 ./Core/Src/Codec.o
 .debug_macro   0x0000000000003795    0x1a9cf ./Core/Src/Codec.o
 .debug_macro   0x000000000001e164       0x43 ./Core/Src/Codec.o
 .debug_macro   0x000000000001e1a7     0x36c9 ./Core/Src/Codec.o
 .debug_macro   0x0000000000021870       0x5d ./Core/Src/Codec.o
 .debug_macro   0x00000000000218cd     0x1add ./Core/Src/Codec.o
 .debug_macro   0x00000000000233aa      0x6c4 ./Core/Src/Codec.o
 .debug_macro   0x0000000000023a6e      0x18b ./Core/Src/Codec.o
 .debug_macro   0x0000000000023bf9      0x117 ./Core/Src/Codec.o
 .debug_macro   0x0000000000023d10      0x26f ./Core/Src/Codec.o
 .debug_macro   0x0000000000023f7f       0x27 ./Core/Src/Codec.o
 .debug_macro   0x0000000000023fa6      0x24f ./Core/Src/Codec.o
 .debug_macro   0x00000000000241f5       0x71 ./Core/Src/Codec.o
 .debug_macro   0x0000000000024266       0x58 ./Core/Src/Codec.o
 .debug_macro   0x00000000000242be      0x236 ./Core/Src/Codec.o
 .debug_macro   0x00000000000244f4      0xccf ./Core/Src/Codec.o
 .debug_macro   0x00000000000251c3      0x14f ./Core/Src/Codec.o
 .debug_macro   0x0000000000025312      0x3dc ./Core/Src/Codec.o
 .debug_macro   0x00000000000256ee       0x12 ./Core/Src/Codec.o
 .debug_macro   0x0000000000025700      0x22c ./Core/Src/Codec.o
 .debug_macro   0x000000000002592c       0x61 ./Core/Src/Codec.o
 .debug_macro   0x000000000002598d       0xa5 ./Core/Src/Codec.o
 .debug_macro   0x0000000000025a32      0x1d8 ./Core/Src/Codec.o
 .debug_macro   0x0000000000025c0a      0x12f ./Core/Src/Codec.o
 .debug_macro   0x0000000000025d39      0x108 ./Core/Src/Codec.o
 .debug_macro   0x0000000000025e41       0x35 ./Core/Src/Codec.o
 .debug_macro   0x0000000000025e76      0x5a5 ./Core/Src/Codec.o
 .debug_macro   0x000000000002641b       0x44 ./Core/Src/Codec.o
 .debug_macro   0x000000000002645f      0x15c ./Core/Src/Codec.o
 .debug_macro   0x00000000000265bb      0x26b ./Core/Src/Synth.o
 .debug_macro   0x0000000000026826       0x4c ./Core/Src/Synth.o
 .debug_macro   0x0000000000026872       0x94 ./Core/Src/Synth.o
 .debug_macro   0x0000000000026906       0x57 ./Core/Src/Synth.o
 .debug_macro   0x000000000002695d      0x183 ./Core/Src/Synth.o
 .debug_macro   0x0000000000026ae0      0x17c ./Core/Src/Synth.o
 .debug_macro   0x0000000000026c5c       0x10 ./Core/Src/Synth.o
 .debug_macro   0x0000000000026c6c      0x41e ./Core/Src/Synth.o
 .debug_macro   0x000000000002708a       0x18 ./Core/Src/Synth.o
 .debug_macro   0x00000000000270a2      0x18d ./Core/Src/Synth.o
 .debug_macro   0x000000000002722f       0x10 ./Core/Src/Synth.o
 .debug_macro   0x000000000002723f       0x16 ./Core/Src/Synth.o
 .debug_macro   0x0000000000027255       0x35 ./Core/Src/Synth.o
 .debug_macro   0x000000000002728a       0x16 ./Core/Src/Synth.o
 .debug_macro   0x00000000000272a0       0x29 ./Core/Src/Synth.o
 .debug_macro   0x00000000000272c9       0x10 ./Core/Src/Synth.o
 .debug_macro   0x00000000000272d9      0x3c7 ./Core/Src/Synth.o
 .debug_macro   0x00000000000276a0       0x1c ./Core/Src/Synth.o
 .debug_macro   0x00000000000276bc      0x42c ./Core/Src/main.o
 .debug_macro   0x0000000000027ae8       0xdf ./Core/Src/main.o
 .debug_macro   0x0000000000027bc7      0x17b ./Core/Src/main.o
 .debug_macro   0x0000000000027d42       0x63 ./Core/Src/main.o
 .debug_macro   0x0000000000027da5      0x148 ./Core/Src/main.o
 .debug_macro   0x0000000000027eed      0x356 ./Core/Src/main.o
 .debug_macro   0x0000000000028243      0x1f2 ./Core/Src/stm32f7xx_hal_msp.o
 .debug_macro   0x0000000000028435      0xac0 ./Core/Src/stm32f7xx_hal_msp.o
 .debug_macro   0x0000000000028ef5     0x12cd ./Core/Src/stm32f7xx_hal_msp.o
 .debug_macro   0x000000000002a1c2      0x174 ./Core/Src/stm32f7xx_hal_msp.o
 .debug_macro   0x000000000002a336      0x1fc ./Core/Src/stm32f7xx_it.o
 .debug_macro   0x000000000002a532      0x1e3 ./Core/Src/system_stm32f7xx.o
 .debug_macro   0x000000000002a715      0x207 ./Drivers/STM32F7xx_HAL_Driver/Src/stm32f7xx_hal.o
 .debug_macro   0x000000000002a91c      0x1e3 ./Drivers/STM32F7xx_HAL_Driver/Src/stm32f7xx_hal_cortex.o
 .debug_macro   0x000000000002aaff      0x1e9 ./Drivers/STM32F7xx_HAL_Driver/Src/stm32f7xx_hal_dma.o
 .debug_macro   0x000000000002ace8      0x1f9 ./Drivers/STM32F7xx_HAL_Driver/Src/stm32f7xx_hal_eth.o
 .debug_macro   0x000000000002aee1      0x219 ./Drivers/STM32F7xx_HAL_Driver/Src/stm32f7xx_hal_gpio.o
 .debug_macro   0x000000000002b0fa      0x2a8 ./Drivers/STM32F7xx_HAL_Driver/Src/stm32f7xx_hal_i2c.o
 .debug_macro   0x000000000002b3a2      0x1e3 ./Drivers/STM32F7xx_HAL_Driver/Src/stm32f7xx_hal_i2c_ex.o
 .debug_macro   0x000000000002b585      0x1eb ./Drivers/STM32F7xx_HAL_Driver/Src/stm32f7xx_hal_i2s.o
 .debug_macro   0x000000000002b770      0x207 ./Drivers/STM32F7xx_HAL_Driver/Src/stm32f7xx_hal_rcc.o
 .debug_macro   0x000000000002b977      0x1e3 ./Drivers/STM32F7xx_HAL_Driver/Src/stm32f7xx_hal_rcc_ex.o
 .debug_macro   0x000000000002bb5a      0x200 ./Drivers/STM32F7xx_HAL_Driver/Src/stm32f7xx_hal_uart.o

.debug_line     0x0000000000000000    0x10ace
 .debug_line    0x0000000000000000      0x950 ./Core/Src/Codec.o
 .debug_line    0x0000000000000950      0xa38 ./Core/Src/Synth.o
 .debug_line    0x0000000000001388     0x10ac ./Core/Src/main.o
 .debug_line    0x0000000000002434      0x8ef ./Core/Src/stm32f7xx_hal_msp.o
 .debug_line    0x0000000000002d23      0x7c9 ./Core/Src/stm32f7xx_it.o
 .debug_line    0x00000000000034ec      0x76e ./Core/Src/system_stm32f7xx.o
 .debug_line    0x0000000000003c5a       0x88 ./Core/Startup/startup_stm32f767zitx.o
 .debug_line    0x0000000000003ce2      0xa2f ./Drivers/STM32F7xx_HAL_Driver/Src/stm32f7xx_hal.o
 .debug_line    0x0000000000004711      0xc85 ./Drivers/STM32F7xx_HAL_Driver/Src/stm32f7xx_hal_cortex.o
 .debug_line    0x0000000000005396      0xf53 ./Drivers/STM32F7xx_HAL_Driver/Src/stm32f7xx_hal_dma.o
 .debug_line    0x00000000000062e9     0x16c3 ./Drivers/STM32F7xx_HAL_Driver/Src/stm32f7xx_hal_eth.o
 .debug_line    0x00000000000079ac      0xb81 ./Drivers/STM32F7xx_HAL_Driver/Src/stm32f7xx_hal_gpio.o
 .debug_line    0x000000000000852d     0x32dd ./Drivers/STM32F7xx_HAL_Driver/Src/stm32f7xx_hal_i2c.o
 .debug_line    0x000000000000b80a      0x82a ./Drivers/STM32F7xx_HAL_Driver/Src/stm32f7xx_hal_i2c_ex.o
 .debug_line    0x000000000000c034     0x10b8 ./Drivers/STM32F7xx_HAL_Driver/Src/stm32f7xx_hal_i2s.o
 .debug_line    0x000000000000d0ec      0xe71 ./Drivers/STM32F7xx_HAL_Driver/Src/stm32f7xx_hal_rcc.o
 .debug_line    0x000000000000df5d      0xe4d ./Drivers/STM32F7xx_HAL_Driver/Src/stm32f7xx_hal_rcc_ex.o
 .debug_line    0x000000000000edaa     0x1d24 ./Drivers/STM32F7xx_HAL_Driver/Src/stm32f7xx_hal_uart.o

.debug_str      0x0000000000000000   0x100517
 .debug_str     0x0000000000000000    0xf8439 ./Core/Src/Codec.o
                                      0xf8d31 (size before relaxing)
 .debug_str     0x00000000000f8439     0x3241 ./Core/Src/Synth.o
                                       0xaf95 (size before relaxing)
 .debug_str     0x00000000000fb67a     0x1992 ./Core/Src/main.o
                                      0xfdb81 (size before relaxing)
 .debug_str     0x00000000000fd00c      0x27d ./Core/Src/stm32f7xx_hal_msp.o
                                      0xf5476 (size before relaxing)
 .debug_str     0x00000000000fd289       0xc3 ./Core/Src/stm32f7xx_it.o
                                      0xf489c (size before relaxing)
 .debug_str     0x00000000000fd34c      0x164 ./Core/Src/system_stm32f7xx.o
                                      0xf42d6 (size before relaxing)
 .debug_str     0x00000000000fd4b0       0x36 ./Core/Startup/startup_stm32f767zitx.o
                                         0x72 (size before relaxing)
 .debug_str     0x00000000000fd4e6      0x3b5 ./Drivers/STM32F7xx_HAL_Driver/Src/stm32f7xx_hal.o
                                      0xf4c74 (size before relaxing)
 .debug_str     0x00000000000fd89b      0x377 ./Drivers/STM32F7xx_HAL_Driver/Src/stm32f7xx_hal_cortex.o
                                      0xf4ce0 (size before relaxing)
 .debug_str     0x00000000000fdc12      0x32d ./Drivers/STM32F7xx_HAL_Driver/Src/stm32f7xx_hal_dma.o
                                      0xf4625 (size before relaxing)
 .debug_str     0x00000000000fdf3f      0x749 ./Drivers/STM32F7xx_HAL_Driver/Src/stm32f7xx_hal_eth.o
                                      0xf4e00 (size before relaxing)
 .debug_str     0x00000000000fe688      0x236 ./Drivers/STM32F7xx_HAL_Driver/Src/stm32f7xx_hal_gpio.o
                                      0xf44c1 (size before relaxing)
 .debug_str     0x00000000000fe8be      0xd40 ./Drivers/STM32F7xx_HAL_Driver/Src/stm32f7xx_hal_i2c.o
                                      0xf542c (size before relaxing)
 .debug_str     0x00000000000ff5fe       0x89 ./Drivers/STM32F7xx_HAL_Driver/Src/stm32f7xx_hal_i2c_ex.o
                                      0xf47a8 (size before relaxing)
 .debug_str     0x00000000000ff687      0x27d ./Drivers/STM32F7xx_HAL_Driver/Src/stm32f7xx_hal_i2s.o
                                      0xf48ac (size before relaxing)
 .debug_str     0x00000000000ff904      0x274 ./Drivers/STM32F7xx_HAL_Driver/Src/stm32f7xx_hal_rcc.o
                                      0xf461f (size before relaxing)
 .debug_str     0x00000000000ffb78      0x158 ./Drivers/STM32F7xx_HAL_Driver/Src/stm32f7xx_hal_rcc_ex.o
                                      0xf45d4 (size before relaxing)
 .debug_str     0x00000000000ffcd0      0x847 ./Drivers/STM32F7xx_HAL_Driver/Src/stm32f7xx_hal_uart.o
                                      0xf4ef0 (size before relaxing)

.comment        0x0000000000000000       0x53
 .comment       0x0000000000000000       0x53 ./Core/Src/Codec.o
                                         0x54 (size before relaxing)
 .comment       0x0000000000000053       0x54 ./Core/Src/Synth.o
 .comment       0x0000000000000053       0x54 ./Core/Src/main.o
 .comment       0x0000000000000053       0x54 ./Core/Src/stm32f7xx_hal_msp.o
 .comment       0x0000000000000053       0x54 ./Core/Src/stm32f7xx_it.o
 .comment       0x0000000000000053       0x54 ./Core/Src/system_stm32f7xx.o
 .comment       0x0000000000000053       0x54 ./Drivers/STM32F7xx_HAL_Driver/Src/stm32f7xx_hal.o
 .comment       0x0000000000000053       0x54 ./Drivers/STM32F7xx_HAL_Driver/Src/stm32f7xx_hal_cortex.o
 .comment       0x0000000000000053       0x54 ./Drivers/STM32F7xx_HAL_Driver/Src/stm32f7xx_hal_dma.o
 .comment       0x0000000000000053       0x54 ./Drivers/STM32F7xx_HAL_Driver/Src/stm32f7xx_hal_eth.o
 .comment       0x0000000000000053       0x54 ./Drivers/STM32F7xx_HAL_Driver/Src/stm32f7xx_hal_gpio.o
 .comment       0x0000000000000053       0x54 ./Drivers/STM32F7xx_HAL_Driver/Src/stm32f7xx_hal_i2c.o
 .comment       0x0000000000000053       0x54 ./Drivers/STM32F7xx_HAL_Driver/Src/stm32f7xx_hal_i2c_ex.o
 .comment       0x0000000000000053       0x54 ./Drivers/STM32F7xx_HAL_Driver/Src/stm32f7xx_hal_i2s.o
 .comment       0x0000000000000053       0x54 ./Drivers/STM32F7xx_HAL_Driver/Src/stm32f7xx_hal_rcc.o
 .comment       0x0000000000000053       0x54 ./Drivers/STM32F7xx_HAL_Driver/Src/stm32f7xx_hal_rcc_ex.o
 .comment       0x0000000000000053       0x54 ./Drivers/STM32F7xx_HAL_Driver/Src/stm32f7xx_hal_uart.o

.debug_frame    0x0000000000000000     0x37c4
 .debug_frame   0x0000000000000000       0xcc ./Core/Src/Codec.o
 .debug_frame   0x00000000000000cc       0xac ./Core/Src/Synth.o
 .debug_frame   0x0000000000000178      0x210 ./Core/Src/main.o
 .debug_frame   0x0000000000000388      0x158 ./Core/Src/stm32f7xx_hal_msp.o
 .debug_frame   0x00000000000004e0      0x120 ./Core/Src/stm32f7xx_it.o
 .debug_frame   0x0000000000000600       0x58 ./Core/Src/system_stm32f7xx.o
 .debug_frame   0x0000000000000658      0x3f4 ./Drivers/STM32F7xx_HAL_Driver/Src/stm32f7xx_hal.o
 .debug_frame   0x0000000000000a4c      0x498 ./Drivers/STM32F7xx_HAL_Driver/Src/stm32f7xx_hal_cortex.o
 .debug_frame   0x0000000000000ee4      0x250 ./Drivers/STM32F7xx_HAL_Driver/Src/stm32f7xx_hal_dma.o
 .debug_frame   0x0000000000001134      0x4b4 ./Drivers/STM32F7xx_HAL_Driver/Src/stm32f7xx_hal_eth.o
 .debug_frame   0x00000000000015e8      0x14c ./Drivers/STM32F7xx_HAL_Driver/Src/stm32f7xx_hal_gpio.o
 .debug_frame   0x0000000000001734      0xbe8 ./Drivers/STM32F7xx_HAL_Driver/Src/stm32f7xx_hal_i2c.o
 .debug_frame   0x000000000000231c       0xb0 ./Drivers/STM32F7xx_HAL_Driver/Src/stm32f7xx_hal_i2c_ex.o
 .debug_frame   0x00000000000023cc      0x480 ./Drivers/STM32F7xx_HAL_Driver/Src/stm32f7xx_hal_i2s.o
 .debug_frame   0x000000000000284c      0x1f4 ./Drivers/STM32F7xx_HAL_Driver/Src/stm32f7xx_hal_rcc.o
 .debug_frame   0x0000000000002a40      0x118 ./Drivers/STM32F7xx_HAL_Driver/Src/stm32f7xx_hal_rcc_ex.o
 .debug_frame   0x0000000000002b58      0xa08 ./Drivers/STM32F7xx_HAL_Driver/Src/stm32f7xx_hal_uart.o
 .debug_frame   0x0000000000003560       0x20 c:/st/stm32cubeide_1.4.0/stm32cubeide/plugins/com.st.stm32cube.ide.mcu.externaltools.gnu-tools-for-stm32.9-2020-q2-update.win32_2.0.0.202105311346/tools/bin/../lib/gcc/arm-none-eabi/9.3.1/../../../../arm-none-eabi/lib/thumb/v7e-m+dp/hard\libstdc++_nano.a(del_ops.o)
 .debug_frame   0x0000000000003580       0x20 c:/st/stm32cubeide_1.4.0/stm32cubeide/plugins/com.st.stm32cube.ide.mcu.externaltools.gnu-tools-for-stm32.9-2020-q2-update.win32_2.0.0.202105311346/tools/bin/../lib/gcc/arm-none-eabi/9.3.1/../../../../arm-none-eabi/lib/thumb/v7e-m+dp/hard\libstdc++_nano.a(del_op.o)
 .debug_frame   0x00000000000035a0       0x2c c:/st/stm32cubeide_1.4.0/stm32cubeide/plugins/com.st.stm32cube.ide.mcu.externaltools.gnu-tools-for-stm32.9-2020-q2-update.win32_2.0.0.202105311346/tools/bin/../lib/gcc/arm-none-eabi/9.3.1/../../../../arm-none-eabi/lib/thumb/v7e-m+dp/hard\libc_nano.a(lib_a-init.o)
 .debug_frame   0x00000000000035cc       0x30 c:/st/stm32cubeide_1.4.0/stm32cubeide/plugins/com.st.stm32cube.ide.mcu.externaltools.gnu-tools-for-stm32.9-2020-q2-update.win32_2.0.0.202105311346/tools/bin/../lib/gcc/arm-none-eabi/9.3.1/../../../../arm-none-eabi/lib/thumb/v7e-m+dp/hard\libc_nano.a(lib_a-malloc.o)
 .debug_frame   0x00000000000035fc       0x20 c:/st/stm32cubeide_1.4.0/stm32cubeide/plugins/com.st.stm32cube.ide.mcu.externaltools.gnu-tools-for-stm32.9-2020-q2-update.win32_2.0.0.202105311346/tools/bin/../lib/gcc/arm-none-eabi/9.3.1/../../../../arm-none-eabi/lib/thumb/v7e-m+dp/hard\libc_nano.a(lib_a-memset.o)
 .debug_frame   0x000000000000361c       0x38 c:/st/stm32cubeide_1.4.0/stm32cubeide/plugins/com.st.stm32cube.ide.mcu.externaltools.gnu-tools-for-stm32.9-2020-q2-update.win32_2.0.0.202105311346/tools/bin/../lib/gcc/arm-none-eabi/9.3.1/../../../../arm-none-eabi/lib/thumb/v7e-m+dp/hard\libc_nano.a(lib_a-nano-freer.o)
 .debug_frame   0x0000000000003654       0x30 c:/st/stm32cubeide_1.4.0/stm32cubeide/plugins/com.st.stm32cube.ide.mcu.externaltools.gnu-tools-for-stm32.9-2020-q2-update.win32_2.0.0.202105311346/tools/bin/../lib/gcc/arm-none-eabi/9.3.1/../../../../arm-none-eabi/lib/thumb/v7e-m+dp/hard\libc_nano.a(lib_a-nano-mallocr.o)
 .debug_frame   0x0000000000003684       0x30 c:/st/stm32cubeide_1.4.0/stm32cubeide/plugins/com.st.stm32cube.ide.mcu.externaltools.gnu-tools-for-stm32.9-2020-q2-update.win32_2.0.0.202105311346/tools/bin/../lib/gcc/arm-none-eabi/9.3.1/../../../../arm-none-eabi/lib/thumb/v7e-m+dp/hard\libc_nano.a(lib_a-mlock.o)
 .debug_frame   0x00000000000036b4       0xb0 c:/st/stm32cubeide_1.4.0/stm32cubeide/plugins/com.st.stm32cube.ide.mcu.externaltools.gnu-tools-for-stm32.9-2020-q2-update.win32_2.0.0.202105311346/tools/bin/../lib/gcc/arm-none-eabi/9.3.1/../../../../arm-none-eabi/lib/thumb/v7e-m+dp/hard\libc_nano.a(lib_a-lock.o)
 .debug_frame   0x0000000000003764       0x2c c:/st/stm32cubeide_1.4.0/stm32cubeide/plugins/com.st.stm32cube.ide.mcu.externaltools.gnu-tools-for-stm32.9-2020-q2-update.win32_2.0.0.202105311346/tools/bin/../lib/gcc/arm-none-eabi/9.3.1/thumb/v7e-m+dp/hard\libgcc.a(_aeabi_uldivmod.o)
 .debug_frame   0x0000000000003790       0x34 c:/st/stm32cubeide_1.4.0/stm32cubeide/plugins/com.st.stm32cube.ide.mcu.externaltools.gnu-tools-for-stm32.9-2020-q2-update.win32_2.0.0.202105311346/tools/bin/../lib/gcc/arm-none-eabi/9.3.1/thumb/v7e-m+dp/hard\libgcc.a(_udivmoddi4.o)
