Archive member included to satisfy reference by file (symbol)

c:/st/stm32cubeide_1.7.0/stm32cubeide/plugins/com.st.stm32cube.ide.mcu.externaltools.gnu-tools-for-stm32.9-2020-q2-update.win32_2.0.0.202105311346/tools/bin/../lib/gcc/arm-none-eabi/9.3.1/../../../../arm-none-eabi/lib/thumb/v7e-m+dp/hard\libc_nano.a(lib_a-errno.o)
                              ./Core/Src/syscalls.o (__errno)
c:/st/stm32cubeide_1.7.0/stm32cubeide/plugins/com.st.stm32cube.ide.mcu.externaltools.gnu-tools-for-stm32.9-2020-q2-update.win32_2.0.0.202105311346/tools/bin/../lib/gcc/arm-none-eabi/9.3.1/../../../../arm-none-eabi/lib/thumb/v7e-m+dp/hard\libc_nano.a(lib_a-exit.o)
                              c:/st/stm32cubeide_1.7.0/stm32cubeide/plugins/com.st.stm32cube.ide.mcu.externaltools.gnu-tools-for-stm32.9-2020-q2-update.win32_2.0.0.202105311346/tools/bin/../lib/gcc/arm-none-eabi/9.3.1/../../../../arm-none-eabi/lib/thumb/v7e-m+dp/hard/crt0.o (exit)
c:/st/stm32cubeide_1.7.0/stm32cubeide/plugins/com.st.stm32cube.ide.mcu.externaltools.gnu-tools-for-stm32.9-2020-q2-update.win32_2.0.0.202105311346/tools/bin/../lib/gcc/arm-none-eabi/9.3.1/../../../../arm-none-eabi/lib/thumb/v7e-m+dp/hard\libc_nano.a(lib_a-impure.o)
                              c:/st/stm32cubeide_1.7.0/stm32cubeide/plugins/com.st.stm32cube.ide.mcu.externaltools.gnu-tools-for-stm32.9-2020-q2-update.win32_2.0.0.202105311346/tools/bin/../lib/gcc/arm-none-eabi/9.3.1/../../../../arm-none-eabi/lib/thumb/v7e-m+dp/hard\libc_nano.a(lib_a-exit.o) (_global_impure_ptr)
c:/st/stm32cubeide_1.7.0/stm32cubeide/plugins/com.st.stm32cube.ide.mcu.externaltools.gnu-tools-for-stm32.9-2020-q2-update.win32_2.0.0.202105311346/tools/bin/../lib/gcc/arm-none-eabi/9.3.1/../../../../arm-none-eabi/lib/thumb/v7e-m+dp/hard\libc_nano.a(lib_a-init.o)
                              c:/st/stm32cubeide_1.7.0/stm32cubeide/plugins/com.st.stm32cube.ide.mcu.externaltools.gnu-tools-for-stm32.9-2020-q2-update.win32_2.0.0.202105311346/tools/bin/../lib/gcc/arm-none-eabi/9.3.1/../../../../arm-none-eabi/lib/thumb/v7e-m+dp/hard/crt0.o (__libc_init_array)
c:/st/stm32cubeide_1.7.0/stm32cubeide/plugins/com.st.stm32cube.ide.mcu.externaltools.gnu-tools-for-stm32.9-2020-q2-update.win32_2.0.0.202105311346/tools/bin/../lib/gcc/arm-none-eabi/9.3.1/../../../../arm-none-eabi/lib/thumb/v7e-m+dp/hard\libc_nano.a(lib_a-malloc.o)
                              ./Core/Src/llist.o (malloc)
c:/st/stm32cubeide_1.7.0/stm32cubeide/plugins/com.st.stm32cube.ide.mcu.externaltools.gnu-tools-for-stm32.9-2020-q2-update.win32_2.0.0.202105311346/tools/bin/../lib/gcc/arm-none-eabi/9.3.1/../../../../arm-none-eabi/lib/thumb/v7e-m+dp/hard\libc_nano.a(lib_a-memset.o)
                              c:/st/stm32cubeide_1.7.0/stm32cubeide/plugins/com.st.stm32cube.ide.mcu.externaltools.gnu-tools-for-stm32.9-2020-q2-update.win32_2.0.0.202105311346/tools/bin/../lib/gcc/arm-none-eabi/9.3.1/../../../../arm-none-eabi/lib/thumb/v7e-m+dp/hard/crt0.o (memset)
c:/st/stm32cubeide_1.7.0/stm32cubeide/plugins/com.st.stm32cube.ide.mcu.externaltools.gnu-tools-for-stm32.9-2020-q2-update.win32_2.0.0.202105311346/tools/bin/../lib/gcc/arm-none-eabi/9.3.1/../../../../arm-none-eabi/lib/thumb/v7e-m+dp/hard\libc_nano.a(lib_a-nano-freer.o)
                              c:/st/stm32cubeide_1.7.0/stm32cubeide/plugins/com.st.stm32cube.ide.mcu.externaltools.gnu-tools-for-stm32.9-2020-q2-update.win32_2.0.0.202105311346/tools/bin/../lib/gcc/arm-none-eabi/9.3.1/../../../../arm-none-eabi/lib/thumb/v7e-m+dp/hard\libc_nano.a(lib_a-malloc.o) (_free_r)
c:/st/stm32cubeide_1.7.0/stm32cubeide/plugins/com.st.stm32cube.ide.mcu.externaltools.gnu-tools-for-stm32.9-2020-q2-update.win32_2.0.0.202105311346/tools/bin/../lib/gcc/arm-none-eabi/9.3.1/../../../../arm-none-eabi/lib/thumb/v7e-m+dp/hard\libc_nano.a(lib_a-nano-mallocr.o)
                              c:/st/stm32cubeide_1.7.0/stm32cubeide/plugins/com.st.stm32cube.ide.mcu.externaltools.gnu-tools-for-stm32.9-2020-q2-update.win32_2.0.0.202105311346/tools/bin/../lib/gcc/arm-none-eabi/9.3.1/../../../../arm-none-eabi/lib/thumb/v7e-m+dp/hard\libc_nano.a(lib_a-malloc.o) (_malloc_r)
c:/st/stm32cubeide_1.7.0/stm32cubeide/plugins/com.st.stm32cube.ide.mcu.externaltools.gnu-tools-for-stm32.9-2020-q2-update.win32_2.0.0.202105311346/tools/bin/../lib/gcc/arm-none-eabi/9.3.1/../../../../arm-none-eabi/lib/thumb/v7e-m+dp/hard\libc_nano.a(lib_a-printf.o)
                              ./Core/Src/llist.o (printf)
c:/st/stm32cubeide_1.7.0/stm32cubeide/plugins/com.st.stm32cube.ide.mcu.externaltools.gnu-tools-for-stm32.9-2020-q2-update.win32_2.0.0.202105311346/tools/bin/../lib/gcc/arm-none-eabi/9.3.1/../../../../arm-none-eabi/lib/thumb/v7e-m+dp/hard\libc_nano.a(lib_a-puts.o)
                              ./Core/Src/main.o (puts)
[...]
Memory Configuration

Name             Origin             Length             Attributes
RAM              0x0000000020000000 0x0000000000080000 xrw
FLASH            0x0000000008000000 0x0000000000200000 xr
*default*        0x0000000000000000 0xffffffffffffffff

Linker script and memory map

LOAD c:/st/stm32cubeide_1.7.0/stm32cubeide/plugins/com.st.stm32cube.ide.mcu.externaltools.gnu-tools-for-stm32.9-2020-q2-update.win32_2.0.0.202105311346/tools/bin/../lib/gcc/arm-none-eabi/9.3.1/thumb/v7e-m+dp/hard/crti.o
LOAD c:/st/stm32cubeide_1.7.0/stm32cubeide/plugins/com.st.stm32cube.ide.mcu.externaltools.gnu-tools-for-stm32.9-2020-q2-update.win32_2.0.0.202105311346/tools/bin/../lib/gcc/arm-none-eabi/9.3.1/thumb/v7e-m+dp/hard/crtbegin.o
LOAD c:/st/stm32cubeide_1.7.0/stm32cubeide/plugins/com.st.stm32cube.ide.mcu.externaltools.gnu-tools-for-stm32.9-2020-q2-update.win32_2.0.0.202105311346/tools/bin/../lib/gcc/arm-none-eabi/9.3.1/../../../../arm-none-eabi/lib/thumb/v7e-m+dp/hard/crt0.o
LOAD ./Core/Src/fonts.o
LOAD ./Core/Src/llist.o
LOAD ./Core/Src/main.o
LOAD ./Core/Src/ssd1306.o
LOAD ./Core/Src/stm32f7xx_hal_msp.o
LOAD ./Core/Src/stm32f7xx_it.o
LOAD ./Core/Src/syscalls.o
LOAD ./Core/Src/sysmem.o
LOAD ./Core/Src/system_stm32f7xx.o
LOAD ./Core/Src/test.o
LOAD ./Core/Startup/startup_stm32f767zitx.o
LOAD ./Drivers/STM32F7xx_HAL_Driver/Src/stm32f7xx_hal.o
LOAD ./Drivers/STM32F7xx_HAL_Driver/Src/stm32f7xx_hal_cortex.o
LOAD ./Drivers/STM32F7xx_HAL_Driver/Src/stm32f7xx_hal_dma.o
LOAD ./Drivers/STM32F7xx_HAL_Driver/Src/stm32f7xx_hal_dma_ex.o
LOAD ./Drivers/STM32F7xx_HAL_Driver/Src/stm32f7xx_hal_exti.o
LOAD ./Drivers/STM32F7xx_HAL_Driver/Src/stm32f7xx_hal_flash.o
LOAD ./Drivers/STM32F7xx_HAL_Driver/Src/stm32f7xx_hal_flash_ex.o
LOAD ./Drivers/STM32F7xx_HAL_Driver/Src/stm32f7xx_hal_gpio.o
LOAD ./Drivers/STM32F7xx_HAL_Driver/Src/stm32f7xx_hal_i2c.o
LOAD ./Drivers/STM32F7xx_HAL_Driver/Src/stm32f7xx_hal_i2c_ex.o
LOAD ./Drivers/STM32F7xx_HAL_Driver/Src/stm32f7xx_hal_i2s.o
LOAD ./Drivers/STM32F7xx_HAL_Driver/Src/stm32f7xx_hal_pwr.o
LOAD ./Drivers/STM32F7xx_HAL_Driver/Src/stm32f7xx_hal_pwr_ex.o
LOAD ./Drivers/STM32F7xx_HAL_Driver/Src/stm32f7xx_hal_rcc.o
LOAD ./Drivers/STM32F7xx_HAL_Driver/Src/stm32f7xx_hal_rcc_ex.o
LOAD ./Drivers/STM32F7xx_HAL_Driver/Src/stm32f7xx_hal_sai.o
LOAD ./Drivers/STM32F7xx_HAL_Driver/Src/stm32f7xx_hal_sai_ex.o
LOAD ./Drivers/STM32F7xx_HAL_Driver/Src/stm32f7xx_hal_tim.o
LOAD ./Drivers/STM32F7xx_HAL_Driver/Src/stm32f7xx_hal_tim_ex.o
LOAD ./Drivers/STM32F7xx_HAL_Driver/Src/stm32f7xx_hal_uart.o
LOAD ./Drivers/STM32F7xx_HAL_Driver/Src/stm32f7xx_hal_uart_ex.o
START GROUP
LOAD c:/st/stm32cubeide_1.7.0/stm32cubeide/plugins/com.st.stm32cube.ide.mcu.externaltools.gnu-tools-for-stm32.9-2020-q2-update.win32_2.0.0.202105311346/tools/bin/../lib/gcc/arm-none-eabi/9.3.1/../../../../arm-none-eabi/lib/thumb/v7e-m+dp/hard\libc_nano.a
LOAD c:/st/stm32cubeide_1.7.0/stm32cubeide/plugins/com.st.stm32cube.ide.mcu.externaltools.gnu-tools-for-stm32.9-2020-q2-update.win32_2.0.0.202105311346/tools/bin/../lib/gcc/arm-none-eabi/9.3.1/../../../../arm-none-eabi/lib/thumb/v7e-m+dp/hard\libm.a
END GROUP
START GROUP
LOAD c:/st/stm32cubeide_1.7.0/stm32cubeide/plugins/com.st.stm32cube.ide.mcu.externaltools.gnu-tools-for-stm32.9-2020-q2-update.win32_2.0.0.202105311346/tools/bin/../lib/gcc/arm-none-eabi/9.3.1/thumb/v7e-m+dp/hard\libgcc.a
LOAD c:/st/stm32cubeide_1.7.0/stm32cubeide/plugins/com.st.stm32cube.ide.mcu.externaltools.gnu-tools-for-stm32.9-2020-q2-update.win32_2.0.0.202105311346/tools/bin/../lib/gcc/arm-none-eabi/9.3.1/../../../../arm-none-eabi/lib/thumb/v7e-m+dp/hard\libc_nano.a
END GROUP
START GROUP
LOAD c:/st/stm32cubeide_1.7.0/stm32cubeide/plugins/com.st.stm32cube.ide.mcu.externaltools.gnu-tools-for-stm32.9-2020-q2-update.win32_2.0.0.202105311346/tools/bin/../lib/gcc/arm-none-eabi/9.3.1/thumb/v7e-m+dp/hard\libgcc.a
LOAD c:/st/stm32cubeide_1.7.0/stm32cubeide/plugins/com.st.stm32cube.ide.mcu.externaltools.gnu-tools-for-stm32.9-2020-q2-update.win32_2.0.0.202105311346/tools/bin/../lib/gcc/arm-none-eabi/9.3.1/../../../../arm-none-eabi/lib/thumb/v7e-m+dp/hard\libc_nano.a
LOAD c:/st/stm32cubeide_1.7.0/stm32cubeide/plugins/com.st.stm32cube.ide.mcu.externaltools.gnu-tools-for-stm32.9-2020-q2-update.win32_2.0.0.202105311346/tools/bin/../lib/gcc/arm-none-eabi/9.3.1/../../../../arm-none-eabi/lib/thumb/v7e-m+dp/hard\libnosys.a
END GROUP
START GROUP
LOAD c:/st/stm32cubeide_1.7.0/stm32cubeide/plugins/com.st.stm32cube.ide.mcu.externaltools.gnu-tools-for-stm32.9-2020-q2-update.win32_2.0.0.202105311346/tools/bin/../lib/gcc/arm-none-eabi/9.3.1/thumb/v7e-m+dp/hard\libgcc.a
LOAD c:/st/stm32cubeide_1.7.0/stm32cubeide/plugins/com.st.stm32cube.ide.mcu.externaltools.gnu-tools-for-stm32.9-2020-q2-update.win32_2.0.0.202105311346/tools/bin/../lib/gcc/arm-none-eabi/9.3.1/../../../../arm-none-eabi/lib/thumb/v7e-m+dp/hard\libc_nano.a
LOAD c:/st/stm32cubeide_1.7.0/stm32cubeide/plugins/com.st.stm32cube.ide.mcu.externaltools.gnu-tools-for-stm32.9-2020-q2-update.win32_2.0.0.202105311346/tools/bin/../lib/gcc/arm-none-eabi/9.3.1/../../../../arm-none-eabi/lib/thumb/v7e-m+dp/hard\libnosys.a
END GROUP
LOAD c:/st/stm32cubeide_1.7.0/stm32cubeide/plugins/com.st.stm32cube.ide.mcu.externaltools.gnu-tools-for-stm32.9-2020-q2-update.win32_2.0.0.202105311346/tools/bin/../lib/gcc/arm-none-eabi/9.3.1/thumb/v7e-m+dp/hard/crtend.o
LOAD c:/st/stm32cubeide_1.7.0/stm32cubeide/plugins/com.st.stm32cube.ide.mcu.externaltools.gnu-tools-for-stm32.9-2020-q2-update.win32_2.0.0.202105311346/tools/bin/../lib/gcc/arm-none-eabi/9.3.1/thumb/v7e-m+dp/hard/crtn.o
                0x0000000020080000                _estack = (ORIGIN (RAM) + LENGTH (RAM))
                0x0000000000000200                _Min_Heap_Size = 0x200
                0x0000000000000400                _Min_Stack_Size = 0x400

.isr_vector     0x0000000008000000      0x1f8
                0x0000000008000000                . = ALIGN (0x4)
 *(.isr_vector)
 .isr_vector    0x0000000008000000      0x1f8 ./Core/Startup/startup_stm32f767zitx.o
                0x0000000008000000                g_pfnVectors
                0x00000000080001f8                . = ALIGN (0x4)

.text           0x00000000080001f8     0x6b78
                0x00000000080001f8                . = ALIGN (0x4)
 *(.text)
 .text          0x00000000080001f8       0x40 c:/st/stm32cubeide_1.7.0/stm32cubeide/plugins/com.st.stm32cube.ide.mcu.externaltools.gnu-tools-for-stm32.9-2020-q2-update.win32_2.0.0.202105311346/tools/bin/../lib/gcc/arm-none-eabi/9.3.1/thumb/v7e-m+dp/hard/crtbegin.o
 .text          0x0000000008000238       0x30 c:/st/stm32cubeide_1.7.0/stm32cubeide/plugins/com.st.stm32cube.ide.mcu.externaltools.gnu-tools-for-stm32.9-2020-q2-update.win32_2.0.0.202105311346/tools/bin/../lib/gcc/arm-none-eabi/9.3.1/thumb/v7e-m+dp/hard\libgcc.a(_aeabi_uldivmod.o)
                0x0000000008000238                __aeabi_uldivmod
 .text          0x0000000008000268      0x2c4 c:/st/stm32cubeide_1.7.0/stm32cubeide/plugins/com.st.stm32cube.ide.mcu.externaltools.gnu-tools-for-stm32.9-2020-q2-update.win32_2.0.0.202105311346/tools/bin/../lib/gcc/arm-none-eabi/9.3.1/thumb/v7e-m+dp/hard\libgcc.a(_udivmoddi4.o)
                0x0000000008000268                __udivmoddi4
 .text          0x000000000800052c        0x4 c:/st/stm32cubeide_1.7.0/stm32cubeide/plugins/com.st.stm32cube.ide.mcu.externaltools.gnu-tools-for-stm32.9-2020-q2-update.win32_2.0.0.202105311346/tools/bin/../lib/gcc/arm-none-eabi/9.3.1/thumb/v7e-m+dp/hard\libgcc.a(_dvmd_tls.o)
                0x000000000800052c                __aeabi_idiv0
                0x000000000800052c                __aeabi_ldiv0
 *(.text*)
 .text.add_note_last
                0x0000000008000530       0x5a ./Core/Src/llist.o
                0x0000000008000530                add_note_last
 .text.delete_note
                0x000000000800058a       0x5a ./Core/Src/llist.o
                0x000000000800058a                delete_note
 .text.get_last_note
                0x00000000080005e4       0x34 ./Core/Src/llist.o
                0x00000000080005e4                get_last_note
 .text.main     0x0000000008000618      0x188 ./Core/Src/main.o
                0x0000000008000618                main
 .text.SystemClock_Config
                0x00000000080007a0      0x164 ./Core/Src/main.o
                0x00000000080007a0                SystemClock_Config
 .text.MX_I2C2_Init
                0x0000000008000904       0x80 ./Core/Src/main.o
 .text.MX_I2S1_Init
                0x0000000008000984       0x54 ./Core/Src/main.o
 .text.MX_SAI1_Init
                0x00000000080009d8       0x6c ./Core/Src/main.o
 .text.MX_UART4_Init
                0x0000000008000a44       0x60 ./Core/Src/main.o
 .text.MX_DMA_Init
                0x0000000008000aa4       0x3c ./Core/Src/main.o
 .text.MX_GPIO_Init
                0x0000000008000ae0       0xc4 ./Core/Src/main.o
 .text.HAL_I2S_TxCpltCallback
                0x0000000008000ba4       0x2c ./Core/Src/main.o
                0x0000000008000ba4                HAL_I2S_TxCpltCallback
 .text.DMA_GetCurrDataCounter
                0x0000000008000bd0       0x1a ./Core/Src/main.o
                0x0000000008000bd0                DMA_GetCurrDataCounter
 *fill*         0x0000000008000bea        0x2 
 .text.MIDI_GetNbNewBytes
                0x0000000008000bec       0x5c ./Core/Src/main.o
                0x0000000008000bec                MIDI_GetNbNewBytes
 .text.processBuffer
                0x0000000008000c48      0x43c ./Core/Src/main.o
                0x0000000008000c48                processBuffer
 .text.HAL_UART_RxHalfCpltCallback
                0x0000000008001084       0x30 ./Core/Src/main.o
                0x0000000008001084                HAL_UART_RxHalfCpltCallback
 .text.HAL_UART_RxCpltCallback
                0x00000000080010b4       0x30 ./Core/Src/main.o
                0x00000000080010b4                HAL_UART_RxCpltCallback
 .text.Error_Handler
                0x00000000080010e4        0xa ./Core/Src/main.o
                0x00000000080010e4                Error_Handler
 *fill*         0x00000000080010ee        0x2 
 .text.SSD1306_Init
                0x00000000080010f0      0x188 ./Core/Src/ssd1306.o
                0x00000000080010f0                SSD1306_Init
 .text.SSD1306_UpdateScreen
                0x0000000008001278       0x5c ./Core/Src/ssd1306.o
                0x0000000008001278                SSD1306_UpdateScreen
 .text.SSD1306_Fill
                0x00000000080012d4       0x30 ./Core/Src/ssd1306.o
                0x00000000080012d4                SSD1306_Fill
 .text.SSD1306_DrawPixel
                0x0000000008001304       0xc0 ./Core/Src/ssd1306.o
                0x0000000008001304                SSD1306_DrawPixel
 .text.SSD1306_GotoXY
                0x00000000080013c4       0x2c ./Core/Src/ssd1306.o
                0x00000000080013c4                SSD1306_GotoXY
 .text.SSD1306_Putc
                0x00000000080013f0      0x100 ./Core/Src/ssd1306.o
                0x00000000080013f0                SSD1306_Putc
 .text.SSD1306_Puts
                0x00000000080014f0       0x4a ./Core/Src/ssd1306.o
                0x00000000080014f0                SSD1306_Puts
 .text.SSD1306_Clear
                0x000000000800153a       0x12 ./Core/Src/ssd1306.o
                0x000000000800153a                SSD1306_Clear
 .text.ssd1306_I2C_Init
                0x000000000800154c       0x2c ./Core/Src/ssd1306.o
                0x000000000800154c                ssd1306_I2C_Init
 .text.ssd1306_I2C_WriteMulti
                0x0000000008001578       0x90 ./Core/Src/ssd1306.o
                0x0000000008001578                ssd1306_I2C_WriteMulti
 .text.ssd1306_I2C_Write
                0x0000000008001608       0x3c ./Core/Src/ssd1306.o
                0x0000000008001608                ssd1306_I2C_Write
 .text.SSD1306_Menu
                0x0000000008001644       0x8c ./Core/Src/ssd1306.o
                0x0000000008001644                SSD1306_Menu
 .text.SSD1306_Note0
                0x00000000080016d0       0x5c ./Core/Src/ssd1306.o
                0x00000000080016d0                SSD1306_Note0
 .text.HAL_MspInit
                0x000000000800172c       0x48 ./Core/Src/stm32f7xx_hal_msp.o
                0x000000000800172c                HAL_MspInit
 .text.HAL_I2C_MspInit
                0x0000000008001774       0x88 ./Core/Src/stm32f7xx_hal_msp.o
                0x0000000008001774                HAL_I2C_MspInit
 .text.HAL_I2S_MspInit
                0x00000000080017fc       0x88 ./Core/Src/stm32f7xx_hal_msp.o
                0x00000000080017fc                HAL_I2S_MspInit
 .text.HAL_UART_MspInit
                0x0000000008001884      0x12c ./Core/Src/stm32f7xx_hal_msp.o
                0x0000000008001884                HAL_UART_MspInit
 .text.HAL_SAI_MspInit
                0x00000000080019b0       0x74 ./Core/Src/stm32f7xx_hal_msp.o
                0x00000000080019b0                HAL_SAI_MspInit
 .text.NMI_Handler
                0x0000000008001a24        0x6 ./Core/Src/stm32f7xx_it.o
                0x0000000008001a24                NMI_Handler
 .text.HardFault_Handler
                0x0000000008001a2a        0x6 ./Core/Src/stm32f7xx_it.o
                0x0000000008001a2a                HardFault_Handler
 .text.MemManage_Handler
                0x0000000008001a30        0x6 ./Core/Src/stm32f7xx_it.o
                0x0000000008001a30                MemManage_Handler
 .text.BusFault_Handler
                0x0000000008001a36        0x6 ./Core/Src/stm32f7xx_it.o
                0x0000000008001a36                BusFault_Handler
 .text.UsageFault_Handler
                0x0000000008001a3c        0x6 ./Core/Src/stm32f7xx_it.o
                0x0000000008001a3c                UsageFault_Handler
 .text.SVC_Handler
                0x0000000008001a42        0xe ./Core/Src/stm32f7xx_it.o
                0x0000000008001a42                SVC_Handler
 .text.DebugMon_Handler
                0x0000000008001a50        0xe ./Core/Src/stm32f7xx_it.o
                0x0000000008001a50                DebugMon_Handler
 .text.PendSV_Handler
                0x0000000008001a5e        0xe ./Core/Src/stm32f7xx_it.o
                0x0000000008001a5e                PendSV_Handler
 .text.SysTick_Handler
                0x0000000008001a6c        0xc ./Core/Src/stm32f7xx_it.o
                0x0000000008001a6c                SysTick_Handler
 .text.DMA1_Stream2_IRQHandler
                0x0000000008001a78       0x14 ./Core/Src/stm32f7xx_it.o
                0x0000000008001a78                DMA1_Stream2_IRQHandler
 .text._read    0x0000000008001a8c       0x3a ./Core/Src/syscalls.o
                0x0000000008001a8c                _read
 .text._write   0x0000000008001ac6       0x38 ./Core/Src/syscalls.o
                0x0000000008001ac6                _write
 .text._close   0x0000000008001afe       0x18 ./Core/Src/syscalls.o
                0x0000000008001afe                _close
 .text._fstat   0x0000000008001b16       0x20 ./Core/Src/syscalls.o
                0x0000000008001b16                _fstat
 .text._isatty  0x0000000008001b36       0x16 ./Core/Src/syscalls.o
                0x0000000008001b36                _isatty
 .text._lseek   0x0000000008001b4c       0x1a ./Core/Src/syscalls.o
                0x0000000008001b4c                _lseek
 *fill*         0x0000000008001b66        0x2 
 .text._sbrk    0x0000000008001b68       0x6c ./Core/Src/sysmem.o
                0x0000000008001b68                _sbrk
 .text.SystemInit
                0x0000000008001bd4       0x24 ./Core/Src/system_stm32f7xx.o
                0x0000000008001bd4                SystemInit
 .text.Reset_Handler
                0x0000000008001bf8       0x50 ./Core/Startup/startup_stm32f767zitx.o
                0x0000000008001bf8                Reset_Handler
 .text.Default_Handler
                0x0000000008001c48        0x2 ./Core/Startup/startup_stm32f767zitx.o
                0x0000000008001c48                RTC_Alarm_IRQHandler
                0x0000000008001c48                EXTI2_IRQHandler
                0x0000000008001c48                TIM8_CC_IRQHandler
                0x0000000008001c48                UART8_IRQHandler
                0x0000000008001c48                SPI4_IRQHandler
                0x0000000008001c48                TIM1_CC_IRQHandler
                0x0000000008001c48                DMA2_Stream5_IRQHandler
                0x0000000008001c48                JPEG_IRQHandler
                0x0000000008001c48                DMA1_Stream5_IRQHandler
                0x0000000008001c48                CAN3_RX1_IRQHandler
                0x0000000008001c48                PVD_IRQHandler
                0x0000000008001c48                TAMP_STAMP_IRQHandler
                0x0000000008001c48                CAN2_RX1_IRQHandler
                0x0000000008001c48                EXTI3_IRQHandler
                0x0000000008001c48                TIM8_TRG_COM_TIM14_IRQHandler
                0x0000000008001c48                DFSDM1_FLT1_IRQHandler
                0x0000000008001c48                TIM1_UP_TIM10_IRQHandler
                0x0000000008001c48                TIM8_UP_TIM13_IRQHandler
                0x0000000008001c48                I2C3_ER_IRQHandler
                0x0000000008001c48                DFSDM1_FLT2_IRQHandler
                0x0000000008001c48                EXTI0_IRQHandler
                0x0000000008001c48                I2C2_EV_IRQHandler
                0x0000000008001c48                CAN1_RX0_IRQHandler
                0x0000000008001c48                FPU_IRQHandler
                0x0000000008001c48                OTG_HS_WKUP_IRQHandler
                0x0000000008001c48                CAN3_SCE_IRQHandler
                0x0000000008001c48                LTDC_ER_IRQHandler
                0x0000000008001c48                CAN2_SCE_IRQHandler
                0x0000000008001c48                DMA2_Stream2_IRQHandler
                0x0000000008001c48                SPI1_IRQHandler
                0x0000000008001c48                TIM6_DAC_IRQHandler
                0x0000000008001c48                TIM1_BRK_TIM9_IRQHandler
                0x0000000008001c48                DCMI_IRQHandler
                0x0000000008001c48                CAN2_RX0_IRQHandler
                0x0000000008001c48                DMA2_Stream3_IRQHandler
                0x0000000008001c48                SAI2_IRQHandler
                0x0000000008001c48                DFSDM1_FLT3_IRQHandler
                0x0000000008001c48                USART6_IRQHandler
                0x0000000008001c48                CAN3_RX0_IRQHandler
                0x0000000008001c48                USART3_IRQHandler
                0x0000000008001c48                CAN1_RX1_IRQHandler
                0x0000000008001c48                UART5_IRQHandler
                0x0000000008001c48                DMA2_Stream0_IRQHandler
                0x0000000008001c48                TIM4_IRQHandler
                0x0000000008001c48                QUADSPI_IRQHandler
                0x0000000008001c48                I2C1_EV_IRQHandler
                0x0000000008001c48                DMA1_Stream6_IRQHandler
                0x0000000008001c48                DMA1_Stream1_IRQHandler
                0x0000000008001c48                UART4_IRQHandler
                0x0000000008001c48                TIM3_IRQHandler
                0x0000000008001c48                RCC_IRQHandler
                0x0000000008001c48                TIM8_BRK_TIM12_IRQHandler
                0x0000000008001c48                Default_Handler
                0x0000000008001c48                CEC_IRQHandler
                0x0000000008001c48                EXTI15_10_IRQHandler
                0x0000000008001c48                ADC_IRQHandler
                0x0000000008001c48                DMA1_Stream7_IRQHandler
                0x0000000008001c48                SPI5_IRQHandler
                0x0000000008001c48                TIM7_IRQHandler
                0x0000000008001c48                SDMMC1_IRQHandler
                0x0000000008001c48                CAN2_TX_IRQHandler
                0x0000000008001c48                TIM5_IRQHandler
                0x0000000008001c48                DMA2_Stream7_IRQHandler
                0x0000000008001c48                I2C3_EV_IRQHandler
                0x0000000008001c48                EXTI9_5_IRQHandler
                0x0000000008001c48                RTC_WKUP_IRQHandler
                0x0000000008001c48                LTDC_IRQHandler
                0x0000000008001c48                ETH_WKUP_IRQHandler
                0x0000000008001c48                SPDIF_RX_IRQHandler
                0x0000000008001c48                SPI2_IRQHandler
                0x0000000008001c48                OTG_HS_EP1_IN_IRQHandler
                0x0000000008001c48                DMA1_Stream0_IRQHandler
                0x0000000008001c48                CAN1_TX_IRQHandler
                0x0000000008001c48                EXTI4_IRQHandler
                0x0000000008001c48                RNG_IRQHandler
                0x0000000008001c48                ETH_IRQHandler
                0x0000000008001c48                OTG_HS_EP1_OUT_IRQHandler
                0x0000000008001c48                WWDG_IRQHandler
                0x0000000008001c48                SPI6_IRQHandler
                0x0000000008001c48                MDIOS_IRQHandler
                0x0000000008001c48                I2C4_EV_IRQHandler
                0x0000000008001c48                CAN3_TX_IRQHandler
                0x0000000008001c48                TIM2_IRQHandler
                0x0000000008001c48                OTG_FS_WKUP_IRQHandler
                0x0000000008001c48                TIM1_TRG_COM_TIM11_IRQHandler
                0x0000000008001c48                OTG_HS_IRQHandler
                0x0000000008001c48                DMA2D_IRQHandler
                0x0000000008001c48                EXTI1_IRQHandler
                0x0000000008001c48                SDMMC2_IRQHandler
                0x0000000008001c48                UART7_IRQHandler
                0x0000000008001c48                USART2_IRQHandler
                0x0000000008001c48                DFSDM1_FLT0_IRQHandler
                0x0000000008001c48                I2C2_ER_IRQHandler
                0x0000000008001c48                DMA2_Stream1_IRQHandler
                0x0000000008001c48                CAN1_SCE_IRQHandler
                0x0000000008001c48                FLASH_IRQHandler
                0x0000000008001c48                DMA2_Stream4_IRQHandler
                0x0000000008001c48                USART1_IRQHandler
                0x0000000008001c48                OTG_FS_IRQHandler
                0x0000000008001c48                SPI3_IRQHandler
                0x0000000008001c48                DMA1_Stream4_IRQHandler
                0x0000000008001c48                I2C1_ER_IRQHandler
                0x0000000008001c48                FMC_IRQHandler
                0x0000000008001c48                LPTIM1_IRQHandler
                0x0000000008001c48                I2C4_ER_IRQHandler
                0x0000000008001c48                DMA2_Stream6_IRQHandler
                0x0000000008001c48                SAI1_IRQHandler
                0x0000000008001c48                DMA1_Stream3_IRQHandler
 .text.HAL_Init
                0x0000000008001c4a       0x1a ./Drivers/STM32F7xx_HAL_Driver/Src/stm32f7xx_hal.o
                0x0000000008001c4a                HAL_Init
 .text.HAL_InitTick
                0x0000000008001c64       0x60 ./Drivers/STM32F7xx_HAL_Driver/Src/stm32f7xx_hal.o
                0x0000000008001c64                HAL_InitTick
 .text.HAL_IncTick
                0x0000000008001cc4       0x28 ./Drivers/STM32F7xx_HAL_Driver/Src/stm32f7xx_hal.o
                0x0000000008001cc4                HAL_IncTick
 .text.HAL_GetTick
                0x0000000008001cec       0x18 ./Drivers/STM32F7xx_HAL_Driver/Src/stm32f7xx_hal.o
                0x0000000008001cec                HAL_GetTick
 .text.__NVIC_SetPriorityGrouping
                0x0000000008001d04       0x48 ./Drivers/STM32F7xx_HAL_Driver/Src/stm32f7xx_hal_cortex.o
 .text.__NVIC_GetPriorityGrouping
                0x0000000008001d4c       0x1c ./Drivers/STM32F7xx_HAL_Driver/Src/stm32f7xx_hal_cortex.o
 .text.__NVIC_EnableIRQ
                0x0000000008001d68       0x3c ./Drivers/STM32F7xx_HAL_Driver/Src/stm32f7xx_hal_cortex.o
 .text.__NVIC_SetPriority
                0x0000000008001da4       0x54 ./Drivers/STM32F7xx_HAL_Driver/Src/stm32f7xx_hal_cortex.o
 .text.NVIC_EncodePriority
                0x0000000008001df8       0x66 ./Drivers/STM32F7xx_HAL_Driver/Src/stm32f7xx_hal_cortex.o
 *fill*         0x0000000008001e5e        0x2 
 .text.SysTick_Config
                0x0000000008001e60       0x44 ./Drivers/STM32F7xx_HAL_Driver/Src/stm32f7xx_hal_cortex.o
 .text.HAL_NVIC_SetPriorityGrouping
                0x0000000008001ea4       0x16 ./Drivers/STM32F7xx_HAL_Driver/Src/stm32f7xx_hal_cortex.o
                0x0000000008001ea4                HAL_NVIC_SetPriorityGrouping
 .text.HAL_NVIC_SetPriority
                0x0000000008001eba       0x38 ./Drivers/STM32F7xx_HAL_Driver/Src/stm32f7xx_hal_cortex.o
                0x0000000008001eba                HAL_NVIC_SetPriority
 .text.HAL_NVIC_EnableIRQ
                0x0000000008001ef2       0x1c ./Drivers/STM32F7xx_HAL_Driver/Src/stm32f7xx_hal_cortex.o
                0x0000000008001ef2                HAL_NVIC_EnableIRQ
 .text.HAL_SYSTICK_Config
                0x0000000008001f0e       0x18 ./Drivers/STM32F7xx_HAL_Driver/Src/stm32f7xx_hal_cortex.o
                0x0000000008001f0e                HAL_SYSTICK_Config
 *fill*         0x0000000008001f26        0x2 
 .text.HAL_DMA_Init
                0x0000000008001f28      0x15c ./Drivers/STM32F7xx_HAL_Driver/Src/stm32f7xx_hal_dma.o
                0x0000000008001f28                HAL_DMA_Init
 .text.HAL_DMA_Start_IT
                0x0000000008002084       0xc0 ./Drivers/STM32F7xx_HAL_Driver/Src/stm32f7xx_hal_dma.o
                0x0000000008002084                HAL_DMA_Start_IT
 .text.HAL_DMA_IRQHandler
                0x0000000008002144      0x314 ./Drivers/STM32F7xx_HAL_Driver/Src/stm32f7xx_hal_dma.o
                0x0000000008002144                HAL_DMA_IRQHandler
 .text.DMA_SetConfig
                0x0000000008002458       0x5c ./Drivers/STM32F7xx_HAL_Driver/Src/stm32f7xx_hal_dma.o
 .text.DMA_CalcBaseAndBitshift
                0x00000000080024b4       0x6c ./Drivers/STM32F7xx_HAL_Driver/Src/stm32f7xx_hal_dma.o
 .text.DMA_CheckFifoParam
                0x0000000008002520       0xf8 ./Drivers/STM32F7xx_HAL_Driver/Src/stm32f7xx_hal_dma.o
 .text.HAL_GPIO_Init
                0x0000000008002618      0x358 ./Drivers/STM32F7xx_HAL_Driver/Src/stm32f7xx_hal_gpio.o
                0x0000000008002618                HAL_GPIO_Init
 .text.HAL_GPIO_WritePin
                0x0000000008002970       0x32 ./Drivers/STM32F7xx_HAL_Driver/Src/stm32f7xx_hal_gpio.o
                0x0000000008002970                HAL_GPIO_WritePin
 *fill*         0x00000000080029a2        0x2 
 .text.HAL_I2C_Init
                0x00000000080029a4      0x120 ./Drivers/STM32F7xx_HAL_Driver/Src/stm32f7xx_hal_i2c.o
                0x00000000080029a4                HAL_I2C_Init
 .text.HAL_I2C_Master_Transmit
                0x0000000008002ac4      0x1e8 ./Drivers/STM32F7xx_HAL_Driver/Src/stm32f7xx_hal_i2c.o
                0x0000000008002ac4                HAL_I2C_Master_Transmit
 .text.HAL_I2C_IsDeviceReady
                0x0000000008002cac      0x210 ./Drivers/STM32F7xx_HAL_Driver/Src/stm32f7xx_hal_i2c.o
                0x0000000008002cac                HAL_I2C_IsDeviceReady
 .text.I2C_Flush_TXDR
                0x0000000008002ebc       0x48 ./Drivers/STM32F7xx_HAL_Driver/Src/stm32f7xx_hal_i2c.o
 .text.I2C_WaitOnFlagUntilTimeout
                0x0000000008002f04       0x80 ./Drivers/STM32F7xx_HAL_Driver/Src/stm32f7xx_hal_i2c.o
 .text.I2C_WaitOnTXISFlagUntilTimeout
                0x0000000008002f84       0x80 ./Drivers/STM32F7xx_HAL_Driver/Src/stm32f7xx_hal_i2c.o
 .text.I2C_WaitOnSTOPFlagUntilTimeout
                0x0000000008003004       0x78 ./Drivers/STM32F7xx_HAL_Driver/Src/stm32f7xx_hal_i2c.o
 .text.I2C_IsAcknowledgeFailed
                0x000000000800307c       0xcc ./Drivers/STM32F7xx_HAL_Driver/Src/stm32f7xx_hal_i2c.o
 .text.I2C_TransferConfig
                0x0000000008003148       0x5c ./Drivers/STM32F7xx_HAL_Driver/Src/stm32f7xx_hal_i2c.o
 .text.HAL_I2CEx_ConfigAnalogFilter
                0x00000000080031a4       0x96 ./Drivers/STM32F7xx_HAL_Driver/Src/stm32f7xx_hal_i2c_ex.o
                0x00000000080031a4                HAL_I2CEx_ConfigAnalogFilter
 .text.HAL_I2CEx_ConfigDigitalFilter
                0x000000000800323a       0x98 ./Drivers/STM32F7xx_HAL_Driver/Src/stm32f7xx_hal_i2c_ex.o
                0x000000000800323a                HAL_I2CEx_ConfigDigitalFilter
 *fill*         0x00000000080032d2        0x2 
 .text.HAL_I2S_Init
                0x00000000080032d4      0x1cc ./Drivers/STM32F7xx_HAL_Driver/Src/stm32f7xx_hal_i2s.o
                0x00000000080032d4                HAL_I2S_Init
 .text.HAL_I2S_Receive
                0x00000000080034a0      0x192 ./Drivers/STM32F7xx_HAL_Driver/Src/stm32f7xx_hal_i2s.o
                0x00000000080034a0                HAL_I2S_Receive
 *fill*         0x0000000008003632        0x2 
 .text.HAL_I2S_Transmit_DMA
                0x0000000008003634      0x150 ./Drivers/STM32F7xx_HAL_Driver/Src/stm32f7xx_hal_i2s.o
                0x0000000008003634                HAL_I2S_Transmit_DMA
 .text.HAL_I2S_TxHalfCpltCallback
                0x0000000008003784       0x14 ./Drivers/STM32F7xx_HAL_Driver/Src/stm32f7xx_hal_i2s.o
                0x0000000008003784                HAL_I2S_TxHalfCpltCallback
 .text.HAL_I2S_ErrorCallback
                0x0000000008003798       0x14 ./Drivers/STM32F7xx_HAL_Driver/Src/stm32f7xx_hal_i2s.o
                0x0000000008003798                HAL_I2S_ErrorCallback
 .text.I2S_GetClockFreq
                0x00000000080037ac       0x98 ./Drivers/STM32F7xx_HAL_Driver/Src/stm32f7xx_hal_i2s.o
 .text.I2S_DMATxCplt
                0x0000000008003844       0x42 ./Drivers/STM32F7xx_HAL_Driver/Src/stm32f7xx_hal_i2s.o
 .text.I2S_DMATxHalfCplt
                0x0000000008003886       0x1c ./Drivers/STM32F7xx_HAL_Driver/Src/stm32f7xx_hal_i2s.o
 .text.I2S_DMAError
                0x00000000080038a2       0x4c ./Drivers/STM32F7xx_HAL_Driver/Src/stm32f7xx_hal_i2s.o
 .text.I2S_WaitFlagStateUntilTimeout
                0x00000000080038ee       0x72 ./Drivers/STM32F7xx_HAL_Driver/Src/stm32f7xx_hal_i2s.o
 .text.HAL_PWREx_EnableOverDrive
                0x0000000008003960       0xa0 ./Drivers/STM32F7xx_HAL_Driver/Src/stm32f7xx_hal_pwr_ex.o
                0x0000000008003960                HAL_PWREx_EnableOverDrive
 .text.HAL_RCC_OscConfig
                0x0000000008003a00      0x55c ./Drivers/STM32F7xx_HAL_Driver/Src/stm32f7xx_hal_rcc.o
                0x0000000008003a00                HAL_RCC_OscConfig
 .text.HAL_RCC_ClockConfig
                0x0000000008003f5c      0x1d8 ./Drivers/STM32F7xx_HAL_Driver/Src/stm32f7xx_hal_rcc.o
                0x0000000008003f5c                HAL_RCC_ClockConfig
 .text.HAL_RCC_GetSysClockFreq
                0x0000000008004134      0x16c ./Drivers/STM32F7xx_HAL_Driver/Src/stm32f7xx_hal_rcc.o
                0x0000000008004134                HAL_RCC_GetSysClockFreq
 .text.HAL_RCC_GetHCLKFreq
                0x00000000080042a0       0x18 ./Drivers/STM32F7xx_HAL_Driver/Src/stm32f7xx_hal_rcc.o
                0x00000000080042a0                HAL_RCC_GetHCLKFreq
 .text.HAL_RCC_GetPCLK1Freq
                0x00000000080042b8       0x28 ./Drivers/STM32F7xx_HAL_Driver/Src/stm32f7xx_hal_rcc.o
                0x00000000080042b8                HAL_RCC_GetPCLK1Freq
 .text.HAL_RCC_GetPCLK2Freq
                0x00000000080042e0       0x28 ./Drivers/STM32F7xx_HAL_Driver/Src/stm32f7xx_hal_rcc.o
                0x00000000080042e0                HAL_RCC_GetPCLK2Freq
 .text.HAL_RCCEx_PeriphCLKConfig
                0x0000000008004308      0x850 ./Drivers/STM32F7xx_HAL_Driver/Src/stm32f7xx_hal_rcc_ex.o
                0x0000000008004308                HAL_RCCEx_PeriphCLKConfig
 .text.HAL_RCCEx_GetPeriphCLKFreq
                0x0000000008004b58      0x2e4 ./Drivers/STM32F7xx_HAL_Driver/Src/stm32f7xx_hal_rcc_ex.o
                0x0000000008004b58                HAL_RCCEx_GetPeriphCLKFreq
 .text.HAL_SAI_InitProtocol
                0x0000000008004e3c       0x66 ./Drivers/STM32F7xx_HAL_Driver/Src/stm32f7xx_hal_sai.o
                0x0000000008004e3c                HAL_SAI_InitProtocol
 *fill*         0x0000000008004ea2        0x2 
 .text.HAL_SAI_Init
                0x0000000008004ea4      0x2fc ./Drivers/STM32F7xx_HAL_Driver/Src/stm32f7xx_hal_sai.o
                0x0000000008004ea4                HAL_SAI_Init
 .text.HAL_SAI_Transmit
                0x00000000080051a0      0x19c ./Drivers/STM32F7xx_HAL_Driver/Src/stm32f7xx_hal_sai.o
                0x00000000080051a0                HAL_SAI_Transmit
 .text.SAI_InitI2S
                0x000000000800533c      0x15c ./Drivers/STM32F7xx_HAL_Driver/Src/stm32f7xx_hal_sai.o
 .text.SAI_InitPCM
                0x0000000008005498      0x100 ./Drivers/STM32F7xx_HAL_Driver/Src/stm32f7xx_hal_sai.o
 .text.SAI_FillFifo
                0x0000000008005598       0x9a ./Drivers/STM32F7xx_HAL_Driver/Src/stm32f7xx_hal_sai.o
 *fill*         0x0000000008005632        0x2 
 .text.SAI_Disable
                0x0000000008005634       0x70 ./Drivers/STM32F7xx_HAL_Driver/Src/stm32f7xx_hal_sai.o
 .text.HAL_UART_Init
                0x00000000080056a4       0x9c ./Drivers/STM32F7xx_HAL_Driver/Src/stm32f7xx_hal_uart.o
                0x00000000080056a4                HAL_UART_Init
 .text.HAL_UART_Transmit
                0x0000000008005740      0x126 ./Drivers/STM32F7xx_HAL_Driver/Src/stm32f7xx_hal_uart.o
                0x0000000008005740                HAL_UART_Transmit
 .text.HAL_UART_Receive_DMA
                0x0000000008005866       0x7a ./Drivers/STM32F7xx_HAL_Driver/Src/stm32f7xx_hal_uart.o
                0x0000000008005866                HAL_UART_Receive_DMA
 .text.HAL_UART_ErrorCallback
                0x00000000080058e0       0x14 ./Drivers/STM32F7xx_HAL_Driver/Src/stm32f7xx_hal_uart.o
                0x00000000080058e0                HAL_UART_ErrorCallback
 .text.HAL_UARTEx_RxEventCallback
                0x00000000080058f4       0x18 ./Drivers/STM32F7xx_HAL_Driver/Src/stm32f7xx_hal_uart.o
                0x00000000080058f4                HAL_UARTEx_RxEventCallback
 .text.UART_SetConfig
                0x000000000800590c      0x4c4 ./Drivers/STM32F7xx_HAL_Driver/Src/stm32f7xx_hal_uart.o
                0x000000000800590c                UART_SetConfig
 .text.UART_AdvFeatureConfig
                0x0000000008005dd0      0x144 ./Drivers/STM32F7xx_HAL_Driver/Src/stm32f7xx_hal_uart.o
                0x0000000008005dd0                UART_AdvFeatureConfig
 .text.UART_CheckIdleState
                0x0000000008005f14       0x92 ./Drivers/STM32F7xx_HAL_Driver/Src/stm32f7xx_hal_uart.o
                0x0000000008005f14                UART_CheckIdleState
 .text.UART_WaitOnFlagUntilTimeout
                0x0000000008005fa6       0xf8 ./Drivers/STM32F7xx_HAL_Driver/Src/stm32f7xx_hal_uart.o
                0x0000000008005fa6                UART_WaitOnFlagUntilTimeout
 *fill*         0x000000000800609e        0x2 
 .text.UART_Start_Receive_DMA
                0x00000000080060a0       0xd8 ./Drivers/STM32F7xx_HAL_Driver/Src/stm32f7xx_hal_uart.o
                0x00000000080060a0                UART_Start_Receive_DMA
 .text.UART_EndTxTransfer
                0x0000000008006178       0x2a ./Drivers/STM32F7xx_HAL_Driver/Src/stm32f7xx_hal_uart.o
 .text.UART_EndRxTransfer
                0x00000000080061a2       0x5e ./Drivers/STM32F7xx_HAL_Driver/Src/stm32f7xx_hal_uart.o
 .text.UART_DMAReceiveCplt
                0x0000000008006200       0x94 ./Drivers/STM32F7xx_HAL_Driver/Src/stm32f7xx_hal_uart.o
 .text.UART_DMARxHalfCplt
                0x0000000008006294       0x38 ./Drivers/STM32F7xx_HAL_Driver/Src/stm32f7xx_hal_uart.o
 .text.UART_DMAError
                0x00000000080062cc       0x7c ./Drivers/STM32F7xx_HAL_Driver/Src/stm32f7xx_hal_uart.o
 .text.__errno  0x0000000008006348        0xc c:/st/stm32cubeide_1.7.0/stm32cubeide/plugins/com.st.stm32cube.ide.mcu.externaltools.gnu-tools-for-stm32.9-2020-q2-update.win32_2.0.0.202105311346/tools/bin/../lib/gcc/arm-none-eabi/9.3.1/../../../../arm-none-eabi/lib/thumb/v7e-m+dp/hard\libc_nano.a(lib_a-errno.o)
                0x0000000008006348                __errno
 .text.__libc_init_array
                0x0000000008006354       0x48 c:/st/stm32cubeide_1.7.0/stm32cubeide/plugins/com.st.stm32cube.ide.mcu.externaltools.gnu-tools-for-stm32.9-2020-q2-update.win32_2.0.0.202105311346/tools/bin/../lib/gcc/arm-none-eabi/9.3.1/../../../../arm-none-eabi/lib/thumb/v7e-m+dp/hard\libc_nano.a(lib_a-init.o)
                0x0000000008006354                __libc_init_array
 .text.malloc   0x000000000800639c       0x10 c:/st/stm32cubeide_1.7.0/stm32cubeide/plugins/com.st.stm32cube.ide.mcu.externaltools.gnu-tools-for-stm32.9-2020-q2-update.win32_2.0.0.202105311346/tools/bin/../lib/gcc/arm-none-eabi/9.3.1/../../../../arm-none-eabi/lib/thumb/v7e-m+dp/hard\libc_nano.a(lib_a-malloc.o)
                0x000000000800639c                malloc
 .text.free     0x00000000080063ac       0x10 c:/st/stm32cubeide_1.7.0/stm32cubeide/plugins/com.st.stm32cube.ide.mcu.externaltools.gnu-tools-for-stm32.9-2020-q2-update.win32_2.0.0.202105311346/tools/bin/../lib/gcc/arm-none-eabi/9.3.1/../../../../arm-none-eabi/lib/thumb/v7e-m+dp/hard\libc_nano.a(lib_a-malloc.o)
                0x00000000080063ac                free
 .text.memset   0x00000000080063bc       0x10 c:/st/stm32cubeide_1.7.0/stm32cubeide/plugins/com.st.stm32cube.ide.mcu.externaltools.gnu-tools-for-stm32.9-2020-q2-update.win32_2.0.0.202105311346/tools/bin/../lib/gcc/arm-none-eabi/9.3.1/../../../../arm-none-eabi/lib/thumb/v7e-m+dp/hard\libc_nano.a(lib_a-memset.o)
                0x00000000080063bc                memset
 .text._free_r  0x00000000080063cc       0xa0 c:/st/stm32cubeide_1.7.0/stm32cubeide/plugins/com.st.stm32cube.ide.mcu.externaltools.gnu-tools-for-stm32.9-2020-q2-update.win32_2.0.0.202105311346/tools/bin/../lib/gcc/arm-none-eabi/9.3.1/../../../../arm-none-eabi/lib/thumb/v7e-m+dp/hard\libc_nano.a(lib_a-nano-freer.o)
                0x00000000080063cc                _free_r
 .text._malloc_r
                0x000000000800646c       0xb4 c:/st/stm32cubeide_1.7.0/stm32cubeide/plugins/com.st.stm32cube.ide.mcu.externaltools.gnu-tools-for-stm32.9-2020-q2-update.win32_2.0.0.202105311346/tools/bin/../lib/gcc/arm-none-eabi/9.3.1/../../../../arm-none-eabi/lib/thumb/v7e-m+dp/hard\libc_nano.a(lib_a-nano-mallocr.o)
                0x000000000800646c                _malloc_r
 .text._puts_r  0x0000000008006520       0xdc c:/st/stm32cubeide_1.7.0/stm32cubeide/plugins/com.st.stm32cube.ide.mcu.externaltools.gnu-tools-for-stm32.9-2020-q2-update.win32_2.0.0.202105311346/tools/bin/../lib/gcc/arm-none-eabi/9.3.1/../../../../arm-none-eabi/lib/thumb/v7e-m+dp/hard\libc_nano.a(lib_a-puts.o)
                0x0000000008006520                _puts_r
 .text.puts     0x00000000080065fc       0x10 c:/st/stm32cubeide_1.7.0/stm32cubeide/plugins/com.st.stm32cube.ide.mcu.externaltools.gnu-tools-for-stm32.9-2020-q2-update.win32_2.0.0.202105311346/tools/bin/../lib/gcc/arm-none-eabi/9.3.1/../../../../arm-none-eabi/lib/thumb/v7e-m+dp/hard\libc_nano.a(lib_a-puts.o)
                0x00000000080065fc                puts
 .text._sbrk_r  0x000000000800660c       0x20 c:/st/stm32cubeide_1.7.0/stm32cubeide/plugins/com.st.stm32cube.ide.mcu.externaltools.gnu-tools-for-stm32.9-2020-q2-update.win32_2.0.0.202105311346/tools/bin/../lib/gcc/arm-none-eabi/9.3.1/../../../../arm-none-eabi/lib/thumb/v7e-m+dp/hard\libc_nano.a(lib_a-sbrkr.o)
                0x000000000800660c                _sbrk_r
 .text.__swbuf_r
                0x000000000800662c       0xa4 c:/st/stm32cubeide_1.7.0/stm32cubeide/plugins/com.st.stm32cube.ide.mcu.externaltools.gnu-tools-for-stm32.9-2020-q2-update.win32_2.0.0.202105311346/tools/bin/../lib/gcc/arm-none-eabi/9.3.1/../../../../arm-none-eabi/lib/thumb/v7e-m+dp/hard\libc_nano.a(lib_a-wbuf.o)
                0x000000000800662c                __swbuf_r
 .text.__swsetup_r
                0x00000000080066d0       0xdc c:/st/stm32cubeide_1.7.0/stm32cubeide/plugins/com.st.stm32cube.ide.mcu.externaltools.gnu-tools-for-stm32.9-2020-q2-update.win32_2.0.0.202105311346/tools/bin/../lib/gcc/arm-none-eabi/9.3.1/../../../../arm-none-eabi/lib/thumb/v7e-m+dp/hard\libc_nano.a(lib_a-wsetup.o)
                0x00000000080066d0                __swsetup_r
 .text.__sflush_r
                0x00000000080067ac      0x10c c:/st/stm32cubeide_1.7.0/stm32cubeide/plugins/com.st.stm32cube.ide.mcu.externaltools.gnu-tools-for-stm32.9-2020-q2-update.win32_2.0.0.202105311346/tools/bin/../lib/gcc/arm-none-eabi/9.3.1/../../../../arm-none-eabi/lib/thumb/v7e-m+dp/hard\libc_nano.a(lib_a-fflush.o)
                0x00000000080067ac                __sflush_r
 .text._fflush_r
                0x00000000080068b8       0x78 c:/st/stm32cubeide_1.7.0/stm32cubeide/plugins/com.st.stm32cube.ide.mcu.externaltools.gnu-tools-for-stm32.9-2020-q2-update.win32_2.0.0.202105311346/tools/bin/../lib/gcc/arm-none-eabi/9.3.1/../../../../arm-none-eabi/lib/thumb/v7e-m+dp/hard\libc_nano.a(lib_a-fflush.o)
                0x00000000080068b8                _fflush_r
 .text.std      0x0000000008006930       0x48 c:/st/stm32cubeide_1.7.0/stm32cubeide/plugins/com.st.stm32cube.ide.mcu.externaltools.gnu-tools-for-stm32.9-2020-q2-update.win32_2.0.0.202105311346/tools/bin/../lib/gcc/arm-none-eabi/9.3.1/../../../../arm-none-eabi/lib/thumb/v7e-m+dp/hard\libc_nano.a(lib_a-findfp.o)
 .text._cleanup_r
                0x0000000008006978        0xc c:/st/stm32cubeide_1.7.0/stm32cubeide/plugins/com.st.stm32cube.ide.mcu.externaltools.gnu-tools-for-stm32.9-2020-q2-update.win32_2.0.0.202105311346/tools/bin/../lib/gcc/arm-none-eabi/9.3.1/../../../../arm-none-eabi/lib/thumb/v7e-m+dp/hard\libc_nano.a(lib_a-findfp.o)
                0x0000000008006978                _cleanup_r
 .text.__sfmoreglue
                0x0000000008006984       0x2c c:/st/stm32cubeide_1.7.0/stm32cubeide/plugins/com.st.stm32cube.ide.mcu.externaltools.gnu-tools-for-stm32.9-2020-q2-update.win32_2.0.0.202105311346/tools/bin/../lib/gcc/arm-none-eabi/9.3.1/../../../../arm-none-eabi/lib/thumb/v7e-m+dp/hard\libc_nano.a(lib_a-findfp.o)
                0x0000000008006984                __sfmoreglue
 .text.__sfp_lock_acquire
                0x00000000080069b0        0xc c:/st/stm32cubeide_1.7.0/stm32cubeide/plugins/com.st.stm32cube.ide.mcu.externaltools.gnu-tools-for-stm32.9-2020-q2-update.win32_2.0.0.202105311346/tools/bin/../lib/gcc/arm-none-eabi/9.3.1/../../../../arm-none-eabi/lib/thumb/v7e-m+dp/hard\libc_nano.a(lib_a-findfp.o)
                0x00000000080069b0                __sfp_lock_acquire
 .text.__sfp_lock_release
                0x00000000080069bc        0xc c:/st/stm32cubeide_1.7.0/stm32cubeide/plugins/com.st.stm32cube.ide.mcu.externaltools.gnu-tools-for-stm32.9-2020-q2-update.win32_2.0.0.202105311346/tools/bin/../lib/gcc/arm-none-eabi/9.3.1/../../../../arm-none-eabi/lib/thumb/v7e-m+dp/hard\libc_nano.a(lib_a-findfp.o)
                0x00000000080069bc                __sfp_lock_release
 .text.__sinit_lock_acquire
                0x00000000080069c8        0xc c:/st/stm32cubeide_1.7.0/stm32cubeide/plugins/com.st.stm32cube.ide.mcu.externaltools.gnu-tools-for-stm32.9-2020-q2-update.win32_2.0.0.202105311346/tools/bin/../lib/gcc/arm-none-eabi/9.3.1/../../../../arm-none-eabi/lib/thumb/v7e-m+dp/hard\libc_nano.a(lib_a-findfp.o)
                0x00000000080069c8                __sinit_lock_acquire
 .text.__sinit_lock_release
                0x00000000080069d4        0xc c:/st/stm32cubeide_1.7.0/stm32cubeide/plugins/com.st.stm32cube.ide.mcu.externaltools.gnu-tools-for-stm32.9-2020-q2-update.win32_2.0.0.202105311346/tools/bin/../lib/gcc/arm-none-eabi/9.3.1/../../../../arm-none-eabi/lib/thumb/v7e-m+dp/hard\libc_nano.a(lib_a-findfp.o)
                0x00000000080069d4                __sinit_lock_release
 .text.__sinit  0x00000000080069e0       0x70 c:/st/stm32cubeide_1.7.0/stm32cubeide/plugins/com.st.stm32cube.ide.mcu.externaltools.gnu-tools-for-stm32.9-2020-q2-update.win32_2.0.0.202105311346/tools/bin/../lib/gcc/arm-none-eabi/9.3.1/../../../../arm-none-eabi/lib/thumb/v7e-m+dp/hard\libc_nano.a(lib_a-findfp.o)
                0x00000000080069e0                __sinit
 .text.__sfp    0x0000000008006a50       0x8c c:/st/stm32cubeide_1.7.0/stm32cubeide/plugins/com.st.stm32cube.ide.mcu.externaltools.gnu-tools-for-stm32.9-2020-q2-update.win32_2.0.0.202105311346/tools/bin/../lib/gcc/arm-none-eabi/9.3.1/../../../../arm-none-eabi/lib/thumb/v7e-m+dp/hard\libc_nano.a(lib_a-findfp.o)
                0x0000000008006a50                __sfp
 .text._fwalk_reent
                0x0000000008006adc       0x3e c:/st/stm32cubeide_1.7.0/stm32cubeide/plugins/com.st.stm32cube.ide.mcu.externaltools.gnu-tools-for-stm32.9-2020-q2-update.win32_2.0.0.202105311346/tools/bin/../lib/gcc/arm-none-eabi/9.3.1/../../../../arm-none-eabi/lib/thumb/v7e-m+dp/hard\libc_nano.a(lib_a-fwalk.o)
                0x0000000008006adc                _fwalk_reent
 .text.__retarget_lock_init_recursive
                0x0000000008006b1a        0x2 c:/st/stm32cubeide_1.7.0/stm32cubeide/plugins/com.st.stm32cube.ide.mcu.externaltools.gnu-tools-for-stm32.9-2020-q2-update.win32_2.0.0.202105311346/tools/bin/../lib/gcc/arm-none-eabi/9.3.1/../../../../arm-none-eabi/lib/thumb/v7e-m+dp/hard\libc_nano.a(lib_a-lock.o)
                0x0000000008006b1a                __retarget_lock_init_recursive
 .text.__retarget_lock_acquire_recursive
                0x0000000008006b1c        0x2 c:/st/stm32cubeide_1.7.0/stm32cubeide/plugins/com.st.stm32cube.ide.mcu.externaltools.gnu-tools-for-stm32.9-2020-q2-update.win32_2.0.0.202105311346/tools/bin/../lib/gcc/arm-none-eabi/9.3.1/../../../../arm-none-eabi/lib/thumb/v7e-m+dp/hard\libc_nano.a(lib_a-lock.o)
                0x0000000008006b1c                __retarget_lock_acquire_recursive
 .text.__retarget_lock_release_recursive
                0x0000000008006b1e        0x2 c:/st/stm32cubeide_1.7.0/stm32cubeide/plugins/com.st.stm32cube.ide.mcu.externaltools.gnu-tools-for-stm32.9-2020-q2-update.win32_2.0.0.202105311346/tools/bin/../lib/gcc/arm-none-eabi/9.3.1/../../../../arm-none-eabi/lib/thumb/v7e-m+dp/hard\libc_nano.a(lib_a-lock.o)
                0x0000000008006b1e                __retarget_lock_release_recursive
 .text.__swhatbuf_r
                0x0000000008006b20       0x48 c:/st/stm32cubeide_1.7.0/stm32cubeide/plugins/com.st.stm32cube.ide.mcu.externaltools.gnu-tools-for-stm32.9-2020-q2-update.win32_2.0.0.202105311346/tools/bin/../lib/gcc/arm-none-eabi/9.3.1/../../../../arm-none-eabi/lib/thumb/v7e-m+dp/hard\libc_nano.a(lib_a-makebuf.o)
                0x0000000008006b20                __swhatbuf_r
 .text.__smakebuf_r
                0x0000000008006b68       0x80 c:/st/stm32cubeide_1.7.0/stm32cubeide/plugins/com.st.stm32cube.ide.mcu.externaltools.gnu-tools-for-stm32.9-2020-q2-update.win32_2.0.0.202105311346/tools/bin/../lib/gcc/arm-none-eabi/9.3.1/../../../../arm-none-eabi/lib/thumb/v7e-m+dp/hard\libc_nano.a(lib_a-makebuf.o)
                0x0000000008006b68                __smakebuf_r
 .text.__malloc_lock
                0x0000000008006be8        0xc c:/st/stm32cubeide_1.7.0/stm32cubeide/plugins/com.st.stm32cube.ide.mcu.externaltools.gnu-tools-for-stm32.9-2020-q2-update.win32_2.0.0.202105311346/tools/bin/../lib/gcc/arm-none-eabi/9.3.1/../../../../arm-none-eabi/lib/thumb/v7e-m+dp/hard\libc_nano.a(lib_a-mlock.o)
                0x0000000008006be8                __malloc_lock
 .text.__malloc_unlock
                0x0000000008006bf4        0xc c:/st/stm32cubeide_1.7.0/stm32cubeide/plugins/com.st.stm32cube.ide.mcu.externaltools.gnu-tools-for-stm32.9-2020-q2-update.win32_2.0.0.202105311346/tools/bin/../lib/gcc/arm-none-eabi/9.3.1/../../../../arm-none-eabi/lib/thumb/v7e-m+dp/hard\libc_nano.a(lib_a-mlock.o)
                0x0000000008006bf4                __malloc_unlock
 .text.__sread  0x0000000008006c00       0x22 c:/st/stm32cubeide_1.7.0/stm32cubeide/plugins/com.st.stm32cube.ide.mcu.externaltools.gnu-tools-for-stm32.9-2020-q2-update.win32_2.0.0.202105311346/tools/bin/../lib/gcc/arm-none-eabi/9.3.1/../../../../arm-none-eabi/lib/thumb/v7e-m+dp/hard\libc_nano.a(lib_a-stdio.o)
                0x0000000008006c00                __sread
 .text.__swrite
                0x0000000008006c22       0x38 c:/st/stm32cubeide_1.7.0/stm32cubeide/plugins/com.st.stm32cube.ide.mcu.externaltools.gnu-tools-for-stm32.9-2020-q2-update.win32_2.0.0.202105311346/tools/bin/../lib/gcc/arm-none-eabi/9.3.1/../../../../arm-none-eabi/lib/thumb/v7e-m+dp/hard\libc_nano.a(lib_a-stdio.o)
                0x0000000008006c22                __swrite
 .text.__sseek  0x0000000008006c5a       0x24 c:/st/stm32cubeide_1.7.0/stm32cubeide/plugins/com.st.stm32cube.ide.mcu.externaltools.gnu-tools-for-stm32.9-2020-q2-update.win32_2.0.0.202105311346/tools/bin/../lib/gcc/arm-none-eabi/9.3.1/../../../../arm-none-eabi/lib/thumb/v7e-m+dp/hard\libc_nano.a(lib_a-stdio.o)
                0x0000000008006c5a                __sseek
 .text.__sclose
                0x0000000008006c7e        0x8 c:/st/stm32cubeide_1.7.0/stm32cubeide/plugins/com.st.stm32cube.ide.mcu.externaltools.gnu-tools-for-stm32.9-2020-q2-update.win32_2.0.0.202105311346/tools/bin/../lib/gcc/arm-none-eabi/9.3.1/../../../../arm-none-eabi/lib/thumb/v7e-m+dp/hard\libc_nano.a(lib_a-stdio.o)
                0x0000000008006c7e                __sclose
 *fill*         0x0000000008006c86        0x2 
 .text._write_r
                0x0000000008006c88       0x24 c:/st/stm32cubeide_1.7.0/stm32cubeide/plugins/com.st.stm32cube.ide.mcu.externaltools.gnu-tools-for-stm32.9-2020-q2-update.win32_2.0.0.202105311346/tools/bin/../lib/gcc/arm-none-eabi/9.3.1/../../../../arm-none-eabi/lib/thumb/v7e-m+dp/hard\libc_nano.a(lib_a-writer.o)
                0x0000000008006c88                _write_r
 .text._close_r
                0x0000000008006cac       0x20 c:/st/stm32cubeide_1.7.0/stm32cubeide/plugins/com.st.stm32cube.ide.mcu.externaltools.gnu-tools-for-stm32.9-2020-q2-update.win32_2.0.0.202105311346/tools/bin/../lib/gcc/arm-none-eabi/9.3.1/../../../../arm-none-eabi/lib/thumb/v7e-m+dp/hard\libc_nano.a(lib_a-closer.o)
                0x0000000008006cac                _close_r
 .text._fstat_r
                0x0000000008006ccc       0x24 c:/st/stm32cubeide_1.7.0/stm32cubeide/plugins/com.st.stm32cube.ide.mcu.externaltools.gnu-tools-for-stm32.9-2020-q2-update.win32_2.0.0.202105311346/tools/bin/../lib/gcc/arm-none-eabi/9.3.1/../../../../arm-none-eabi/lib/thumb/v7e-m+dp/hard\libc_nano.a(lib_a-fstatr.o)
                0x0000000008006ccc                _fstat_r
 .text._isatty_r
                0x0000000008006cf0       0x20 c:/st/stm32cubeide_1.7.0/stm32cubeide/plugins/com.st.stm32cube.ide.mcu.externaltools.gnu-tools-for-stm32.9-2020-q2-update.win32_2.0.0.202105311346/tools/bin/../lib/gcc/arm-none-eabi/9.3.1/../../../../arm-none-eabi/lib/thumb/v7e-m+dp/hard\libc_nano.a(lib_a-isattyr.o)
                0x0000000008006cf0                _isatty_r
 .text._lseek_r
                0x0000000008006d10       0x24 c:/st/stm32cubeide_1.7.0/stm32cubeide/plugins/com.st.stm32cube.ide.mcu.externaltools.gnu-tools-for-stm32.9-2020-q2-update.win32_2.0.0.202105311346/tools/bin/../lib/gcc/arm-none-eabi/9.3.1/../../../../arm-none-eabi/lib/thumb/v7e-m+dp/hard\libc_nano.a(lib_a-lseekr.o)
                0x0000000008006d10                _lseek_r
 .text._read_r  0x0000000008006d34       0x24 c:/st/stm32cubeide_1.7.0/stm32cubeide/plugins/com.st.stm32cube.ide.mcu.externaltools.gnu-tools-for-stm32.9-2020-q2-update.win32_2.0.0.202105311346/tools/bin/../lib/gcc/arm-none-eabi/9.3.1/../../../../arm-none-eabi/lib/thumb/v7e-m+dp/hard\libc_nano.a(lib_a-readr.o)
                0x0000000008006d34                _read_r
 *(.glue_7)
 .glue_7        0x0000000008006d58        0x0 linker stubs
 *(.glue_7t)
 .glue_7t       0x0000000008006d58        0x0 linker stubs
 *(.eh_frame)
 .eh_frame      0x0000000008006d58        0x0 c:/st/stm32cubeide_1.7.0/stm32cubeide/plugins/com.st.stm32cube.ide.mcu.externaltools.gnu-tools-for-stm32.9-2020-q2-update.win32_2.0.0.202105311346/tools/bin/../lib/gcc/arm-none-eabi/9.3.1/thumb/v7e-m+dp/hard/crtbegin.o
 *(.init)
 .init          0x0000000008006d58        0x4 c:/st/stm32cubeide_1.7.0/stm32cubeide/plugins/com.st.stm32cube.ide.mcu.externaltools.gnu-tools-for-stm32.9-2020-q2-update.win32_2.0.0.202105311346/tools/bin/../lib/gcc/arm-none-eabi/9.3.1/thumb/v7e-m+dp/hard/crti.o
                0x0000000008006d58                _init
 .init          0x0000000008006d5c        0x8 c:/st/stm32cubeide_1.7.0/stm32cubeide/plugins/com.st.stm32cube.ide.mcu.externaltools.gnu-tools-for-stm32.9-2020-q2-update.win32_2.0.0.202105311346/tools/bin/../lib/gcc/arm-none-eabi/9.3.1/thumb/v7e-m+dp/hard/crtn.o
 *(.fini)
 .fini          0x0000000008006d64        0x4 c:/st/stm32cubeide_1.7.0/stm32cubeide/plugins/com.st.stm32cube.ide.mcu.externaltools.gnu-tools-for-stm32.9-2020-q2-update.win32_2.0.0.202105311346/tools/bin/../lib/gcc/arm-none-eabi/9.3.1/thumb/v7e-m+dp/hard/crti.o
                0x0000000008006d64                _fini
 .fini          0x0000000008006d68        0x8 c:/st/stm32cubeide_1.7.0/stm32cubeide/plugins/com.st.stm32cube.ide.mcu.externaltools.gnu-tools-for-stm32.9-2020-q2-update.win32_2.0.0.202105311346/tools/bin/../lib/gcc/arm-none-eabi/9.3.1/thumb/v7e-m+dp/hard/crtn.o
                0x0000000008006d70                . = ALIGN (0x4)
                0x0000000008006d70                _etext = .

.vfp11_veneer   0x0000000008006d70        0x0
 .vfp11_veneer  0x0000000008006d70        0x0 linker stubs

.v4_bx          0x0000000008006d70        0x0
 .v4_bx         0x0000000008006d70        0x0 linker stubs

.iplt           0x0000000008006d70        0x0
 .iplt          0x0000000008006d70        0x0 c:/st/stm32cubeide_1.7.0/stm32cubeide/plugins/com.st.stm32cube.ide.mcu.externaltools.gnu-tools-for-stm32.9-2020-q2-update.win32_2.0.0.202105311346/tools/bin/../lib/gcc/arm-none-eabi/9.3.1/thumb/v7e-m+dp/hard/crtbegin.o

.rodata         0x0000000008006d70     0x177c
                0x0000000008006d70                . = ALIGN (0x4)
 *(.rodata)
 .rodata        0x0000000008006d70        0xe ./Core/Src/main.o
 *fill*         0x0000000008006d7e        0x2 
 .rodata        0x0000000008006d80      0x120 ./Core/Src/ssd1306.o
 *(.rodata*)
 .rodata.Font7x10
                0x0000000008006ea0      0x76c ./Core/Src/fonts.o
                0x0000000008006ea0                Font7x10
 .rodata.Font11x18
                0x000000000800760c      0xd5c ./Core/Src/fonts.o
                0x000000000800760c                Font11x18
 .rodata.triangle_wave
                0x0000000008008368      0x100 ./Core/Src/main.o
                0x0000000008008368                triangle_wave
 .rodata.AHBPrescTable
                0x0000000008008468       0x10 ./Core/Src/system_stm32f7xx.o
                0x0000000008008468                AHBPrescTable
 .rodata.APBPrescTable
                0x0000000008008478        0x8 ./Core/Src/system_stm32f7xx.o
                0x0000000008008478                APBPrescTable
 .rodata.flagBitshiftOffset.8808
                0x0000000008008480        0x8 ./Drivers/STM32F7xx_HAL_Driver/Src/stm32f7xx_hal_dma.o
 .rodata._global_impure_ptr
                0x0000000008008488        0x4 c:/st/stm32cubeide_1.7.0/stm32cubeide/plugins/com.st.stm32cube.ide.mcu.externaltools.gnu-tools-for-stm32.9-2020-q2-update.win32_2.0.0.202105311346/tools/bin/../lib/gcc/arm-none-eabi/9.3.1/../../../../arm-none-eabi/lib/thumb/v7e-m+dp/hard\libc_nano.a(lib_a-impure.o)
                0x0000000008008488                _global_impure_ptr
 .rodata.__sf_fake_stderr
                0x000000000800848c       0x20 c:/st/stm32cubeide_1.7.0/stm32cubeide/plugins/com.st.stm32cube.ide.mcu.externaltools.gnu-tools-for-stm32.9-2020-q2-update.win32_2.0.0.202105311346/tools/bin/../lib/gcc/arm-none-eabi/9.3.1/../../../../arm-none-eabi/lib/thumb/v7e-m+dp/hard\libc_nano.a(lib_a-findfp.o)
                0x000000000800848c                __sf_fake_stderr
 .rodata.__sf_fake_stdin
                0x00000000080084ac       0x20 c:/st/stm32cubeide_1.7.0/stm32cubeide/plugins/com.st.stm32cube.ide.mcu.externaltools.gnu-tools-for-stm32.9-2020-q2-update.win32_2.0.0.202105311346/tools/bin/../lib/gcc/arm-none-eabi/9.3.1/../../../../arm-none-eabi/lib/thumb/v7e-m+dp/hard\libc_nano.a(lib_a-findfp.o)
                0x00000000080084ac                __sf_fake_stdin
 .rodata.__sf_fake_stdout
                0x00000000080084cc       0x20 c:/st/stm32cubeide_1.7.0/stm32cubeide/plugins/com.st.stm32cube.ide.mcu.externaltools.gnu-tools-for-stm32.9-2020-q2-update.win32_2.0.0.202105311346/tools/bin/../lib/gcc/arm-none-eabi/9.3.1/../../../../arm-none-eabi/lib/thumb/v7e-m+dp/hard\libc_nano.a(lib_a-findfp.o)
                0x00000000080084cc                __sf_fake_stdout
                0x00000000080084ec                . = ALIGN (0x4)

.ARM.extab      0x00000000080084ec        0x0
                0x00000000080084ec                . = ALIGN (0x4)
 *(.ARM.extab* .gnu.linkonce.armextab.*)
                0x00000000080084ec                . = ALIGN (0x4)

.ARM            0x00000000080084ec        0x8
                0x00000000080084ec                . = ALIGN (0x4)
                0x00000000080084ec                __exidx_start = .
 *(.ARM.exidx*)
 .ARM.exidx     0x00000000080084ec        0x8 c:/st/stm32cubeide_1.7.0/stm32cubeide/plugins/com.st.stm32cube.ide.mcu.externaltools.gnu-tools-for-stm32.9-2020-q2-update.win32_2.0.0.202105311346/tools/bin/../lib/gcc/arm-none-eabi/9.3.1/thumb/v7e-m+dp/hard\libgcc.a(_udivmoddi4.o)
                0x00000000080084f4                __exidx_end = .
                0x00000000080084f4                . = ALIGN (0x4)

.rel.dyn        0x00000000080084f4        0x0
 .rel.iplt      0x00000000080084f4        0x0 c:/st/stm32cubeide_1.7.0/stm32cubeide/plugins/com.st.stm32cube.ide.mcu.externaltools.gnu-tools-for-stm32.9-2020-q2-update.win32_2.0.0.202105311346/tools/bin/../lib/gcc/arm-none-eabi/9.3.1/thumb/v7e-m+dp/hard/crtbegin.o

.preinit_array  0x00000000080084f4        0x0
                0x00000000080084f4                . = ALIGN (0x4)
                0x00000000080084f4                PROVIDE (__preinit_array_start = .)
 *(.preinit_array*)
                0x00000000080084f4                PROVIDE (__preinit_array_end = .)
                0x00000000080084f4                . = ALIGN (0x4)

.init_array     0x00000000080084f4        0x4
                0x00000000080084f4                . = ALIGN (0x4)
                0x00000000080084f4                PROVIDE (__init_array_start = .)
 *(SORT_BY_NAME(.init_array.*))
 *(.init_array*)
 .init_array    0x00000000080084f4        0x4 c:/st/stm32cubeide_1.7.0/stm32cubeide/plugins/com.st.stm32cube.ide.mcu.externaltools.gnu-tools-for-stm32.9-2020-q2-update.win32_2.0.0.202105311346/tools/bin/../lib/gcc/arm-none-eabi/9.3.1/thumb/v7e-m+dp/hard/crtbegin.o
                0x00000000080084f8                PROVIDE (__init_array_end = .)
                0x00000000080084f8                . = ALIGN (0x4)

.fini_array     0x00000000080084f8        0x4
                0x00000000080084f8                . = ALIGN (0x4)
                [!provide]                        PROVIDE (__fini_array_start = .)
 *(SORT_BY_NAME(.fini_array.*))
 *(.fini_array*)
 .fini_array    0x00000000080084f8        0x4 c:/st/stm32cubeide_1.7.0/stm32cubeide/plugins/com.st.stm32cube.ide.mcu.externaltools.gnu-tools-for-stm32.9-2020-q2-update.win32_2.0.0.202105311346/tools/bin/../lib/gcc/arm-none-eabi/9.3.1/thumb/v7e-m+dp/hard/crtbegin.o
                [!provide]                        PROVIDE (__fini_array_end = .)
                0x00000000080084fc                . = ALIGN (0x4)
                0x00000000080084fc                _sidata = LOADADDR (.data)

.data           0x0000000020000000    0x75384 load address 0x00000000080084fc
                0x0000000020000000                . = ALIGN (0x4)
                0x0000000020000000                _sdata = .
 *(.data)
 *(.data*)
 .data.Font_7x10
                0x0000000020000000        0x8 ./Core/Src/fonts.o
                0x0000000020000000                Font_7x10
 .data.Font_11x18
                0x0000000020000008        0x8 ./Core/Src/fonts.o
                0x0000000020000008                Font_11x18
 .data.tone_c   0x0000000020000010    0x17700 ./Core/Src/main.o
                0x0000000020000010                tone_c
 .data.tone_c_sharp
                0x0000000020017710    0x17700 ./Core/Src/main.o
                0x0000000020017710                tone_c_sharp
 .data.tone_d   0x000000002002ee10    0x17700 ./Core/Src/main.o
                0x000000002002ee10                tone_d
 .data.tone_d_sharp
                0x0000000020046510    0x17700 ./Core/Src/main.o
                0x0000000020046510                tone_d_sharp
 .data.tone_e   0x000000002005dc10    0x17700 ./Core/Src/main.o
                0x000000002005dc10                tone_e
 .data.dma_cpt_prev.11122
                0x0000000020075310        0x2 ./Core/Src/main.o
 *fill*         0x0000000020075312        0x2 
 .data.SystemCoreClock
                0x0000000020075314        0x4 ./Core/Src/system_stm32f7xx.o
                0x0000000020075314                SystemCoreClock
 .data.uwTickPrio
                0x0000000020075318        0x4 ./Drivers/STM32F7xx_HAL_Driver/Src/stm32f7xx_hal.o
                0x0000000020075318                uwTickPrio
 .data.uwTickFreq
                0x000000002007531c        0x1 ./Drivers/STM32F7xx_HAL_Driver/Src/stm32f7xx_hal.o
                0x000000002007531c                uwTickFreq
 *fill*         0x000000002007531d        0x3 
 .data._impure_ptr
                0x0000000020075320        0x4 c:/st/stm32cubeide_1.7.0/stm32cubeide/plugins/com.st.stm32cube.ide.mcu.externaltools.gnu-tools-for-stm32.9-2020-q2-update.win32_2.0.0.202105311346/tools/bin/../lib/gcc/arm-none-eabi/9.3.1/../../../../arm-none-eabi/lib/thumb/v7e-m+dp/hard\libc_nano.a(lib_a-impure.o)
                0x0000000020075320                _impure_ptr
 .data.impure_data
                0x0000000020075324       0x60 c:/st/stm32cubeide_1.7.0/stm32cubeide/plugins/com.st.stm32cube.ide.mcu.externaltools.gnu-tools-for-stm32.9-2020-q2-update.win32_2.0.0.202105311346/tools/bin/../lib/gcc/arm-none-eabi/9.3.1/../../../../arm-none-eabi/lib/thumb/v7e-m+dp/hard\libc_nano.a(lib_a-impure.o)
 *(.RamFunc)
 *(.RamFunc*)
                0x0000000020075384                . = ALIGN (0x4)
                0x0000000020075384                _edata = .

.igot.plt       0x0000000020075384        0x0 load address 0x000000000807d880
 .igot.plt      0x0000000020075384        0x0 c:/st/stm32cubeide_1.7.0/stm32cubeide/plugins/com.st.stm32cube.ide.mcu.externaltools.gnu-tools-for-stm32.9-2020-q2-update.win32_2.0.0.202105311346/tools/bin/../lib/gcc/arm-none-eabi/9.3.1/thumb/v7e-m+dp/hard/crtbegin.o
                0x0000000020075384                . = ALIGN (0x4)

.bss            0x0000000020075384      0x698 load address 0x000000000807d880
                0x0000000020075384                _sbss = .
                0x0000000020075384                __bss_start__ = _sbss
 *(.bss)
 .bss           0x0000000020075384       0x1c c:/st/stm32cubeide_1.7.0/stm32cubeide/plugins/com.st.stm32cube.ide.mcu.externaltools.gnu-tools-for-stm32.9-2020-q2-update.win32_2.0.0.202105311346/tools/bin/../lib/gcc/arm-none-eabi/9.3.1/thumb/v7e-m+dp/hard/crtbegin.o
 *(.bss*)
 .bss.note_list
                0x00000000200753a0        0x4 ./Core/Src/main.o
                0x00000000200753a0                note_list
 .bss.sendBuff  0x00000000200753a4        0x8 ./Core/Src/main.o
                0x00000000200753a4                sendBuff
 .bss.UART4_rxBuffer
                0x00000000200753ac        0x6 ./Core/Src/main.o
                0x00000000200753ac                UART4_rxBuffer
 .bss.i.11130   0x00000000200753b2        0x1 ./Core/Src/main.o
 .bss.state.11131
                0x00000000200753b3        0x1 ./Core/Src/main.o
 .bss.SSD1306_Buffer
                0x00000000200753b4      0x400 ./Core/Src/ssd1306.o
 .bss.SSD1306   0x00000000200757b4        0x6 ./Core/Src/ssd1306.o
 *fill*         0x00000000200757ba        0x2 
 .bss.SAI1_client
                0x00000000200757bc        0x4 ./Core/Src/stm32f7xx_hal_msp.o
 .bss.__sbrk_heap_end
                0x00000000200757c0        0x4 ./Core/Src/sysmem.o
 .bss.__malloc_free_list
                0x00000000200757c4        0x4 c:/st/stm32cubeide_1.7.0/stm32cubeide/plugins/com.st.stm32cube.ide.mcu.externaltools.gnu-tools-for-stm32.9-2020-q2-update.win32_2.0.0.202105311346/tools/bin/../lib/gcc/arm-none-eabi/9.3.1/../../../../arm-none-eabi/lib/thumb/v7e-m+dp/hard\libc_nano.a(lib_a-nano-mallocr.o)
                0x00000000200757c4                __malloc_free_list
 .bss.__malloc_sbrk_start
                0x00000000200757c8        0x4 c:/st/stm32cubeide_1.7.0/stm32cubeide/plugins/com.st.stm32cube.ide.mcu.externaltools.gnu-tools-for-stm32.9-2020-q2-update.win32_2.0.0.202105311346/tools/bin/../lib/gcc/arm-none-eabi/9.3.1/../../../../arm-none-eabi/lib/thumb/v7e-m+dp/hard\libc_nano.a(lib_a-nano-mallocr.o)
                0x00000000200757c8                __malloc_sbrk_start
 *(COMMON)
 COMMON         0x00000000200757cc      0x23c ./Core/Src/main.o
                0x00000000200757cc                hdma_uart4_rx
                0x000000002007582c                pwm2
                0x000000002007582d                param
                0x000000002007582e                patch
                0x000000002007582f                det
                0x0000000020075830                velsel
                0x0000000020075834                hi2c2
                0x0000000020075880                ctrl
                0x0000000020075881                trig
                0x0000000020075882                tun
                0x0000000020075883                msgnum
                0x0000000020075884                mod
                0x0000000020075888                playNoteB
                0x000000002007588c                bend
                0x0000000020075890                paramvalue
                0x00000000200758b0                wavesel
                0x00000000200758b1                velocity
                0x00000000200758b2                vcf
                0x00000000200758b3                data
                0x00000000200758b4                key
                0x00000000200758b8                hi2s1
                0x00000000200758f8                huart4
                0x000000002007597c                pwm
                0x000000002007597d                midimsg
                0x0000000020075980                hsai_BlockA1
                0x0000000020075a04                notepos
                0x0000000020075a05                sus
                0x0000000020075a06                nb_MIDI_bytes
                0x0000000020075a07                received_char
 COMMON         0x0000000020075a08        0x4 ./Drivers/STM32F7xx_HAL_Driver/Src/stm32f7xx_hal.o
                0x0000000020075a08                uwTick
 COMMON         0x0000000020075a0c        0x9 c:/st/stm32cubeide_1.7.0/stm32cubeide/plugins/com.st.stm32cube.ide.mcu.externaltools.gnu-tools-for-stm32.9-2020-q2-update.win32_2.0.0.202105311346/tools/bin/../lib/gcc/arm-none-eabi/9.3.1/../../../../arm-none-eabi/lib/thumb/v7e-m+dp/hard\libc_nano.a(lib_a-lock.o)
                0x0000000020075a0c                __lock___atexit_recursive_mutex
                0x0000000020075a0d                __lock___arc4random_mutex
                0x0000000020075a0e                __lock___env_recursive_mutex
                0x0000000020075a0f                __lock___sinit_recursive_mutex
                0x0000000020075a10                __lock___malloc_recursive_mutex
                0x0000000020075a11                __lock___at_quick_exit_mutex
                0x0000000020075a12                __lock___dd_hash_mutex
                0x0000000020075a13                __lock___tz_mutex
                0x0000000020075a14                __lock___sfp_recursive_mutex
 *fill*         0x0000000020075a15        0x3 
 COMMON         0x0000000020075a18        0x4 c:/st/stm32cubeide_1.7.0/stm32cubeide/plugins/com.st.stm32cube.ide.mcu.externaltools.gnu-tools-for-stm32.9-2020-q2-update.win32_2.0.0.202105311346/tools/bin/../lib/gcc/arm-none-eabi/9.3.1/../../../../arm-none-eabi/lib/thumb/v7e-m+dp/hard\libc_nano.a(lib_a-reent.o)
                0x0000000020075a18                errno
                0x0000000020075a1c                . = ALIGN (0x4)
                0x0000000020075a1c                _ebss = .
                0x0000000020075a1c                __bss_end__ = _ebss

._user_heap_stack
                0x0000000020075a1c      0x604 load address 0x000000000807d880
                0x0000000020075a20                . = ALIGN (0x8)
 *fill*         0x0000000020075a1c        0x4 
                [!provide]                        PROVIDE (end = .)
                0x0000000020075a20                PROVIDE (_end = .)
                0x0000000020075c20                . = (. + _Min_Heap_Size)
 *fill*         0x0000000020075a20      0x200 
                0x0000000020076020                . = (. + _Min_Stack_Size)
 *fill*         0x0000000020075c20      0x400 
                0x0000000020076020                . = ALIGN (0x8)

/DISCARD/
 libc.a(*)
 libm.a(*)
 libgcc.a(*)

.ARM.attributes
                0x0000000000000000       0x2e
 *(.ARM.attributes)
 .ARM.attributes
                0x0000000000000000       0x1e c:/st/stm32cubeide_1.7.0/stm32cubeide/plugins/com.st.stm32cube.ide.mcu.externaltools.gnu-tools-for-stm32.9-2020-q2-update.win32_2.0.0.202105311346/tools/bin/../lib/gcc/arm-none-eabi/9.3.1/thumb/v7e-m+dp/hard/crti.o
 .ARM.attributes
                0x000000000000001e       0x32 c:/st/stm32cubeide_1.7.0/stm32cubeide/plugins/com.st.stm32cube.ide.mcu.externaltools.gnu-tools-for-stm32.9-2020-q2-update.win32_2.0.0.202105311346/tools/bin/../lib/gcc/arm-none-eabi/9.3.1/thumb/v7e-m+dp/hard/crtbegin.o
 .ARM.attributes
                0x0000000000000050       0x32 ./Core/Src/fonts.o
 .ARM.attributes
                0x0000000000000082       0x32 ./Core/Src/llist.o
 .ARM.attributes
                0x00000000000000b4       0x32 ./Core/Src/main.o
 .ARM.attributes
                0x00000000000000e6       0x32 ./Core/Src/ssd1306.o
 .ARM.attributes
                0x0000000000000118       0x32 ./Core/Src/stm32f7xx_hal_msp.o
 .ARM.attributes
                0x000000000000014a       0x32 ./Core/Src/stm32f7xx_it.o
 .ARM.attributes
                0x000000000000017c       0x32 ./Core/Src/syscalls.o
 .ARM.attributes
                0x00000000000001ae       0x32 ./Core/Src/sysmem.o
 .ARM.attributes
                0x00000000000001e0       0x32 ./Core/Src/system_stm32f7xx.o
 .ARM.attributes
                0x0000000000000212       0x21 ./Core/Startup/startup_stm32f767zitx.o
 .ARM.attributes
                0x0000000000000233       0x32 ./Drivers/STM32F7xx_HAL_Driver/Src/stm32f7xx_hal.o
 .ARM.attributes
                0x0000000000000265       0x32 ./Drivers/STM32F7xx_HAL_Driver/Src/stm32f7xx_hal_cortex.o
 .ARM.attributes
                0x0000000000000297       0x32 ./Drivers/STM32F7xx_HAL_Driver/Src/stm32f7xx_hal_dma.o
 .ARM.attributes
                0x00000000000002c9       0x32 ./Drivers/STM32F7xx_HAL_Driver/Src/stm32f7xx_hal_gpio.o
 .ARM.attributes
                0x00000000000002fb       0x32 ./Drivers/STM32F7xx_HAL_Driver/Src/stm32f7xx_hal_i2c.o
 .ARM.attributes
                0x000000000000032d       0x32 ./Drivers/STM32F7xx_HAL_Driver/Src/stm32f7xx_hal_i2c_ex.o
 .ARM.attributes
                0x000000000000035f       0x32 ./Drivers/STM32F7xx_HAL_Driver/Src/stm32f7xx_hal_i2s.o
 .ARM.attributes
                0x0000000000000391       0x32 ./Drivers/STM32F7xx_HAL_Driver/Src/stm32f7xx_hal_pwr_ex.o
 .ARM.attributes
                0x00000000000003c3       0x32 ./Drivers/STM32F7xx_HAL_Driver/Src/stm32f7xx_hal_rcc.o
 .ARM.attributes
                0x00000000000003f5       0x32 ./Drivers/STM32F7xx_HAL_Driver/Src/stm32f7xx_hal_rcc_ex.o
 .ARM.attributes
                0x0000000000000427       0x32 ./Drivers/STM32F7xx_HAL_Driver/Src/stm32f7xx_hal_sai.o
 .ARM.attributes
                0x0000000000000459       0x32 ./Drivers/STM32F7xx_HAL_Driver/Src/stm32f7xx_hal_uart.o
 .ARM.attributes
                0x000000000000048b       0x32 c:/st/stm32cubeide_1.7.0/stm32cubeide/plugins/com.st.stm32cube.ide.mcu.externaltools.gnu-tools-for-stm32.9-2020-q2-update.win32_2.0.0.202105311346/tools/bin/../lib/gcc/arm-none-eabi/9.3.1/../../../../arm-none-eabi/lib/thumb/v7e-m+dp/hard\libc_nano.a(lib_a-errno.o)
 .ARM.attributes
                0x00000000000004bd       0x30 c:/st/stm32cubeide_1.7.0/stm32cubeide/plugins/com.st.stm32cube.ide.mcu.externaltools.gnu-tools-for-stm32.9-2020-q2-update.win32_2.0.0.202105311346/tools/bin/../lib/gcc/arm-none-eabi/9.3.1/../../../../arm-none-eabi/lib/thumb/v7e-m+dp/hard\libc_nano.a(lib_a-impure.o)
 .ARM.attributes
                0x00000000000004ed       0x32 c:/st/stm32cubeide_1.7.0/stm32cubeide/plugins/com.st.stm32cube.ide.mcu.externaltools.gnu-tools-for-stm32.9-2020-q2-update.win32_2.0.0.202105311346/tools/bin/../lib/gcc/arm-none-eabi/9.3.1/../../../../arm-none-eabi/lib/thumb/v7e-m+dp/hard\libc_nano.a(lib_a-init.o)
 .ARM.attributes
                0x000000000000051f       0x32 c:/st/stm32cubeide_1.7.0/stm32cubeide/plugins/com.st.stm32cube.ide.mcu.externaltools.gnu-tools-for-stm32.9-2020-q2-update.win32_2.0.0.202105311346/tools/bin/../lib/gcc/arm-none-eabi/9.3.1/../../../../arm-none-eabi/lib/thumb/v7e-m+dp/hard\libc_nano.a(lib_a-malloc.o)
 .ARM.attributes
                0x0000000000000551       0x32 c:/st/stm32cubeide_1.7.0/stm32cubeide/plugins/com.st.stm32cube.ide.mcu.externaltools.gnu-tools-for-stm32.9-2020-q2-update.win32_2.0.0.202105311346/tools/bin/../lib/gcc/arm-none-eabi/9.3.1/../../../../arm-none-eabi/lib/thumb/v7e-m+dp/hard\libc_nano.a(lib_a-memset.o)
 .ARM.attributes
                0x0000000000000583       0x32 c:/st/stm32cubeide_1.7.0/stm32cubeide/plugins/com.st.stm32cube.ide.mcu.externaltools.gnu-tools-for-stm32.9-2020-q2-update.win32_2.0.0.202105311346/tools/bin/../lib/gcc/arm-none-eabi/9.3.1/../../../../arm-none-eabi/lib/thumb/v7e-m+dp/hard\libc_nano.a(lib_a-nano-freer.o)
 .ARM.attributes
                0x00000000000005b5       0x32 c:/st/stm32cubeide_1.7.0/stm32cubeide/plugins/com.st.stm32cube.ide.mcu.externaltools.gnu-tools-for-stm32.9-2020-q2-update.win32_2.0.0.202105311346/tools/bin/../lib/gcc/arm-none-eabi/9.3.1/../../../../arm-none-eabi/lib/thumb/v7e-m+dp/hard\libc_nano.a(lib_a-nano-mallocr.o)
 .ARM.attributes
                0x00000000000005e7       0x32 c:/st/stm32cubeide_1.7.0/stm32cubeide/plugins/com.st.stm32cube.ide.mcu.externaltools.gnu-tools-for-stm32.9-2020-q2-update.win32_2.0.0.202105311346/tools/bin/../lib/gcc/arm-none-eabi/9.3.1/../../../../arm-none-eabi/lib/thumb/v7e-m+dp/hard\libc_nano.a(lib_a-puts.o)
 .ARM.attributes
                0x0000000000000619       0x32 c:/st/stm32cubeide_1.7.0/stm32cubeide/plugins/com.st.stm32cube.ide.mcu.externaltools.gnu-tools-for-stm32.9-2020-q2-update.win32_2.0.0.202105311346/tools/bin/../lib/gcc/arm-none-eabi/9.3.1/../../../../arm-none-eabi/lib/thumb/v7e-m+dp/hard\libc_nano.a(lib_a-sbrkr.o)
 .ARM.attributes
                0x000000000000064b       0x32 c:/st/stm32cubeide_1.7.0/stm32cubeide/plugins/com.st.stm32cube.ide.mcu.externaltools.gnu-tools-for-stm32.9-2020-q2-update.win32_2.0.0.202105311346/tools/bin/../lib/gcc/arm-none-eabi/9.3.1/../../../../arm-none-eabi/lib/thumb/v7e-m+dp/hard\libc_nano.a(lib_a-wbuf.o)
 .ARM.attributes
                0x000000000000067d       0x32 c:/st/stm32cubeide_1.7.0/stm32cubeide/plugins/com.st.stm32cube.ide.mcu.externaltools.gnu-tools-for-stm32.9-2020-q2-update.win32_2.0.0.202105311346/tools/bin/../lib/gcc/arm-none-eabi/9.3.1/../../../../arm-none-eabi/lib/thumb/v7e-m+dp/hard\libc_nano.a(lib_a-wsetup.o)
 .ARM.attributes
                0x00000000000006af       0x32 c:/st/stm32cubeide_1.7.0/stm32cubeide/plugins/com.st.stm32cube.ide.mcu.externaltools.gnu-tools-for-stm32.9-2020-q2-update.win32_2.0.0.202105311346/tools/bin/../lib/gcc/arm-none-eabi/9.3.1/../../../../arm-none-eabi/lib/thumb/v7e-m+dp/hard\libc_nano.a(lib_a-fflush.o)
 .ARM.attributes
                0x00000000000006e1       0x32 c:/st/stm32cubeide_1.7.0/stm32cubeide/plugins/com.st.stm32cube.ide.mcu.externaltools.gnu-tools-for-stm32.9-2020-q2-update.win32_2.0.0.202105311346/tools/bin/../lib/gcc/arm-none-eabi/9.3.1/../../../../arm-none-eabi/lib/thumb/v7e-m+dp/hard\libc_nano.a(lib_a-findfp.o)
 .ARM.attributes
                0x0000000000000713       0x32 c:/st/stm32cubeide_1.7.0/stm32cubeide/plugins/com.st.stm32cube.ide.mcu.externaltools.gnu-tools-for-stm32.9-2020-q2-update.win32_2.0.0.202105311346/tools/bin/../lib/gcc/arm-none-eabi/9.3.1/../../../../arm-none-eabi/lib/thumb/v7e-m+dp/hard\libc_nano.a(lib_a-fwalk.o)
 .ARM.attributes
                0x0000000000000745       0x32 c:/st/stm32cubeide_1.7.0/stm32cubeide/plugins/com.st.stm32cube.ide.mcu.externaltools.gnu-tools-for-stm32.9-2020-q2-update.win32_2.0.0.202105311346/tools/bin/../lib/gcc/arm-none-eabi/9.3.1/../../../../arm-none-eabi/lib/thumb/v7e-m+dp/hard\libc_nano.a(lib_a-lock.o)
 .ARM.attributes
                0x0000000000000777       0x32 c:/st/stm32cubeide_1.7.0/stm32cubeide/plugins/com.st.stm32cube.ide.mcu.externaltools.gnu-tools-for-stm32.9-2020-q2-update.win32_2.0.0.202105311346/tools/bin/../lib/gcc/arm-none-eabi/9.3.1/../../../../arm-none-eabi/lib/thumb/v7e-m+dp/hard\libc_nano.a(lib_a-makebuf.o)
 .ARM.attributes
                0x00000000000007a9       0x32 c:/st/stm32cubeide_1.7.0/stm32cubeide/plugins/com.st.stm32cube.ide.mcu.externaltools.gnu-tools-for-stm32.9-2020-q2-update.win32_2.0.0.202105311346/tools/bin/../lib/gcc/arm-none-eabi/9.3.1/../../../../arm-none-eabi/lib/thumb/v7e-m+dp/hard\libc_nano.a(lib_a-mlock.o)
 .ARM.attributes
                0x00000000000007db       0x32 c:/st/stm32cubeide_1.7.0/stm32cubeide/plugins/com.st.stm32cube.ide.mcu.externaltools.gnu-tools-for-stm32.9-2020-q2-update.win32_2.0.0.202105311346/tools/bin/../lib/gcc/arm-none-eabi/9.3.1/../../../../arm-none-eabi/lib/thumb/v7e-m+dp/hard\libc_nano.a(lib_a-reent.o)
 .ARM.attributes
                0x000000000000080d       0x32 c:/st/stm32cubeide_1.7.0/stm32cubeide/plugins/com.st.stm32cube.ide.mcu.externaltools.gnu-tools-for-stm32.9-2020-q2-update.win32_2.0.0.202105311346/tools/bin/../lib/gcc/arm-none-eabi/9.3.1/../../../../arm-none-eabi/lib/thumb/v7e-m+dp/hard\libc_nano.a(lib_a-stdio.o)
 .ARM.attributes
                0x000000000000083f       0x32 c:/st/stm32cubeide_1.7.0/stm32cubeide/plugins/com.st.stm32cube.ide.mcu.externaltools.gnu-tools-for-stm32.9-2020-q2-update.win32_2.0.0.202105311346/tools/bin/../lib/gcc/arm-none-eabi/9.3.1/../../../../arm-none-eabi/lib/thumb/v7e-m+dp/hard\libc_nano.a(lib_a-writer.o)
 .ARM.attributes
                0x0000000000000871       0x32 c:/st/stm32cubeide_1.7.0/stm32cubeide/plugins/com.st.stm32cube.ide.mcu.externaltools.gnu-tools-for-stm32.9-2020-q2-update.win32_2.0.0.202105311346/tools/bin/../lib/gcc/arm-none-eabi/9.3.1/../../../../arm-none-eabi/lib/thumb/v7e-m+dp/hard\libc_nano.a(lib_a-closer.o)
 .ARM.attributes
                0x00000000000008a3       0x32 c:/st/stm32cubeide_1.7.0/stm32cubeide/plugins/com.st.stm32cube.ide.mcu.externaltools.gnu-tools-for-stm32.9-2020-q2-update.win32_2.0.0.202105311346/tools/bin/../lib/gcc/arm-none-eabi/9.3.1/../../../../arm-none-eabi/lib/thumb/v7e-m+dp/hard\libc_nano.a(lib_a-fstatr.o)
 .ARM.attributes
                0x00000000000008d5       0x32 c:/st/stm32cubeide_1.7.0/stm32cubeide/plugins/com.st.stm32cube.ide.mcu.externaltools.gnu-tools-for-stm32.9-2020-q2-update.win32_2.0.0.202105311346/tools/bin/../lib/gcc/arm-none-eabi/9.3.1/../../../../arm-none-eabi/lib/thumb/v7e-m+dp/hard\libc_nano.a(lib_a-isattyr.o)
 .ARM.attributes
                0x0000000000000907       0x32 c:/st/stm32cubeide_1.7.0/stm32cubeide/plugins/com.st.stm32cube.ide.mcu.externaltools.gnu-tools-for-stm32.9-2020-q2-update.win32_2.0.0.202105311346/tools/bin/../lib/gcc/arm-none-eabi/9.3.1/../../../../arm-none-eabi/lib/thumb/v7e-m+dp/hard\libc_nano.a(lib_a-lseekr.o)
 .ARM.attributes
                0x0000000000000939       0x32 c:/st/stm32cubeide_1.7.0/stm32cubeide/plugins/com.st.stm32cube.ide.mcu.externaltools.gnu-tools-for-stm32.9-2020-q2-update.win32_2.0.0.202105311346/tools/bin/../lib/gcc/arm-none-eabi/9.3.1/../../../../arm-none-eabi/lib/thumb/v7e-m+dp/hard\libc_nano.a(lib_a-readr.o)
 .ARM.attributes
                0x000000000000096b       0x1e c:/st/stm32cubeide_1.7.0/stm32cubeide/plugins/com.st.stm32cube.ide.mcu.externaltools.gnu-tools-for-stm32.9-2020-q2-update.win32_2.0.0.202105311346/tools/bin/../lib/gcc/arm-none-eabi/9.3.1/thumb/v7e-m+dp/hard\libgcc.a(_aeabi_uldivmod.o)
 .ARM.attributes
                0x0000000000000989       0x32 c:/st/stm32cubeide_1.7.0/stm32cubeide/plugins/com.st.stm32cube.ide.mcu.externaltools.gnu-tools-for-stm32.9-2020-q2-update.win32_2.0.0.202105311346/tools/bin/../lib/gcc/arm-none-eabi/9.3.1/thumb/v7e-m+dp/hard\libgcc.a(_udivmoddi4.o)
 .ARM.attributes
                0x00000000000009bb       0x1e c:/st/stm32cubeide_1.7.0/stm32cubeide/plugins/com.st.stm32cube.ide.mcu.externaltools.gnu-tools-for-stm32.9-2020-q2-update.win32_2.0.0.202105311346/tools/bin/../lib/gcc/arm-none-eabi/9.3.1/thumb/v7e-m+dp/hard\libgcc.a(_dvmd_tls.o)
 .ARM.attributes
                0x00000000000009d9       0x1e c:/st/stm32cubeide_1.7.0/stm32cubeide/plugins/com.st.stm32cube.ide.mcu.externaltools.gnu-tools-for-stm32.9-2020-q2-update.win32_2.0.0.202105311346/tools/bin/../lib/gcc/arm-none-eabi/9.3.1/thumb/v7e-m+dp/hard/crtn.o
OUTPUT(STM32_dax.elf elf32-littlearm)
LOAD linker stubs
LOAD c:/st/stm32cubeide_1.7.0/stm32cubeide/plugins/com.st.stm32cube.ide.mcu.externaltools.gnu-tools-for-stm32.9-2020-q2-update.win32_2.0.0.202105311346/tools/bin/../lib/gcc/arm-none-eabi/9.3.1/../../../../arm-none-eabi/lib/thumb/v7e-m+dp/hard\libc.a
LOAD c:/st/stm32cubeide_1.7.0/stm32cubeide/plugins/com.st.stm32cube.ide.mcu.externaltools.gnu-tools-for-stm32.9-2020-q2-update.win32_2.0.0.202105311346/tools/bin/../lib/gcc/arm-none-eabi/9.3.1/../../../../arm-none-eabi/lib/thumb/v7e-m+dp/hard\libm.a
LOAD c:/st/stm32cubeide_1.7.0/stm32cubeide/plugins/com.st.stm32cube.ide.mcu.externaltools.gnu-tools-for-stm32.9-2020-q2-update.win32_2.0.0.202105311346/tools/bin/../lib/gcc/arm-none-eabi/9.3.1/thumb/v7e-m+dp/hard\libgcc.a

.debug_info     0x0000000000000000    0x157e1
 .debug_info    0x0000000000000000      0xbd3 ./Core/Src/fonts.o
 .debug_info    0x0000000000000bd3      0xc08 ./Core/Src/llist.o
 .debug_info    0x00000000000017db     0x2bff ./Core/Src/main.o
 .debug_info    0x00000000000043da     0x2440 ./Core/Src/ssd1306.o
 .debug_info    0x000000000000681a     0x155e ./Core/Src/stm32f7xx_hal_msp.o
 .debug_info    0x0000000000007d78      0x4b7 ./Core/Src/stm32f7xx_it.o
 .debug_info    0x000000000000822f      0xfa8 ./Core/Src/syscalls.o
 .debug_info    0x00000000000091d7      0xa25 ./Core/Src/sysmem.o
 .debug_info    0x0000000000009bfc      0x7ad ./Core/Src/system_stm32f7xx.o
 .debug_info    0x000000000000a3a9       0x22 ./Core/Startup/startup_stm32f767zitx.o
 .debug_info    0x000000000000a3cb      0xab8 ./Drivers/STM32F7xx_HAL_Driver/Src/stm32f7xx_hal.o
 .debug_info    0x000000000000ae83     0x1158 ./Drivers/STM32F7xx_HAL_Driver/Src/stm32f7xx_hal_cortex.o
 .debug_info    0x000000000000bfdb      0x9f1 ./Drivers/STM32F7xx_HAL_Driver/Src/stm32f7xx_hal_dma.o
 .debug_info    0x000000000000c9cc      0x876 ./Drivers/STM32F7xx_HAL_Driver/Src/stm32f7xx_hal_gpio.o
 .debug_info    0x000000000000d242     0x221e ./Drivers/STM32F7xx_HAL_Driver/Src/stm32f7xx_hal_i2c.o
 .debug_info    0x000000000000f460      0xa9c ./Drivers/STM32F7xx_HAL_Driver/Src/stm32f7xx_hal_i2c_ex.o
 .debug_info    0x000000000000fefc     0x109a ./Drivers/STM32F7xx_HAL_Driver/Src/stm32f7xx_hal_i2s.o
 .debug_info    0x0000000000010f96      0x9f6 ./Drivers/STM32F7xx_HAL_Driver/Src/stm32f7xx_hal_pwr_ex.o
 .debug_info    0x000000000001198c      0xa28 ./Drivers/STM32F7xx_HAL_Driver/Src/stm32f7xx_hal_rcc.o
 .debug_info    0x00000000000123b4      0x853 ./Drivers/STM32F7xx_HAL_Driver/Src/stm32f7xx_hal_rcc_ex.o
 .debug_info    0x0000000000012c07     0x1266 ./Drivers/STM32F7xx_HAL_Driver/Src/stm32f7xx_hal_sai.o
 .debug_info    0x0000000000013e6d     0x1974 ./Drivers/STM32F7xx_HAL_Driver/Src/stm32f7xx_hal_uart.o

.debug_abbrev   0x0000000000000000     0x2f15
 .debug_abbrev  0x0000000000000000      0x208 ./Core/Src/fonts.o
 .debug_abbrev  0x0000000000000208      0x24d ./Core/Src/llist.o
 .debug_abbrev  0x0000000000000455      0x364 ./Core/Src/main.o
 .debug_abbrev  0x00000000000007b9      0x372 ./Core/Src/ssd1306.o
 .debug_abbrev  0x0000000000000b2b      0x1fc ./Core/Src/stm32f7xx_hal_msp.o
 .debug_abbrev  0x0000000000000d27      0x163 ./Core/Src/stm32f7xx_it.o
 .debug_abbrev  0x0000000000000e8a      0x286 ./Core/Src/syscalls.o
 .debug_abbrev  0x0000000000001110      0x1bf ./Core/Src/sysmem.o
 .debug_abbrev  0x00000000000012cf      0x165 ./Core/Src/system_stm32f7xx.o
 .debug_abbrev  0x0000000000001434       0x12 ./Core/Startup/startup_stm32f767zitx.o
 .debug_abbrev  0x0000000000001446      0x1ed ./Drivers/STM32F7xx_HAL_Driver/Src/stm32f7xx_hal.o
 .debug_abbrev  0x0000000000001633      0x33c ./Drivers/STM32F7xx_HAL_Driver/Src/stm32f7xx_hal_cortex.o
 .debug_abbrev  0x000000000000196f      0x259 ./Drivers/STM32F7xx_HAL_Driver/Src/stm32f7xx_hal_dma.o
 .debug_abbrev  0x0000000000001bc8      0x1f1 ./Drivers/STM32F7xx_HAL_Driver/Src/stm32f7xx_hal_gpio.o
 .debug_abbrev  0x0000000000001db9      0x256 ./Drivers/STM32F7xx_HAL_Driver/Src/stm32f7xx_hal_i2c.o
 .debug_abbrev  0x000000000000200f      0x1bb ./Drivers/STM32F7xx_HAL_Driver/Src/stm32f7xx_hal_i2c_ex.o
 .debug_abbrev  0x00000000000021ca      0x261 ./Drivers/STM32F7xx_HAL_Driver/Src/stm32f7xx_hal_i2s.o
 .debug_abbrev  0x000000000000242b      0x1dc ./Drivers/STM32F7xx_HAL_Driver/Src/stm32f7xx_hal_pwr_ex.o
 .debug_abbrev  0x0000000000002607      0x29c ./Drivers/STM32F7xx_HAL_Driver/Src/stm32f7xx_hal_rcc.o
 .debug_abbrev  0x00000000000028a3      0x1d1 ./Drivers/STM32F7xx_HAL_Driver/Src/stm32f7xx_hal_rcc_ex.o
 .debug_abbrev  0x0000000000002a74      0x262 ./Drivers/STM32F7xx_HAL_Driver/Src/stm32f7xx_hal_sai.o
 .debug_abbrev  0x0000000000002cd6      0x23f ./Drivers/STM32F7xx_HAL_Driver/Src/stm32f7xx_hal_uart.o

.debug_aranges  0x0000000000000000     0x13c0
 .debug_aranges
                0x0000000000000000       0x20 ./Core/Src/fonts.o
 .debug_aranges
                0x0000000000000020       0x40 ./Core/Src/llist.o
 .debug_aranges
                0x0000000000000060       0xa0 ./Core/Src/main.o
 .debug_aranges
                0x0000000000000100      0x500 ./Core/Src/ssd1306.o
 .debug_aranges
                0x0000000000000600       0x60 ./Core/Src/stm32f7xx_hal_msp.o
 .debug_aranges
                0x0000000000000660       0x68 ./Core/Src/stm32f7xx_it.o
 .debug_aranges
                0x00000000000006c8       0xa8 ./Core/Src/syscalls.o
 .debug_aranges
                0x0000000000000770       0x20 ./Core/Src/sysmem.o
 .debug_aranges
                0x0000000000000790       0x28 ./Core/Src/system_stm32f7xx.o
 .debug_aranges
                0x00000000000007b8       0x28 ./Core/Startup/startup_stm32f767zitx.o
 .debug_aranges
                0x00000000000007e0      0x110 ./Drivers/STM32F7xx_HAL_Driver/Src/stm32f7xx_hal.o
 .debug_aranges
                0x00000000000008f0      0x118 ./Drivers/STM32F7xx_HAL_Driver/Src/stm32f7xx_hal_cortex.o
 .debug_aranges
                0x0000000000000a08       0x90 ./Drivers/STM32F7xx_HAL_Driver/Src/stm32f7xx_hal_dma.o
 .debug_aranges
                0x0000000000000a98       0x58 ./Drivers/STM32F7xx_HAL_Driver/Src/stm32f7xx_hal_gpio.o
 .debug_aranges
                0x0000000000000af0      0x290 ./Drivers/STM32F7xx_HAL_Driver/Src/stm32f7xx_hal_i2c.o
 .debug_aranges
                0x0000000000000d80       0x38 ./Drivers/STM32F7xx_HAL_Driver/Src/stm32f7xx_hal_i2c_ex.o
 .debug_aranges
                0x0000000000000db8      0x108 ./Drivers/STM32F7xx_HAL_Driver/Src/stm32f7xx_hal_i2s.o
 .debug_aranges
                0x0000000000000ec0       0x80 ./Drivers/STM32F7xx_HAL_Driver/Src/stm32f7xx_hal_pwr_ex.o
 .debug_aranges
                0x0000000000000f40       0x88 ./Drivers/STM32F7xx_HAL_Driver/Src/stm32f7xx_hal_rcc.o
 .debug_aranges
                0x0000000000000fc8       0x50 ./Drivers/STM32F7xx_HAL_Driver/Src/stm32f7xx_hal_rcc_ex.o
 .debug_aranges
                0x0000000000001018      0x178 ./Drivers/STM32F7xx_HAL_Driver/Src/stm32f7xx_hal_sai.o
 .debug_aranges
                0x0000000000001190      0x230 ./Drivers/STM32F7xx_HAL_Driver/Src/stm32f7xx_hal_uart.o

.debug_ranges   0x0000000000000000     0x12b0
 .debug_ranges  0x0000000000000000       0x10 ./Core/Src/fonts.o
 .debug_ranges  0x0000000000000010       0x30 ./Core/Src/llist.o
 .debug_ranges  0x0000000000000040       0x90 ./Core/Src/main.o
 .debug_ranges  0x00000000000000d0      0x4f0 ./Core/Src/ssd1306.o
 .debug_ranges  0x00000000000005c0       0x50 ./Core/Src/stm32f7xx_hal_msp.o
 .debug_ranges  0x0000000000000610       0x58 ./Core/Src/stm32f7xx_it.o
 .debug_ranges  0x0000000000000668       0x98 ./Core/Src/syscalls.o
 .debug_ranges  0x0000000000000700       0x10 ./Core/Src/sysmem.o
 .debug_ranges  0x0000000000000710       0x18 ./Core/Src/system_stm32f7xx.o
 .debug_ranges  0x0000000000000728       0x20 ./Core/Startup/startup_stm32f767zitx.o
 .debug_ranges  0x0000000000000748      0x100 ./Drivers/STM32F7xx_HAL_Driver/Src/stm32f7xx_hal.o
 .debug_ranges  0x0000000000000848      0x108 ./Drivers/STM32F7xx_HAL_Driver/Src/stm32f7xx_hal_cortex.o
 .debug_ranges  0x0000000000000950       0x80 ./Drivers/STM32F7xx_HAL_Driver/Src/stm32f7xx_hal_dma.o
 .debug_ranges  0x00000000000009d0       0x48 ./Drivers/STM32F7xx_HAL_Driver/Src/stm32f7xx_hal_gpio.o
 .debug_ranges  0x0000000000000a18      0x280 ./Drivers/STM32F7xx_HAL_Driver/Src/stm32f7xx_hal_i2c.o
 .debug_ranges  0x0000000000000c98       0x28 ./Drivers/STM32F7xx_HAL_Driver/Src/stm32f7xx_hal_i2c_ex.o
 .debug_ranges  0x0000000000000cc0       0xf8 ./Drivers/STM32F7xx_HAL_Driver/Src/stm32f7xx_hal_i2s.o
 .debug_ranges  0x0000000000000db8       0x70 ./Drivers/STM32F7xx_HAL_Driver/Src/stm32f7xx_hal_pwr_ex.o
 .debug_ranges  0x0000000000000e28       0x78 ./Drivers/STM32F7xx_HAL_Driver/Src/stm32f7xx_hal_rcc.o
 .debug_ranges  0x0000000000000ea0       0x40 ./Drivers/STM32F7xx_HAL_Driver/Src/stm32f7xx_hal_rcc_ex.o
 .debug_ranges  0x0000000000000ee0      0x180 ./Drivers/STM32F7xx_HAL_Driver/Src/stm32f7xx_hal_sai.o
 .debug_ranges  0x0000000000001060      0x250 ./Drivers/STM32F7xx_HAL_Driver/Src/stm32f7xx_hal_uart.o

.debug_macro    0x0000000000000000    0x29987
 .debug_macro   0x0000000000000000      0x2bb ./Core/Src/fonts.o
 .debug_macro   0x00000000000002bb      0xac0 ./Core/Src/fonts.o
 .debug_macro   0x0000000000000d7b      0x299 ./Core/Src/fonts.o
 .debug_macro   0x0000000000001014       0x2e ./Core/Src/fonts.o
 .debug_macro   0x0000000000001042       0x3b ./Core/Src/fonts.o
 .debug_macro   0x000000000000107d       0x22 ./Core/Src/fonts.o
 .debug_macro   0x000000000000109f       0x8e ./Core/Src/fonts.o
 .debug_macro   0x000000000000112d       0x51 ./Core/Src/fonts.o
 .debug_macro   0x000000000000117e      0x103 ./Core/Src/fonts.o
 .debug_macro   0x0000000000001281       0x6a ./Core/Src/fonts.o
 .debug_macro   0x00000000000012eb      0x1df ./Core/Src/fonts.o
 .debug_macro   0x00000000000014ca       0x1c ./Core/Src/fonts.o
 .debug_macro   0x00000000000014e6       0x22 ./Core/Src/fonts.o
 .debug_macro   0x0000000000001508       0xdf ./Core/Src/fonts.o
 .debug_macro   0x00000000000015e7     0x12cd ./Core/Src/fonts.o
 .debug_macro   0x00000000000028b4      0x11f ./Core/Src/fonts.o
 .debug_macro   0x00000000000029d3       0x19 ./Core/Src/fonts.o
 .debug_macro   0x00000000000029ec    0x1a9cf ./Core/Src/fonts.o
 .debug_macro   0x000000000001d3bb       0x43 ./Core/Src/fonts.o
 .debug_macro   0x000000000001d3fe     0x36c9 ./Core/Src/fonts.o
 .debug_macro   0x0000000000020ac7      0x174 ./Core/Src/fonts.o
 .debug_macro   0x0000000000020c3b       0x63 ./Core/Src/fonts.o
 .debug_macro   0x0000000000020c9e     0x1add ./Core/Src/fonts.o
 .debug_macro   0x000000000002277b      0x6c4 ./Core/Src/fonts.o
 .debug_macro   0x0000000000022e3f      0x18b ./Core/Src/fonts.o
 .debug_macro   0x0000000000022fca      0x117 ./Core/Src/fonts.o
 .debug_macro   0x00000000000230e1      0x26f ./Core/Src/fonts.o
 .debug_macro   0x0000000000023350       0x27 ./Core/Src/fonts.o
 .debug_macro   0x0000000000023377      0x24f ./Core/Src/fonts.o
 .debug_macro   0x00000000000235c6       0x71 ./Core/Src/fonts.o
 .debug_macro   0x0000000000023637       0x58 ./Core/Src/fonts.o
 .debug_macro   0x000000000002368f      0x236 ./Core/Src/fonts.o
 .debug_macro   0x00000000000238c5      0x14f ./Core/Src/fonts.o
 .debug_macro   0x0000000000023a14      0x3dc ./Core/Src/fonts.o
 .debug_macro   0x0000000000023df0       0x12 ./Core/Src/fonts.o
 .debug_macro   0x0000000000023e02      0x22c ./Core/Src/fonts.o
 .debug_macro   0x000000000002402e       0x61 ./Core/Src/fonts.o
 .debug_macro   0x000000000002408f       0xa5 ./Core/Src/fonts.o
 .debug_macro   0x0000000000024134      0x1d8 ./Core/Src/fonts.o
 .debug_macro   0x000000000002430c      0x12f ./Core/Src/fonts.o
 .debug_macro   0x000000000002443b      0x108 ./Core/Src/fonts.o
 .debug_macro   0x0000000000024543       0x35 ./Core/Src/fonts.o
 .debug_macro   0x0000000000024578      0x447 ./Core/Src/fonts.o
 .debug_macro   0x00000000000249bf      0x5a5 ./Core/Src/fonts.o
 .debug_macro   0x0000000000024f64       0x44 ./Core/Src/fonts.o
 .debug_macro   0x0000000000024fa8      0x15c ./Core/Src/fonts.o
 .debug_macro   0x0000000000025104       0x52 ./Core/Src/fonts.o
 .debug_macro   0x0000000000025156       0x17 ./Core/Src/fonts.o
 .debug_macro   0x000000000002516d       0x3c ./Core/Src/fonts.o
 .debug_macro   0x00000000000251a9       0x34 ./Core/Src/fonts.o
 .debug_macro   0x00000000000251dd       0x16 ./Core/Src/fonts.o
 .debug_macro   0x00000000000251f3       0x43 ./Core/Src/fonts.o
 .debug_macro   0x0000000000025236       0x34 ./Core/Src/fonts.o
 .debug_macro   0x000000000002526a       0x10 ./Core/Src/fonts.o