Archive member included to satisfy reference by file (symbol)

c:/st/stm32cubeide_1.7.0/stm32cubeide/plugins/com.st.stm32cube.ide.mcu.externaltools.gnu-tools-for-stm32.9-2020-q2-update.win32_2.0.0.202105311346/tools/bin/../lib/gcc/arm-none-eabi/9.3.1/../../../../arm-none-eabi/lib/thumb/v7e-m+dp/hard\libc_nano.a(lib_a-errno.o)
                              ./Core/Src/syscalls.o (__errno)
c:/st/stm32cubeide_1.7.0/stm32cubeide/plugins/com.st.stm32cube.ide.mcu.externaltools.gnu-tools-for-stm32.9-2020-q2-update.win32_2.0.0.202105311346/tools/bin/../lib/gcc/arm-none-eabi/9.3.1/../../../../arm-none-eabi/lib/thumb/v7e-m+dp/hard\libc_nano.a(lib_a-exit.o)
                              c:/st/stm32cubeide_1.7.0/stm32cubeide/plugins/com.st.stm32cube.ide.mcu.externaltools.gnu-tools-for-stm32.9-2020-q2-update.win32_2.0.0.202105311346/tools/bin/../lib/gcc/arm-none-eabi/9.3.1/../../../../arm-none-eabi/lib/thumb/v7e-m+dp/hard/crt0.o (exit)
c:/st/stm32cubeide_1.7.0/stm32cubeide/plugins/com.st.stm32cube.ide.mcu.externaltools.gnu-tools-for-stm32.9-2020-q2-update.win32_2.0.0.202105311346/tools/bin/../lib/gcc/arm-none-eabi/9.3.1/../../../../arm-none-eabi/lib/thumb/v7e-m+dp/hard\libc_nano.a(lib_a-impure.o)
                              c:/st/stm32cubeide_1.7.0/stm32cubeide/plugins/com.st.stm32cube.ide.mcu.externaltools.gnu-tools-for-stm32.9-2020-q2-update.win32_2.0.0.202105311346/tools/bin/../lib/gcc/arm-none-eabi/9.3.1/../../../../arm-none-eabi/lib/thumb/v7e-m+dp/hard\libc_nano.a(lib_a-exit.o) (_global_impure_ptr)
c:/st/stm32cubeide_1.7.0/stm32cubeide/plugins/com.st.stm32cube.ide.mcu.externaltools.gnu-tools-for-stm32.9-2020-q2-update.win32_2.0.0.202105311346/tools/bin/../lib/gcc/arm-none-eabi/9.3.1/../../../../arm-none-eabi/lib/thumb/v7e-m+dp/hard\libc_nano.a(lib_a-init.o)
                              c:/st/stm32cubeide_1.7.0/stm32cubeide/plugins/com.st.stm32cube.ide.mcu.externaltools.gnu-tools-for-stm32.9-2020-q2-update.win32_2.0.0.202105311346/tools/bin/../lib/gcc/arm-none-eabi/9.3.1/../../../../arm-none-eabi/lib/thumb/v7e-m+dp/hard/crt0.o (__libc_init_array)
c:/st/stm32cubeide_1.7.0/stm32cubeide/plugins/com.st.stm32cube.ide.mcu.externaltools.gnu-tools-for-stm32.9-2020-q2-update.win32_2.0.0.202105311346/tools/bin/../lib/gcc/arm-none-eabi/9.3.1/../../../../arm-none-eabi/lib/thumb/v7e-m+dp/hard\libc_nano.a(lib_a-malloc.o)
                              ./Core/Src/llist.o (malloc)
c:/st/stm32cubeide_1.7.0/stm32cubeide/plugins/com.st.stm32cube.ide.mcu.externaltools.gnu-tools-for-stm32.9-2020-q2-update.win32_2.0.0.202105311346/tools/bin/../lib/gcc/arm-none-eabi/9.3.1/../../../../arm-none-eabi/lib/thumb/v7e-m+dp/hard\libc_nano.a(lib_a-memset.o)
                              c:/st/stm32cubeide_1.7.0/stm32cubeide/plugins/com.st.stm32cube.ide.mcu.externaltools.gnu-tools-for-stm32.9-2020-q2-update.win32_2.0.0.202105311346/tools/bin/../lib/gcc/arm-none-eabi/9.3.1/../../../../arm-none-eabi/lib/thumb/v7e-m+dp/hard/crt0.o (memset)
c:/st/stm32cubeide_1.7.0/stm32cubeide/plugins/com.st.stm32cube.ide.mcu.externaltools.gnu-tools-for-stm32.9-2020-q2-update.win32_2.0.0.202105311346/tools/bin/../lib/gcc/arm-none-eabi/9.3.1/../../../../arm-none-eabi/lib/thumb/v7e-m+dp/hard\libc_nano.a(lib_a-nano-freer.o)
                              c:/st/stm32cubeide_1.7.0/stm32cubeide/plugins/com.st.stm32cube.ide.mcu.externaltools.gnu-tools-for-stm32.9-2020-q2-update.win32_2.0.0.202105311346/tools/bin/../lib/gcc/arm-none-eabi/9.3.1/../../../../arm-none-eabi/lib/thumb/v7e-m+dp/hard\libc_nano.a(lib_a-malloc.o) (_free_r)
c:/st/stm32cubeide_1.7.0/stm32cubeide/plugins/com.st.stm32cube.ide.mcu.externaltools.gnu-tools-for-stm32.9-2020-q2-update.win32_2.0.0.202105311346/tools/bin/../lib/gcc/arm-none-eabi/9.3.1/../../../../arm-none-eabi/lib/thumb/v7e-m+dp/hard\libc_nano.a(lib_a-nano-mallocr.o)
                              c:/st/stm32cubeide_1.7.0/stm32cubeide/plugins/com.st.stm32cube.ide.mcu.externaltools.gnu-tools-for-stm32.9-2020-q2-update.win32_2.0.0.202105311346/tools/bin/../lib/gcc/arm-none-eabi/9.3.1/../../../../arm-none-eabi/lib/thumb/v7e-m+dp/hard\libc_nano.a(lib_a-malloc.o) (_malloc_r)
c:/st/stm32cubeide_1.7.0/stm32cubeide/plugins/com.st.stm32cube.ide.mcu.externaltools.gnu-tools-for-stm32.9-2020-q2-update.win32_2.0.0.202105311346/tools/bin/../lib/gcc/arm-none-eabi/9.3.1/../../../../arm-none-eabi/lib/thumb/v7e-m+dp/hard\libc_nano.a(lib_a-printf.o)
                              ./Core/Src/llist.o (printf)
c:/st/stm32cubeide_1.7.0/stm32cubeide/plugins/com.st.stm32cube.ide.mcu.externaltools.gnu-tools-for-stm32.9-2020-q2-update.win32_2.0.0.202105311346/tools/bin/../lib/gcc/arm-none-eabi/9.3.1/../../../../arm-none-eabi/lib/thumb/v7e-m+dp/hard\libc_nano.a(lib_a-sbrkr.o)
[...]
Memory Configuration

Name             Origin             Length             Attributes
RAM              0x0000000020000000 0x0000000000080000 xrw
FLASH            0x0000000008000000 0x0000000000200000 xr
*default*        0x0000000000000000 0xffffffffffffffff

Linker script and memory map

LOAD c:/st/stm32cubeide_1.7.0/stm32cubeide/plugins/com.st.stm32cube.ide.mcu.externaltools.gnu-tools-for-stm32.9-2020-q2-update.win32_2.0.0.202105311346/tools/bin/../lib/gcc/arm-none-eabi/9.3.1/thumb/v7e-m+dp/hard/crti.o
LOAD c:/st/stm32cubeide_1.7.0/stm32cubeide/plugins/com.st.stm32cube.ide.mcu.externaltools.gnu-tools-for-stm32.9-2020-q2-update.win32_2.0.0.202105311346/tools/bin/../lib/gcc/arm-none-eabi/9.3.1/thumb/v7e-m+dp/hard/crtbegin.o
LOAD c:/st/stm32cubeide_1.7.0/stm32cubeide/plugins/com.st.stm32cube.ide.mcu.externaltools.gnu-tools-for-stm32.9-2020-q2-update.win32_2.0.0.202105311346/tools/bin/../lib/gcc/arm-none-eabi/9.3.1/../../../../arm-none-eabi/lib/thumb/v7e-m+dp/hard/crt0.o
LOAD ./Core/Src/fonts.o
LOAD ./Core/Src/llist.o
LOAD ./Core/Src/main.o
LOAD ./Core/Src/ssd1306.o
LOAD ./Core/Src/stm32f7xx_hal_msp.o
LOAD ./Core/Src/stm32f7xx_it.o
LOAD ./Core/Src/syscalls.o
LOAD ./Core/Src/sysmem.o
LOAD ./Core/Src/system_stm32f7xx.o
LOAD ./Core/Src/test.o
LOAD ./Core/Startup/startup_stm32f767zitx.o
LOAD ./Drivers/STM32F7xx_HAL_Driver/Src/stm32f7xx_hal.o
LOAD ./Drivers/STM32F7xx_HAL_Driver/Src/stm32f7xx_hal_cortex.o
LOAD ./Drivers/STM32F7xx_HAL_Driver/Src/stm32f7xx_hal_dma.o
LOAD ./Drivers/STM32F7xx_HAL_Driver/Src/stm32f7xx_hal_dma_ex.o
LOAD ./Drivers/STM32F7xx_HAL_Driver/Src/stm32f7xx_hal_exti.o
LOAD ./Drivers/STM32F7xx_HAL_Driver/Src/stm32f7xx_hal_flash.o
LOAD ./Drivers/STM32F7xx_HAL_Driver/Src/stm32f7xx_hal_flash_ex.o
LOAD ./Drivers/STM32F7xx_HAL_Driver/Src/stm32f7xx_hal_gpio.o
LOAD ./Drivers/STM32F7xx_HAL_Driver/Src/stm32f7xx_hal_i2c.o
LOAD ./Drivers/STM32F7xx_HAL_Driver/Src/stm32f7xx_hal_i2c_ex.o
LOAD ./Drivers/STM32F7xx_HAL_Driver/Src/stm32f7xx_hal_i2s.o
LOAD ./Drivers/STM32F7xx_HAL_Driver/Src/stm32f7xx_hal_pwr.o
LOAD ./Drivers/STM32F7xx_HAL_Driver/Src/stm32f7xx_hal_pwr_ex.o
LOAD ./Drivers/STM32F7xx_HAL_Driver/Src/stm32f7xx_hal_rcc.o
LOAD ./Drivers/STM32F7xx_HAL_Driver/Src/stm32f7xx_hal_rcc_ex.o
LOAD ./Drivers/STM32F7xx_HAL_Driver/Src/stm32f7xx_hal_sai.o
LOAD ./Drivers/STM32F7xx_HAL_Driver/Src/stm32f7xx_hal_sai_ex.o
LOAD ./Drivers/STM32F7xx_HAL_Driver/Src/stm32f7xx_hal_tim.o
LOAD ./Drivers/STM32F7xx_HAL_Driver/Src/stm32f7xx_hal_tim_ex.o
LOAD ./Drivers/STM32F7xx_HAL_Driver/Src/stm32f7xx_hal_uart.o
LOAD ./Drivers/STM32F7xx_HAL_Driver/Src/stm32f7xx_hal_uart_ex.o
START GROUP
LOAD c:/st/stm32cubeide_1.7.0/stm32cubeide/plugins/com.st.stm32cube.ide.mcu.externaltools.gnu-tools-for-stm32.9-2020-q2-update.win32_2.0.0.202105311346/tools/bin/../lib/gcc/arm-none-eabi/9.3.1/../../../../arm-none-eabi/lib/thumb/v7e-m+dp/hard\libc_nano.a
LOAD c:/st/stm32cubeide_1.7.0/stm32cubeide/plugins/com.st.stm32cube.ide.mcu.externaltools.gnu-tools-for-stm32.9-2020-q2-update.win32_2.0.0.202105311346/tools/bin/../lib/gcc/arm-none-eabi/9.3.1/../../../../arm-none-eabi/lib/thumb/v7e-m+dp/hard\libm.a
END GROUP
START GROUP
LOAD c:/st/stm32cubeide_1.7.0/stm32cubeide/plugins/com.st.stm32cube.ide.mcu.externaltools.gnu-tools-for-stm32.9-2020-q2-update.win32_2.0.0.202105311346/tools/bin/../lib/gcc/arm-none-eabi/9.3.1/thumb/v7e-m+dp/hard\libgcc.a
LOAD c:/st/stm32cubeide_1.7.0/stm32cubeide/plugins/com.st.stm32cube.ide.mcu.externaltools.gnu-tools-for-stm32.9-2020-q2-update.win32_2.0.0.202105311346/tools/bin/../lib/gcc/arm-none-eabi/9.3.1/../../../../arm-none-eabi/lib/thumb/v7e-m+dp/hard\libc_nano.a
END GROUP
START GROUP
LOAD c:/st/stm32cubeide_1.7.0/stm32cubeide/plugins/com.st.stm32cube.ide.mcu.externaltools.gnu-tools-for-stm32.9-2020-q2-update.win32_2.0.0.202105311346/tools/bin/../lib/gcc/arm-none-eabi/9.3.1/thumb/v7e-m+dp/hard\libgcc.a
LOAD c:/st/stm32cubeide_1.7.0/stm32cubeide/plugins/com.st.stm32cube.ide.mcu.externaltools.gnu-tools-for-stm32.9-2020-q2-update.win32_2.0.0.202105311346/tools/bin/../lib/gcc/arm-none-eabi/9.3.1/../../../../arm-none-eabi/lib/thumb/v7e-m+dp/hard\libc_nano.a
LOAD c:/st/stm32cubeide_1.7.0/stm32cubeide/plugins/com.st.stm32cube.ide.mcu.externaltools.gnu-tools-for-stm32.9-2020-q2-update.win32_2.0.0.202105311346/tools/bin/../lib/gcc/arm-none-eabi/9.3.1/../../../../arm-none-eabi/lib/thumb/v7e-m+dp/hard\libnosys.a
END GROUP
START GROUP
LOAD c:/st/stm32cubeide_1.7.0/stm32cubeide/plugins/com.st.stm32cube.ide.mcu.externaltools.gnu-tools-for-stm32.9-2020-q2-update.win32_2.0.0.202105311346/tools/bin/../lib/gcc/arm-none-eabi/9.3.1/thumb/v7e-m+dp/hard\libgcc.a
LOAD c:/st/stm32cubeide_1.7.0/stm32cubeide/plugins/com.st.stm32cube.ide.mcu.externaltools.gnu-tools-for-stm32.9-2020-q2-update.win32_2.0.0.202105311346/tools/bin/../lib/gcc/arm-none-eabi/9.3.1/../../../../arm-none-eabi/lib/thumb/v7e-m+dp/hard\libc_nano.a
LOAD c:/st/stm32cubeide_1.7.0/stm32cubeide/plugins/com.st.stm32cube.ide.mcu.externaltools.gnu-tools-for-stm32.9-2020-q2-update.win32_2.0.0.202105311346/tools/bin/../lib/gcc/arm-none-eabi/9.3.1/../../../../arm-none-eabi/lib/thumb/v7e-m+dp/hard\libnosys.a
END GROUP
LOAD c:/st/stm32cubeide_1.7.0/stm32cubeide/plugins/com.st.stm32cube.ide.mcu.externaltools.gnu-tools-for-stm32.9-2020-q2-update.win32_2.0.0.202105311346/tools/bin/../lib/gcc/arm-none-eabi/9.3.1/thumb/v7e-m+dp/hard/crtend.o
LOAD c:/st/stm32cubeide_1.7.0/stm32cubeide/plugins/com.st.stm32cube.ide.mcu.externaltools.gnu-tools-for-stm32.9-2020-q2-update.win32_2.0.0.202105311346/tools/bin/../lib/gcc/arm-none-eabi/9.3.1/thumb/v7e-m+dp/hard/crtn.o
                0x0000000020080000                _estack = (ORIGIN (RAM) + LENGTH (RAM))
                0x0000000000000200                _Min_Heap_Size = 0x200
                0x0000000000000400                _Min_Stack_Size = 0x400

.isr_vector     0x0000000008000000      0x1f8
                0x0000000008000000                . = ALIGN (0x4)
 *(.isr_vector)
 .isr_vector    0x0000000008000000      0x1f8 ./Core/Startup/startup_stm32f767zitx.o
                0x0000000008000000                g_pfnVectors
                0x00000000080001f8                . = ALIGN (0x4)

.text           0x00000000080001f8     0x655c
                0x00000000080001f8                . = ALIGN (0x4)
 *(.text)
 .text          0x00000000080001f8       0x40 c:/st/stm32cubeide_1.7.0/stm32cubeide/plugins/com.st.stm32cube.ide.mcu.externaltools.gnu-tools-for-stm32.9-2020-q2-update.win32_2.0.0.202105311346/tools/bin/../lib/gcc/arm-none-eabi/9.3.1/thumb/v7e-m+dp/hard/crtbegin.o
 .text          0x0000000008000238       0x30 c:/st/stm32cubeide_1.7.0/stm32cubeide/plugins/com.st.stm32cube.ide.mcu.externaltools.gnu-tools-for-stm32.9-2020-q2-update.win32_2.0.0.202105311346/tools/bin/../lib/gcc/arm-none-eabi/9.3.1/thumb/v7e-m+dp/hard\libgcc.a(_aeabi_uldivmod.o)
                0x0000000008000238                __aeabi_uldivmod
 .text          0x0000000008000268      0x2c4 c:/st/stm32cubeide_1.7.0/stm32cubeide/plugins/com.st.stm32cube.ide.mcu.externaltools.gnu-tools-for-stm32.9-2020-q2-update.win32_2.0.0.202105311346/tools/bin/../lib/gcc/arm-none-eabi/9.3.1/thumb/v7e-m+dp/hard\libgcc.a(_udivmoddi4.o)
                0x0000000008000268                __udivmoddi4
 .text          0x000000000800052c        0x4 c:/st/stm32cubeide_1.7.0/stm32cubeide/plugins/com.st.stm32cube.ide.mcu.externaltools.gnu-tools-for-stm32.9-2020-q2-update.win32_2.0.0.202105311346/tools/bin/../lib/gcc/arm-none-eabi/9.3.1/thumb/v7e-m+dp/hard\libgcc.a(_dvmd_tls.o)
                0x000000000800052c                __aeabi_idiv0
                0x000000000800052c                __aeabi_ldiv0
 *(.text*)
 .text.add_note_last
                0x0000000008000530       0x5a ./Core/Src/llist.o
                0x0000000008000530                add_note_last
 .text.delete_note
                0x000000000800058a       0x5a ./Core/Src/llist.o
                0x000000000800058a                delete_note
 .text.get_last_note
                0x00000000080005e4       0x34 ./Core/Src/llist.o
                0x00000000080005e4                get_last_note
 .text.main     0x0000000008000618      0x12c ./Core/Src/main.o
                0x0000000008000618                main
 .text.SystemClock_Config
                0x0000000008000744      0x164 ./Core/Src/main.o
                0x0000000008000744                SystemClock_Config
 .text.MX_I2C2_Init
                0x00000000080008a8       0x80 ./Core/Src/main.o
 .text.MX_I2S1_Init
                0x0000000008000928       0x54 ./Core/Src/main.o
 .text.MX_SAI1_Init
                0x000000000800097c       0x6c ./Core/Src/main.o
 .text.MX_UART4_Init
                0x00000000080009e8       0x60 ./Core/Src/main.o
 .text.MX_DMA_Init
                0x0000000008000a48       0x64 ./Core/Src/main.o
 .text.MX_GPIO_Init
                0x0000000008000aac       0xc4 ./Core/Src/main.o
 .text.HAL_SAI_TxHalfCpltCallback
                0x0000000008000b70       0x16 ./Core/Src/main.o
                0x0000000008000b70                HAL_SAI_TxHalfCpltCallback
 .text.HAL_SAI_TxCpltCallback
                0x0000000008000b86       0x18 ./Core/Src/main.o
                0x0000000008000b86                HAL_SAI_TxCpltCallback
 .text.DMA_GetCurrDataCounter
                0x0000000008000b9e       0x1a ./Core/Src/main.o
                0x0000000008000b9e                DMA_GetCurrDataCounter
 .text.MIDI_GetNbNewBytes
                0x0000000008000bb8       0x5c ./Core/Src/main.o
                0x0000000008000bb8                MIDI_GetNbNewBytes
 .text.processBuffer
                0x0000000008000c14      0x448 ./Core/Src/main.o
                0x0000000008000c14                processBuffer
 .text.setParams
                0x000000000800105c      0x2f8 ./Core/Src/main.o
                0x000000000800105c                setParams
 .text.HAL_UART_RxHalfCpltCallback
                0x0000000008001354       0x14 ./Core/Src/main.o
                0x0000000008001354                HAL_UART_RxHalfCpltCallback
 .text.HAL_UART_RxCpltCallback
                0x0000000008001368       0x14 ./Core/Src/main.o
                0x0000000008001368                HAL_UART_RxCpltCallback
 .text.calcSynth
                0x000000000800137c      0x44c ./Core/Src/main.o
                0x000000000800137c                calcSynth
 .text.make_sound
                0x00000000080017c8       0x70 ./Core/Src/main.o
                0x00000000080017c8                make_sound
 .text.Error_Handler
                0x0000000008001838        0xa ./Core/Src/main.o
                0x0000000008001838                Error_Handler
 *fill*         0x0000000008001842        0x2 
 .text.SSD1306_Init
                0x0000000008001844      0x188 ./Core/Src/ssd1306.o
                0x0000000008001844                SSD1306_Init
 .text.SSD1306_UpdateScreen
                0x00000000080019cc       0x5c ./Core/Src/ssd1306.o
                0x00000000080019cc                SSD1306_UpdateScreen
 .text.SSD1306_Fill
                0x0000000008001a28       0x30 ./Core/Src/ssd1306.o
                0x0000000008001a28                SSD1306_Fill
 .text.SSD1306_DrawPixel
                0x0000000008001a58       0xc0 ./Core/Src/ssd1306.o
                0x0000000008001a58                SSD1306_DrawPixel
 .text.SSD1306_GotoXY
                0x0000000008001b18       0x2c ./Core/Src/ssd1306.o
                0x0000000008001b18                SSD1306_GotoXY
 .text.SSD1306_Putc
                0x0000000008001b44      0x100 ./Core/Src/ssd1306.o
                0x0000000008001b44                SSD1306_Putc
 .text.SSD1306_Puts
                0x0000000008001c44       0x4a ./Core/Src/ssd1306.o
                0x0000000008001c44                SSD1306_Puts
 .text.SSD1306_Clear
                0x0000000008001c8e       0x12 ./Core/Src/ssd1306.o
                0x0000000008001c8e                SSD1306_Clear
 .text.ssd1306_I2C_Init
                0x0000000008001ca0       0x2c ./Core/Src/ssd1306.o
                0x0000000008001ca0                ssd1306_I2C_Init
 .text.ssd1306_I2C_WriteMulti
                0x0000000008001ccc       0x90 ./Core/Src/ssd1306.o
                0x0000000008001ccc                ssd1306_I2C_WriteMulti
 .text.ssd1306_I2C_Write
                0x0000000008001d5c       0x3c ./Core/Src/ssd1306.o
                0x0000000008001d5c                ssd1306_I2C_Write
 .text.SSD1306_Menu
                0x0000000008001d98       0x8c ./Core/Src/ssd1306.o
                0x0000000008001d98                SSD1306_Menu
 .text.HAL_MspInit
                0x0000000008001e24       0x48 ./Core/Src/stm32f7xx_hal_msp.o
                0x0000000008001e24                HAL_MspInit
 .text.HAL_I2C_MspInit
                0x0000000008001e6c       0x88 ./Core/Src/stm32f7xx_hal_msp.o
                0x0000000008001e6c                HAL_I2C_MspInit
 .text.HAL_I2S_MspInit
                0x0000000008001ef4       0x88 ./Core/Src/stm32f7xx_hal_msp.o
                0x0000000008001ef4                HAL_I2S_MspInit
 .text.HAL_UART_MspInit
                0x0000000008001f7c      0x12c ./Core/Src/stm32f7xx_hal_msp.o
                0x0000000008001f7c                HAL_UART_MspInit
 .text.HAL_SAI_MspInit
                0x00000000080020a8       0xe8 ./Core/Src/stm32f7xx_hal_msp.o
                0x00000000080020a8                HAL_SAI_MspInit
 .text.NMI_Handler
                0x0000000008002190        0x6 ./Core/Src/stm32f7xx_it.o
                0x0000000008002190                NMI_Handler
 .text.HardFault_Handler
                0x0000000008002196        0x6 ./Core/Src/stm32f7xx_it.o
                0x0000000008002196                HardFault_Handler
 .text.MemManage_Handler
                0x000000000800219c        0x6 ./Core/Src/stm32f7xx_it.o
                0x000000000800219c                MemManage_Handler
 .text.BusFault_Handler
                0x00000000080021a2        0x6 ./Core/Src/stm32f7xx_it.o
                0x00000000080021a2                BusFault_Handler
 .text.UsageFault_Handler
                0x00000000080021a8        0x6 ./Core/Src/stm32f7xx_it.o
                0x00000000080021a8                UsageFault_Handler
 .text.SVC_Handler
                0x00000000080021ae        0xe ./Core/Src/stm32f7xx_it.o
                0x00000000080021ae                SVC_Handler
 .text.DebugMon_Handler
                0x00000000080021bc        0xe ./Core/Src/stm32f7xx_it.o
                0x00000000080021bc                DebugMon_Handler
 .text.PendSV_Handler
                0x00000000080021ca        0xe ./Core/Src/stm32f7xx_it.o
                0x00000000080021ca                PendSV_Handler
 .text.SysTick_Handler
                0x00000000080021d8        0xc ./Core/Src/stm32f7xx_it.o
                0x00000000080021d8                SysTick_Handler
 .text.DMA1_Stream2_IRQHandler
                0x00000000080021e4       0x14 ./Core/Src/stm32f7xx_it.o
                0x00000000080021e4                DMA1_Stream2_IRQHandler
 .text.DMA2_Stream1_IRQHandler
                0x00000000080021f8       0x14 ./Core/Src/stm32f7xx_it.o
                0x00000000080021f8                DMA2_Stream1_IRQHandler
 .text._sbrk    0x000000000800220c       0x6c ./Core/Src/sysmem.o
                0x000000000800220c                _sbrk
 .text.SystemInit
                0x0000000008002278       0x24 ./Core/Src/system_stm32f7xx.o
                0x0000000008002278                SystemInit
 .text.Reset_Handler
                0x000000000800229c       0x50 ./Core/Startup/startup_stm32f767zitx.o
                0x000000000800229c                Reset_Handler
 .text.Default_Handler
                0x00000000080022ec        0x2 ./Core/Startup/startup_stm32f767zitx.o
                0x00000000080022ec                RTC_Alarm_IRQHandler
                0x00000000080022ec                EXTI2_IRQHandler
                0x00000000080022ec                TIM8_CC_IRQHandler
                0x00000000080022ec                UART8_IRQHandler
                0x00000000080022ec                SPI4_IRQHandler
                0x00000000080022ec                TIM1_CC_IRQHandler
                0x00000000080022ec                DMA2_Stream5_IRQHandler
                0x00000000080022ec                JPEG_IRQHandler
                0x00000000080022ec                DMA1_Stream5_IRQHandler
                0x00000000080022ec                CAN3_RX1_IRQHandler
                0x00000000080022ec                PVD_IRQHandler
                0x00000000080022ec                TAMP_STAMP_IRQHandler
                0x00000000080022ec                CAN2_RX1_IRQHandler
                0x00000000080022ec                EXTI3_IRQHandler
                0x00000000080022ec                TIM8_TRG_COM_TIM14_IRQHandler
                0x00000000080022ec                DFSDM1_FLT1_IRQHandler
                0x00000000080022ec                TIM1_UP_TIM10_IRQHandler
                0x00000000080022ec                TIM8_UP_TIM13_IRQHandler
                0x00000000080022ec                I2C3_ER_IRQHandler
                0x00000000080022ec                DFSDM1_FLT2_IRQHandler
                0x00000000080022ec                EXTI0_IRQHandler
                0x00000000080022ec                I2C2_EV_IRQHandler
                0x00000000080022ec                CAN1_RX0_IRQHandler
                0x00000000080022ec                FPU_IRQHandler
                0x00000000080022ec                OTG_HS_WKUP_IRQHandler
                0x00000000080022ec                CAN3_SCE_IRQHandler
                0x00000000080022ec                LTDC_ER_IRQHandler
                0x00000000080022ec                CAN2_SCE_IRQHandler
                0x00000000080022ec                DMA2_Stream2_IRQHandler
                0x00000000080022ec                SPI1_IRQHandler
                0x00000000080022ec                TIM6_DAC_IRQHandler
                0x00000000080022ec                TIM1_BRK_TIM9_IRQHandler
                0x00000000080022ec                DCMI_IRQHandler
                0x00000000080022ec                CAN2_RX0_IRQHandler
                0x00000000080022ec                DMA2_Stream3_IRQHandler
                0x00000000080022ec                SAI2_IRQHandler
                0x00000000080022ec                DFSDM1_FLT3_IRQHandler
                0x00000000080022ec                USART6_IRQHandler
                0x00000000080022ec                CAN3_RX0_IRQHandler
                0x00000000080022ec                USART3_IRQHandler
                0x00000000080022ec                CAN1_RX1_IRQHandler
                0x00000000080022ec                UART5_IRQHandler
                0x00000000080022ec                DMA2_Stream0_IRQHandler
                0x00000000080022ec                TIM4_IRQHandler
                0x00000000080022ec                QUADSPI_IRQHandler
                0x00000000080022ec                I2C1_EV_IRQHandler
                0x00000000080022ec                DMA1_Stream6_IRQHandler
                0x00000000080022ec                DMA1_Stream1_IRQHandler
                0x00000000080022ec                UART4_IRQHandler
                0x00000000080022ec                TIM3_IRQHandler
                0x00000000080022ec                RCC_IRQHandler
                0x00000000080022ec                TIM8_BRK_TIM12_IRQHandler
                0x00000000080022ec                Default_Handler
                0x00000000080022ec                CEC_IRQHandler
                0x00000000080022ec                EXTI15_10_IRQHandler
                0x00000000080022ec                ADC_IRQHandler
                0x00000000080022ec                DMA1_Stream7_IRQHandler
                0x00000000080022ec                SPI5_IRQHandler
                0x00000000080022ec                TIM7_IRQHandler
                0x00000000080022ec                SDMMC1_IRQHandler
                0x00000000080022ec                CAN2_TX_IRQHandler
                0x00000000080022ec                TIM5_IRQHandler
                0x00000000080022ec                DMA2_Stream7_IRQHandler
                0x00000000080022ec                I2C3_EV_IRQHandler
                0x00000000080022ec                EXTI9_5_IRQHandler
                0x00000000080022ec                RTC_WKUP_IRQHandler
                0x00000000080022ec                LTDC_IRQHandler
                0x00000000080022ec                ETH_WKUP_IRQHandler
                0x00000000080022ec                SPDIF_RX_IRQHandler
                0x00000000080022ec                SPI2_IRQHandler
                0x00000000080022ec                OTG_HS_EP1_IN_IRQHandler
                0x00000000080022ec                DMA1_Stream0_IRQHandler
                0x00000000080022ec                CAN1_TX_IRQHandler
                0x00000000080022ec                EXTI4_IRQHandler
                0x00000000080022ec                RNG_IRQHandler
                0x00000000080022ec                ETH_IRQHandler
                0x00000000080022ec                OTG_HS_EP1_OUT_IRQHandler
                0x00000000080022ec                WWDG_IRQHandler
                0x00000000080022ec                SPI6_IRQHandler
                0x00000000080022ec                MDIOS_IRQHandler
                0x00000000080022ec                I2C4_EV_IRQHandler
                0x00000000080022ec                CAN3_TX_IRQHandler
                0x00000000080022ec                TIM2_IRQHandler
                0x00000000080022ec                OTG_FS_WKUP_IRQHandler
                0x00000000080022ec                TIM1_TRG_COM_TIM11_IRQHandler
                0x00000000080022ec                OTG_HS_IRQHandler
                0x00000000080022ec                DMA2D_IRQHandler
                0x00000000080022ec                EXTI1_IRQHandler
                0x00000000080022ec                SDMMC2_IRQHandler
                0x00000000080022ec                UART7_IRQHandler
                0x00000000080022ec                USART2_IRQHandler
                0x00000000080022ec                DFSDM1_FLT0_IRQHandler
                0x00000000080022ec                I2C2_ER_IRQHandler
                0x00000000080022ec                CAN1_SCE_IRQHandler
                0x00000000080022ec                FLASH_IRQHandler
                0x00000000080022ec                DMA2_Stream4_IRQHandler
                0x00000000080022ec                USART1_IRQHandler
                0x00000000080022ec                OTG_FS_IRQHandler
                0x00000000080022ec                SPI3_IRQHandler
                0x00000000080022ec                DMA1_Stream4_IRQHandler
                0x00000000080022ec                I2C1_ER_IRQHandler
                0x00000000080022ec                FMC_IRQHandler
                0x00000000080022ec                LPTIM1_IRQHandler
                0x00000000080022ec                I2C4_ER_IRQHandler
                0x00000000080022ec                DMA2_Stream6_IRQHandler
                0x00000000080022ec                SAI1_IRQHandler
                0x00000000080022ec                DMA1_Stream3_IRQHandler
 .text.HAL_Init
                0x00000000080022ee       0x1a ./Drivers/STM32F7xx_HAL_Driver/Src/stm32f7xx_hal.o
                0x00000000080022ee                HAL_Init
 .text.HAL_InitTick
                0x0000000008002308       0x60 ./Drivers/STM32F7xx_HAL_Driver/Src/stm32f7xx_hal.o
                0x0000000008002308                HAL_InitTick
 .text.HAL_IncTick
                0x0000000008002368       0x28 ./Drivers/STM32F7xx_HAL_Driver/Src/stm32f7xx_hal.o
                0x0000000008002368                HAL_IncTick
 .text.HAL_GetTick
                0x0000000008002390       0x18 ./Drivers/STM32F7xx_HAL_Driver/Src/stm32f7xx_hal.o
                0x0000000008002390                HAL_GetTick
 .text.__NVIC_SetPriorityGrouping
                0x00000000080023a8       0x48 ./Drivers/STM32F7xx_HAL_Driver/Src/stm32f7xx_hal_cortex.o
 .text.__NVIC_GetPriorityGrouping
                0x00000000080023f0       0x1c ./Drivers/STM32F7xx_HAL_Driver/Src/stm32f7xx_hal_cortex.o
 .text.__NVIC_EnableIRQ
                0x000000000800240c       0x3c ./Drivers/STM32F7xx_HAL_Driver/Src/stm32f7xx_hal_cortex.o
 .text.__NVIC_SetPriority
                0x0000000008002448       0x54 ./Drivers/STM32F7xx_HAL_Driver/Src/stm32f7xx_hal_cortex.o
 .text.NVIC_EncodePriority
                0x000000000800249c       0x66 ./Drivers/STM32F7xx_HAL_Driver/Src/stm32f7xx_hal_cortex.o
 *fill*         0x0000000008002502        0x2 
 .text.SysTick_Config
                0x0000000008002504       0x44 ./Drivers/STM32F7xx_HAL_Driver/Src/stm32f7xx_hal_cortex.o
 .text.HAL_NVIC_SetPriorityGrouping
                0x0000000008002548       0x16 ./Drivers/STM32F7xx_HAL_Driver/Src/stm32f7xx_hal_cortex.o
                0x0000000008002548                HAL_NVIC_SetPriorityGrouping
 .text.HAL_NVIC_SetPriority
                0x000000000800255e       0x38 ./Drivers/STM32F7xx_HAL_Driver/Src/stm32f7xx_hal_cortex.o
                0x000000000800255e                HAL_NVIC_SetPriority
 .text.HAL_NVIC_EnableIRQ
                0x0000000008002596       0x1c ./Drivers/STM32F7xx_HAL_Driver/Src/stm32f7xx_hal_cortex.o
                0x0000000008002596                HAL_NVIC_EnableIRQ
 .text.HAL_SYSTICK_Config
                0x00000000080025b2       0x18 ./Drivers/STM32F7xx_HAL_Driver/Src/stm32f7xx_hal_cortex.o
                0x00000000080025b2                HAL_SYSTICK_Config
 *fill*         0x00000000080025ca        0x2 
 .text.HAL_DMA_Init
                0x00000000080025cc      0x15c ./Drivers/STM32F7xx_HAL_Driver/Src/stm32f7xx_hal_dma.o
                0x00000000080025cc                HAL_DMA_Init
 .text.HAL_DMA_Start_IT
                0x0000000008002728       0xc0 ./Drivers/STM32F7xx_HAL_Driver/Src/stm32f7xx_hal_dma.o
                0x0000000008002728                HAL_DMA_Start_IT
 .text.HAL_DMA_IRQHandler
                0x00000000080027e8      0x314 ./Drivers/STM32F7xx_HAL_Driver/Src/stm32f7xx_hal_dma.o
                0x00000000080027e8                HAL_DMA_IRQHandler
 .text.DMA_SetConfig
                0x0000000008002afc       0x5c ./Drivers/STM32F7xx_HAL_Driver/Src/stm32f7xx_hal_dma.o
 .text.DMA_CalcBaseAndBitshift
                0x0000000008002b58       0x6c ./Drivers/STM32F7xx_HAL_Driver/Src/stm32f7xx_hal_dma.o
 .text.DMA_CheckFifoParam
                0x0000000008002bc4       0xf8 ./Drivers/STM32F7xx_HAL_Driver/Src/stm32f7xx_hal_dma.o
 .text.HAL_GPIO_Init
                0x0000000008002cbc      0x358 ./Drivers/STM32F7xx_HAL_Driver/Src/stm32f7xx_hal_gpio.o
                0x0000000008002cbc                HAL_GPIO_Init
 .text.HAL_GPIO_WritePin
                0x0000000008003014       0x32 ./Drivers/STM32F7xx_HAL_Driver/Src/stm32f7xx_hal_gpio.o
                0x0000000008003014                HAL_GPIO_WritePin
 *fill*         0x0000000008003046        0x2 
 .text.HAL_I2C_Init
                0x0000000008003048      0x120 ./Drivers/STM32F7xx_HAL_Driver/Src/stm32f7xx_hal_i2c.o
                0x0000000008003048                HAL_I2C_Init
 .text.HAL_I2C_Master_Transmit
                0x0000000008003168      0x1e8 ./Drivers/STM32F7xx_HAL_Driver/Src/stm32f7xx_hal_i2c.o
                0x0000000008003168                HAL_I2C_Master_Transmit
 .text.HAL_I2C_IsDeviceReady
                0x0000000008003350      0x210 ./Drivers/STM32F7xx_HAL_Driver/Src/stm32f7xx_hal_i2c.o
                0x0000000008003350                HAL_I2C_IsDeviceReady
 .text.I2C_Flush_TXDR
                0x0000000008003560       0x48 ./Drivers/STM32F7xx_HAL_Driver/Src/stm32f7xx_hal_i2c.o
 .text.I2C_WaitOnFlagUntilTimeout
                0x00000000080035a8       0x80 ./Drivers/STM32F7xx_HAL_Driver/Src/stm32f7xx_hal_i2c.o
 .text.I2C_WaitOnTXISFlagUntilTimeout
                0x0000000008003628       0x80 ./Drivers/STM32F7xx_HAL_Driver/Src/stm32f7xx_hal_i2c.o
 .text.I2C_WaitOnSTOPFlagUntilTimeout
                0x00000000080036a8       0x78 ./Drivers/STM32F7xx_HAL_Driver/Src/stm32f7xx_hal_i2c.o
 .text.I2C_IsAcknowledgeFailed
                0x0000000008003720       0xcc ./Drivers/STM32F7xx_HAL_Driver/Src/stm32f7xx_hal_i2c.o
 .text.I2C_TransferConfig
                0x00000000080037ec       0x5c ./Drivers/STM32F7xx_HAL_Driver/Src/stm32f7xx_hal_i2c.o
 .text.HAL_I2CEx_ConfigAnalogFilter
                0x0000000008003848       0x96 ./Drivers/STM32F7xx_HAL_Driver/Src/stm32f7xx_hal_i2c_ex.o
                0x0000000008003848                HAL_I2CEx_ConfigAnalogFilter
 .text.HAL_I2CEx_ConfigDigitalFilter
                0x00000000080038de       0x98 ./Drivers/STM32F7xx_HAL_Driver/Src/stm32f7xx_hal_i2c_ex.o
                0x00000000080038de                HAL_I2CEx_ConfigDigitalFilter
 *fill*         0x0000000008003976        0x2 
 .text.HAL_I2S_Init
                0x0000000008003978      0x1cc ./Drivers/STM32F7xx_HAL_Driver/Src/stm32f7xx_hal_i2s.o
                0x0000000008003978                HAL_I2S_Init
 .text.I2S_GetClockFreq
                0x0000000008003b44       0x98 ./Drivers/STM32F7xx_HAL_Driver/Src/stm32f7xx_hal_i2s.o
 .text.HAL_PWREx_EnableOverDrive
                0x0000000008003bdc       0xa0 ./Drivers/STM32F7xx_HAL_Driver/Src/stm32f7xx_hal_pwr_ex.o
                0x0000000008003bdc                HAL_PWREx_EnableOverDrive
 .text.HAL_RCC_OscConfig
                0x0000000008003c7c      0x55c ./Drivers/STM32F7xx_HAL_Driver/Src/stm32f7xx_hal_rcc.o
                0x0000000008003c7c                HAL_RCC_OscConfig
 .text.HAL_RCC_ClockConfig
                0x00000000080041d8      0x1d8 ./Drivers/STM32F7xx_HAL_Driver/Src/stm32f7xx_hal_rcc.o
                0x00000000080041d8                HAL_RCC_ClockConfig
 .text.HAL_RCC_GetSysClockFreq
                0x00000000080043b0      0x16c ./Drivers/STM32F7xx_HAL_Driver/Src/stm32f7xx_hal_rcc.o
                0x00000000080043b0                HAL_RCC_GetSysClockFreq
 .text.HAL_RCC_GetHCLKFreq
                0x000000000800451c       0x18 ./Drivers/STM32F7xx_HAL_Driver/Src/stm32f7xx_hal_rcc.o
                0x000000000800451c                HAL_RCC_GetHCLKFreq
 .text.HAL_RCC_GetPCLK1Freq
                0x0000000008004534       0x28 ./Drivers/STM32F7xx_HAL_Driver/Src/stm32f7xx_hal_rcc.o
                0x0000000008004534                HAL_RCC_GetPCLK1Freq
 .text.HAL_RCC_GetPCLK2Freq
                0x000000000800455c       0x28 ./Drivers/STM32F7xx_HAL_Driver/Src/stm32f7xx_hal_rcc.o
                0x000000000800455c                HAL_RCC_GetPCLK2Freq
 .text.HAL_RCCEx_PeriphCLKConfig
                0x0000000008004584      0x850 ./Drivers/STM32F7xx_HAL_Driver/Src/stm32f7xx_hal_rcc_ex.o
                0x0000000008004584                HAL_RCCEx_PeriphCLKConfig
 .text.HAL_RCCEx_GetPeriphCLKFreq
                0x0000000008004dd4      0x2e4 ./Drivers/STM32F7xx_HAL_Driver/Src/stm32f7xx_hal_rcc_ex.o
                0x0000000008004dd4                HAL_RCCEx_GetPeriphCLKFreq
 .text.HAL_SAI_InitProtocol
                0x00000000080050b8       0x66 ./Drivers/STM32F7xx_HAL_Driver/Src/stm32f7xx_hal_sai.o
                0x00000000080050b8                HAL_SAI_InitProtocol
 *fill*         0x000000000800511e        0x2 
 .text.HAL_SAI_Init
                0x0000000008005120      0x2fc ./Drivers/STM32F7xx_HAL_Driver/Src/stm32f7xx_hal_sai.o
                0x0000000008005120                HAL_SAI_Init
 .text.HAL_SAI_Transmit_DMA
                0x000000000800541c      0x160 ./Drivers/STM32F7xx_HAL_Driver/Src/stm32f7xx_hal_sai.o
                0x000000000800541c                HAL_SAI_Transmit_DMA
 .text.HAL_SAI_ErrorCallback
                0x000000000800557c       0x14 ./Drivers/STM32F7xx_HAL_Driver/Src/stm32f7xx_hal_sai.o
                0x000000000800557c                HAL_SAI_ErrorCallback
 .text.SAI_InitI2S
                0x0000000008005590      0x15c ./Drivers/STM32F7xx_HAL_Driver/Src/stm32f7xx_hal_sai.o
 .text.SAI_InitPCM
                0x00000000080056ec      0x100 ./Drivers/STM32F7xx_HAL_Driver/Src/stm32f7xx_hal_sai.o
 .text.SAI_InterruptFlag
                0x00000000080057ec       0x6c ./Drivers/STM32F7xx_HAL_Driver/Src/stm32f7xx_hal_sai.o
 .text.SAI_Disable
                0x0000000008005858       0x70 ./Drivers/STM32F7xx_HAL_Driver/Src/stm32f7xx_hal_sai.o
 .text.SAI_DMATxCplt
                0x00000000080058c8       0x60 ./Drivers/STM32F7xx_HAL_Driver/Src/stm32f7xx_hal_sai.o
 .text.SAI_DMATxHalfCplt
                0x0000000008005928       0x1c ./Drivers/STM32F7xx_HAL_Driver/Src/stm32f7xx_hal_sai.o
 .text.SAI_DMAError
                0x0000000008005944       0x66 ./Drivers/STM32F7xx_HAL_Driver/Src/stm32f7xx_hal_sai.o
 .text.HAL_UART_Init
                0x00000000080059aa       0x9c ./Drivers/STM32F7xx_HAL_Driver/Src/stm32f7xx_hal_uart.o
                0x00000000080059aa                HAL_UART_Init
 .text.HAL_UART_Receive_DMA
                0x0000000008005a46       0x7a ./Drivers/STM32F7xx_HAL_Driver/Src/stm32f7xx_hal_uart.o
                0x0000000008005a46                HAL_UART_Receive_DMA
 .text.HAL_UART_ErrorCallback
                0x0000000008005ac0       0x14 ./Drivers/STM32F7xx_HAL_Driver/Src/stm32f7xx_hal_uart.o
                0x0000000008005ac0                HAL_UART_ErrorCallback
 .text.HAL_UARTEx_RxEventCallback
                0x0000000008005ad4       0x18 ./Drivers/STM32F7xx_HAL_Driver/Src/stm32f7xx_hal_uart.o
                0x0000000008005ad4                HAL_UARTEx_RxEventCallback
 .text.UART_SetConfig
                0x0000000008005aec      0x4c4 ./Drivers/STM32F7xx_HAL_Driver/Src/stm32f7xx_hal_uart.o
                0x0000000008005aec                UART_SetConfig
 .text.UART_AdvFeatureConfig
                0x0000000008005fb0      0x144 ./Drivers/STM32F7xx_HAL_Driver/Src/stm32f7xx_hal_uart.o
                0x0000000008005fb0                UART_AdvFeatureConfig
 .text.UART_CheckIdleState
                0x00000000080060f4       0x92 ./Drivers/STM32F7xx_HAL_Driver/Src/stm32f7xx_hal_uart.o
                0x00000000080060f4                UART_CheckIdleState
 .text.UART_WaitOnFlagUntilTimeout
                0x0000000008006186       0xf8 ./Drivers/STM32F7xx_HAL_Driver/Src/stm32f7xx_hal_uart.o
                0x0000000008006186                UART_WaitOnFlagUntilTimeout
 *fill*         0x000000000800627e        0x2 
 .text.UART_Start_Receive_DMA
                0x0000000008006280       0xd8 ./Drivers/STM32F7xx_HAL_Driver/Src/stm32f7xx_hal_uart.o
                0x0000000008006280                UART_Start_Receive_DMA
 .text.UART_EndTxTransfer
                0x0000000008006358       0x2a ./Drivers/STM32F7xx_HAL_Driver/Src/stm32f7xx_hal_uart.o
 .text.UART_EndRxTransfer
                0x0000000008006382       0x5e ./Drivers/STM32F7xx_HAL_Driver/Src/stm32f7xx_hal_uart.o
 .text.UART_DMAReceiveCplt
                0x00000000080063e0       0x94 ./Drivers/STM32F7xx_HAL_Driver/Src/stm32f7xx_hal_uart.o
 .text.UART_DMARxHalfCplt
                0x0000000008006474       0x38 ./Drivers/STM32F7xx_HAL_Driver/Src/stm32f7xx_hal_uart.o
 .text.UART_DMAError
                0x00000000080064ac       0x7c ./Drivers/STM32F7xx_HAL_Driver/Src/stm32f7xx_hal_uart.o
 .text.__errno  0x0000000008006528        0xc c:/st/stm32cubeide_1.7.0/stm32cubeide/plugins/com.st.stm32cube.ide.mcu.externaltools.gnu-tools-for-stm32.9-2020-q2-update.win32_2.0.0.202105311346/tools/bin/../lib/gcc/arm-none-eabi/9.3.1/../../../../arm-none-eabi/lib/thumb/v7e-m+dp/hard\libc_nano.a(lib_a-errno.o)
                0x0000000008006528                __errno
 .text.__libc_init_array
                0x0000000008006534       0x48 c:/st/stm32cubeide_1.7.0/stm32cubeide/plugins/com.st.stm32cube.ide.mcu.externaltools.gnu-tools-for-stm32.9-2020-q2-update.win32_2.0.0.202105311346/tools/bin/../lib/gcc/arm-none-eabi/9.3.1/../../../../arm-none-eabi/lib/thumb/v7e-m+dp/hard\libc_nano.a(lib_a-init.o)
                0x0000000008006534                __libc_init_array
 .text.malloc   0x000000000800657c       0x10 c:/st/stm32cubeide_1.7.0/stm32cubeide/plugins/com.st.stm32cube.ide.mcu.externaltools.gnu-tools-for-stm32.9-2020-q2-update.win32_2.0.0.202105311346/tools/bin/../lib/gcc/arm-none-eabi/9.3.1/../../../../arm-none-eabi/lib/thumb/v7e-m+dp/hard\libc_nano.a(lib_a-malloc.o)
                0x000000000800657c                malloc
 .text.free     0x000000000800658c       0x10 c:/st/stm32cubeide_1.7.0/stm32cubeide/plugins/com.st.stm32cube.ide.mcu.externaltools.gnu-tools-for-stm32.9-2020-q2-update.win32_2.0.0.202105311346/tools/bin/../lib/gcc/arm-none-eabi/9.3.1/../../../../arm-none-eabi/lib/thumb/v7e-m+dp/hard\libc_nano.a(lib_a-malloc.o)
                0x000000000800658c                free
 .text.memset   0x000000000800659c       0x10 c:/st/stm32cubeide_1.7.0/stm32cubeide/plugins/com.st.stm32cube.ide.mcu.externaltools.gnu-tools-for-stm32.9-2020-q2-update.win32_2.0.0.202105311346/tools/bin/../lib/gcc/arm-none-eabi/9.3.1/../../../../arm-none-eabi/lib/thumb/v7e-m+dp/hard\libc_nano.a(lib_a-memset.o)
                0x000000000800659c                memset
 .text._free_r  0x00000000080065ac       0xa0 c:/st/stm32cubeide_1.7.0/stm32cubeide/plugins/com.st.stm32cube.ide.mcu.externaltools.gnu-tools-for-stm32.9-2020-q2-update.win32_2.0.0.202105311346/tools/bin/../lib/gcc/arm-none-eabi/9.3.1/../../../../arm-none-eabi/lib/thumb/v7e-m+dp/hard\libc_nano.a(lib_a-nano-freer.o)
                0x00000000080065ac                _free_r
 .text._malloc_r
                0x000000000800664c       0xb4 c:/st/stm32cubeide_1.7.0/stm32cubeide/plugins/com.st.stm32cube.ide.mcu.externaltools.gnu-tools-for-stm32.9-2020-q2-update.win32_2.0.0.202105311346/tools/bin/../lib/gcc/arm-none-eabi/9.3.1/../../../../arm-none-eabi/lib/thumb/v7e-m+dp/hard\libc_nano.a(lib_a-nano-mallocr.o)
                0x000000000800664c                _malloc_r
 .text._sbrk_r  0x0000000008006700       0x20 c:/st/stm32cubeide_1.7.0/stm32cubeide/plugins/com.st.stm32cube.ide.mcu.externaltools.gnu-tools-for-stm32.9-2020-q2-update.win32_2.0.0.202105311346/tools/bin/../lib/gcc/arm-none-eabi/9.3.1/../../../../arm-none-eabi/lib/thumb/v7e-m+dp/hard\libc_nano.a(lib_a-sbrkr.o)
                0x0000000008006700                _sbrk_r
 .text.__retarget_lock_acquire_recursive
                0x0000000008006720        0x2 c:/st/stm32cubeide_1.7.0/stm32cubeide/plugins/com.st.stm32cube.ide.mcu.externaltools.gnu-tools-for-stm32.9-2020-q2-update.win32_2.0.0.202105311346/tools/bin/../lib/gcc/arm-none-eabi/9.3.1/../../../../arm-none-eabi/lib/thumb/v7e-m+dp/hard\libc_nano.a(lib_a-lock.o)
                0x0000000008006720                __retarget_lock_acquire_recursive
 .text.__retarget_lock_release_recursive
                0x0000000008006722        0x2 c:/st/stm32cubeide_1.7.0/stm32cubeide/plugins/com.st.stm32cube.ide.mcu.externaltools.gnu-tools-for-stm32.9-2020-q2-update.win32_2.0.0.202105311346/tools/bin/../lib/gcc/arm-none-eabi/9.3.1/../../../../arm-none-eabi/lib/thumb/v7e-m+dp/hard\libc_nano.a(lib_a-lock.o)
                0x0000000008006722                __retarget_lock_release_recursive
 .text.__malloc_lock
                0x0000000008006724        0xc c:/st/stm32cubeide_1.7.0/stm32cubeide/plugins/com.st.stm32cube.ide.mcu.externaltools.gnu-tools-for-stm32.9-2020-q2-update.win32_2.0.0.202105311346/tools/bin/../lib/gcc/arm-none-eabi/9.3.1/../../../../arm-none-eabi/lib/thumb/v7e-m+dp/hard\libc_nano.a(lib_a-mlock.o)
                0x0000000008006724                __malloc_lock
 .text.__malloc_unlock
                0x0000000008006730        0xc c:/st/stm32cubeide_1.7.0/stm32cubeide/plugins/com.st.stm32cube.ide.mcu.externaltools.gnu-tools-for-stm32.9-2020-q2-update.win32_2.0.0.202105311346/tools/bin/../lib/gcc/arm-none-eabi/9.3.1/../../../../arm-none-eabi/lib/thumb/v7e-m+dp/hard\libc_nano.a(lib_a-mlock.o)
                0x0000000008006730                __malloc_unlock
 *(.glue_7)
 .glue_7        0x000000000800673c        0x0 linker stubs
 *(.glue_7t)
 .glue_7t       0x000000000800673c        0x0 linker stubs
 *(.eh_frame)
 .eh_frame      0x000000000800673c        0x0 c:/st/stm32cubeide_1.7.0/stm32cubeide/plugins/com.st.stm32cube.ide.mcu.externaltools.gnu-tools-for-stm32.9-2020-q2-update.win32_2.0.0.202105311346/tools/bin/../lib/gcc/arm-none-eabi/9.3.1/thumb/v7e-m+dp/hard/crtbegin.o
 *(.init)
 .init          0x000000000800673c        0x4 c:/st/stm32cubeide_1.7.0/stm32cubeide/plugins/com.st.stm32cube.ide.mcu.externaltools.gnu-tools-for-stm32.9-2020-q2-update.win32_2.0.0.202105311346/tools/bin/../lib/gcc/arm-none-eabi/9.3.1/thumb/v7e-m+dp/hard/crti.o
                0x000000000800673c                _init
 .init          0x0000000008006740        0x8 c:/st/stm32cubeide_1.7.0/stm32cubeide/plugins/com.st.stm32cube.ide.mcu.externaltools.gnu-tools-for-stm32.9-2020-q2-update.win32_2.0.0.202105311346/tools/bin/../lib/gcc/arm-none-eabi/9.3.1/thumb/v7e-m+dp/hard/crtn.o
 *(.fini)
 .fini          0x0000000008006748        0x4 c:/st/stm32cubeide_1.7.0/stm32cubeide/plugins/com.st.stm32cube.ide.mcu.externaltools.gnu-tools-for-stm32.9-2020-q2-update.win32_2.0.0.202105311346/tools/bin/../lib/gcc/arm-none-eabi/9.3.1/thumb/v7e-m+dp/hard/crti.o
                0x0000000008006748                _fini
 .fini          0x000000000800674c        0x8 c:/st/stm32cubeide_1.7.0/stm32cubeide/plugins/com.st.stm32cube.ide.mcu.externaltools.gnu-tools-for-stm32.9-2020-q2-update.win32_2.0.0.202105311346/tools/bin/../lib/gcc/arm-none-eabi/9.3.1/thumb/v7e-m+dp/hard/crtn.o
                0x0000000008006754                . = ALIGN (0x4)
                0x0000000008006754                _etext = .

.vfp11_veneer   0x0000000008006754        0x0
 .vfp11_veneer  0x0000000008006754        0x0 linker stubs

.v4_bx          0x0000000008006754        0x0
 .v4_bx         0x0000000008006754        0x0 linker stubs

.iplt           0x0000000008006754        0x0
 .iplt          0x0000000008006754        0x0 c:/st/stm32cubeide_1.7.0/stm32cubeide/plugins/com.st.stm32cube.ide.mcu.externaltools.gnu-tools-for-stm32.9-2020-q2-update.win32_2.0.0.202105311346/tools/bin/../lib/gcc/arm-none-eabi/9.3.1/thumb/v7e-m+dp/hard/crtbegin.o

.rodata         0x0000000008006754     0x67f8
                0x0000000008006754                . = ALIGN (0x4)
 *(.rodata)
 .rodata        0x0000000008006754      0x120 ./Core/Src/ssd1306.o
 *(.rodata*)
 .rodata.Font7x10
                0x0000000008006874      0x76c ./Core/Src/fonts.o
                0x0000000008006874                Font7x10
 .rodata.Font11x18
                0x0000000008006fe0      0xd5c ./Core/Src/fonts.o
                0x0000000008006fe0                Font11x18
 .rodata.square
                0x0000000008007d3c     0x1000 ./Core/Src/main.o
                0x0000000008007d3c                square
 .rodata.triangle
                0x0000000008008d3c     0x1000 ./Core/Src/main.o
                0x0000000008008d3c                triangle
 .rodata.sawtooth
                0x0000000008009d3c     0x1000 ./Core/Src/main.o
                0x0000000008009d3c                sawtooth
 .rodata.distosine
                0x000000000800ad3c     0x1000 ./Core/Src/main.o
                0x000000000800ad3c                distosine
 .rodata.sinewave
                0x000000000800bd3c     0x1000 ./Core/Src/main.o
                0x000000000800bd3c                sinewave
 .rodata.pitch_table
                0x000000000800cd3c      0x190 ./Core/Src/main.o
                0x000000000800cd3c                pitch_table
 .rodata.AHBPrescTable
                0x000000000800cecc       0x10 ./Core/Src/system_stm32f7xx.o
                0x000000000800cecc                AHBPrescTable
 .rodata.APBPrescTable
                0x000000000800cedc        0x8 ./Core/Src/system_stm32f7xx.o
                0x000000000800cedc                APBPrescTable
 .rodata.flagBitshiftOffset.8808
                0x000000000800cee4        0x8 ./Drivers/STM32F7xx_HAL_Driver/Src/stm32f7xx_hal_dma.o
 .rodata.__sf_fake_stderr
                0x000000000800ceec       0x20 c:/st/stm32cubeide_1.7.0/stm32cubeide/plugins/com.st.stm32cube.ide.mcu.externaltools.gnu-tools-for-stm32.9-2020-q2-update.win32_2.0.0.202105311346/tools/bin/../lib/gcc/arm-none-eabi/9.3.1/../../../../arm-none-eabi/lib/thumb/v7e-m+dp/hard\libc_nano.a(lib_a-findfp.o)
                0x000000000800ceec                __sf_fake_stderr
 .rodata.__sf_fake_stdin
                0x000000000800cf0c       0x20 c:/st/stm32cubeide_1.7.0/stm32cubeide/plugins/com.st.stm32cube.ide.mcu.externaltools.gnu-tools-for-stm32.9-2020-q2-update.win32_2.0.0.202105311346/tools/bin/../lib/gcc/arm-none-eabi/9.3.1/../../../../arm-none-eabi/lib/thumb/v7e-m+dp/hard\libc_nano.a(lib_a-findfp.o)
                0x000000000800cf0c                __sf_fake_stdin
 .rodata.__sf_fake_stdout
                0x000000000800cf2c       0x20 c:/st/stm32cubeide_1.7.0/stm32cubeide/plugins/com.st.stm32cube.ide.mcu.externaltools.gnu-tools-for-stm32.9-2020-q2-update.win32_2.0.0.202105311346/tools/bin/../lib/gcc/arm-none-eabi/9.3.1/../../../../arm-none-eabi/lib/thumb/v7e-m+dp/hard\libc_nano.a(lib_a-findfp.o)
                0x000000000800cf2c                __sf_fake_stdout
                0x000000000800cf4c                . = ALIGN (0x4)

.ARM.extab      0x000000000800cf4c        0x0
                0x000000000800cf4c                . = ALIGN (0x4)
 *(.ARM.extab* .gnu.linkonce.armextab.*)
                0x000000000800cf4c                . = ALIGN (0x4)

.ARM            0x000000000800cf4c        0x8
                0x000000000800cf4c                . = ALIGN (0x4)
                0x000000000800cf4c                __exidx_start = .
 *(.ARM.exidx*)
 .ARM.exidx     0x000000000800cf4c        0x8 c:/st/stm32cubeide_1.7.0/stm32cubeide/plugins/com.st.stm32cube.ide.mcu.externaltools.gnu-tools-for-stm32.9-2020-q2-update.win32_2.0.0.202105311346/tools/bin/../lib/gcc/arm-none-eabi/9.3.1/thumb/v7e-m+dp/hard\libgcc.a(_udivmoddi4.o)
                0x000000000800cf54                __exidx_end = .
                0x000000000800cf54                . = ALIGN (0x4)

.rel.dyn        0x000000000800cf54        0x0
 .rel.iplt      0x000000000800cf54        0x0 c:/st/stm32cubeide_1.7.0/stm32cubeide/plugins/com.st.stm32cube.ide.mcu.externaltools.gnu-tools-for-stm32.9-2020-q2-update.win32_2.0.0.202105311346/tools/bin/../lib/gcc/arm-none-eabi/9.3.1/thumb/v7e-m+dp/hard/crtbegin.o

.preinit_array  0x000000000800cf54        0x0
                0x000000000800cf54                . = ALIGN (0x4)
                0x000000000800cf54                PROVIDE (__preinit_array_start = .)
 *(.preinit_array*)
                0x000000000800cf54                PROVIDE (__preinit_array_end = .)
                0x000000000800cf54                . = ALIGN (0x4)

.init_array     0x000000000800cf54        0x4
                0x000000000800cf54                . = ALIGN (0x4)
                0x000000000800cf54                PROVIDE (__init_array_start = .)
 *(SORT_BY_NAME(.init_array.*))
 *(.init_array*)
 .init_array    0x000000000800cf54        0x4 c:/st/stm32cubeide_1.7.0/stm32cubeide/plugins/com.st.stm32cube.ide.mcu.externaltools.gnu-tools-for-stm32.9-2020-q2-update.win32_2.0.0.202105311346/tools/bin/../lib/gcc/arm-none-eabi/9.3.1/thumb/v7e-m+dp/hard/crtbegin.o
                0x000000000800cf58                PROVIDE (__init_array_end = .)
                0x000000000800cf58                . = ALIGN (0x4)

.fini_array     0x000000000800cf58        0x4
                0x000000000800cf58                . = ALIGN (0x4)
                [!provide]                        PROVIDE (__fini_array_start = .)
 *(SORT_BY_NAME(.fini_array.*))
 *(.fini_array*)
 .fini_array    0x000000000800cf58        0x4 c:/st/stm32cubeide_1.7.0/stm32cubeide/plugins/com.st.stm32cube.ide.mcu.externaltools.gnu-tools-for-stm32.9-2020-q2-update.win32_2.0.0.202105311346/tools/bin/../lib/gcc/arm-none-eabi/9.3.1/thumb/v7e-m+dp/hard/crtbegin.o
                [!provide]                        PROVIDE (__fini_array_end = .)
                0x000000000800cf5c                . = ALIGN (0x4)
                0x000000000800cf5c                _sidata = LOADADDR (.data)

.data           0x0000000020000000       0x9c load address 0x000000000800cf5c
                0x0000000020000000                . = ALIGN (0x4)
                0x0000000020000000                _sdata = .
 *(.data)
 *(.data*)
 .data.Font_7x10
                0x0000000020000000        0x8 ./Core/Src/fonts.o
                0x0000000020000000                Font_7x10
 .data.Font_11x18
                0x0000000020000008        0x8 ./Core/Src/fonts.o
                0x0000000020000008                Font_11x18
 .data.adsrAttack
                0x0000000020000010        0x4 ./Core/Src/main.o
                0x0000000020000010                adsrAttack
 .data.adsrDecay
                0x0000000020000014        0x4 ./Core/Src/main.o
                0x0000000020000014                adsrDecay
 .data.adsrSus  0x0000000020000018        0x4 ./Core/Src/main.o
                0x0000000020000018                adsrSus
 .data.adsrRel  0x000000002000001c        0x4 ./Core/Src/main.o
                0x000000002000001c                adsrRel
 .data.osc1mix  0x0000000020000020        0x4 ./Core/Src/main.o
                0x0000000020000020                osc1mix
 .data.osc2mix  0x0000000020000024        0x4 ./Core/Src/main.o
                0x0000000020000024                osc2mix
 .data.dma_cpt_prev.11157
                0x0000000020000028        0x2 ./Core/Src/main.o
 *fill*         0x000000002000002a        0x2 
 .data.SystemCoreClock
                0x000000002000002c        0x4 ./Core/Src/system_stm32f7xx.o
                0x000000002000002c                SystemCoreClock
 .data.uwTickPrio
                0x0000000020000030        0x4 ./Drivers/STM32F7xx_HAL_Driver/Src/stm32f7xx_hal.o
                0x0000000020000030                uwTickPrio
 .data.uwTickFreq
                0x0000000020000034        0x1 ./Drivers/STM32F7xx_HAL_Driver/Src/stm32f7xx_hal.o
                0x0000000020000034                uwTickFreq
 *fill*         0x0000000020000035        0x3 
 .data._impure_ptr
                0x0000000020000038        0x4 c:/st/stm32cubeide_1.7.0/stm32cubeide/plugins/com.st.stm32cube.ide.mcu.externaltools.gnu-tools-for-stm32.9-2020-q2-update.win32_2.0.0.202105311346/tools/bin/../lib/gcc/arm-none-eabi/9.3.1/../../../../arm-none-eabi/lib/thumb/v7e-m+dp/hard\libc_nano.a(lib_a-impure.o)
                0x0000000020000038                _impure_ptr
 .data.impure_data
                0x000000002000003c       0x60 c:/st/stm32cubeide_1.7.0/stm32cubeide/plugins/com.st.stm32cube.ide.mcu.externaltools.gnu-tools-for-stm32.9-2020-q2-update.win32_2.0.0.202105311346/tools/bin/../lib/gcc/arm-none-eabi/9.3.1/../../../../arm-none-eabi/lib/thumb/v7e-m+dp/hard\libc_nano.a(lib_a-impure.o)
 *(.RamFunc)
 *(.RamFunc*)
                0x000000002000009c                . = ALIGN (0x4)
                0x000000002000009c                _edata = .

.igot.plt       0x000000002000009c        0x0 load address 0x000000000800cff8
 .igot.plt      0x000000002000009c        0x0 c:/st/stm32cubeide_1.7.0/stm32cubeide/plugins/com.st.stm32cube.ide.mcu.externaltools.gnu-tools-for-stm32.9-2020-q2-update.win32_2.0.0.202105311346/tools/bin/../lib/gcc/arm-none-eabi/9.3.1/thumb/v7e-m+dp/hard/crtbegin.o
                0x000000002000009c                . = ALIGN (0x4)

.bss            0x000000002000009c     0x473c load address 0x000000000800cff8
                0x000000002000009c                _sbss = .
                0x000000002000009c                __bss_start__ = _sbss
 *(.bss)
 .bss           0x000000002000009c       0x1c c:/st/stm32cubeide_1.7.0/stm32cubeide/plugins/com.st.stm32cube.ide.mcu.externaltools.gnu-tools-for-stm32.9-2020-q2-update.win32_2.0.0.202105311346/tools/bin/../lib/gcc/arm-none-eabi/9.3.1/thumb/v7e-m+dp/hard/crtbegin.o
 *(.bss*)
 .bss.osc1WavePointer
                0x00000000200000b8        0x4 ./Core/Src/main.o
                0x00000000200000b8                osc1WavePointer
 .bss.signal    0x00000000200000bc        0x4 ./Core/Src/main.o
                0x00000000200000bc                signal
 .bss.pitch     0x00000000200000c0        0x4 ./Core/Src/main.o
                0x00000000200000c0                pitch
 .bss.note_list
                0x00000000200000c4        0x4 ./Core/Src/main.o
                0x00000000200000c4                note_list
 .bss.sendBuff  0x00000000200000c8     0x4000 ./Core/Src/main.o
                0x00000000200000c8                sendBuff
 .bss.UART4_rxBuffer
                0x00000000200040c8       0x40 ./Core/Src/main.o
                0x00000000200040c8                UART4_rxBuffer
 .bss.i.11165   0x0000000020004108        0x1 ./Core/Src/main.o
 .bss.state.11166
                0x0000000020004109        0x1 ./Core/Src/main.o
 *fill*         0x000000002000410a        0x2 
 .bss.SSD1306_Buffer
                0x000000002000410c      0x400 ./Core/Src/ssd1306.o
 .bss.SSD1306   0x000000002000450c        0x6 ./Core/Src/ssd1306.o
 *fill*         0x0000000020004512        0x2 
 .bss.SAI1_client
                0x0000000020004514        0x4 ./Core/Src/stm32f7xx_hal_msp.o
 .bss.__sbrk_heap_end
                0x0000000020004518        0x4 ./Core/Src/sysmem.o
 .bss.__malloc_free_list
                0x000000002000451c        0x4 c:/st/stm32cubeide_1.7.0/stm32cubeide/plugins/com.st.stm32cube.ide.mcu.externaltools.gnu-tools-for-stm32.9-2020-q2-update.win32_2.0.0.202105311346/tools/bin/../lib/gcc/arm-none-eabi/9.3.1/../../../../arm-none-eabi/lib/thumb/v7e-m+dp/hard\libc_nano.a(lib_a-nano-mallocr.o)
                0x000000002000451c                __malloc_free_list
 .bss.__malloc_sbrk_start
                0x0000000020004520        0x4 c:/st/stm32cubeide_1.7.0/stm32cubeide/plugins/com.st.stm32cube.ide.mcu.externaltools.gnu-tools-for-stm32.9-2020-q2-update.win32_2.0.0.202105311346/tools/bin/../lib/gcc/arm-none-eabi/9.3.1/../../../../arm-none-eabi/lib/thumb/v7e-m+dp/hard\libc_nano.a(lib_a-nano-mallocr.o)
                0x0000000020004520                __malloc_sbrk_start
 *(COMMON)
 COMMON         0x0000000020004524      0x2a0 ./Core/Src/main.o
                0x0000000020004524                hdma_uart4_rx
                0x0000000020004584                osc1
                0x0000000020004588                pwm2
                0x0000000020004589                osc1Waveform
                0x000000002000458a                param
                0x000000002000458b                patch
                0x000000002000458c                det
                0x000000002000458d                velsel
                0x0000000020004590                hi2c2
                0x00000000200045dc                ctrl
                0x00000000200045dd                trig
                0x00000000200045de                paramVal
                0x00000000200045df                tun
                0x00000000200045e0                msgnum
                0x00000000200045e1                newNote
                0x00000000200045e4                hdma_sai1_a
                0x0000000020004644                mod
                0x0000000020004645                bend
                0x0000000020004646                paramNum
                0x0000000020004648                paramvalue
                0x0000000020004668                osc2Waveform
                0x0000000020004669                wavesel
                0x000000002000466a                velocity
                0x000000002000466b                vcf
                0x000000002000466c                data
                0x000000002000466d                key
                0x0000000020004670                osc2
                0x0000000020004674                hi2s1
                0x00000000200046b4                huart4
                0x0000000020004738                pwm
                0x0000000020004739                midimsg
                0x000000002000473c                hsai_BlockA1
                0x00000000200047c0                notepos
                0x00000000200047c1                sus
                0x00000000200047c2                nb_MIDI_bytes
                0x00000000200047c3                received_char
 COMMON         0x00000000200047c4        0x4 ./Drivers/STM32F7xx_HAL_Driver/Src/stm32f7xx_hal.o
                0x00000000200047c4                uwTick
 COMMON         0x00000000200047c8        0x9 c:/st/stm32cubeide_1.7.0/stm32cubeide/plugins/com.st.stm32cube.ide.mcu.externaltools.gnu-tools-for-stm32.9-2020-q2-update.win32_2.0.0.202105311346/tools/bin/../lib/gcc/arm-none-eabi/9.3.1/../../../../arm-none-eabi/lib/thumb/v7e-m+dp/hard\libc_nano.a(lib_a-lock.o)
                0x00000000200047c8                __lock___atexit_recursive_mutex
                0x00000000200047c9                __lock___arc4random_mutex
                0x00000000200047ca                __lock___env_recursive_mutex
                0x00000000200047cb                __lock___sinit_recursive_mutex
                0x00000000200047cc                __lock___malloc_recursive_mutex
                0x00000000200047cd                __lock___at_quick_exit_mutex
                0x00000000200047ce                __lock___dd_hash_mutex
                0x00000000200047cf                __lock___tz_mutex
                0x00000000200047d0                __lock___sfp_recursive_mutex
 *fill*         0x00000000200047d1        0x3 
 COMMON         0x00000000200047d4        0x4 c:/st/stm32cubeide_1.7.0/stm32cubeide/plugins/com.st.stm32cube.ide.mcu.externaltools.gnu-tools-for-stm32.9-2020-q2-update.win32_2.0.0.202105311346/tools/bin/../lib/gcc/arm-none-eabi/9.3.1/../../../../arm-none-eabi/lib/thumb/v7e-m+dp/hard\libc_nano.a(lib_a-reent.o)
                0x00000000200047d4                errno
                0x00000000200047d8                . = ALIGN (0x4)
                0x00000000200047d8                _ebss = .
                0x00000000200047d8                __bss_end__ = _ebss

._user_heap_stack
                0x00000000200047d8      0x600 load address 0x000000000800cff8
                0x00000000200047d8                . = ALIGN (0x8)
                [!provide]                        PROVIDE (end = .)
                0x00000000200047d8                PROVIDE (_end = .)
                0x00000000200049d8                . = (. + _Min_Heap_Size)
 *fill*         0x00000000200047d8      0x200 
                0x0000000020004dd8                . = (. + _Min_Stack_Size)
 *fill*         0x00000000200049d8      0x400 
                0x0000000020004dd8                . = ALIGN (0x8)

/DISCARD/
 libc.a(*)
 libm.a(*)
 libgcc.a(*)

.ARM.attributes
                0x0000000000000000       0x2e
 *(.ARM.attributes)
 .ARM.attributes
                0x0000000000000000       0x1e c:/st/stm32cubeide_1.7.0/stm32cubeide/plugins/com.st.stm32cube.ide.mcu.externaltools.gnu-tools-for-stm32.9-2020-q2-update.win32_2.0.0.202105311346/tools/bin/../lib/gcc/arm-none-eabi/9.3.1/thumb/v7e-m+dp/hard/crti.o
 .ARM.attributes
                0x000000000000001e       0x32 c:/st/stm32cubeide_1.7.0/stm32cubeide/plugins/com.st.stm32cube.ide.mcu.externaltools.gnu-tools-for-stm32.9-2020-q2-update.win32_2.0.0.202105311346/tools/bin/../lib/gcc/arm-none-eabi/9.3.1/thumb/v7e-m+dp/hard/crtbegin.o
 .ARM.attributes
                0x0000000000000050       0x32 ./Core/Src/fonts.o
 .ARM.attributes
                0x0000000000000082       0x32 ./Core/Src/llist.o
 .ARM.attributes
                0x00000000000000b4       0x32 ./Core/Src/main.o
 .ARM.attributes
                0x00000000000000e6       0x32 ./Core/Src/ssd1306.o
 .ARM.attributes
                0x0000000000000118       0x32 ./Core/Src/stm32f7xx_hal_msp.o
 .ARM.attributes
                0x000000000000014a       0x32 ./Core/Src/stm32f7xx_it.o
 .ARM.attributes
                0x000000000000017c       0x32 ./Core/Src/sysmem.o
 .ARM.attributes
                0x00000000000001ae       0x32 ./Core/Src/system_stm32f7xx.o
 .ARM.attributes
                0x00000000000001e0       0x21 ./Core/Startup/startup_stm32f767zitx.o
 .ARM.attributes
                0x0000000000000201       0x32 ./Drivers/STM32F7xx_HAL_Driver/Src/stm32f7xx_hal.o
 .ARM.attributes
                0x0000000000000233       0x32 ./Drivers/STM32F7xx_HAL_Driver/Src/stm32f7xx_hal_cortex.o
 .ARM.attributes
                0x0000000000000265       0x32 ./Drivers/STM32F7xx_HAL_Driver/Src/stm32f7xx_hal_dma.o
 .ARM.attributes
                0x0000000000000297       0x32 ./Drivers/STM32F7xx_HAL_Driver/Src/stm32f7xx_hal_gpio.o
 .ARM.attributes
                0x00000000000002c9       0x32 ./Drivers/STM32F7xx_HAL_Driver/Src/stm32f7xx_hal_i2c.o
 .ARM.attributes
                0x00000000000002fb       0x32 ./Drivers/STM32F7xx_HAL_Driver/Src/stm32f7xx_hal_i2c_ex.o
 .ARM.attributes
                0x000000000000032d       0x32 ./Drivers/STM32F7xx_HAL_Driver/Src/stm32f7xx_hal_i2s.o
 .ARM.attributes
                0x000000000000035f       0x32 ./Drivers/STM32F7xx_HAL_Driver/Src/stm32f7xx_hal_pwr_ex.o
 .ARM.attributes
                0x0000000000000391       0x32 ./Drivers/STM32F7xx_HAL_Driver/Src/stm32f7xx_hal_rcc.o
 .ARM.attributes
                0x00000000000003c3       0x32 ./Drivers/STM32F7xx_HAL_Driver/Src/stm32f7xx_hal_rcc_ex.o
 .ARM.attributes
                0x00000000000003f5       0x32 ./Drivers/STM32F7xx_HAL_Driver/Src/stm32f7xx_hal_sai.o
 .ARM.attributes
                0x0000000000000427       0x32 ./Drivers/STM32F7xx_HAL_Driver/Src/stm32f7xx_hal_uart.o
 .ARM.attributes
                0x0000000000000459       0x32 c:/st/stm32cubeide_1.7.0/stm32cubeide/plugins/com.st.stm32cube.ide.mcu.externaltools.gnu-tools-for-stm32.9-2020-q2-update.win32_2.0.0.202105311346/tools/bin/../lib/gcc/arm-none-eabi/9.3.1/../../../../arm-none-eabi/lib/thumb/v7e-m+dp/hard\libc_nano.a(lib_a-errno.o)
 .ARM.attributes
                0x000000000000048b       0x30 c:/st/stm32cubeide_1.7.0/stm32cubeide/plugins/com.st.stm32cube.ide.mcu.externaltools.gnu-tools-for-stm32.9-2020-q2-update.win32_2.0.0.202105311346/tools/bin/../lib/gcc/arm-none-eabi/9.3.1/../../../../arm-none-eabi/lib/thumb/v7e-m+dp/hard\libc_nano.a(lib_a-impure.o)
 .ARM.attributes
                0x00000000000004bb       0x32 c:/st/stm32cubeide_1.7.0/stm32cubeide/plugins/com.st.stm32cube.ide.mcu.externaltools.gnu-tools-for-stm32.9-2020-q2-update.win32_2.0.0.202105311346/tools/bin/../lib/gcc/arm-none-eabi/9.3.1/../../../../arm-none-eabi/lib/thumb/v7e-m+dp/hard\libc_nano.a(lib_a-init.o)
 .ARM.attributes
                0x00000000000004ed       0x32 c:/st/stm32cubeide_1.7.0/stm32cubeide/plugins/com.st.stm32cube.ide.mcu.externaltools.gnu-tools-for-stm32.9-2020-q2-update.win32_2.0.0.202105311346/tools/bin/../lib/gcc/arm-none-eabi/9.3.1/../../../../arm-none-eabi/lib/thumb/v7e-m+dp/hard\libc_nano.a(lib_a-malloc.o)
 .ARM.attributes
                0x000000000000051f       0x32 c:/st/stm32cubeide_1.7.0/stm32cubeide/plugins/com.st.stm32cube.ide.mcu.externaltools.gnu-tools-for-stm32.9-2020-q2-update.win32_2.0.0.202105311346/tools/bin/../lib/gcc/arm-none-eabi/9.3.1/../../../../arm-none-eabi/lib/thumb/v7e-m+dp/hard\libc_nano.a(lib_a-memset.o)
 .ARM.attributes
                0x0000000000000551       0x32 c:/st/stm32cubeide_1.7.0/stm32cubeide/plugins/com.st.stm32cube.ide.mcu.externaltools.gnu-tools-for-stm32.9-2020-q2-update.win32_2.0.0.202105311346/tools/bin/../lib/gcc/arm-none-eabi/9.3.1/../../../../arm-none-eabi/lib/thumb/v7e-m+dp/hard\libc_nano.a(lib_a-nano-freer.o)
 .ARM.attributes
                0x0000000000000583       0x32 c:/st/stm32cubeide_1.7.0/stm32cubeide/plugins/com.st.stm32cube.ide.mcu.externaltools.gnu-tools-for-stm32.9-2020-q2-update.win32_2.0.0.202105311346/tools/bin/../lib/gcc/arm-none-eabi/9.3.1/../../../../arm-none-eabi/lib/thumb/v7e-m+dp/hard\libc_nano.a(lib_a-nano-mallocr.o)
 .ARM.attributes
                0x00000000000005b5       0x32 c:/st/stm32cubeide_1.7.0/stm32cubeide/plugins/com.st.stm32cube.ide.mcu.externaltools.gnu-tools-for-stm32.9-2020-q2-update.win32_2.0.0.202105311346/tools/bin/../lib/gcc/arm-none-eabi/9.3.1/../../../../arm-none-eabi/lib/thumb/v7e-m+dp/hard\libc_nano.a(lib_a-sbrkr.o)
 .ARM.attributes
                0x00000000000005e7       0x32 c:/st/stm32cubeide_1.7.0/stm32cubeide/plugins/com.st.stm32cube.ide.mcu.externaltools.gnu-tools-for-stm32.9-2020-q2-update.win32_2.0.0.202105311346/tools/bin/../lib/gcc/arm-none-eabi/9.3.1/../../../../arm-none-eabi/lib/thumb/v7e-m+dp/hard\libc_nano.a(lib_a-findfp.o)
 .ARM.attributes
                0x0000000000000619       0x32 c:/st/stm32cubeide_1.7.0/stm32cubeide/plugins/com.st.stm32cube.ide.mcu.externaltools.gnu-tools-for-stm32.9-2020-q2-update.win32_2.0.0.202105311346/tools/bin/../lib/gcc/arm-none-eabi/9.3.1/../../../../arm-none-eabi/lib/thumb/v7e-m+dp/hard\libc_nano.a(lib_a-lock.o)
 .ARM.attributes
                0x000000000000064b       0x32 c:/st/stm32cubeide_1.7.0/stm32cubeide/plugins/com.st.stm32cube.ide.mcu.externaltools.gnu-tools-for-stm32.9-2020-q2-update.win32_2.0.0.202105311346/tools/bin/../lib/gcc/arm-none-eabi/9.3.1/../../../../arm-none-eabi/lib/thumb/v7e-m+dp/hard\libc_nano.a(lib_a-mlock.o)
 .ARM.attributes
                0x000000000000067d       0x32 c:/st/stm32cubeide_1.7.0/stm32cubeide/plugins/com.st.stm32cube.ide.mcu.externaltools.gnu-tools-for-stm32.9-2020-q2-update.win32_2.0.0.202105311346/tools/bin/../lib/gcc/arm-none-eabi/9.3.1/../../../../arm-none-eabi/lib/thumb/v7e-m+dp/hard\libc_nano.a(lib_a-reent.o)
 .ARM.attributes
                0x00000000000006af       0x1e c:/st/stm32cubeide_1.7.0/stm32cubeide/plugins/com.st.stm32cube.ide.mcu.externaltools.gnu-tools-for-stm32.9-2020-q2-update.win32_2.0.0.202105311346/tools/bin/../lib/gcc/arm-none-eabi/9.3.1/thumb/v7e-m+dp/hard\libgcc.a(_aeabi_uldivmod.o)
 .ARM.attributes
                0x00000000000006cd       0x32 c:/st/stm32cubeide_1.7.0/stm32cubeide/plugins/com.st.stm32cube.ide.mcu.externaltools.gnu-tools-for-stm32.9-2020-q2-update.win32_2.0.0.202105311346/tools/bin/../lib/gcc/arm-none-eabi/9.3.1/thumb/v7e-m+dp/hard\libgcc.a(_udivmoddi4.o)
 .ARM.attributes
                0x00000000000006ff       0x1e c:/st/stm32cubeide_1.7.0/stm32cubeide/plugins/com.st.stm32cube.ide.mcu.externaltools.gnu-tools-for-stm32.9-2020-q2-update.win32_2.0.0.202105311346/tools/bin/../lib/gcc/arm-none-eabi/9.3.1/thumb/v7e-m+dp/hard\libgcc.a(_dvmd_tls.o)
 .ARM.attributes
                0x000000000000071d       0x1e c:/st/stm32cubeide_1.7.0/stm32cubeide/plugins/com.st.stm32cube.ide.mcu.externaltools.gnu-tools-for-stm32.9-2020-q2-update.win32_2.0.0.202105311346/tools/bin/../lib/gcc/arm-none-eabi/9.3.1/thumb/v7e-m+dp/hard/crtn.o
OUTPUT(STM32_dax.elf elf32-littlearm)
LOAD linker stubs
LOAD c:/st/stm32cubeide_1.7.0/stm32cubeide/plugins/com.st.stm32cube.ide.mcu.externaltools.gnu-tools-for-stm32.9-2020-q2-update.win32_2.0.0.202105311346/tools/bin/../lib/gcc/arm-none-eabi/9.3.1/../../../../arm-none-eabi/lib/thumb/v7e-m+dp/hard\libc.a
LOAD c:/st/stm32cubeide_1.7.0/stm32cubeide/plugins/com.st.stm32cube.ide.mcu.externaltools.gnu-tools-for-stm32.9-2020-q2-update.win32_2.0.0.202105311346/tools/bin/../lib/gcc/arm-none-eabi/9.3.1/../../../../arm-none-eabi/lib/thumb/v7e-m+dp/hard\libm.a
LOAD c:/st/stm32cubeide_1.7.0/stm32cubeide/plugins/com.st.stm32cube.ide.mcu.externaltools.gnu-tools-for-stm32.9-2020-q2-update.win32_2.0.0.202105311346/tools/bin/../lib/gcc/arm-none-eabi/9.3.1/thumb/v7e-m+dp/hard\libgcc.a

.debug_info     0x0000000000000000    0x14b36
 .debug_info    0x0000000000000000      0xbd3 ./Core/Src/fonts.o
 .debug_info    0x0000000000000bd3      0xc08 ./Core/Src/llist.o
 .debug_info    0x00000000000017db     0x2ed1 ./Core/Src/main.o
 .debug_info    0x00000000000046ac     0x2440 ./Core/Src/ssd1306.o
 .debug_info    0x0000000000006aec     0x156b ./Core/Src/stm32f7xx_hal_msp.o
 .debug_info    0x0000000000008057      0x4d5 ./Core/Src/stm32f7xx_it.o
 .debug_info    0x000000000000852c      0xa25 ./Core/Src/sysmem.o
 .debug_info    0x0000000000008f51      0x7ad ./Core/Src/system_stm32f7xx.o
 .debug_info    0x00000000000096fe       0x22 ./Core/Startup/startup_stm32f767zitx.o
 .debug_info    0x0000000000009720      0xab8 ./Drivers/STM32F7xx_HAL_Driver/Src/stm32f7xx_hal.o
 .debug_info    0x000000000000a1d8     0x1158 ./Drivers/STM32F7xx_HAL_Driver/Src/stm32f7xx_hal_cortex.o
 .debug_info    0x000000000000b330      0x9f1 ./Drivers/STM32F7xx_HAL_Driver/Src/stm32f7xx_hal_dma.o
 .debug_info    0x000000000000bd21      0x876 ./Drivers/STM32F7xx_HAL_Driver/Src/stm32f7xx_hal_gpio.o
 .debug_info    0x000000000000c597     0x221e ./Drivers/STM32F7xx_HAL_Driver/Src/stm32f7xx_hal_i2c.o
 .debug_info    0x000000000000e7b5      0xa9c ./Drivers/STM32F7xx_HAL_Driver/Src/stm32f7xx_hal_i2c_ex.o
 .debug_info    0x000000000000f251     0x109a ./Drivers/STM32F7xx_HAL_Driver/Src/stm32f7xx_hal_i2s.o
 .debug_info    0x00000000000102eb      0x9f6 ./Drivers/STM32F7xx_HAL_Driver/Src/stm32f7xx_hal_pwr_ex.o
 .debug_info    0x0000000000010ce1      0xa28 ./Drivers/STM32F7xx_HAL_Driver/Src/stm32f7xx_hal_rcc.o
 .debug_info    0x0000000000011709      0x853 ./Drivers/STM32F7xx_HAL_Driver/Src/stm32f7xx_hal_rcc_ex.o
 .debug_info    0x0000000000011f5c     0x1266 ./Drivers/STM32F7xx_HAL_Driver/Src/stm32f7xx_hal_sai.o
 .debug_info    0x00000000000131c2     0x1974 ./Drivers/STM32F7xx_HAL_Driver/Src/stm32f7xx_hal_uart.o

.debug_abbrev   0x0000000000000000     0x2ce3
 .debug_abbrev  0x0000000000000000      0x208 ./Core/Src/fonts.o
 .debug_abbrev  0x0000000000000208      0x24d ./Core/Src/llist.o
 .debug_abbrev  0x0000000000000455      0x3b8 ./Core/Src/main.o
 .debug_abbrev  0x000000000000080d      0x372 ./Core/Src/ssd1306.o
 .debug_abbrev  0x0000000000000b7f      0x1fc ./Core/Src/stm32f7xx_hal_msp.o
 .debug_abbrev  0x0000000000000d7b      0x163 ./Core/Src/stm32f7xx_it.o
 .debug_abbrev  0x0000000000000ede      0x1bf ./Core/Src/sysmem.o
 .debug_abbrev  0x000000000000109d      0x165 ./Core/Src/system_stm32f7xx.o
 .debug_abbrev  0x0000000000001202       0x12 ./Core/Startup/startup_stm32f767zitx.o
 .debug_abbrev  0x0000000000001214      0x1ed ./Drivers/STM32F7xx_HAL_Driver/Src/stm32f7xx_hal.o
 .debug_abbrev  0x0000000000001401      0x33c ./Drivers/STM32F7xx_HAL_Driver/Src/stm32f7xx_hal_cortex.o
 .debug_abbrev  0x000000000000173d      0x259 ./Drivers/STM32F7xx_HAL_Driver/Src/stm32f7xx_hal_dma.o
 .debug_abbrev  0x0000000000001996      0x1f1 ./Drivers/STM32F7xx_HAL_Driver/Src/stm32f7xx_hal_gpio.o
 .debug_abbrev  0x0000000000001b87      0x256 ./Drivers/STM32F7xx_HAL_Driver/Src/stm32f7xx_hal_i2c.o
 .debug_abbrev  0x0000000000001ddd      0x1bb ./Drivers/STM32F7xx_HAL_Driver/Src/stm32f7xx_hal_i2c_ex.o
 .debug_abbrev  0x0000000000001f98      0x261 ./Drivers/STM32F7xx_HAL_Driver/Src/stm32f7xx_hal_i2s.o
 .debug_abbrev  0x00000000000021f9      0x1dc ./Drivers/STM32F7xx_HAL_Driver/Src/stm32f7xx_hal_pwr_ex.o
 .debug_abbrev  0x00000000000023d5      0x29c ./Drivers/STM32F7xx_HAL_Driver/Src/stm32f7xx_hal_rcc.o
 .debug_abbrev  0x0000000000002671      0x1d1 ./Drivers/STM32F7xx_HAL_Driver/Src/stm32f7xx_hal_rcc_ex.o
 .debug_abbrev  0x0000000000002842      0x262 ./Drivers/STM32F7xx_HAL_Driver/Src/stm32f7xx_hal_sai.o
 .debug_abbrev  0x0000000000002aa4      0x23f ./Drivers/STM32F7xx_HAL_Driver/Src/stm32f7xx_hal_uart.o

.debug_aranges  0x0000000000000000     0x1338
 .debug_aranges
                0x0000000000000000       0x20 ./Core/Src/fonts.o
 .debug_aranges
                0x0000000000000020       0x40 ./Core/Src/llist.o
 .debug_aranges
                0x0000000000000060       0xb8 ./Core/Src/main.o
 .debug_aranges
                0x0000000000000118      0x500 ./Core/Src/ssd1306.o
 .debug_aranges
                0x0000000000000618       0x60 ./Core/Src/stm32f7xx_hal_msp.o
 .debug_aranges
                0x0000000000000678       0x70 ./Core/Src/stm32f7xx_it.o
 .debug_aranges
                0x00000000000006e8       0x20 ./Core/Src/sysmem.o
 .debug_aranges
                0x0000000000000708       0x28 ./Core/Src/system_stm32f7xx.o
 .debug_aranges
                0x0000000000000730       0x28 ./Core/Startup/startup_stm32f767zitx.o
 .debug_aranges
                0x0000000000000758      0x110 ./Drivers/STM32F7xx_HAL_Driver/Src/stm32f7xx_hal.o
 .debug_aranges
                0x0000000000000868      0x118 ./Drivers/STM32F7xx_HAL_Driver/Src/stm32f7xx_hal_cortex.o
 .debug_aranges
                0x0000000000000980       0x90 ./Drivers/STM32F7xx_HAL_Driver/Src/stm32f7xx_hal_dma.o
 .debug_aranges
                0x0000000000000a10       0x58 ./Drivers/STM32F7xx_HAL_Driver/Src/stm32f7xx_hal_gpio.o
 .debug_aranges
                0x0000000000000a68      0x290 ./Drivers/STM32F7xx_HAL_Driver/Src/stm32f7xx_hal_i2c.o
 .debug_aranges
                0x0000000000000cf8       0x38 ./Drivers/STM32F7xx_HAL_Driver/Src/stm32f7xx_hal_i2c_ex.o
 .debug_aranges
                0x0000000000000d30      0x108 ./Drivers/STM32F7xx_HAL_Driver/Src/stm32f7xx_hal_i2s.o
 .debug_aranges
                0x0000000000000e38       0x80 ./Drivers/STM32F7xx_HAL_Driver/Src/stm32f7xx_hal_pwr_ex.o
 .debug_aranges
                0x0000000000000eb8       0x88 ./Drivers/STM32F7xx_HAL_Driver/Src/stm32f7xx_hal_rcc.o
 .debug_aranges
                0x0000000000000f40       0x50 ./Drivers/STM32F7xx_HAL_Driver/Src/stm32f7xx_hal_rcc_ex.o
 .debug_aranges
                0x0000000000000f90      0x178 ./Drivers/STM32F7xx_HAL_Driver/Src/stm32f7xx_hal_sai.o
 .debug_aranges
                0x0000000000001108      0x230 ./Drivers/STM32F7xx_HAL_Driver/Src/stm32f7xx_hal_uart.o

.debug_ranges   0x0000000000000000     0x1238
 .debug_ranges  0x0000000000000000       0x10 ./Core/Src/fonts.o
 .debug_ranges  0x0000000000000010       0x30 ./Core/Src/llist.o
 .debug_ranges  0x0000000000000040       0xa8 ./Core/Src/main.o
 .debug_ranges  0x00000000000000e8      0x4f0 ./Core/Src/ssd1306.o
 .debug_ranges  0x00000000000005d8       0x50 ./Core/Src/stm32f7xx_hal_msp.o
 .debug_ranges  0x0000000000000628       0x60 ./Core/Src/stm32f7xx_it.o
 .debug_ranges  0x0000000000000688       0x10 ./Core/Src/sysmem.o
 .debug_ranges  0x0000000000000698       0x18 ./Core/Src/system_stm32f7xx.o
 .debug_ranges  0x00000000000006b0       0x20 ./Core/Startup/startup_stm32f767zitx.o
 .debug_ranges  0x00000000000006d0      0x100 ./Drivers/STM32F7xx_HAL_Driver/Src/stm32f7xx_hal.o
 .debug_ranges  0x00000000000007d0      0x108 ./Drivers/STM32F7xx_HAL_Driver/Src/stm32f7xx_hal_cortex.o
 .debug_ranges  0x00000000000008d8       0x80 ./Drivers/STM32F7xx_HAL_Driver/Src/stm32f7xx_hal_dma.o
 .debug_ranges  0x0000000000000958       0x48 ./Drivers/STM32F7xx_HAL_Driver/Src/stm32f7xx_hal_gpio.o
 .debug_ranges  0x00000000000009a0      0x280 ./Drivers/STM32F7xx_HAL_Driver/Src/stm32f7xx_hal_i2c.o
 .debug_ranges  0x0000000000000c20       0x28 ./Drivers/STM32F7xx_HAL_Driver/Src/stm32f7xx_hal_i2c_ex.o
 .debug_ranges  0x0000000000000c48       0xf8 ./Drivers/STM32F7xx_HAL_Driver/Src/stm32f7xx_hal_i2s.o
 .debug_ranges  0x0000000000000d40       0x70 ./Drivers/STM32F7xx_HAL_Driver/Src/stm32f7xx_hal_pwr_ex.o
 .debug_ranges  0x0000000000000db0       0x78 ./Drivers/STM32F7xx_HAL_Driver/Src/stm32f7xx_hal_rcc.o
 .debug_ranges  0x0000000000000e28       0x40 ./Drivers/STM32F7xx_HAL_Driver/Src/stm32f7xx_hal_rcc_ex.o
 .debug_ranges  0x0000000000000e68      0x180 ./Drivers/STM32F7xx_HAL_Driver/Src/stm32f7xx_hal_sai.o
 .debug_ranges  0x0000000000000fe8      0x250 ./Drivers/STM32F7xx_HAL_Driver/Src/stm32f7xx_hal_uart.o

.debug_macro    0x0000000000000000    0x28c92
 .debug_macro   0x0000000000000000      0x2bb ./Core/Src/fonts.o
 .debug_macro   0x00000000000002bb      0xac0 ./Core/Src/fonts.o
 .debug_macro   0x0000000000000d7b      0x299 ./Core/Src/fonts.o
 .debug_macro   0x0000000000001014       0x2e ./Core/Src/fonts.o
 .debug_macro   0x0000000000001042       0x3b ./Core/Src/fonts.o
 .debug_macro   0x000000000000107d       0x22 ./Core/Src/fonts.o
 .debug_macro   0x000000000000109f       0x8e ./Core/Src/fonts.o
 .debug_macro   0x000000000000112d       0x51 ./Core/Src/fonts.o
 .debug_macro   0x000000000000117e      0x103 ./Core/Src/fonts.o
 .debug_macro   0x0000000000001281       0x6a ./Core/Src/fonts.o
 .debug_macro   0x00000000000012eb      0x1df ./Core/Src/fonts.o
 .debug_macro   0x00000000000014ca       0x1c ./Core/Src/fonts.o
 .debug_macro   0x00000000000014e6       0x22 ./Core/Src/fonts.o
 .debug_macro   0x0000000000001508       0xdf ./Core/Src/fonts.o
 .debug_macro   0x00000000000015e7     0x12cd ./Core/Src/fonts.o
 .debug_macro   0x00000000000028b4      0x11f ./Core/Src/fonts.o
 .debug_macro   0x00000000000029d3       0x19 ./Core/Src/fonts.o
 .debug_macro   0x00000000000029ec    0x1a9cf ./Core/Src/fonts.o
 .debug_macro   0x000000000001d3bb       0x43 ./Core/Src/fonts.o
 .debug_macro   0x000000000001d3fe     0x36c9 ./Core/Src/fonts.o
 .debug_macro   0x0000000000020ac7      0x174 ./Core/Src/fonts.o
 .debug_macro   0x0000000000020c3b       0x63 ./Core/Src/fonts.o
 .debug_macro   0x0000000000020c9e     0x1add ./Core/Src/fonts.o
 .debug_macro   0x000000000002277b      0x6c4 ./Core/Src/fonts.o
 .debug_macro   0x0000000000022e3f      0x18b ./Core/Src/fonts.o
 .debug_macro   0x0000000000022fca      0x117 ./Core/Src/fonts.o
 .debug_macro   0x00000000000230e1      0x26f ./Core/Src/fonts.o
 .debug_macro   0x0000000000023350       0x27 ./Core/Src/fonts.o
 .debug_macro   0x0000000000023377      0x24f ./Core/Src/fonts.o
 .debug_macro   0x00000000000235c6       0x71 ./Core/Src/fonts.o
 .debug_macro   0x0000000000023637       0x58 ./Core/Src/fonts.o
 .debug_macro   0x000000000002368f      0x236 ./Core/Src/fonts.o
 .debug_macro   0x00000000000238c5      0x14f ./Core/Src/fonts.o
 .debug_macro   0x0000000000023a14      0x3dc ./Core/Src/fonts.o
 .debug_macro   0x0000000000023df0       0x12 ./Core/Src/fonts.o
 .debug_macro   0x0000000000023e02      0x22c ./Core/Src/fonts.o
 .debug_macro   0x000000000002402e       0x61 ./Core/Src/fonts.o
 .debug_macro   0x000000000002408f       0xa5 ./Core/Src/fonts.o
 .debug_macro   0x0000000000024134      0x1d8 ./Core/Src/fonts.o
 .debug_macro   0x000000000002430c      0x12f ./Core/Src/fonts.o
 .debug_macro   0x000000000002443b      0x108 ./Core/Src/fonts.o
 .debug_macro   0x0000000000024543       0x35 ./Core/Src/fonts.o
 .debug_macro   0x0000000000024578      0x447 ./Core/Src/fonts.o
 .debug_macro   0x00000000000249bf      0x5a5 ./Core/Src/fonts.o
 .debug_macro   0x0000000000024f64       0x44 ./Core/Src/fonts.o
 .debug_macro   0x0000000000024fa8      0x15c ./Core/Src/fonts.o
 .debug_macro   0x0000000000025104       0x52 ./Core/Src/fonts.o
 .debug_macro   0x0000000000025156       0x17 ./Core/Src/fonts.o
 .debug_macro   0x000000000002516d       0x3c ./Core/Src/fonts.o
 .debug_macro   0x00000000000251a9       0x34 ./Core/Src/fonts.o
 .debug_macro   0x00000000000251dd       0x16 ./Core/Src/fonts.o
 .debug_macro   0x00000000000251f3       0x43 ./Core/Src/fonts.o
 .debug_macro   0x0000000000025236       0x34 ./Core/Src/fonts.o
 .debug_macro   0x000000000002526a       0x10 ./Core/Src/fonts.o
 .debug_macro   0x000000000002527a       0x58 ./Core/Src/fonts.o
 .debug_macro   0x00000000000252d2       0x71 ./Core/Src/fonts.o
 .debug_macro   0x0000000000025343       0x1c ./Core/Src/fonts.o
 .debug_macro   0x000000000002535f      0x12a ./Core/Src/fonts.o
 .debug_macro   0x0000000000025489      0x333 ./Core/Src/fonts.o
 .debug_macro   0x00000000000257bc       0x10 ./Core/Src/fonts.o
 .debug_macro   0x00000000000257cc       0x35 ./Core/Src/fonts.o
 .debug_macro   0x0000000000025801       0x20 ./Core/Src/fonts.o
 .debug_macro   0x0000000000025821      0x368 ./Core/Src/llist.o
 .debug_macro   0x0000000000025b89       0x3c ./Core/Src/llist.o
 .debug_macro   0x0000000000025bc5       0x1c ./Core/Src/llist.o
 .debug_macro   0x0000000000025be1       0x10 ./Core/Src/llist.o
 .debug_macro   0x0000000000025bf1       0x10 ./Core/Src/llist.o
 .debug_macro   0x0000000000025c01       0x1c ./Core/Src/llist.o
 .debug_macro   0x0000000000025c1d       0x52 ./Core/Src/llist.o
 .debug_macro   0x0000000000025c6f       0x22 ./Core/Src/llist.o
 .debug_macro   0x0000000000025c91       0x10 ./Core/Src/llist.o
 .debug_macro   0x0000000000025ca1       0x40 ./Core/Src/llist.o
 .debug_macro   0x0000000000025ce1       0xd5 ./Core/Src/llist.o
 .debug_macro   0x0000000000025db6       0x1c ./Core/Src/llist.o
 .debug_macro   0x0000000000025dd2       0x3d ./Core/Src/llist.o
 .debug_macro   0x0000000000025e0f       0x16 ./Core/Src/llist.o
 .debug_macro   0x0000000000025e25      0x145 ./Core/Src/llist.o
 .debug_macro   0x0000000000025f6a      0x44f ./Core/Src/main.o
 .debug_macro   0x00000000000263b9       0x10 ./Core/Src/main.o
 .debug_macro   0x00000000000263c9      0x201 ./Core/Src/main.o
 .debug_macro   0x00000000000265ca      0x194 ./Core/Src/main.o
 .debug_macro   0x000000000002675e       0x16 ./Core/Src/main.o
 .debug_macro   0x0000000000026774       0x22 ./Core/Src/main.o
 .debug_macro   0x0000000000026796       0x16 ./Core/Src/main.o
 .debug_macro   0x00000000000267ac       0x16 ./Core/Src/main.o
 .debug_macro   0x00000000000267c2       0x29 ./Core/Src/main.o
 .debug_macro   0x00000000000267eb       0x1d ./Core/Src/main.o
 .debug_macro   0x0000000000026808      0x346 ./Core/Src/ssd1306.o
 .debug_macro   0x0000000000026b4e      0x1f2 ./Core/Src/stm32f7xx_hal_msp.o
 .debug_macro   0x0000000000026d40      0x1fc ./Core/Src/stm32f7xx_it.o
 .debug_macro   0x0000000000026f3c       0xff ./Core/Src/sysmem.o
 .debug_macro   0x000000000002703b      0x23b ./Core/Src/sysmem.o
 .debug_macro   0x0000000000027276      0x1e3 ./Core/Src/system_stm32f7xx.o
 .debug_macro   0x0000000000027459      0x207 ./Drivers/STM32F7xx_HAL_Driver/Src/stm32f7xx_hal.o
 .debug_macro   0x0000000000027660      0x1e3 ./Drivers/STM32F7xx_HAL_Driver/Src/stm32f7xx_hal_cortex.o
 .debug_macro   0x0000000000027843      0x1e9 ./Drivers/STM32F7xx_HAL_Driver/Src/stm32f7xx_hal_dma.o
 .debug_macro   0x0000000000027a2c      0x219 ./Drivers/STM32F7xx_HAL_Driver/Src/stm32f7xx_hal_gpio.o
 .debug_macro   0x0000000000027c45      0x2a8 ./Drivers/STM32F7xx_HAL_Driver/Src/stm32f7xx_hal_i2c.o
 .debug_macro   0x0000000000027eed      0x1e3 ./Drivers/STM32F7xx_HAL_Driver/Src/stm32f7xx_hal_i2c_ex.o
 .debug_macro   0x00000000000280d0      0x1eb ./Drivers/STM32F7xx_HAL_Driver/Src/stm32f7xx_hal_i2s.o
 .debug_macro   0x00000000000282bb      0x1fb ./Drivers/STM32F7xx_HAL_Driver/Src/stm32f7xx_hal_pwr_ex.o
 .debug_macro   0x00000000000284b6      0x207 ./Drivers/STM32F7xx_HAL_Driver/Src/stm32f7xx_hal_rcc.o
 .debug_macro   0x00000000000286bd      0x1e3 ./Drivers/STM32F7xx_HAL_Driver/Src/stm32f7xx_hal_rcc_ex.o
 .debug_macro   0x00000000000288a0      0x1f2 ./Drivers/STM32F7xx_HAL_Driver/Src/stm32f7xx_hal_sai.o
 .debug_macro   0x0000000000028a92      0x200 ./Drivers/STM32F7xx_HAL_Driver/Src/stm32f7xx_hal_uart.o

.debug_line     0x0000000000000000    0x13b2a
 .debug_line    0x0000000000000000      0x855 ./Core/Src/fonts.o
 .debug_line    0x0000000000000855      0x9b0 ./Core/Src/llist.o
 .debug_line    0x0000000000001205     0x1183 ./Core/Src/main.o
 .debug_line    0x0000000000002388     0x204b ./Core/Src/ssd1306.o
 .debug_line    0x00000000000043d3      0x895 ./Core/Src/stm32f7xx_hal_msp.o
 .debug_line    0x0000000000004c68      0x7e1 ./Core/Src/stm32f7xx_it.o
 .debug_line    0x0000000000005449      0x4f8 ./Core/Src/sysmem.o
 .debug_line    0x0000000000005941      0x76e ./Core/Src/system_stm32f7xx.o
 .debug_line    0x00000000000060af       0x88 ./Core/Startup/startup_stm32f767zitx.o
 .debug_line    0x0000000000006137      0xa2f ./Drivers/STM32F7xx_HAL_Driver/Src/stm32f7xx_hal.o
 .debug_line    0x0000000000006b66      0xc85 ./Drivers/STM32F7xx_HAL_Driver/Src/stm32f7xx_hal_cortex.o
 .debug_line    0x00000000000077eb      0xf53 ./Drivers/STM32F7xx_HAL_Driver/Src/stm32f7xx_hal_dma.o
 .debug_line    0x000000000000873e      0xb81 ./Drivers/STM32F7xx_HAL_Driver/Src/stm32f7xx_hal_gpio.o
 .debug_line    0x00000000000092bf     0x32dd ./Drivers/STM32F7xx_HAL_Driver/Src/stm32f7xx_hal_i2c.o
 .debug_line    0x000000000000c59c      0x82a ./Drivers/STM32F7xx_HAL_Driver/Src/stm32f7xx_hal_i2c_ex.o
 .debug_line    0x000000000000cdc6     0x10b8 ./Drivers/STM32F7xx_HAL_Driver/Src/stm32f7xx_hal_i2s.o
 .debug_line    0x000000000000de7e      0x974 ./Drivers/STM32F7xx_HAL_Driver/Src/stm32f7xx_hal_pwr_ex.o
 .debug_line    0x000000000000e7f2      0xe6f ./Drivers/STM32F7xx_HAL_Driver/Src/stm32f7xx_hal_rcc.o
 .debug_line    0x000000000000f661      0xe4d ./Drivers/STM32F7xx_HAL_Driver/Src/stm32f7xx_hal_rcc_ex.o
 .debug_line    0x00000000000104ae     0x1958 ./Drivers/STM32F7xx_HAL_Driver/Src/stm32f7xx_hal_sai.o
 .debug_line    0x0000000000011e06     0x1d24 ./Drivers/STM32F7xx_HAL_Driver/Src/stm32f7xx_hal_uart.o

.debug_str      0x0000000000000000    0xf8341
 .debug_str     0x0000000000000000    0xf05a1 ./Core/Src/fonts.o
                                      0xf0d10 (size before relaxing)
 .debug_str     0x00000000000f05a1     0x103f ./Core/Src/llist.o
                                      0xf1c11 (size before relaxing)
 .debug_str     0x00000000000f15e0     0x29dc ./Core/Src/main.o
                                      0xf4821 (size before relaxing)
 .debug_str     0x00000000000f3fbc      0xcb0 ./Core/Src/ssd1306.o
                                      0xf1ffb (size before relaxing)
 .debug_str     0x00000000000f4c6c       0xcc ./Core/Src/stm32f7xx_hal_msp.o
                                      0xee77b (size before relaxing)
 .debug_str     0x00000000000f4d38       0xed ./Core/Src/stm32f7xx_it.o
                                      0xeddb7 (size before relaxing)
 .debug_str     0x00000000000f4e25      0x4e4 ./Core/Src/sysmem.o
                                       0x62ec (size before relaxing)
 .debug_str     0x00000000000f5309      0x178 ./Core/Src/system_stm32f7xx.o
                                      0xedcc4 (size before relaxing)
 .debug_str     0x00000000000f5481       0x36 ./Core/Startup/startup_stm32f767zitx.o
                                         0x74 (size before relaxing)
 .debug_str     0x00000000000f54b7      0x3b5 ./Drivers/STM32F7xx_HAL_Driver/Src/stm32f7xx_hal.o
                                      0xee662 (size before relaxing)
 .debug_str     0x00000000000f586c      0x388 ./Drivers/STM32F7xx_HAL_Driver/Src/stm32f7xx_hal_cortex.o
                                      0xee6ce (size before relaxing)
 .debug_str     0x00000000000f5bf4      0x32d ./Drivers/STM32F7xx_HAL_Driver/Src/stm32f7xx_hal_dma.o
                                      0xee013 (size before relaxing)
 .debug_str     0x00000000000f5f21      0x244 ./Drivers/STM32F7xx_HAL_Driver/Src/stm32f7xx_hal_gpio.o
                                      0xedeaf (size before relaxing)
 .debug_str     0x00000000000f6165      0xd46 ./Drivers/STM32F7xx_HAL_Driver/Src/stm32f7xx_hal_i2c.o
                                      0xeee1a (size before relaxing)
 .debug_str     0x00000000000f6eab       0x89 ./Drivers/STM32F7xx_HAL_Driver/Src/stm32f7xx_hal_i2c_ex.o
                                      0xee196 (size before relaxing)
 .debug_str     0x00000000000f6f34      0x298 ./Drivers/STM32F7xx_HAL_Driver/Src/stm32f7xx_hal_i2s.o
                                      0xee29a (size before relaxing)
 .debug_str     0x00000000000f71cc      0x1d1 ./Drivers/STM32F7xx_HAL_Driver/Src/stm32f7xx_hal_pwr_ex.o
                                      0xedf53 (size before relaxing)
 .debug_str     0x00000000000f739d      0x274 ./Drivers/STM32F7xx_HAL_Driver/Src/stm32f7xx_hal_rcc.o
                                      0xee00d (size before relaxing)
 .debug_str     0x00000000000f7611      0x158 ./Drivers/STM32F7xx_HAL_Driver/Src/stm32f7xx_hal_rcc_ex.o
                                      0xedfc2 (size before relaxing)
 .debug_str     0x00000000000f7769      0x3c5 ./Drivers/STM32F7xx_HAL_Driver/Src/stm32f7xx_hal_sai.o
                                      0xee3be (size before relaxing)
 .debug_str     0x00000000000f7b2e      0x813 ./Drivers/STM32F7xx_HAL_Driver/Src/stm32f7xx_hal_uart.o
                                      0xee8de (size before relaxing)

.comment        0x0000000000000000       0x53
 .comment       0x0000000000000000       0x53 ./Core/Src/fonts.o
                                         0x54 (size before relaxing)
 .comment       0x0000000000000053       0x54 ./Core/Src/llist.o
 .comment       0x0000000000000053       0x54 ./Core/Src/main.o
 .comment       0x0000000000000053       0x54 ./Core/Src/ssd1306.o
 .comment       0x0000000000000053       0x54 ./Core/Src/stm32f7xx_hal_msp.o
 .comment       0x0000000000000053       0x54 ./Core/Src/stm32f7xx_it.o
 .comment       0x0000000000000053       0x54 ./Core/Src/sysmem.o
 .comment       0x0000000000000053       0x54 ./Core/Src/system_stm32f7xx.o
 .comment       0x0000000000000053       0x54 ./Drivers/STM32F7xx_HAL_Driver/Src/stm32f7xx_hal.o
 .comment       0x0000000000000053       0x54 ./Drivers/STM32F7xx_HAL_Driver/Src/stm32f7xx_hal_cortex.o
 .comment       0x0000000000000053       0x54 ./Drivers/STM32F7xx_HAL_Driver/Src/stm32f7xx_hal_dma.o
 .comment       0x0000000000000053       0x54 ./Drivers/STM32F7xx_HAL_Driver/Src/stm32f7xx_hal_gpio.o
 .comment       0x0000000000000053       0x54 ./Drivers/STM32F7xx_HAL_Driver/Src/stm32f7xx_hal_i2c.o
 .comment       0x0000000000000053       0x54 ./Drivers/STM32F7xx_HAL_Driver/Src/stm32f7xx_hal_i2c_ex.o
 .comment       0x0000000000000053       0x54 ./Drivers/STM32F7xx_HAL_Driver/Src/stm32f7xx_hal_i2s.o
 .comment       0x0000000000000053       0x54 ./Drivers/STM32F7xx_HAL_Driver/Src/stm32f7xx_hal_pwr_ex.o
 .comment       0x0000000000000053       0x54 ./Drivers/STM32F7xx_HAL_Driver/Src/stm32f7xx_hal_rcc.o
 .comment       0x0000000000000053       0x54 ./Drivers/STM32F7xx_HAL_Driver/Src/stm32f7xx_hal_rcc_ex.o
 .comment       0x0000000000000053       0x54 ./Drivers/STM32F7xx_HAL_Driver/Src/stm32f7xx_hal_sai.o
 .comment       0x0000000000000053       0x54 ./Drivers/STM32F7xx_HAL_Driver/Src/stm32f7xx_hal_uart.o

.debug_frame    0x0000000000000000     0x4fe0
 .debug_frame   0x0000000000000000       0x38 ./Core/Src/fonts.o
 .debug_frame   0x0000000000000038       0xc8 ./Core/Src/llist.o
 .debug_frame   0x0000000000000100      0x2c8 ./Core/Src/main.o
 .debug_frame   0x00000000000003c8     0x1230 ./Core/Src/ssd1306.o
 .debug_frame   0x00000000000015f8      0x158 ./Core/Src/stm32f7xx_hal_msp.o
 .debug_frame   0x0000000000001750      0x13c ./Core/Src/stm32f7xx_it.o
 .debug_frame   0x000000000000188c       0x34 ./Core/Src/sysmem.o
 .debug_frame   0x00000000000018c0       0x58 ./Core/Src/system_stm32f7xx.o
 .debug_frame   0x0000000000001918      0x3f4 ./Drivers/STM32F7xx_HAL_Driver/Src/stm32f7xx_hal.o
 .debug_frame   0x0000000000001d0c      0x498 ./Drivers/STM32F7xx_HAL_Driver/Src/stm32f7xx_hal_cortex.o
 .debug_frame   0x00000000000021a4      0x250 ./Drivers/STM32F7xx_HAL_Driver/Src/stm32f7xx_hal_dma.o
 .debug_frame   0x00000000000023f4      0x14c ./Drivers/STM32F7xx_HAL_Driver/Src/stm32f7xx_hal_gpio.o
 .debug_frame   0x0000000000002540      0xbe8 ./Drivers/STM32F7xx_HAL_Driver/Src/stm32f7xx_hal_i2c.o
 .debug_frame   0x0000000000003128       0xb0 ./Drivers/STM32F7xx_HAL_Driver/Src/stm32f7xx_hal_i2c_ex.o
 .debug_frame   0x00000000000031d8      0x480 ./Drivers/STM32F7xx_HAL_Driver/Src/stm32f7xx_hal_i2s.o
 .debug_frame   0x0000000000003658      0x1c8 ./Drivers/STM32F7xx_HAL_Driver/Src/stm32f7xx_hal_pwr_ex.o
 .debug_frame   0x0000000000003820      0x1f0 ./Drivers/STM32F7xx_HAL_Driver/Src/stm32f7xx_hal_rcc.o
 .debug_frame   0x0000000000003a10      0x118 ./Drivers/STM32F7xx_HAL_Driver/Src/stm32f7xx_hal_rcc_ex.o
 .debug_frame   0x0000000000003b28      0x698 ./Drivers/STM32F7xx_HAL_Driver/Src/stm32f7xx_hal_sai.o
 .debug_frame   0x00000000000041c0      0xa08 ./Drivers/STM32F7xx_HAL_Driver/Src/stm32f7xx_hal_uart.o
 .debug_frame   0x0000000000004bc8       0x20 c:/st/stm32cubeide_1.7.0/stm32cubeide/plugins/com.st.stm32cube.ide.mcu.externaltools.gnu-tools-for-stm32.9-2020-q2-update.win32_2.0.0.202105311346/tools/bin/../lib/gcc/arm-none-eabi/9.3.1/../../../../arm-none-eabi/lib/thumb/v7e-m+dp/hard\libc_nano.a(lib_a-errno.o)
 .debug_frame   0x0000000000004be8       0x2c c:/st/stm32cubeide_1.7.0/stm32cubeide/plugins/com.st.stm32cube.ide.mcu.externaltools.gnu-tools-for-stm32.9-2020-q2-update.win32_2.0.0.202105311346/tools/bin/../lib/gcc/arm-none-eabi/9.3.1/../../../../arm-none-eabi/lib/thumb/v7e-m+dp/hard\libc_nano.a(lib_a-init.o)
 .debug_frame   0x0000000000004c14       0x30 c:/st/stm32cubeide_1.7.0/stm32cubeide/plugins/com.st.stm32cube.ide.mcu.externaltools.gnu-tools-for-stm32.9-2020-q2-update.win32_2.0.0.202105311346/tools/bin/../lib/gcc/arm-none-eabi/9.3.1/../../../../arm-none-eabi/lib/thumb/v7e-m+dp/hard\libc_nano.a(lib_a-malloc.o)
 .debug_frame   0x0000000000004c44       0x20 c:/st/stm32cubeide_1.7.0/stm32cubeide/plugins/com.st.stm32cube.ide.mcu.externaltools.gnu-tools-for-stm32.9-2020-q2-update.win32_2.0.0.202105311346/tools/bin/../lib/gcc/arm-none-eabi/9.3.1/../../../../arm-none-eabi/lib/thumb/v7e-m+dp/hard\libc_nano.a(lib_a-memset.o)
 .debug_frame   0x0000000000004c64       0x38 c:/st/stm32cubeide_1.7.0/stm32cubeide/plugins/com.st.stm32cube.ide.mcu.externaltools.gnu-tools-for-stm32.9-2020-q2-update.win32_2.0.0.202105311346/tools/bin/../lib/gcc/arm-none-eabi/9.3.1/../../../../arm-none-eabi/lib/thumb/v7e-m+dp/hard\libc_nano.a(lib_a-nano-freer.o)
 .debug_frame   0x0000000000004c9c       0x30 c:/st/stm32cubeide_1.7.0/stm32cubeide/plugins/com.st.stm32cube.ide.mcu.externaltools.gnu-tools-for-stm32.9-2020-q2-update.win32_2.0.0.202105311346/tools/bin/../lib/gcc/arm-none-eabi/9.3.1/../../../../arm-none-eabi/lib/thumb/v7e-m+dp/hard\libc_nano.a(lib_a-nano-mallocr.o)
 .debug_frame   0x0000000000004ccc       0x2c c:/st/stm32cubeide_1.7.0/stm32cubeide/plugins/com.st.stm32cube.ide.mcu.externaltools.gnu-tools-for-stm32.9-2020-q2-update.win32_2.0.0.202105311346/tools/bin/../lib/gcc/arm-none-eabi/9.3.1/../../../../arm-none-eabi/lib/thumb/v7e-m+dp/hard\libc_nano.a(lib_a-sbrkr.o)
 .debug_frame   0x0000000000004cf8      0x14c c:/st/stm32cubeide_1.7.0/stm32cubeide/plugins/com.st.stm32cube.ide.mcu.externaltools.gnu-tools-for-stm32.9-2020-q2-update.win32_2.0.0.202105311346/tools/bin/../lib/gcc/arm-none-eabi/9.3.1/../../../../arm-none-eabi/lib/thumb/v7e-m+dp/hard\libc_nano.a(lib_a-findfp.o)
 .debug_frame   0x0000000000004e44       0xb0 c:/st/stm32cubeide_1.7.0/stm32cubeide/plugins/com.st.stm32cube.ide.mcu.externaltools.gnu-tools-for-stm32.9-2020-q2-update.win32_2.0.0.202105311346/tools/bin/../lib/gcc/arm-none-eabi/9.3.1/../../../../arm-none-eabi/lib/thumb/v7e-m+dp/hard\libc_nano.a(lib_a-lock.o)
 .debug_frame   0x0000000000004ef4       0x30 c:/st/stm32cubeide_1.7.0/stm32cubeide/plugins/com.st.stm32cube.ide.mcu.externaltools.gnu-tools-for-stm32.9-2020-q2-update.win32_2.0.0.202105311346/tools/bin/../lib/gcc/arm-none-eabi/9.3.1/../../../../arm-none-eabi/lib/thumb/v7e-m+dp/hard\libc_nano.a(lib_a-mlock.o)