13:21:39 **** Incremental Build of configuration Debug for project STM_DAC ****
make -j16 all 
arm-none-eabi-gcc "../Drivers/STM32F7xx_HAL_Driver/Src/stm32f7xx_hal.c" -mcpu=cortex-m7 -std=gnu11 -g3 -DDEBUG -DUSE_HAL_DRIVER -DSTM32F767xx -c -I../Core/Inc -I../Drivers/STM32F7xx_HAL_Driver/Inc -I../Drivers/STM32F7xx_HAL_Driver/Inc/Legacy -I../Drivers/CMSIS/Device/ST/STM32F7xx/Include -I../Drivers/CMSIS/Include -O0 -ffunction-sections -fdata-sections -Wall -fstack-usage -MMD -MP -MF"Drivers/STM32F7xx_HAL_Driver/Src/stm32f7xx_hal.d" -MT"Drivers/STM32F7xx_HAL_Driver/Src/stm32f7xx_hal.o" --specs=nano.specs -mfpu=fpv5-d16 -mfloat-abi=hard -mthumb -o "Drivers/STM32F7xx_HAL_Driver/Src/stm32f7xx_hal.o"
arm-none-eabi-gcc "../Drivers/STM32F7xx_HAL_Driver/Src/stm32f7xx_hal_cortex.c" -mcpu=cortex-m7 -std=gnu11 -g3 -DDEBUG -DUSE_HAL_DRIVER -DSTM32F767xx -c -I../Core/Inc -I../Drivers/STM32F7xx_HAL_Driver/Inc -I../Drivers/STM32F7xx_HAL_Driver/Inc/Legacy -I../Drivers/CMSIS/Device/ST/STM32F7xx/Include -I../Drivers/CMSIS/Include -O0 -ffunction-sections -fdata-sections -Wall -fstack-usage -MMD -MP -MF"Drivers/STM32F7xx_HAL_Driver/Src/stm32f7xx_hal_cortex.d" -MT"Drivers/STM32F7xx_HAL_Driver/Src/stm32f7xx_hal_cortex.o" --specs=nano.specs -mfpu=fpv5-d16 -mfloat-abi=hard -mthumb -o "Drivers/STM32F7xx_HAL_Driver/Src/stm32f7xx_hal_cortex.o"
arm-none-eabi-gcc "../Drivers/STM32F7xx_HAL_Driver/Src/stm32f7xx_hal_dma.c" -mcpu=cortex-m7 -std=gnu11 -g3 -DDEBUG -DUSE_HAL_DRIVER -DSTM32F767xx -c -I../Core/Inc -I../Drivers/STM32F7xx_HAL_Driver/Inc -I../Drivers/STM32F7xx_HAL_Driver/Inc/Legacy -I../Drivers/CMSIS/Device/ST/STM32F7xx/Include -I../Drivers/CMSIS/Include -O0 -ffunction-sections -fdata-sections -Wall -fstack-usage -MMD -MP -MF"Drivers/STM32F7xx_HAL_Driver/Src/stm32f7xx_hal_dma.d" -MT"Drivers/STM32F7xx_HAL_Driver/Src/stm32f7xx_hal_dma.o" --specs=nano.specs -mfpu=fpv5-d16 -mfloat-abi=hard -mthumb -o "Drivers/STM32F7xx_HAL_Driver/Src/stm32f7xx_hal_dma.o"
arm-none-eabi-gcc "../Drivers/STM32F7xx_HAL_Driver/Src/stm32f7xx_hal_dma_ex.c" -mcpu=cortex-m7 -std=gnu11 -g3 -DDEBUG -DUSE_HAL_DRIVER -DSTM32F767xx -c -I../Core/Inc -I../Drivers/STM32F7xx_HAL_Driver/Inc -I../Drivers/STM32F7xx_HAL_Driver/Inc/Legacy -I../Drivers/CMSIS/Device/ST/STM32F7xx/Include -I../Drivers/CMSIS/Include -O0 -ffunction-sections -fdata-sections -Wall -fstack-usage -MMD -MP -MF"Drivers/STM32F7xx_HAL_Driver/Src/stm32f7xx_hal_dma_ex.d" -MT"Drivers/STM32F7xx_HAL_Driver/Src/stm32f7xx_hal_dma_ex.o" --specs=nano.specs -mfpu=fpv5-d16 -mfloat-abi=hard -mthumb -o "Drivers/STM32F7xx_HAL_Driver/Src/stm32f7xx_hal_dma_ex.o"
arm-none-eabi-gcc "../Drivers/STM32F7xx_HAL_Driver/Src/stm32f7xx_hal_eth.c" -mcpu=cortex-m7 -std=gnu11 -g3 -DDEBUG -DUSE_HAL_DRIVER -DSTM32F767xx -c -I../Core/Inc -I../Drivers/STM32F7xx_HAL_Driver/Inc -I../Drivers/STM32F7xx_HAL_Driver/Inc/Legacy -I../Drivers/CMSIS/Device/ST/STM32F7xx/Include -I../Drivers/CMSIS/Include -O0 -ffunction-sections -fdata-sections -Wall -fstack-usage -MMD -MP -MF"Drivers/STM32F7xx_HAL_Driver/Src/stm32f7xx_hal_eth.d" -MT"Drivers/STM32F7xx_HAL_Driver/Src/stm32f7xx_hal_eth.o" --specs=nano.specs -mfpu=fpv5-d16 -mfloat-abi=hard -mthumb -o "Drivers/STM32F7xx_HAL_Driver/Src/stm32f7xx_hal_eth.o"
arm-none-eabi-gcc "../Drivers/STM32F7xx_HAL_Driver/Src/stm32f7xx_hal_exti.c" -mcpu=cortex-m7 -std=gnu11 -g3 -DDEBUG -DUSE_HAL_DRIVER -DSTM32F767xx -c -I../Core/Inc -I../Drivers/STM32F7xx_HAL_Driver/Inc -I../Drivers/STM32F7xx_HAL_Driver/Inc/Legacy -I../Drivers/CMSIS/Device/ST/STM32F7xx/Include -I../Drivers/CMSIS/Include -O0 -ffunction-sections -fdata-sections -Wall -fstack-usage -MMD -MP -MF"Drivers/STM32F7xx_HAL_Driver/Src/stm32f7xx_hal_exti.d" -MT"Drivers/STM32F7xx_HAL_Driver/Src/stm32f7xx_hal_exti.o" --specs=nano.specs -mfpu=fpv5-d16 -mfloat-abi=hard -mthumb -o "Drivers/STM32F7xx_HAL_Driver/Src/stm32f7xx_hal_exti.o"
arm-none-eabi-gcc "../Drivers/STM32F7xx_HAL_Driver/Src/stm32f7xx_hal_flash.c" -mcpu=cortex-m7 -std=gnu11 -g3 -DDEBUG -DUSE_HAL_DRIVER -DSTM32F767xx -c -I../Core/Inc -I../Drivers/STM32F7xx_HAL_Driver/Inc -I../Drivers/STM32F7xx_HAL_Driver/Inc/Legacy -I../Drivers/CMSIS/Device/ST/STM32F7xx/Include -I../Drivers/CMSIS/Include -O0 -ffunction-sections -fdata-sections -Wall -fstack-usage -MMD -MP -MF"Drivers/STM32F7xx_HAL_Driver/Src/stm32f7xx_hal_flash.d" -MT"Drivers/STM32F7xx_HAL_Driver/Src/stm32f7xx_hal_flash.o" --specs=nano.specs -mfpu=fpv5-d16 -mfloat-abi=hard -mthumb -o "Drivers/STM32F7xx_HAL_Driver/Src/stm32f7xx_hal_flash.o"
arm-none-eabi-gcc "../Drivers/STM32F7xx_HAL_Driver/Src/stm32f7xx_hal_flash_ex.c" -mcpu=cortex-m7 -std=gnu11 -g3 -DDEBUG -DUSE_HAL_DRIVER -DSTM32F767xx -c -I../Core/Inc -I../Drivers/STM32F7xx_HAL_Driver/Inc -I../Drivers/STM32F7xx_HAL_Driver/Inc/Legacy -I../Drivers/CMSIS/Device/ST/STM32F7xx/Include -I../Drivers/CMSIS/Include -O0 -ffunction-sections -fdata-sections -Wall -fstack-usage -MMD -MP -MF"Drivers/STM32F7xx_HAL_Driver/Src/stm32f7xx_hal_flash_ex.d" -MT"Drivers/STM32F7xx_HAL_Driver/Src/stm32f7xx_hal_flash_ex.o" --specs=nano.specs -mfpu=fpv5-d16 -mfloat-abi=hard -mthumb -o "Drivers/STM32F7xx_HAL_Driver/Src/stm32f7xx_hal_flash_ex.o"
arm-none-eabi-gcc "../Drivers/STM32F7xx_HAL_Driver/Src/stm32f7xx_hal_gpio.c" -mcpu=cortex-m7 -std=gnu11 -g3 -DDEBUG -DUSE_HAL_DRIVER -DSTM32F767xx -c -I../Core/Inc -I../Drivers/STM32F7xx_HAL_Driver/Inc -I../Drivers/STM32F7xx_HAL_Driver/Inc/Legacy -I../Drivers/CMSIS/Device/ST/STM32F7xx/Include -I../Drivers/CMSIS/Include -O0 -ffunction-sections -fdata-sections -Wall -fstack-usage -MMD -MP -MF"Drivers/STM32F7xx_HAL_Driver/Src/stm32f7xx_hal_gpio.d" -MT"Drivers/STM32F7xx_HAL_Driver/Src/stm32f7xx_hal_gpio.o" --specs=nano.specs -mfpu=fpv5-d16 -mfloat-abi=hard -mthumb -o "Drivers/STM32F7xx_HAL_Driver/Src/stm32f7xx_hal_gpio.o"
arm-none-eabi-gcc "../Drivers/STM32F7xx_HAL_Driver/Src/stm32f7xx_hal_i2c.c" -mcpu=cortex-m7 -std=gnu11 -g3 -DDEBUG -DUSE_HAL_DRIVER -DSTM32F767xx -c -I../Core/Inc -I../Drivers/STM32F7xx_HAL_Driver/Inc -I../Drivers/STM32F7xx_HAL_Driver/Inc/Legacy -I../Drivers/CMSIS/Device/ST/STM32F7xx/Include -I../Drivers/CMSIS/Include -O0 -ffunction-sections -fdata-sections -Wall -fstack-usage -MMD -MP -MF"Drivers/STM32F7xx_HAL_Driver/Src/stm32f7xx_hal_i2c.d" -MT"Drivers/STM32F7xx_HAL_Driver/Src/stm32f7xx_hal_i2c.o" --specs=nano.specs -mfpu=fpv5-d16 -mfloat-abi=hard -mthumb -o "Drivers/STM32F7xx_HAL_Driver/Src/stm32f7xx_hal_i2c.o"
arm-none-eabi-gcc "../Drivers/STM32F7xx_HAL_Driver/Src/stm32f7xx_hal_i2c_ex.c" -mcpu=cortex-m7 -std=gnu11 -g3 -DDEBUG -DUSE_HAL_DRIVER -DSTM32F767xx -c -I../Core/Inc -I../Drivers/STM32F7xx_HAL_Driver/Inc -I../Drivers/STM32F7xx_HAL_Driver/Inc/Legacy -I../Drivers/CMSIS/Device/ST/STM32F7xx/Include -I../Drivers/CMSIS/Include -O0 -ffunction-sections -fdata-sections -Wall -fstack-usage -MMD -MP -MF"Drivers/STM32F7xx_HAL_Driver/Src/stm32f7xx_hal_i2c_ex.d" -MT"Drivers/STM32F7xx_HAL_Driver/Src/stm32f7xx_hal_i2c_ex.o" --specs=nano.specs -mfpu=fpv5-d16 -mfloat-abi=hard -mthumb -o "Drivers/STM32F7xx_HAL_Driver/Src/stm32f7xx_hal_i2c_ex.o"
arm-none-eabi-gcc "../Drivers/STM32F7xx_HAL_Driver/Src/stm32f7xx_hal_i2s.c" -mcpu=cortex-m7 -std=gnu11 -g3 -DDEBUG -DUSE_HAL_DRIVER -DSTM32F767xx -c -I../Core/Inc -I../Drivers/STM32F7xx_HAL_Driver/Inc -I../Drivers/STM32F7xx_HAL_Driver/Inc/Legacy -I../Drivers/CMSIS/Device/ST/STM32F7xx/Include -I../Drivers/CMSIS/Include -O0 -ffunction-sections -fdata-sections -Wall -fstack-usage -MMD -MP -MF"Drivers/STM32F7xx_HAL_Driver/Src/stm32f7xx_hal_i2s.d" -MT"Drivers/STM32F7xx_HAL_Driver/Src/stm32f7xx_hal_i2s.o" --specs=nano.specs -mfpu=fpv5-d16 -mfloat-abi=hard -mthumb -o "Drivers/STM32F7xx_HAL_Driver/Src/stm32f7xx_hal_i2s.o"
arm-none-eabi-gcc "../Drivers/STM32F7xx_HAL_Driver/Src/stm32f7xx_hal_pcd.c" -mcpu=cortex-m7 -std=gnu11 -g3 -DDEBUG -DUSE_HAL_DRIVER -DSTM32F767xx -c -I../Core/Inc -I../Drivers/STM32F7xx_HAL_Driver/Inc -I../Drivers/STM32F7xx_HAL_Driver/Inc/Legacy -I../Drivers/CMSIS/Device/ST/STM32F7xx/Include -I../Drivers/CMSIS/Include -O0 -ffunction-sections -fdata-sections -Wall -fstack-usage -MMD -MP -MF"Drivers/STM32F7xx_HAL_Driver/Src/stm32f7xx_hal_pcd.d" -MT"Drivers/STM32F7xx_HAL_Driver/Src/stm32f7xx_hal_pcd.o" --specs=nano.specs -mfpu=fpv5-d16 -mfloat-abi=hard -mthumb -o "Drivers/STM32F7xx_HAL_Driver/Src/stm32f7xx_hal_pcd.o"
arm-none-eabi-gcc "../Drivers/STM32F7xx_HAL_Driver/Src/stm32f7xx_hal_pcd_ex.c" -mcpu=cortex-m7 -std=gnu11 -g3 -DDEBUG -DUSE_HAL_DRIVER -DSTM32F767xx -c -I../Core/Inc -I../Drivers/STM32F7xx_HAL_Driver/Inc -I../Drivers/STM32F7xx_HAL_Driver/Inc/Legacy -I../Drivers/CMSIS/Device/ST/STM32F7xx/Include -I../Drivers/CMSIS/Include -O0 -ffunction-sections -fdata-sections -Wall -fstack-usage -MMD -MP -MF"Drivers/STM32F7xx_HAL_Driver/Src/stm32f7xx_hal_pcd_ex.d" -MT"Drivers/STM32F7xx_HAL_Driver/Src/stm32f7xx_hal_pcd_ex.o" --specs=nano.specs -mfpu=fpv5-d16 -mfloat-abi=hard -mthumb -o "Drivers/STM32F7xx_HAL_Driver/Src/stm32f7xx_hal_pcd_ex.o"
arm-none-eabi-gcc "../Drivers/STM32F7xx_HAL_Driver/Src/stm32f7xx_hal_pwr.c" -mcpu=cortex-m7 -std=gnu11 -g3 -DDEBUG -DUSE_HAL_DRIVER -DSTM32F767xx -c -I../Core/Inc -I../Drivers/STM32F7xx_HAL_Driver/Inc -I../Drivers/STM32F7xx_HAL_Driver/Inc/Legacy -I../Drivers/CMSIS/Device/ST/STM32F7xx/Include -I../Drivers/CMSIS/Include -O0 -ffunction-sections -fdata-sections -Wall -fstack-usage -MMD -MP -MF"Drivers/STM32F7xx_HAL_Driver/Src/stm32f7xx_hal_pwr.d" -MT"Drivers/STM32F7xx_HAL_Driver/Src/stm32f7xx_hal_pwr.o" --specs=nano.specs -mfpu=fpv5-d16 -mfloat-abi=hard -mthumb -o "Drivers/STM32F7xx_HAL_Driver/Src/stm32f7xx_hal_pwr.o"
arm-none-eabi-gcc "../Drivers/STM32F7xx_HAL_Driver/Src/stm32f7xx_hal_pwr_ex.c" -mcpu=cortex-m7 -std=gnu11 -g3 -DDEBUG -DUSE_HAL_DRIVER -DSTM32F767xx -c -I../Core/Inc -I../Drivers/STM32F7xx_HAL_Driver/Inc -I../Drivers/STM32F7xx_HAL_Driver/Inc/Legacy -I../Drivers/CMSIS/Device/ST/STM32F7xx/Include -I../Drivers/CMSIS/Include -O0 -ffunction-sections -fdata-sections -Wall -fstack-usage -MMD -MP -MF"Drivers/STM32F7xx_HAL_Driver/Src/stm32f7xx_hal_pwr_ex.d" -MT"Drivers/STM32F7xx_HAL_Driver/Src/stm32f7xx_hal_pwr_ex.o" --specs=nano.specs -mfpu=fpv5-d16 -mfloat-abi=hard -mthumb -o "Drivers/STM32F7xx_HAL_Driver/Src/stm32f7xx_hal_pwr_ex.o"
arm-none-eabi-gcc "../Drivers/STM32F7xx_HAL_Driver/Src/stm32f7xx_hal_rcc.c" -mcpu=cortex-m7 -std=gnu11 -g3 -DDEBUG -DUSE_HAL_DRIVER -DSTM32F767xx -c -I../Core/Inc -I../Drivers/STM32F7xx_HAL_Driver/Inc -I../Drivers/STM32F7xx_HAL_Driver/Inc/Legacy -I../Drivers/CMSIS/Device/ST/STM32F7xx/Include -I../Drivers/CMSIS/Include -O0 -ffunction-sections -fdata-sections -Wall -fstack-usage -MMD -MP -MF"Drivers/STM32F7xx_HAL_Driver/Src/stm32f7xx_hal_rcc.d" -MT"Drivers/STM32F7xx_HAL_Driver/Src/stm32f7xx_hal_rcc.o" --specs=nano.specs -mfpu=fpv5-d16 -mfloat-abi=hard -mthumb -o "Drivers/STM32F7xx_HAL_Driver/Src/stm32f7xx_hal_rcc.o"
arm-none-eabi-gcc "../Drivers/STM32F7xx_HAL_Driver/Src/stm32f7xx_hal_rcc_ex.c" -mcpu=cortex-m7 -std=gnu11 -g3 -DDEBUG -DUSE_HAL_DRIVER -DSTM32F767xx -c -I../Core/Inc -I../Drivers/STM32F7xx_HAL_Driver/Inc -I../Drivers/STM32F7xx_HAL_Driver/Inc/Legacy -I../Drivers/CMSIS/Device/ST/STM32F7xx/Include -I../Drivers/CMSIS/Include -O0 -ffunction-sections -fdata-sections -Wall -fstack-usage -MMD -MP -MF"Drivers/STM32F7xx_HAL_Driver/Src/stm32f7xx_hal_rcc_ex.d" -MT"Drivers/STM32F7xx_HAL_Driver/Src/stm32f7xx_hal_rcc_ex.o" --specs=nano.specs -mfpu=fpv5-d16 -mfloat-abi=hard -mthumb -o "Drivers/STM32F7xx_HAL_Driver/Src/stm32f7xx_hal_rcc_ex.o"
arm-none-eabi-gcc "../Drivers/STM32F7xx_HAL_Driver/Src/stm32f7xx_hal_tim.c" -mcpu=cortex-m7 -std=gnu11 -g3 -DDEBUG -DUSE_HAL_DRIVER -DSTM32F767xx -c -I../Core/Inc -I../Drivers/STM32F7xx_HAL_Driver/Inc -I../Drivers/STM32F7xx_HAL_Driver/Inc/Legacy -I../Drivers/CMSIS/Device/ST/STM32F7xx/Include -I../Drivers/CMSIS/Include -O0 -ffunction-sections -fdata-sections -Wall -fstack-usage -MMD -MP -MF"Drivers/STM32F7xx_HAL_Driver/Src/stm32f7xx_hal_tim.d" -MT"Drivers/STM32F7xx_HAL_Driver/Src/stm32f7xx_hal_tim.o" --specs=nano.specs -mfpu=fpv5-d16 -mfloat-abi=hard -mthumb -o "Drivers/STM32F7xx_HAL_Driver/Src/stm32f7xx_hal_tim.o"
arm-none-eabi-gcc "../Drivers/STM32F7xx_HAL_Driver/Src/stm32f7xx_hal_tim_ex.c" -mcpu=cortex-m7 -std=gnu11 -g3 -DDEBUG -DUSE_HAL_DRIVER -DSTM32F767xx -c -I../Core/Inc -I../Drivers/STM32F7xx_HAL_Driver/Inc -I../Drivers/STM32F7xx_HAL_Driver/Inc/Legacy -I../Drivers/CMSIS/Device/ST/STM32F7xx/Include -I../Drivers/CMSIS/Include -O0 -ffunction-sections -fdata-sections -Wall -fstack-usage -MMD -MP -MF"Drivers/STM32F7xx_HAL_Driver/Src/stm32f7xx_hal_tim_ex.d" -MT"Drivers/STM32F7xx_HAL_Driver/Src/stm32f7xx_hal_tim_ex.o" --specs=nano.specs -mfpu=fpv5-d16 -mfloat-abi=hard -mthumb -o "Drivers/STM32F7xx_HAL_Driver/Src/stm32f7xx_hal_tim_ex.o"
arm-none-eabi-gcc "../Drivers/STM32F7xx_HAL_Driver/Src/stm32f7xx_hal_uart.c" -mcpu=cortex-m7 -std=gnu11 -g3 -DDEBUG -DUSE_HAL_DRIVER -DSTM32F767xx -c -I../Core/Inc -I../Drivers/STM32F7xx_HAL_Driver/Inc -I../Drivers/STM32F7xx_HAL_Driver/Inc/Legacy -I../Drivers/CMSIS/Device/ST/STM32F7xx/Include -I../Drivers/CMSIS/Include -O0 -ffunction-sections -fdata-sections -Wall -fstack-usage -MMD -MP -MF"Drivers/STM32F7xx_HAL_Driver/Src/stm32f7xx_hal_uart.d" -MT"Drivers/STM32F7xx_HAL_Driver/Src/stm32f7xx_hal_uart.o" --specs=nano.specs -mfpu=fpv5-d16 -mfloat-abi=hard -mthumb -o "Drivers/STM32F7xx_HAL_Driver/Src/stm32f7xx_hal_uart.o"
arm-none-eabi-gcc "../Drivers/STM32F7xx_HAL_Driver/Src/stm32f7xx_hal_uart_ex.c" -mcpu=cortex-m7 -std=gnu11 -g3 -DDEBUG -DUSE_HAL_DRIVER -DSTM32F767xx -c -I../Core/Inc -I../Drivers/STM32F7xx_HAL_Driver/Inc -I../Drivers/STM32F7xx_HAL_Driver/Inc/Legacy -I../Drivers/CMSIS/Device/ST/STM32F7xx/Include -I../Drivers/CMSIS/Include -O0 -ffunction-sections -fdata-sections -Wall -fstack-usage -MMD -MP -MF"Drivers/STM32F7xx_HAL_Driver/Src/stm32f7xx_hal_uart_ex.d" -MT"Drivers/STM32F7xx_HAL_Driver/Src/stm32f7xx_hal_uart_ex.o" --specs=nano.specs -mfpu=fpv5-d16 -mfloat-abi=hard -mthumb -o "Drivers/STM32F7xx_HAL_Driver/Src/stm32f7xx_hal_uart_ex.o"
arm-none-eabi-gcc "../Drivers/STM32F7xx_HAL_Driver/Src/stm32f7xx_ll_usb.c" -mcpu=cortex-m7 -std=gnu11 -g3 -DDEBUG -DUSE_HAL_DRIVER -DSTM32F767xx -c -I../Core/Inc -I../Drivers/STM32F7xx_HAL_Driver/Inc -I../Drivers/STM32F7xx_HAL_Driver/Inc/Legacy -I../Drivers/CMSIS/Device/ST/STM32F7xx/Include -I../Drivers/CMSIS/Include -O0 -ffunction-sections -fdata-sections -Wall -fstack-usage -MMD -MP -MF"Drivers/STM32F7xx_HAL_Driver/Src/stm32f7xx_ll_usb.d" -MT"Drivers/STM32F7xx_HAL_Driver/Src/stm32f7xx_ll_usb.o" --specs=nano.specs -mfpu=fpv5-d16 -mfloat-abi=hard -mthumb -o "Drivers/STM32F7xx_HAL_Driver/Src/stm32f7xx_ll_usb.o"
arm-none-eabi-gcc "../Core/Src/main.c" -mcpu=cortex-m7 -std=gnu11 -g3 -DDEBUG -DUSE_HAL_DRIVER -DSTM32F767xx -c -I../Core/Inc -I../Drivers/STM32F7xx_HAL_Driver/Inc -I../Drivers/STM32F7xx_HAL_Driver/Inc/Legacy -I../Drivers/CMSIS/Device/ST/STM32F7xx/Include -I../Drivers/CMSIS/Include -O0 -ffunction-sections -fdata-sections -Wall -fstack-usage -MMD -MP -MF"Core/Src/main.d" -MT"Core/Src/main.o" --specs=nano.specs -mfpu=fpv5-d16 -mfloat-abi=hard -mthumb -o "Core/Src/main.o"
arm-none-eabi-gcc "../Core/Src/stm32f7xx_hal_msp.c" -mcpu=cortex-m7 -std=gnu11 -g3 -DDEBUG -DUSE_HAL_DRIVER -DSTM32F767xx -c -I../Core/Inc -I../Drivers/STM32F7xx_HAL_Driver/Inc -I../Drivers/STM32F7xx_HAL_Driver/Inc/Legacy -I../Drivers/CMSIS/Device/ST/STM32F7xx/Include -I../Drivers/CMSIS/Include -O0 -ffunction-sections -fdata-sections -Wall -fstack-usage -MMD -MP -MF"Core/Src/stm32f7xx_hal_msp.d" -MT"Core/Src/stm32f7xx_hal_msp.o" --specs=nano.specs -mfpu=fpv5-d16 -mfloat-abi=hard -mthumb -o "Core/Src/stm32f7xx_hal_msp.o"
arm-none-eabi-gcc "../Core/Src/stm32f7xx_it.c" -mcpu=cortex-m7 -std=gnu11 -g3 -DDEBUG -DUSE_HAL_DRIVER -DSTM32F767xx -c -I../Core/Inc -I../Drivers/STM32F7xx_HAL_Driver/Inc -I../Drivers/STM32F7xx_HAL_Driver/Inc/Legacy -I../Drivers/CMSIS/Device/ST/STM32F7xx/Include -I../Drivers/CMSIS/Include -O0 -ffunction-sections -fdata-sections -Wall -fstack-usage -MMD -MP -MF"Core/Src/stm32f7xx_it.d" -MT"Core/Src/stm32f7xx_it.o" --specs=nano.specs -mfpu=fpv5-d16 -mfloat-abi=hard -mthumb -o "Core/Src/stm32f7xx_it.o"
arm-none-eabi-gcc "../Core/Src/system_stm32f7xx.c" -mcpu=cortex-m7 -std=gnu11 -g3 -DDEBUG -DUSE_HAL_DRIVER -DSTM32F767xx -c -I../Core/Inc -I../Drivers/STM32F7xx_HAL_Driver/Inc -I../Drivers/STM32F7xx_HAL_Driver/Inc/Legacy -I../Drivers/CMSIS/Device/ST/STM32F7xx/Include -I../Drivers/CMSIS/Include -O0 -ffunction-sections -fdata-sections -Wall -fstack-usage -MMD -MP -MF"Core/Src/system_stm32f7xx.d" -MT"Core/Src/system_stm32f7xx.o" --specs=nano.specs -mfpu=fpv5-d16 -mfloat-abi=hard -mthumb -o "Core/Src/system_stm32f7xx.o"
arm-none-eabi-g++ -o "STM_DAC.elf" @"objects.list"   -mcpu=cortex-m7 -T"C:\Users\Joshua\Documents\GitHub\STM32_GitHub\STM_DAC\STM32F767ZITX_FLASH.ld" --specs=nosys.specs -Wl,-Map="STM_DAC.map" -Wl,--gc-sections -static --specs=nano.specs -mfpu=fpv5-d16 -mfloat-abi=hard -mthumb -Wl,--start-group -lc -lm -lstdc++ -lsupc++ -Wl,--end-group
Finished building target: STM_DAC.elf
 
arm-none-eabi-size   STM_DAC.elf 
arm-none-eabi-objdump -h -S  STM_DAC.elf  > "STM_DAC.list"
arm-none-eabi-objcopy  -O binary  STM_DAC.elf  "STM_DAC.bin"
   text	   data	    bss	    dec	    hex	filename
  18672	     20	   2972	  21664	   54a0	STM_DAC.elf
Finished building: default.size.stdout
 
Finished building: STM_DAC.bin
 
Finished building: STM_DAC.list
 
13:25:07 **** Incremental Build of configuration Debug for project STM_DAC ****
make -j16 all 
arm-none-eabi-gcc "../Drivers/STM32F7xx_HAL_Driver/Src/stm32f7xx_hal.c" -mcpu=cortex-m7 -std=gnu11 -g3 -DDEBUG -DUSE_HAL_DRIVER -DSTM32F767xx -c -I../Core/Inc -I../Drivers/STM32F7xx_HAL_Driver/Inc -I../Drivers/STM32F7xx_HAL_Driver/Inc/Legacy -I../Drivers/CMSIS/Device/ST/STM32F7xx/Include -I../Drivers/CMSIS/Include -O0 -ffunction-sections -fdata-sections -Wall -fstack-usage -MMD -MP -MF"Drivers/STM32F7xx_HAL_Driver/Src/stm32f7xx_hal.d" -MT"Drivers/STM32F7xx_HAL_Driver/Src/stm32f7xx_hal.o" --specs=nano.specs -mfpu=fpv5-d16 -mfloat-abi=hard -mthumb -o "Drivers/STM32F7xx_HAL_Driver/Src/stm32f7xx_hal.o"
arm-none-eabi-gcc "../Drivers/STM32F7xx_HAL_Driver/Src/stm32f7xx_hal_cortex.c" -mcpu=cortex-m7 -std=gnu11 -g3 -DDEBUG -DUSE_HAL_DRIVER -DSTM32F767xx -c -I../Core/Inc -I../Drivers/STM32F7xx_HAL_Driver/Inc -I../Drivers/STM32F7xx_HAL_Driver/Inc/Legacy -I../Drivers/CMSIS/Device/ST/STM32F7xx/Include -I../Drivers/CMSIS/Include -O0 -ffunction-sections -fdata-sections -Wall -fstack-usage -MMD -MP -MF"Drivers/STM32F7xx_HAL_Driver/Src/stm32f7xx_hal_cortex.d" -MT"Drivers/STM32F7xx_HAL_Driver/Src/stm32f7xx_hal_cortex.o" --specs=nano.specs -mfpu=fpv5-d16 -mfloat-abi=hard -mthumb -o "Drivers/STM32F7xx_HAL_Driver/Src/stm32f7xx_hal_cortex.o"
arm-none-eabi-gcc "../Drivers/STM32F7xx_HAL_Driver/Src/stm32f7xx_hal_dma.c" -mcpu=cortex-m7 -std=gnu11 -g3 -DDEBUG -DUSE_HAL_DRIVER -DSTM32F767xx -c -I../Core/Inc -I../Drivers/STM32F7xx_HAL_Driver/Inc -I../Drivers/STM32F7xx_HAL_Driver/Inc/Legacy -I../Drivers/CMSIS/Device/ST/STM32F7xx/Include -I../Drivers/CMSIS/Include -O0 -ffunction-sections -fdata-sections -Wall -fstack-usage -MMD -MP -MF"Drivers/STM32F7xx_HAL_Driver/Src/stm32f7xx_hal_dma.d" -MT"Drivers/STM32F7xx_HAL_Driver/Src/stm32f7xx_hal_dma.o" --specs=nano.specs -mfpu=fpv5-d16 -mfloat-abi=hard -mthumb -o "Drivers/STM32F7xx_HAL_Driver/Src/stm32f7xx_hal_dma.o"
arm-none-eabi-gcc "../Drivers/STM32F7xx_HAL_Driver/Src/stm32f7xx_hal_dma_ex.c" -mcpu=cortex-m7 -std=gnu11 -g3 -DDEBUG -DUSE_HAL_DRIVER -DSTM32F767xx -c -I../Core/Inc -I../Drivers/STM32F7xx_HAL_Driver/Inc -I../Drivers/STM32F7xx_HAL_Driver/Inc/Legacy -I../Drivers/CMSIS/Device/ST/STM32F7xx/Include -I../Drivers/CMSIS/Include -O0 -ffunction-sections -fdata-sections -Wall -fstack-usage -MMD -MP -MF"Drivers/STM32F7xx_HAL_Driver/Src/stm32f7xx_hal_dma_ex.d" -MT"Drivers/STM32F7xx_HAL_Driver/Src/stm32f7xx_hal_dma_ex.o" --specs=nano.specs -mfpu=fpv5-d16 -mfloat-abi=hard -mthumb -o "Drivers/STM32F7xx_HAL_Driver/Src/stm32f7xx_hal_dma_ex.o"
arm-none-eabi-gcc "../Drivers/STM32F7xx_HAL_Driver/Src/stm32f7xx_hal_eth.c" -mcpu=cortex-m7 -std=gnu11 -g3 -DDEBUG -DUSE_HAL_DRIVER -DSTM32F767xx -c -I../Core/Inc -I../Drivers/STM32F7xx_HAL_Driver/Inc -I../Drivers/STM32F7xx_HAL_Driver/Inc/Legacy -I../Drivers/CMSIS/Device/ST/STM32F7xx/Include -I../Drivers/CMSIS/Include -O0 -ffunction-sections -fdata-sections -Wall -fstack-usage -MMD -MP -MF"Drivers/STM32F7xx_HAL_Driver/Src/stm32f7xx_hal_eth.d" -MT"Drivers/STM32F7xx_HAL_Driver/Src/stm32f7xx_hal_eth.o" --specs=nano.specs -mfpu=fpv5-d16 -mfloat-abi=hard -mthumb -o "Drivers/STM32F7xx_HAL_Driver/Src/stm32f7xx_hal_eth.o"
arm-none-eabi-gcc "../Drivers/STM32F7xx_HAL_Driver/Src/stm32f7xx_hal_exti.c" -mcpu=cortex-m7 -std=gnu11 -g3 -DDEBUG -DUSE_HAL_DRIVER -DSTM32F767xx -c -I../Core/Inc -I../Drivers/STM32F7xx_HAL_Driver/Inc -I../Drivers/STM32F7xx_HAL_Driver/Inc/Legacy -I../Drivers/CMSIS/Device/ST/STM32F7xx/Include -I../Drivers/CMSIS/Include -O0 -ffunction-sections -fdata-sections -Wall -fstack-usage -MMD -MP -MF"Drivers/STM32F7xx_HAL_Driver/Src/stm32f7xx_hal_exti.d" -MT"Drivers/STM32F7xx_HAL_Driver/Src/stm32f7xx_hal_exti.o" --specs=nano.specs -mfpu=fpv5-d16 -mfloat-abi=hard -mthumb -o "Drivers/STM32F7xx_HAL_Driver/Src/stm32f7xx_hal_exti.o"
arm-none-eabi-gcc "../Drivers/STM32F7xx_HAL_Driver/Src/stm32f7xx_hal_flash.c" -mcpu=cortex-m7 -std=gnu11 -g3 -DDEBUG -DUSE_HAL_DRIVER -DSTM32F767xx -c -I../Core/Inc -I../Drivers/STM32F7xx_HAL_Driver/Inc -I../Drivers/STM32F7xx_HAL_Driver/Inc/Legacy -I../Drivers/CMSIS/Device/ST/STM32F7xx/Include -I../Drivers/CMSIS/Include -O0 -ffunction-sections -fdata-sections -Wall -fstack-usage -MMD -MP -MF"Drivers/STM32F7xx_HAL_Driver/Src/stm32f7xx_hal_flash.d" -MT"Drivers/STM32F7xx_HAL_Driver/Src/stm32f7xx_hal_flash.o" --specs=nano.specs -mfpu=fpv5-d16 -mfloat-abi=hard -mthumb -o "Drivers/STM32F7xx_HAL_Driver/Src/stm32f7xx_hal_flash.o"
arm-none-eabi-gcc "../Drivers/STM32F7xx_HAL_Driver/Src/stm32f7xx_hal_flash_ex.c" -mcpu=cortex-m7 -std=gnu11 -g3 -DDEBUG -DUSE_HAL_DRIVER -DSTM32F767xx -c -I../Core/Inc -I../Drivers/STM32F7xx_HAL_Driver/Inc -I../Drivers/STM32F7xx_HAL_Driver/Inc/Legacy -I../Drivers/CMSIS/Device/ST/STM32F7xx/Include -I../Drivers/CMSIS/Include -O0 -ffunction-sections -fdata-sections -Wall -fstack-usage -MMD -MP -MF"Drivers/STM32F7xx_HAL_Driver/Src/stm32f7xx_hal_flash_ex.d" -MT"Drivers/STM32F7xx_HAL_Driver/Src/stm32f7xx_hal_flash_ex.o" --specs=nano.specs -mfpu=fpv5-d16 -mfloat-abi=hard -mthumb -o "Drivers/STM32F7xx_HAL_Driver/Src/stm32f7xx_hal_flash_ex.o"
arm-none-eabi-gcc "../Drivers/STM32F7xx_HAL_Driver/Src/stm32f7xx_hal_gpio.c" -mcpu=cortex-m7 -std=gnu11 -g3 -DDEBUG -DUSE_HAL_DRIVER -DSTM32F767xx -c -I../Core/Inc -I../Drivers/STM32F7xx_HAL_Driver/Inc -I../Drivers/STM32F7xx_HAL_Driver/Inc/Legacy -I../Drivers/CMSIS/Device/ST/STM32F7xx/Include -I../Drivers/CMSIS/Include -O0 -ffunction-sections -fdata-sections -Wall -fstack-usage -MMD -MP -MF"Drivers/STM32F7xx_HAL_Driver/Src/stm32f7xx_hal_gpio.d" -MT"Drivers/STM32F7xx_HAL_Driver/Src/stm32f7xx_hal_gpio.o" --specs=nano.specs -mfpu=fpv5-d16 -mfloat-abi=hard -mthumb -o "Drivers/STM32F7xx_HAL_Driver/Src/stm32f7xx_hal_gpio.o"
arm-none-eabi-gcc "../Drivers/STM32F7xx_HAL_Driver/Src/stm32f7xx_hal_i2c.c" -mcpu=cortex-m7 -std=gnu11 -g3 -DDEBUG -DUSE_HAL_DRIVER -DSTM32F767xx -c -I../Core/Inc -I../Drivers/STM32F7xx_HAL_Driver/Inc -I../Drivers/STM32F7xx_HAL_Driver/Inc/Legacy -I../Drivers/CMSIS/Device/ST/STM32F7xx/Include -I../Drivers/CMSIS/Include -O0 -ffunction-sections -fdata-sections -Wall -fstack-usage -MMD -MP -MF"Drivers/STM32F7xx_HAL_Driver/Src/stm32f7xx_hal_i2c.d" -MT"Drivers/STM32F7xx_HAL_Driver/Src/stm32f7xx_hal_i2c.o" --specs=nano.specs -mfpu=fpv5-d16 -mfloat-abi=hard -mthumb -o "Drivers/STM32F7xx_HAL_Driver/Src/stm32f7xx_hal_i2c.o"
arm-none-eabi-gcc "../Drivers/STM32F7xx_HAL_Driver/Src/stm32f7xx_hal_i2c_ex.c" -mcpu=cortex-m7 -std=gnu11 -g3 -DDEBUG -DUSE_HAL_DRIVER -DSTM32F767xx -c -I../Core/Inc -I../Drivers/STM32F7xx_HAL_Driver/Inc -I../Drivers/STM32F7xx_HAL_Driver/Inc/Legacy -I../Drivers/CMSIS/Device/ST/STM32F7xx/Include -I../Drivers/CMSIS/Include -O0 -ffunction-sections -fdata-sections -Wall -fstack-usage -MMD -MP -MF"Drivers/STM32F7xx_HAL_Driver/Src/stm32f7xx_hal_i2c_ex.d" -MT"Drivers/STM32F7xx_HAL_Driver/Src/stm32f7xx_hal_i2c_ex.o" --specs=nano.specs -mfpu=fpv5-d16 -mfloat-abi=hard -mthumb -o "Drivers/STM32F7xx_HAL_Driver/Src/stm32f7xx_hal_i2c_ex.o"
arm-none-eabi-gcc "../Drivers/STM32F7xx_HAL_Driver/Src/stm32f7xx_hal_i2s.c" -mcpu=cortex-m7 -std=gnu11 -g3 -DDEBUG -DUSE_HAL_DRIVER -DSTM32F767xx -c -I../Core/Inc -I../Drivers/STM32F7xx_HAL_Driver/Inc -I../Drivers/STM32F7xx_HAL_Driver/Inc/Legacy -I../Drivers/CMSIS/Device/ST/STM32F7xx/Include -I../Drivers/CMSIS/Include -O0 -ffunction-sections -fdata-sections -Wall -fstack-usage -MMD -MP -MF"Drivers/STM32F7xx_HAL_Driver/Src/stm32f7xx_hal_i2s.d" -MT"Drivers/STM32F7xx_HAL_Driver/Src/stm32f7xx_hal_i2s.o" --specs=nano.specs -mfpu=fpv5-d16 -mfloat-abi=hard -mthumb -o "Drivers/STM32F7xx_HAL_Driver/Src/stm32f7xx_hal_i2s.o"
arm-none-eabi-gcc "../Drivers/STM32F7xx_HAL_Driver/Src/stm32f7xx_hal_pcd.c" -mcpu=cortex-m7 -std=gnu11 -g3 -DDEBUG -DUSE_HAL_DRIVER -DSTM32F767xx -c -I../Core/Inc -I../Drivers/STM32F7xx_HAL_Driver/Inc -I../Drivers/STM32F7xx_HAL_Driver/Inc/Legacy -I../Drivers/CMSIS/Device/ST/STM32F7xx/Include -I../Drivers/CMSIS/Include -O0 -ffunction-sections -fdata-sections -Wall -fstack-usage -MMD -MP -MF"Drivers/STM32F7xx_HAL_Driver/Src/stm32f7xx_hal_pcd.d" -MT"Drivers/STM32F7xx_HAL_Driver/Src/stm32f7xx_hal_pcd.o" --specs=nano.specs -mfpu=fpv5-d16 -mfloat-abi=hard -mthumb -o "Drivers/STM32F7xx_HAL_Driver/Src/stm32f7xx_hal_pcd.o"
arm-none-eabi-gcc "../Drivers/STM32F7xx_HAL_Driver/Src/stm32f7xx_hal_pcd_ex.c" -mcpu=cortex-m7 -std=gnu11 -g3 -DDEBUG -DUSE_HAL_DRIVER -DSTM32F767xx -c -I../Core/Inc -I../Drivers/STM32F7xx_HAL_Driver/Inc -I../Drivers/STM32F7xx_HAL_Driver/Inc/Legacy -I../Drivers/CMSIS/Device/ST/STM32F7xx/Include -I../Drivers/CMSIS/Include -O0 -ffunction-sections -fdata-sections -Wall -fstack-usage -MMD -MP -MF"Drivers/STM32F7xx_HAL_Driver/Src/stm32f7xx_hal_pcd_ex.d" -MT"Drivers/STM32F7xx_HAL_Driver/Src/stm32f7xx_hal_pcd_ex.o" --specs=nano.specs -mfpu=fpv5-d16 -mfloat-abi=hard -mthumb -o "Drivers/STM32F7xx_HAL_Driver/Src/stm32f7xx_hal_pcd_ex.o"
arm-none-eabi-gcc "../Drivers/STM32F7xx_HAL_Driver/Src/stm32f7xx_hal_pwr.c" -mcpu=cortex-m7 -std=gnu11 -g3 -DDEBUG -DUSE_HAL_DRIVER -DSTM32F767xx -c -I../Core/Inc -I../Drivers/STM32F7xx_HAL_Driver/Inc -I../Drivers/STM32F7xx_HAL_Driver/Inc/Legacy -I../Drivers/CMSIS/Device/ST/STM32F7xx/Include -I../Drivers/CMSIS/Include -O0 -ffunction-sections -fdata-sections -Wall -fstack-usage -MMD -MP -MF"Drivers/STM32F7xx_HAL_Driver/Src/stm32f7xx_hal_pwr.d" -MT"Drivers/STM32F7xx_HAL_Driver/Src/stm32f7xx_hal_pwr.o" --specs=nano.specs -mfpu=fpv5-d16 -mfloat-abi=hard -mthumb -o "Drivers/STM32F7xx_HAL_Driver/Src/stm32f7xx_hal_pwr.o"
arm-none-eabi-gcc "../Drivers/STM32F7xx_HAL_Driver/Src/stm32f7xx_hal_pwr_ex.c" -mcpu=cortex-m7 -std=gnu11 -g3 -DDEBUG -DUSE_HAL_DRIVER -DSTM32F767xx -c -I../Core/Inc -I../Drivers/STM32F7xx_HAL_Driver/Inc -I../Drivers/STM32F7xx_HAL_Driver/Inc/Legacy -I../Drivers/CMSIS/Device/ST/STM32F7xx/Include -I../Drivers/CMSIS/Include -O0 -ffunction-sections -fdata-sections -Wall -fstack-usage -MMD -MP -MF"Drivers/STM32F7xx_HAL_Driver/Src/stm32f7xx_hal_pwr_ex.d" -MT"Drivers/STM32F7xx_HAL_Driver/Src/stm32f7xx_hal_pwr_ex.o" --specs=nano.specs -mfpu=fpv5-d16 -mfloat-abi=hard -mthumb -o "Drivers/STM32F7xx_HAL_Driver/Src/stm32f7xx_hal_pwr_ex.o"
arm-none-eabi-gcc "../Drivers/STM32F7xx_HAL_Driver/Src/stm32f7xx_hal_rcc.c" -mcpu=cortex-m7 -std=gnu11 -g3 -DDEBUG -DUSE_HAL_DRIVER -DSTM32F767xx -c -I../Core/Inc -I../Drivers/STM32F7xx_HAL_Driver/Inc -I../Drivers/STM32F7xx_HAL_Driver/Inc/Legacy -I../Drivers/CMSIS/Device/ST/STM32F7xx/Include -I../Drivers/CMSIS/Include -O0 -ffunction-sections -fdata-sections -Wall -fstack-usage -MMD -MP -MF"Drivers/STM32F7xx_HAL_Driver/Src/stm32f7xx_hal_rcc.d" -MT"Drivers/STM32F7xx_HAL_Driver/Src/stm32f7xx_hal_rcc.o" --specs=nano.specs -mfpu=fpv5-d16 -mfloat-abi=hard -mthumb -o "Drivers/STM32F7xx_HAL_Driver/Src/stm32f7xx_hal_rcc.o"
arm-none-eabi-gcc "../Drivers/STM32F7xx_HAL_Driver/Src/stm32f7xx_hal_rcc_ex.c" -mcpu=cortex-m7 -std=gnu11 -g3 -DDEBUG -DUSE_HAL_DRIVER -DSTM32F767xx -c -I../Core/Inc -I../Drivers/STM32F7xx_HAL_Driver/Inc -I../Drivers/STM32F7xx_HAL_Driver/Inc/Legacy -I../Drivers/CMSIS/Device/ST/STM32F7xx/Include -I../Drivers/CMSIS/Include -O0 -ffunction-sections -fdata-sections -Wall -fstack-usage -MMD -MP -MF"Drivers/STM32F7xx_HAL_Driver/Src/stm32f7xx_hal_rcc_ex.d" -MT"Drivers/STM32F7xx_HAL_Driver/Src/stm32f7xx_hal_rcc_ex.o" --specs=nano.specs -mfpu=fpv5-d16 -mfloat-abi=hard -mthumb -o "Drivers/STM32F7xx_HAL_Driver/Src/stm32f7xx_hal_rcc_ex.o"
arm-none-eabi-gcc "../Drivers/STM32F7xx_HAL_Driver/Src/stm32f7xx_hal_tim.c" -mcpu=cortex-m7 -std=gnu11 -g3 -DDEBUG -DUSE_HAL_DRIVER -DSTM32F767xx -c -I../Core/Inc -I../Drivers/STM32F7xx_HAL_Driver/Inc -I../Drivers/STM32F7xx_HAL_Driver/Inc/Legacy -I../Drivers/CMSIS/Device/ST/STM32F7xx/Include -I../Drivers/CMSIS/Include -O0 -ffunction-sections -fdata-sections -Wall -fstack-usage -MMD -MP -MF"Drivers/STM32F7xx_HAL_Driver/Src/stm32f7xx_hal_tim.d" -MT"Drivers/STM32F7xx_HAL_Driver/Src/stm32f7xx_hal_tim.o" --specs=nano.specs -mfpu=fpv5-d16 -mfloat-abi=hard -mthumb -o "Drivers/STM32F7xx_HAL_Driver/Src/stm32f7xx_hal_tim.o"
arm-none-eabi-gcc "../Drivers/STM32F7xx_HAL_Driver/Src/stm32f7xx_hal_tim_ex.c" -mcpu=cortex-m7 -std=gnu11 -g3 -DDEBUG -DUSE_HAL_DRIVER -DSTM32F767xx -c -I../Core/Inc -I../Drivers/STM32F7xx_HAL_Driver/Inc -I../Drivers/STM32F7xx_HAL_Driver/Inc/Legacy -I../Drivers/CMSIS/Device/ST/STM32F7xx/Include -I../Drivers/CMSIS/Include -O0 -ffunction-sections -fdata-sections -Wall -fstack-usage -MMD -MP -MF"Drivers/STM32F7xx_HAL_Driver/Src/stm32f7xx_hal_tim_ex.d" -MT"Drivers/STM32F7xx_HAL_Driver/Src/stm32f7xx_hal_tim_ex.o" --specs=nano.specs -mfpu=fpv5-d16 -mfloat-abi=hard -mthumb -o "Drivers/STM32F7xx_HAL_Driver/Src/stm32f7xx_hal_tim_ex.o"
arm-none-eabi-gcc "../Drivers/STM32F7xx_HAL_Driver/Src/stm32f7xx_hal_uart.c" -mcpu=cortex-m7 -std=gnu11 -g3 -DDEBUG -DUSE_HAL_DRIVER -DSTM32F767xx -c -I../Core/Inc -I../Drivers/STM32F7xx_HAL_Driver/Inc -I../Drivers/STM32F7xx_HAL_Driver/Inc/Legacy -I../Drivers/CMSIS/Device/ST/STM32F7xx/Include -I../Drivers/CMSIS/Include -O0 -ffunction-sections -fdata-sections -Wall -fstack-usage -MMD -MP -MF"Drivers/STM32F7xx_HAL_Driver/Src/stm32f7xx_hal_uart.d" -MT"Drivers/STM32F7xx_HAL_Driver/Src/stm32f7xx_hal_uart.o" --specs=nano.specs -mfpu=fpv5-d16 -mfloat-abi=hard -mthumb -o "Drivers/STM32F7xx_HAL_Driver/Src/stm32f7xx_hal_uart.o"
arm-none-eabi-gcc "../Drivers/STM32F7xx_HAL_Driver/Src/stm32f7xx_hal_uart_ex.c" -mcpu=cortex-m7 -std=gnu11 -g3 -DDEBUG -DUSE_HAL_DRIVER -DSTM32F767xx -c -I../Core/Inc -I../Drivers/STM32F7xx_HAL_Driver/Inc -I../Drivers/STM32F7xx_HAL_Driver/Inc/Legacy -I../Drivers/CMSIS/Device/ST/STM32F7xx/Include -I../Drivers/CMSIS/Include -O0 -ffunction-sections -fdata-sections -Wall -fstack-usage -MMD -MP -MF"Drivers/STM32F7xx_HAL_Driver/Src/stm32f7xx_hal_uart_ex.d" -MT"Drivers/STM32F7xx_HAL_Driver/Src/stm32f7xx_hal_uart_ex.o" --specs=nano.specs -mfpu=fpv5-d16 -mfloat-abi=hard -mthumb -o "Drivers/STM32F7xx_HAL_Driver/Src/stm32f7xx_hal_uart_ex.o"
arm-none-eabi-gcc "../Drivers/STM32F7xx_HAL_Driver/Src/stm32f7xx_ll_usb.c" -mcpu=cortex-m7 -std=gnu11 -g3 -DDEBUG -DUSE_HAL_DRIVER -DSTM32F767xx -c -I../Core/Inc -I../Drivers/STM32F7xx_HAL_Driver/Inc -I../Drivers/STM32F7xx_HAL_Driver/Inc/Legacy -I../Drivers/CMSIS/Device/ST/STM32F7xx/Include -I../Drivers/CMSIS/Include -O0 -ffunction-sections -fdata-sections -Wall -fstack-usage -MMD -MP -MF"Drivers/STM32F7xx_HAL_Driver/Src/stm32f7xx_ll_usb.d" -MT"Drivers/STM32F7xx_HAL_Driver/Src/stm32f7xx_ll_usb.o" --specs=nano.specs -mfpu=fpv5-d16 -mfloat-abi=hard -mthumb -o "Drivers/STM32F7xx_HAL_Driver/Src/stm32f7xx_ll_usb.o"
arm-none-eabi-gcc "../Core/Src/main.c" -mcpu=cortex-m7 -std=gnu11 -g3 -DDEBUG -DUSE_HAL_DRIVER -DSTM32F767xx -c -I../Core/Inc -I../Drivers/STM32F7xx_HAL_Driver/Inc -I../Drivers/STM32F7xx_HAL_Driver/Inc/Legacy -I../Drivers/CMSIS/Device/ST/STM32F7xx/Include -I../Drivers/CMSIS/Include -O0 -ffunction-sections -fdata-sections -Wall -fstack-usage -MMD -MP -MF"Core/Src/main.d" -MT"Core/Src/main.o" --specs=nano.specs -mfpu=fpv5-d16 -mfloat-abi=hard -mthumb -o "Core/Src/main.o"
arm-none-eabi-gcc "../Core/Src/stm32f7xx_hal_msp.c" -mcpu=cortex-m7 -std=gnu11 -g3 -DDEBUG -DUSE_HAL_DRIVER -DSTM32F767xx -c -I../Core/Inc -I../Drivers/STM32F7xx_HAL_Driver/Inc -I../Drivers/STM32F7xx_HAL_Driver/Inc/Legacy -I../Drivers/CMSIS/Device/ST/STM32F7xx/Include -I../Drivers/CMSIS/Include -O0 -ffunction-sections -fdata-sections -Wall -fstack-usage -MMD -MP -MF"Core/Src/stm32f7xx_hal_msp.d" -MT"Core/Src/stm32f7xx_hal_msp.o" --specs=nano.specs -mfpu=fpv5-d16 -mfloat-abi=hard -mthumb -o "Core/Src/stm32f7xx_hal_msp.o"
arm-none-eabi-gcc "../Core/Src/stm32f7xx_it.c" -mcpu=cortex-m7 -std=gnu11 -g3 -DDEBUG -DUSE_HAL_DRIVER -DSTM32F767xx -c -I../Core/Inc -I../Drivers/STM32F7xx_HAL_Driver/Inc -I../Drivers/STM32F7xx_HAL_Driver/Inc/Legacy -I../Drivers/CMSIS/Device/ST/STM32F7xx/Include -I../Drivers/CMSIS/Include -O0 -ffunction-sections -fdata-sections -Wall -fstack-usage -MMD -MP -MF"Core/Src/stm32f7xx_it.d" -MT"Core/Src/stm32f7xx_it.o" --specs=nano.specs -mfpu=fpv5-d16 -mfloat-abi=hard -mthumb -o "Core/Src/stm32f7xx_it.o"
arm-none-eabi-gcc "../Core/Src/system_stm32f7xx.c" -mcpu=cortex-m7 -std=gnu11 -g3 -DDEBUG -DUSE_HAL_DRIVER -DSTM32F767xx -c -I../Core/Inc -I../Drivers/STM32F7xx_HAL_Driver/Inc -I../Drivers/STM32F7xx_HAL_Driver/Inc/Legacy -I../Drivers/CMSIS/Device/ST/STM32F7xx/Include -I../Drivers/CMSIS/Include -O0 -ffunction-sections -fdata-sections -Wall -fstack-usage -MMD -MP -MF"Core/Src/system_stm32f7xx.d" -MT"Core/Src/system_stm32f7xx.o" --specs=nano.specs -mfpu=fpv5-d16 -mfloat-abi=hard -mthumb -o "Core/Src/system_stm32f7xx.o"
arm-none-eabi-g++ -o "STM_DAC.elf" @"objects.list"   -mcpu=cortex-m7 -T"C:\Users\Joshua\Documents\GitHub\STM32_GitHub\STM_DAC\STM32F767ZITX_FLASH.ld" --specs=nosys.specs -Wl,-Map="STM_DAC.map" -Wl,--gc-sections -static --specs=nano.specs -mfpu=fpv5-d16 -mfloat-abi=hard -mthumb -Wl,--start-group -lc -lm -lstdc++ -lsupc++ -Wl,--end-group
Finished building target: STM_DAC.elf
 
arm-none-eabi-size   STM_DAC.elf 
arm-none-eabi-objdump -h -S  STM_DAC.elf  > "STM_DAC.list"
arm-none-eabi-objcopy  -O binary  STM_DAC.elf  "STM_DAC.bin"
   text	   data	    bss	    dec	    hex	filename
  19644	     20	   3044	  22708	   58b4	STM_DAC.elf
Finished building: default.size.stdout
 
Finished building: STM_DAC.bin
 
Finished building: STM_DAC.list
 
13:25:59 **** Incremental Build of configuration Debug for project STM_DAC ****
make -j16 all 
arm-none-eabi-size   STM_DAC.elf 
   text	   data	    bss	    dec	    hex	filename
  19644	     20	   3044	  22708	   58b4	STM_DAC.elf
Finished building: default.size.stdout
 
13:27:07 **** Incremental Build of configuration Debug for project STM_DAC ****
make -j16 all 
arm-none-eabi-g++ "../Core/Src/Codec.cpp" -mcpu=cortex-m7 -std=gnu++14 -g3 -DDEBUG -DUSE_HAL_DRIVER -DSTM32F767xx -c -I../Core/Inc -I../Drivers/STM32F7xx_HAL_Driver/Inc -I../Drivers/STM32F7xx_HAL_Driver/Inc/Legacy -I../Drivers/CMSIS/Device/ST/STM32F7xx/Include -I../Drivers/CMSIS/Include -O0 -ffunction-sections -fdata-sections -fno-exceptions -fno-rtti -fno-use-cxa-atexit -Wall -fstack-usage -MMD -MP -MF"Core/Src/Codec.d" -MT"Core/Src/Codec.o" --specs=nano.specs -mfpu=fpv5-d16 -mfloat-abi=hard -mthumb -o "Core/Src/Codec.o"
arm-none-eabi-g++ "../Core/Src/Synth.cpp" -mcpu=cortex-m7 -std=gnu++14 -g3 -DDEBUG -DUSE_HAL_DRIVER -DSTM32F767xx -c -I../Core/Inc -I../Drivers/STM32F7xx_HAL_Driver/Inc -I../Drivers/STM32F7xx_HAL_Driver/Inc/Legacy -I../Drivers/CMSIS/Device/ST/STM32F7xx/Include -I../Drivers/CMSIS/Include -O0 -ffunction-sections -fdata-sections -fno-exceptions -fno-rtti -fno-use-cxa-atexit -Wall -fstack-usage -MMD -MP -MF"Core/Src/Synth.d" -MT"Core/Src/Synth.o" --specs=nano.specs -mfpu=fpv5-d16 -mfloat-abi=hard -mthumb -o "Core/Src/Synth.o"
arm-none-eabi-g++ "../Core/Src/main.cpp" -mcpu=cortex-m7 -std=gnu++14 -g3 -DDEBUG -DUSE_HAL_DRIVER -DSTM32F767xx -c -I../Core/Inc -I../Drivers/STM32F7xx_HAL_Driver/Inc -I../Drivers/STM32F7xx_HAL_Driver/Inc/Legacy -I../Drivers/CMSIS/Device/ST/STM32F7xx/Include -I../Drivers/CMSIS/Include -O0 -ffunction-sections -fdata-sections -fno-exceptions -fno-rtti -fno-use-cxa-atexit -Wall -fstack-usage -MMD -MP -MF"Core/Src/main.d" -MT"Core/Src/main.o" --specs=nano.specs -mfpu=fpv5-d16 -mfloat-abi=hard -mthumb -o "Core/Src/main.o"
arm-none-eabi-gcc "../Core/Src/stm32f7xx_hal_msp.c" -mcpu=cortex-m7 -std=gnu11 -g3 -DDEBUG -DUSE_HAL_DRIVER -DSTM32F767xx -c -I../Core/Inc -I../Drivers/STM32F7xx_HAL_Driver/Inc -I../Drivers/STM32F7xx_HAL_Driver/Inc/Legacy -I../Drivers/CMSIS/Device/ST/STM32F7xx/Include -I../Drivers/CMSIS/Include -O0 -ffunction-sections -fdata-sections -Wall -fstack-usage -MMD -MP -MF"Core/Src/stm32f7xx_hal_msp.d" -MT"Core/Src/stm32f7xx_hal_msp.o" --specs=nano.specs -mfpu=fpv5-d16 -mfloat-abi=hard -mthumb -o "Core/Src/stm32f7xx_hal_msp.o"
arm-none-eabi-gcc "../Core/Src/stm32f7xx_it.c" -mcpu=cortex-m7 -std=gnu11 -g3 -DDEBUG -DUSE_HAL_DRIVER -DSTM32F767xx -c -I../Core/Inc -I../Drivers/STM32F7xx_HAL_Driver/Inc -I../Drivers/STM32F7xx_HAL_Driver/Inc/Legacy -I../Drivers/CMSIS/Device/ST/STM32F7xx/Include -I../Drivers/CMSIS/Include -O0 -ffunction-sections -fdata-sections -Wall -fstack-usage -MMD -MP -MF"Core/Src/stm32f7xx_it.d" -MT"Core/Src/stm32f7xx_it.o" --specs=nano.specs -mfpu=fpv5-d16 -mfloat-abi=hard -mthumb -o "Core/Src/stm32f7xx_it.o"
arm-none-eabi-gcc "../Core/Src/syscalls.c" -mcpu=cortex-m7 -std=gnu11 -g3 -DDEBUG -DUSE_HAL_DRIVER -DSTM32F767xx -c -I../Core/Inc -I../Drivers/STM32F7xx_HAL_Driver/Inc -I../Drivers/STM32F7xx_HAL_Driver/Inc/Legacy -I../Drivers/CMSIS/Device/ST/STM32F7xx/Include -I../Drivers/CMSIS/Include -O0 -ffunction-sections -fdata-sections -Wall -fstack-usage -MMD -MP -MF"Core/Src/syscalls.d" -MT"Core/Src/syscalls.o" --specs=nano.specs -mfpu=fpv5-d16 -mfloat-abi=hard -mthumb -o "Core/Src/syscalls.o"
arm-none-eabi-gcc "../Core/Src/sysmem.c" -mcpu=cortex-m7 -std=gnu11 -g3 -DDEBUG -DUSE_HAL_DRIVER -DSTM32F767xx -c -I../Core/Inc -I../Drivers/STM32F7xx_HAL_Driver/Inc -I../Drivers/STM32F7xx_HAL_Driver/Inc/Legacy -I../Drivers/CMSIS/Device/ST/STM32F7xx/Include -I../Drivers/CMSIS/Include -O0 -ffunction-sections -fdata-sections -Wall -fstack-usage -MMD -MP -MF"Core/Src/sysmem.d" -MT"Core/Src/sysmem.o" --specs=nano.specs -mfpu=fpv5-d16 -mfloat-abi=hard -mthumb -o "Core/Src/sysmem.o"
arm-none-eabi-gcc "../Core/Src/system_stm32f7xx.c" -mcpu=cortex-m7 -std=gnu11 -g3 -DDEBUG -DUSE_HAL_DRIVER -DSTM32F767xx -c -I../Core/Inc -I../Drivers/STM32F7xx_HAL_Driver/Inc -I../Drivers/STM32F7xx_HAL_Driver/Inc/Legacy -I../Drivers/CMSIS/Device/ST/STM32F7xx/Include -I../Drivers/CMSIS/Include -O0 -ffunction-sections -fdata-sections -Wall -fstack-usage -MMD -MP -MF"Core/Src/system_stm32f7xx.d" -MT"Core/Src/system_stm32f7xx.o" --specs=nano.specs -mfpu=fpv5-d16 -mfloat-abi=hard -mthumb -o "Core/Src/system_stm32f7xx.o"
In file included from ../Core/Src/Codec.cpp:8:
../Core/Inc/Codec.h:16:2: error: 'uint8_t' does not name a type
   16 |  uint8_t init();
      |  ^~~~~~~
../Core/Inc/Codec.h:18:2: error: 'uint8_t' does not name a type
   18 |  uint8_t write(uint8_t reg, uint8_t val);
      |  ^~~~~~~
../Core/Src/Codec.cpp:22:1: error: 'uint8_t' does not name a type
   22 | uint8_t Codec::init(){
      | ^~~~~~~
../Core/Src/Codec.cpp:32:1: error: 'uint8_t' does not name a type
   32 | uint8_t Codec::write(uint8_t reg, uint8_t val){
      | ^~~~~~~
../Core/Src/Synth.cpp: In member function 'float Synth::calculateOscilator()':
../Core/Src/Synth.cpp:41:13: error: 'triangle' was not declared in this scope
   41 |  osc = db * triangle[a] + da * triangle[b];
      |             ^~~~~~~~
make: *** [Core/Src/subdir.mk:44: Core/Src/Codec.o] Error 1
make: *** Waiting for unfinished jobs....
make: *** [Core/Src/subdir.mk:44: Core/Src/Synth.o] Error 1
"make -j16 all" terminated with exit code 2. Build might be incomplete.
13:28:25 **** Incremental Build of configuration Debug for project STM_DAC ****
make -j16 all 
arm-none-eabi-g++ "../Core/Src/Codec.cpp" -mcpu=cortex-m7 -std=gnu++14 -g3 -DDEBUG -DUSE_HAL_DRIVER -DSTM32F767xx -c -I../Core/Inc -I../Drivers/STM32F7xx_HAL_Driver/Inc -I../Drivers/STM32F7xx_HAL_Driver/Inc/Legacy -I../Drivers/CMSIS/Device/ST/STM32F7xx/Include -I../Drivers/CMSIS/Include -O0 -ffunction-sections -fdata-sections -fno-exceptions -fno-rtti -fno-use-cxa-atexit -Wall -fstack-usage -MMD -MP -MF"Core/Src/Codec.d" -MT"Core/Src/Codec.o" --specs=nano.specs -mfpu=fpv5-d16 -mfloat-abi=hard -mthumb -o "Core/Src/Codec.o"
arm-none-eabi-g++ "../Core/Src/Synth.cpp" -mcpu=cortex-m7 -std=gnu++14 -g3 -DDEBUG -DUSE_HAL_DRIVER -DSTM32F767xx -c -I../Core/Inc -I../Drivers/STM32F7xx_HAL_Driver/Inc -I../Drivers/STM32F7xx_HAL_Driver/Inc/Legacy -I../Drivers/CMSIS/Device/ST/STM32F7xx/Include -I../Drivers/CMSIS/Include -O0 -ffunction-sections -fdata-sections -fno-exceptions -fno-rtti -fno-use-cxa-atexit -Wall -fstack-usage -MMD -MP -MF"Core/Src/Synth.d" -MT"Core/Src/Synth.o" --specs=nano.specs -mfpu=fpv5-d16 -mfloat-abi=hard -mthumb -o "Core/Src/Synth.o"
In file included from ../Core/Src/Codec.cpp:8:
../Core/Inc/Codec.h:18:2: error: 'uint8_t' does not name a type; did you mean 'wint_t'?
   18 |  uint8_t init();
      |  ^~~~~~~
      |  wint_t
../Core/Inc/Codec.h:20:2: error: 'uint8_t' does not name a type; did you mean 'wint_t'?
   20 |  uint8_t write(uint8_t reg, uint8_t val);
      |  ^~~~~~~
      |  wint_t
../Core/Src/Codec.cpp:22:1: error: 'uint8_t' does not name a type; did you mean 'wint_t'?
   22 | uint8_t Codec::init(){
      | ^~~~~~~
      | wint_t
../Core/Src/Codec.cpp:32:1: error: 'uint8_t' does not name a type; did you mean 'wint_t'?
   32 | uint8_t Codec::write(uint8_t reg, uint8_t val){
      | ^~~~~~~
      | wint_t
make: *** [Core/Src/subdir.mk:44: Core/Src/Codec.o] Error 1
make: *** Waiting for unfinished jobs....
"make -j16 all" terminated with exit code 2. Build might be incomplete.
13:28:53 **** Incremental Build of configuration Debug for project STM_DAC ****
make -j16 all 
arm-none-eabi-g++ "../Core/Src/Codec.cpp" -mcpu=cortex-m7 -std=gnu++14 -g3 -DDEBUG -DUSE_HAL_DRIVER -DSTM32F767xx -c -I../Core/Inc -I../Drivers/STM32F7xx_HAL_Driver/Inc -I../Drivers/STM32F7xx_HAL_Driver/Inc/Legacy -I../Drivers/CMSIS/Device/ST/STM32F7xx/Include -I../Drivers/CMSIS/Include -O0 -ffunction-sections -fdata-sections -fno-exceptions -fno-rtti -fno-use-cxa-atexit -Wall -fstack-usage -MMD -MP -MF"Core/Src/Codec.d" -MT"Core/Src/Codec.o" --specs=nano.specs -mfpu=fpv5-d16 -mfloat-abi=hard -mthumb -o "Core/Src/Codec.o"
../Core/Src/Codec.cpp: In member function 'uint8_t Codec::init()':
../Core/Src/Codec.cpp:24:20: error: 'GPIOD' was not declared in this scope
   24 |  HAL_GPIO_WritePin(GPIOD, CODEC_RESET_Pin, GPIO_PIN_SET);
      |                    ^~~~~
../Core/Src/Codec.cpp:24:27: error: 'CODEC_RESET_Pin' was not declared in this scope
   24 |  HAL_GPIO_WritePin(GPIOD, CODEC_RESET_Pin, GPIO_PIN_SET);
      |                           ^~~~~~~~~~~~~~~
../Core/Src/Codec.cpp:24:44: error: 'GPIO_PIN_SET' was not declared in this scope
   24 |  HAL_GPIO_WritePin(GPIOD, CODEC_RESET_Pin, GPIO_PIN_SET);
      |                                            ^~~~~~~~~~~~
../Core/Src/Codec.cpp:24:2: error: 'HAL_GPIO_WritePin' was not declared in this scope
   24 |  HAL_GPIO_WritePin(GPIOD, CODEC_RESET_Pin, GPIO_PIN_SET);
      |  ^~~~~~~~~~~~~~~~~
../Core/Src/Codec.cpp: In member function 'uint8_t Codec::write(uint8_t, uint8_t)':
../Core/Src/Codec.cpp:33:2: error: 'HAL_StatusTypeDef' was not declared in this scope
   33 |  HAL_StatusTypeDef status = HAL_OK;
      |  ^~~~~~~~~~~~~~~~~
../Core/Src/Codec.cpp:35:2: error: 'status' was not declared in this scope; did you mean 'static'?
   35 |  status = HAL_I2C_Mem_Write(&hi2c, AUDIO_I2C_ADDR, reg, 1, &val, sizeof(val), HAL_MAX_DELAY);
      |  ^~~~~~
      |  static
../Core/Src/Codec.cpp:35:30: error: 'hi2c' was not declared in this scope
   35 |  status = HAL_I2C_Mem_Write(&hi2c, AUDIO_I2C_ADDR, reg, 1, &val, sizeof(val), HAL_MAX_DELAY);
      |                              ^~~~
../Core/Src/Codec.cpp:35:36: error: 'AUDIO_I2C_ADDR' was not declared in this scope
   35 |  status = HAL_I2C_Mem_Write(&hi2c, AUDIO_I2C_ADDR, reg, 1, &val, sizeof(val), HAL_MAX_DELAY);
      |                                    ^~~~~~~~~~~~~~
../Core/Src/Codec.cpp:35:79: error: 'HAL_MAX_DELAY' was not declared in this scope
   35 |  status = HAL_I2C_Mem_Write(&hi2c, AUDIO_I2C_ADDR, reg, 1, &val, sizeof(val), HAL_MAX_DELAY);
      |                                                                               ^~~~~~~~~~~~~
../Core/Src/Codec.cpp:35:11: error: 'HAL_I2C_Mem_Write' was not declared in this scope
   35 |  status = HAL_I2C_Mem_Write(&hi2c, AUDIO_I2C_ADDR, reg, 1, &val, sizeof(val), HAL_MAX_DELAY);
      |           ^~~~~~~~~~~~~~~~~
../Core/Src/Codec.cpp:36:1: warning: no return statement in function returning non-void [-Wreturn-type]
   36 | }
      | ^
make: *** [Core/Src/subdir.mk:44: Core/Src/Codec.o] Error 1
"make -j16 all" terminated with exit code 2. Build might be incomplete.
13:31:52 **** Incremental Build of configuration Debug for project STM_DAC ****
make -j16 all 
arm-none-eabi-g++ "../Core/Src/Codec.cpp" -mcpu=cortex-m7 -std=gnu++14 -g3 -DDEBUG -DUSE_HAL_DRIVER -DSTM32F767xx -c -I../Core/Inc -I../Drivers/STM32F7xx_HAL_Driver/Inc -I../Drivers/STM32F7xx_HAL_Driver/Inc/Legacy -I../Drivers/CMSIS/Device/ST/STM32F7xx/Include -I../Drivers/CMSIS/Include -O0 -ffunction-sections -fdata-sections -fno-exceptions -fno-rtti -fno-use-cxa-atexit -Wall -fstack-usage -MMD -MP -MF"Core/Src/Codec.d" -MT"Core/Src/Codec.o" --specs=nano.specs -mfpu=fpv5-d16 -mfloat-abi=hard -mthumb -o "Core/Src/Codec.o"
../Core/Src/Codec.cpp: In member function 'uint8_t Codec::init()':
../Core/Src/Codec.cpp:22:20: error: 'GPIOD' was not declared in this scope
   22 |  HAL_GPIO_WritePin(GPIOD, CODEC_RESET_Pin, GPIO_PIN_SET);
      |                    ^~~~~
../Core/Src/Codec.cpp:22:27: error: 'CODEC_RESET_Pin' was not declared in this scope
   22 |  HAL_GPIO_WritePin(GPIOD, CODEC_RESET_Pin, GPIO_PIN_SET);
      |                           ^~~~~~~~~~~~~~~
../Core/Src/Codec.cpp:22:44: error: 'GPIO_PIN_SET' was not declared in this scope
   22 |  HAL_GPIO_WritePin(GPIOD, CODEC_RESET_Pin, GPIO_PIN_SET);
      |                                            ^~~~~~~~~~~~
../Core/Src/Codec.cpp:22:2: error: 'HAL_GPIO_WritePin' was not declared in this scope
   22 |  HAL_GPIO_WritePin(GPIOD, CODEC_RESET_Pin, GPIO_PIN_SET);
      |  ^~~~~~~~~~~~~~~~~
../Core/Src/Codec.cpp: In member function 'uint8_t Codec::write(uint8_t, uint8_t)':
../Core/Src/Codec.cpp:31:2: error: 'HAL_StatusTypeDef' was not declared in this scope
   31 |  HAL_StatusTypeDef status = HAL_OK;
      |  ^~~~~~~~~~~~~~~~~
../Core/Src/Codec.cpp:33:2: error: 'status' was not declared in this scope; did you mean 'static'?
   33 |  status = HAL_I2C_Mem_Write(&hi2c, AUDIO_I2C_ADDR, reg, 1, &val, sizeof(val), HAL_MAX_DELAY);
      |  ^~~~~~
      |  static
../Core/Src/Codec.cpp:33:30: error: 'hi2c' was not declared in this scope
   33 |  status = HAL_I2C_Mem_Write(&hi2c, AUDIO_I2C_ADDR, reg, 1, &val, sizeof(val), HAL_MAX_DELAY);
      |                              ^~~~
../Core/Src/Codec.cpp:33:36: error: 'AUDIO_I2C_ADDR' was not declared in this scope
   33 |  status = HAL_I2C_Mem_Write(&hi2c, AUDIO_I2C_ADDR, reg, 1, &val, sizeof(val), HAL_MAX_DELAY);
      |                                    ^~~~~~~~~~~~~~
../Core/Src/Codec.cpp:33:79: error: 'HAL_MAX_DELAY' was not declared in this scope
   33 |  status = HAL_I2C_Mem_Write(&hi2c, AUDIO_I2C_ADDR, reg, 1, &val, sizeof(val), HAL_MAX_DELAY);
      |                                                                               ^~~~~~~~~~~~~
../Core/Src/Codec.cpp:33:11: error: 'HAL_I2C_Mem_Write' was not declared in this scope
   33 |  status = HAL_I2C_Mem_Write(&hi2c, AUDIO_I2C_ADDR, reg, 1, &val, sizeof(val), HAL_MAX_DELAY);
      |           ^~~~~~~~~~~~~~~~~
../Core/Src/Codec.cpp:34:1: warning: no return statement in function returning non-void [-Wreturn-type]
   34 | }
      | ^
make: *** [Core/Src/subdir.mk:44: Core/Src/Codec.o] Error 1
"make -j16 all" terminated with exit code 2. Build might be incomplete.
13:34:58 **** Incremental Build of configuration Debug for project STM_DAC ****
make -j16 all 
arm-none-eabi-g++ "../Core/Src/Codec.cpp" -mcpu=cortex-m7 -std=gnu++14 -g3 -DDEBUG -DUSE_HAL_DRIVER -DSTM32F767xx -c -I../Core/Inc -I../Drivers/STM32F7xx_HAL_Driver/Inc -I../Drivers/STM32F7xx_HAL_Driver/Inc/Legacy -I../Drivers/CMSIS/Device/ST/STM32F7xx/Include -I../Drivers/CMSIS/Include -O0 -ffunction-sections -fdata-sections -fno-exceptions -fno-rtti -fno-use-cxa-atexit -Wall -fstack-usage -MMD -MP -MF"Core/Src/Codec.d" -MT"Core/Src/Codec.o" --specs=nano.specs -mfpu=fpv5-d16 -mfloat-abi=hard -mthumb -o "Core/Src/Codec.o"
../Core/Src/Codec.cpp:9:10: fatal error: stm32f7_hal_conf.h: No such file or directory
    9 | #include "stm32f7_hal_conf.h"
      |          ^~~~~~~~~~~~~~~~~~~~
compilation terminated.
make: *** [Core/Src/subdir.mk:44: Core/Src/Codec.o] Error 1
"make -j16 all" terminated with exit code 2. Build might be incomplete.
13:35:14 **** Incremental Build of configuration Debug for project STM_DAC ****
make -j16 all 
arm-none-eabi-g++ "../Core/Src/Codec.cpp" -mcpu=cortex-m7 -std=gnu++14 -g3 -DDEBUG -DUSE_HAL_DRIVER -DSTM32F767xx -c -I../Core/Inc -I../Drivers/STM32F7xx_HAL_Driver/Inc -I../Drivers/STM32F7xx_HAL_Driver/Inc/Legacy -I../Drivers/CMSIS/Device/ST/STM32F7xx/Include -I../Drivers/CMSIS/Include -O0 -ffunction-sections -fdata-sections -fno-exceptions -fno-rtti -fno-use-cxa-atexit -Wall -fstack-usage -MMD -MP -MF"Core/Src/Codec.d" -MT"Core/Src/Codec.o" --specs=nano.specs -mfpu=fpv5-d16 -mfloat-abi=hard -mthumb -o "Core/Src/Codec.o"
In file included from ../Drivers/CMSIS/Device/ST/STM32F7xx/Include/stm32f7xx.h:203,
                 from ../Drivers/STM32F7xx_HAL_Driver/Inc/stm32f7xx_hal_def.h:30,
                 from ../Drivers/STM32F7xx_HAL_Driver/Inc/stm32f7xx_hal_rcc.h:29,
                 from ../Core/Inc/stm32f7xx_hal_conf.h:273,
                 from ../Core/Src/Codec.cpp:9:
../Drivers/STM32F7xx_HAL_Driver/Inc/stm32f7xx_hal.h:186:1: error: 'HAL_StatusTypeDef' does not name a type; did you mean 'NOR_StatusTypedef'?
  186 | HAL_StatusTypeDef HAL_Init(void);
      | ^~~~~~~~~~~~~~~~~
      | NOR_StatusTypedef
../Drivers/STM32F7xx_HAL_Driver/Inc/stm32f7xx_hal.h:187:1: error: 'HAL_StatusTypeDef' does not name a type; did you mean 'NOR_StatusTypedef'?
  187 | HAL_StatusTypeDef HAL_DeInit(void);
      | ^~~~~~~~~~~~~~~~~
      | NOR_StatusTypedef
../Drivers/STM32F7xx_HAL_Driver/Inc/stm32f7xx_hal.h:190:1: error: 'HAL_StatusTypeDef' does not name a type; did you mean 'NOR_StatusTypedef'?
  190 | HAL_StatusTypeDef HAL_InitTick(uint32_t TickPriority);
      | ^~~~~~~~~~~~~~~~~
      | NOR_StatusTypedef
../Drivers/STM32F7xx_HAL_Driver/Inc/stm32f7xx_hal.h:214:1: error: 'HAL_StatusTypeDef' does not name a type; did you mean 'NOR_StatusTypedef'?
  214 | HAL_StatusTypeDef HAL_SetTickFreq(HAL_TickFreqTypeDef Freq);
      | ^~~~~~~~~~~~~~~~~
      | NOR_StatusTypedef
../Core/Src/Codec.cpp: In member function 'uint8_t Codec::init()':
../Core/Src/Codec.cpp:22:27: error: 'CODEC_RESET_Pin' was not declared in this scope
   22 |  HAL_GPIO_WritePin(GPIOD, CODEC_RESET_Pin, GPIO_PIN_SET);
      |                           ^~~~~~~~~~~~~~~
../Core/Src/Codec.cpp: In member function 'uint8_t Codec::write(uint8_t, uint8_t)':
../Core/Src/Codec.cpp:33:30: error: 'hi2c' was not declared in this scope
   33 |  status = HAL_I2C_Mem_Write(&hi2c, AUDIO_I2C_ADDR, reg, 1, &val, sizeof(val), HAL_MAX_DELAY);
      |                              ^~~~
../Core/Src/Codec.cpp:33:36: error: 'AUDIO_I2C_ADDR' was not declared in this scope
   33 |  status = HAL_I2C_Mem_Write(&hi2c, AUDIO_I2C_ADDR, reg, 1, &val, sizeof(val), HAL_MAX_DELAY);
      |                                    ^~~~~~~~~~~~~~
../Core/Src/Codec.cpp:34:1: warning: no return statement in function returning non-void [-Wreturn-type]
   34 | }
      | ^
make: *** [Core/Src/subdir.mk:44: Core/Src/Codec.o] Error 1
"make -j16 all" terminated with exit code 2. Build might be incomplete.
13:37:11 **** Incremental Build of configuration Debug for project STM_DAC ****
make -j16 all 
arm-none-eabi-g++ "../Core/Src/Codec.cpp" -mcpu=cortex-m7 -std=gnu++14 -g3 -DDEBUG -DUSE_HAL_DRIVER -DSTM32F767xx -c -I../Core/Inc -I../Drivers/STM32F7xx_HAL_Driver/Inc -I../Drivers/STM32F7xx_HAL_Driver/Inc/Legacy -I../Drivers/CMSIS/Device/ST/STM32F7xx/Include -I../Drivers/CMSIS/Include -O0 -ffunction-sections -fdata-sections -fno-exceptions -fno-rtti -fno-use-cxa-atexit -Wall -fstack-usage -MMD -MP -MF"Core/Src/Codec.d" -MT"Core/Src/Codec.o" --specs=nano.specs -mfpu=fpv5-d16 -mfloat-abi=hard -mthumb -o "Core/Src/Codec.o"
../Core/Src/Codec.cpp: In member function 'uint8_t Codec::init()':
../Core/Src/Codec.cpp:21:20: error: 'GPIOD' was not declared in this scope
   21 |  HAL_GPIO_WritePin(GPIOD, CODEC_RESET_Pin, GPIO_PIN_SET);
      |                    ^~~~~
../Core/Src/Codec.cpp:21:27: error: 'CODEC_RESET_Pin' was not declared in this scope
   21 |  HAL_GPIO_WritePin(GPIOD, CODEC_RESET_Pin, GPIO_PIN_SET);
      |                           ^~~~~~~~~~~~~~~
../Core/Src/Codec.cpp:21:44: error: 'GPIO_PIN_SET' was not declared in this scope
   21 |  HAL_GPIO_WritePin(GPIOD, CODEC_RESET_Pin, GPIO_PIN_SET);
      |                                            ^~~~~~~~~~~~
../Core/Src/Codec.cpp:21:2: error: 'HAL_GPIO_WritePin' was not declared in this scope
   21 |  HAL_GPIO_WritePin(GPIOD, CODEC_RESET_Pin, GPIO_PIN_SET);
      |  ^~~~~~~~~~~~~~~~~
../Core/Src/Codec.cpp: In member function 'uint8_t Codec::write(uint8_t, uint8_t)':
../Core/Src/Codec.cpp:30:2: error: 'HAL_StatusTypeDef' was not declared in this scope
   30 |  HAL_StatusTypeDef status = HAL_OK;
      |  ^~~~~~~~~~~~~~~~~
../Core/Src/Codec.cpp:32:2: error: 'status' was not declared in this scope; did you mean 'static'?
   32 |  status = HAL_I2C_Mem_Write(&hi2c, AUDIO_I2C_ADDR, reg, 1, &val, sizeof(val), HAL_MAX_DELAY);
      |  ^~~~~~
      |  static
../Core/Src/Codec.cpp:32:30: error: 'hi2c' was not declared in this scope
   32 |  status = HAL_I2C_Mem_Write(&hi2c, AUDIO_I2C_ADDR, reg, 1, &val, sizeof(val), HAL_MAX_DELAY);
      |                              ^~~~
../Core/Src/Codec.cpp:32:36: error: 'AUDIO_I2C_ADDR' was not declared in this scope
   32 |  status = HAL_I2C_Mem_Write(&hi2c, AUDIO_I2C_ADDR, reg, 1, &val, sizeof(val), HAL_MAX_DELAY);
      |                                    ^~~~~~~~~~~~~~
../Core/Src/Codec.cpp:32:79: error: 'HAL_MAX_DELAY' was not declared in this scope
   32 |  status = HAL_I2C_Mem_Write(&hi2c, AUDIO_I2C_ADDR, reg, 1, &val, sizeof(val), HAL_MAX_DELAY);
      |                                                                               ^~~~~~~~~~~~~
../Core/Src/Codec.cpp:32:11: error: 'HAL_I2C_Mem_Write' was not declared in this scope
   32 |  status = HAL_I2C_Mem_Write(&hi2c, AUDIO_I2C_ADDR, reg, 1, &val, sizeof(val), HAL_MAX_DELAY);
      |           ^~~~~~~~~~~~~~~~~
../Core/Src/Codec.cpp:33:1: warning: no return statement in function returning non-void [-Wreturn-type]
   33 | }
      | ^
make: *** [Core/Src/subdir.mk:44: Core/Src/Codec.o] Error 1
"make -j16 all" terminated with exit code 2. Build might be incomplete.
13:38:06 **** Incremental Build of configuration Debug for project STM_DAC ****
make -j16 all 
arm-none-eabi-g++ "../Core/Src/Codec.cpp" -mcpu=cortex-m7 -std=gnu++14 -g3 -DDEBUG -DUSE_HAL_DRIVER -DSTM32F767xx -c -I../Core/Inc -I../Drivers/STM32F7xx_HAL_Driver/Inc -I../Drivers/STM32F7xx_HAL_Driver/Inc/Legacy -I../Drivers/CMSIS/Device/ST/STM32F7xx/Include -I../Drivers/CMSIS/Include -O0 -ffunction-sections -fdata-sections -fno-exceptions -fno-rtti -fno-use-cxa-atexit -Wall -fstack-usage -MMD -MP -MF"Core/Src/Codec.d" -MT"Core/Src/Codec.o" --specs=nano.specs -mfpu=fpv5-d16 -mfloat-abi=hard -mthumb -o "Core/Src/Codec.o"
../Core/Src/Codec.cpp: In member function 'uint8_t Codec::init()':
../Core/Src/Codec.cpp:21:20: error: 'GPIOD' was not declared in this scope
   21 |  HAL_GPIO_WritePin(GPIOD, CODEC_RESET_Pin, GPIO_PIN_SET);
      |                    ^~~~~
../Core/Src/Codec.cpp:21:27: error: 'CODEC_RESET_Pin' was not declared in this scope
   21 |  HAL_GPIO_WritePin(GPIOD, CODEC_RESET_Pin, GPIO_PIN_SET);
      |                           ^~~~~~~~~~~~~~~
../Core/Src/Codec.cpp:21:44: error: 'GPIO_PIN_SET' was not declared in this scope
   21 |  HAL_GPIO_WritePin(GPIOD, CODEC_RESET_Pin, GPIO_PIN_SET);
      |                                            ^~~~~~~~~~~~
../Core/Src/Codec.cpp:21:2: error: 'HAL_GPIO_WritePin' was not declared in this scope
   21 |  HAL_GPIO_WritePin(GPIOD, CODEC_RESET_Pin, GPIO_PIN_SET);
      |  ^~~~~~~~~~~~~~~~~
../Core/Src/Codec.cpp: In member function 'uint8_t Codec::write(uint8_t, uint8_t)':
../Core/Src/Codec.cpp:30:2: error: 'HAL_StatusTypeDef' was not declared in this scope
   30 |  HAL_StatusTypeDef status = HAL_OK;
      |  ^~~~~~~~~~~~~~~~~
../Core/Src/Codec.cpp:32:2: error: 'status' was not declared in this scope; did you mean 'static'?
   32 |  status = HAL_I2C_Mem_Write(&hi2c1, AUDIO_I2C1_ADDR, reg, 1, &val, sizeof(val), HAL_MAX_DELAY);
      |  ^~~~~~
      |  static
../Core/Src/Codec.cpp:32:30: error: 'hi2c1' was not declared in this scope
   32 |  status = HAL_I2C_Mem_Write(&hi2c1, AUDIO_I2C1_ADDR, reg, 1, &val, sizeof(val), HAL_MAX_DELAY);
      |                              ^~~~~
../Core/Src/Codec.cpp:32:37: error: 'AUDIO_I2C1_ADDR' was not declared in this scope
   32 |  status = HAL_I2C_Mem_Write(&hi2c1, AUDIO_I2C1_ADDR, reg, 1, &val, sizeof(val), HAL_MAX_DELAY);
      |                                     ^~~~~~~~~~~~~~~
../Core/Src/Codec.cpp:32:81: error: 'HAL_MAX_DELAY' was not declared in this scope
   32 |  status = HAL_I2C_Mem_Write(&hi2c1, AUDIO_I2C1_ADDR, reg, 1, &val, sizeof(val), HAL_MAX_DELAY);
      |                                                                                 ^~~~~~~~~~~~~
../Core/Src/Codec.cpp:32:11: error: 'HAL_I2C_Mem_Write' was not declared in this scope
   32 |  status = HAL_I2C_Mem_Write(&hi2c1, AUDIO_I2C1_ADDR, reg, 1, &val, sizeof(val), HAL_MAX_DELAY);
      |           ^~~~~~~~~~~~~~~~~
../Core/Src/Codec.cpp:33:1: warning: no return statement in function returning non-void [-Wreturn-type]
   33 | }
      | ^
make: *** [Core/Src/subdir.mk:44: Core/Src/Codec.o] Error 1
"make -j16 all" terminated with exit code 2. Build might be incomplete.
13:39:28 **** Incremental Build of configuration Debug for project STM_DAC ****
make -j16 all 
arm-none-eabi-g++ "../Core/Src/Codec.cpp" -mcpu=cortex-m7 -std=gnu++14 -g3 -DDEBUG -DUSE_HAL_DRIVER -DSTM32F767xx -c -I../Core/Inc -I../Drivers/STM32F7xx_HAL_Driver/Inc -I../Drivers/STM32F7xx_HAL_Driver/Inc/Legacy -I../Drivers/CMSIS/Device/ST/STM32F7xx/Include -I../Drivers/CMSIS/Include -O0 -ffunction-sections -fdata-sections -fno-exceptions -fno-rtti -fno-use-cxa-atexit -Wall -fstack-usage -MMD -MP -MF"Core/Src/Codec.d" -MT"Core/Src/Codec.o" --specs=nano.specs -mfpu=fpv5-d16 -mfloat-abi=hard -mthumb -o "Core/Src/Codec.o"
../Core/Src/Codec.cpp: In member function 'uint8_t Codec::init()':
../Core/Src/Codec.cpp:23:27: error: 'CODEC_RESET_Pin' was not declared in this scope
   23 |  HAL_GPIO_WritePin(GPIOD, CODEC_RESET_Pin, GPIO_PIN_SET);
      |                           ^~~~~~~~~~~~~~~
../Core/Src/Codec.cpp: In member function 'uint8_t Codec::write(uint8_t, uint8_t)':
../Core/Src/Codec.cpp:34:30: error: 'hi2c1' was not declared in this scope
   34 |  status = HAL_I2C_Mem_Write(&hi2c1, AUDIO_I2C1_ADDR, reg, 1, &val, sizeof(val), HAL_MAX_DELAY);
      |                              ^~~~~
../Core/Src/Codec.cpp:34:37: error: 'AUDIO_I2C1_ADDR' was not declared in this scope
   34 |  status = HAL_I2C_Mem_Write(&hi2c1, AUDIO_I2C1_ADDR, reg, 1, &val, sizeof(val), HAL_MAX_DELAY);
      |                                     ^~~~~~~~~~~~~~~
../Core/Src/Codec.cpp:35:1: warning: no return statement in function returning non-void [-Wreturn-type]
   35 | }
      | ^
make: *** [Core/Src/subdir.mk:44: Core/Src/Codec.o] Error 1
"make -j16 all" terminated with exit code 2. Build might be incomplete.
13:42:35 **** Incremental Build of configuration Debug for project STM_DAC ****
make -j16 all 
arm-none-eabi-g++ "../Core/Src/Codec.cpp" -mcpu=cortex-m7 -std=gnu++14 -g3 -DDEBUG -DUSE_HAL_DRIVER -DSTM32F767xx -c -I../Core/Inc -I../Drivers/STM32F7xx_HAL_Driver/Inc -I../Drivers/STM32F7xx_HAL_Driver/Inc/Legacy -I../Drivers/CMSIS/Device/ST/STM32F7xx/Include -I../Drivers/CMSIS/Include -O0 -ffunction-sections -fdata-sections -fno-exceptions -fno-rtti -fno-use-cxa-atexit -Wall -fstack-usage -MMD -MP -MF"Core/Src/Codec.d" -MT"Core/Src/Codec.o" --specs=nano.specs -mfpu=fpv5-d16 -mfloat-abi=hard -mthumb -o "Core/Src/Codec.o"
arm-none-eabi-g++ "../Core/Src/main.cpp" -mcpu=cortex-m7 -std=gnu++14 -g3 -DDEBUG -DUSE_HAL_DRIVER -DSTM32F767xx -c -I../Core/Inc -I../Drivers/STM32F7xx_HAL_Driver/Inc -I../Drivers/STM32F7xx_HAL_Driver/Inc/Legacy -I../Drivers/CMSIS/Device/ST/STM32F7xx/Include -I../Drivers/CMSIS/Include -O0 -ffunction-sections -fdata-sections -fno-exceptions -fno-rtti -fno-use-cxa-atexit -Wall -fstack-usage -MMD -MP -MF"Core/Src/main.d" -MT"Core/Src/main.o" --specs=nano.specs -mfpu=fpv5-d16 -mfloat-abi=hard -mthumb -o "Core/Src/main.o"
../Core/Src/Codec.cpp: In member function 'uint8_t Codec::init()':
../Core/Src/Codec.cpp:24:27: error: 'CODEC_RESET_Pin' was not declared in this scope
   24 |  HAL_GPIO_WritePin(GPIOD, CODEC_RESET_Pin, GPIO_PIN_SET);
      |                           ^~~~~~~~~~~~~~~
../Core/Src/Codec.cpp: In member function 'uint8_t Codec::write(uint8_t, uint8_t)':
../Core/Src/Codec.cpp:35:30: error: 'hi2c1' was not declared in this scope
   35 |  status = HAL_I2C_Mem_Write(&hi2c1, AUDIO_I2C1_ADDR, reg, 1, &val, sizeof(val), HAL_MAX_DELAY);
      |                              ^~~~~
../Core/Src/Codec.cpp:35:37: error: 'AUDIO_I2C1_ADDR' was not declared in this scope
   35 |  status = HAL_I2C_Mem_Write(&hi2c1, AUDIO_I2C1_ADDR, reg, 1, &val, sizeof(val), HAL_MAX_DELAY);
      |                                     ^~~~~~~~~~~~~~~
../Core/Src/Codec.cpp:36:1: warning: no return statement in function returning non-void [-Wreturn-type]
   36 | }
      | ^
make: *** [Core/Src/subdir.mk:44: Core/Src/Codec.o] Error 1
make: *** Waiting for unfinished jobs....
../Core/Src/main.cpp: In function 'void HAL_I2S_TxHalfCpltCallback(I2S_HandleTypeDef*)':
../Core/Src/main.cpp:89:2: error: 'make_sound' was not declared in this scope; did you mean 'makeSound'?
   89 |  make_sound(0);
      |  ^~~~~~~~~~
      |  makeSound
../Core/Src/main.cpp: In function 'void HAL_I2S_TxCpltCallback(I2S_HandleTypeDef*)':
../Core/Src/main.cpp:93:2: error: 'make_sound' was not declared in this scope; did you mean 'makeSound'?
   93 |  make_sound(BUFF_LEN_HALF);
      |  ^~~~~~~~~~
      |  makeSound
../Core/Src/main.cpp: In function 'int main()':
../Core/Src/main.cpp:137:27: error: 'hi2s2' was not declared in this scope; did you mean 'hi2s3'?
  137 |     HAL_I2S_Transmit_DMA(&hi2s2, (uint16_t *)audioBuff, BUFF_LEN);
      |                           ^~~~~
      |                           hi2s3
make: *** [Core/Src/subdir.mk:44: Core/Src/main.o] Error 1
"make -j16 all" terminated with exit code 2. Build might be incomplete.
13:42:49 **** Incremental Build of configuration Debug for project STM_DAC ****
make -j16 all 
arm-none-eabi-g++ "../Core/Src/Codec.cpp" -mcpu=cortex-m7 -std=gnu++14 -g3 -DDEBUG -DUSE_HAL_DRIVER -DSTM32F767xx -c -I../Core/Inc -I../Drivers/STM32F7xx_HAL_Driver/Inc -I../Drivers/STM32F7xx_HAL_Driver/Inc/Legacy -I../Drivers/CMSIS/Device/ST/STM32F7xx/Include -I../Drivers/CMSIS/Include -O0 -ffunction-sections -fdata-sections -fno-exceptions -fno-rtti -fno-use-cxa-atexit -Wall -fstack-usage -MMD -MP -MF"Core/Src/Codec.d" -MT"Core/Src/Codec.o" --specs=nano.specs -mfpu=fpv5-d16 -mfloat-abi=hard -mthumb -o "Core/Src/Codec.o"
arm-none-eabi-g++ "../Core/Src/main.cpp" -mcpu=cortex-m7 -std=gnu++14 -g3 -DDEBUG -DUSE_HAL_DRIVER -DSTM32F767xx -c -I../Core/Inc -I../Drivers/STM32F7xx_HAL_Driver/Inc -I../Drivers/STM32F7xx_HAL_Driver/Inc/Legacy -I../Drivers/CMSIS/Device/ST/STM32F7xx/Include -I../Drivers/CMSIS/Include -O0 -ffunction-sections -fdata-sections -fno-exceptions -fno-rtti -fno-use-cxa-atexit -Wall -fstack-usage -MMD -MP -MF"Core/Src/main.d" -MT"Core/Src/main.o" --specs=nano.specs -mfpu=fpv5-d16 -mfloat-abi=hard -mthumb -o "Core/Src/main.o"
../Core/Src/Codec.cpp: In member function 'uint8_t Codec::init()':
../Core/Src/Codec.cpp:24:27: error: 'CODEC_RESET_Pin' was not declared in this scope
   24 |  HAL_GPIO_WritePin(GPIOD, CODEC_RESET_Pin, GPIO_PIN_SET);
      |                           ^~~~~~~~~~~~~~~
../Core/Src/Codec.cpp: In member function 'uint8_t Codec::write(uint8_t, uint8_t)':
../Core/Src/Codec.cpp:35:30: error: 'hi2c1' was not declared in this scope
   35 |  status = HAL_I2C_Mem_Write(&hi2c1, AUDIO_I2C1_ADDR, reg, 1, &val, sizeof(val), HAL_MAX_DELAY);
      |                              ^~~~~
../Core/Src/Codec.cpp:35:37: error: 'AUDIO_I2C1_ADDR' was not declared in this scope
   35 |  status = HAL_I2C_Mem_Write(&hi2c1, AUDIO_I2C1_ADDR, reg, 1, &val, sizeof(val), HAL_MAX_DELAY);
      |                                     ^~~~~~~~~~~~~~~
../Core/Src/Codec.cpp:36:1: warning: no return statement in function returning non-void [-Wreturn-type]
   36 | }
      | ^
make: *** [Core/Src/subdir.mk:44: Core/Src/Codec.o] Error 1
make: *** Waiting for unfinished jobs....
../Core/Src/main.cpp: In function 'void HAL_I2S_TxHalfCpltCallback(I2S_HandleTypeDef*)':
../Core/Src/main.cpp:89:2: error: 'make_sound' was not declared in this scope; did you mean 'makeSound'?
   89 |  make_sound(0);
      |  ^~~~~~~~~~
      |  makeSound
../Core/Src/main.cpp: In function 'void HAL_I2S_TxCpltCallback(I2S_HandleTypeDef*)':
../Core/Src/main.cpp:93:2: error: 'make_sound' was not declared in this scope; did you mean 'makeSound'?
   93 |  make_sound(BUFF_LEN_HALF);
      |  ^~~~~~~~~~
      |  makeSound
make: *** [Core/Src/subdir.mk:44: Core/Src/main.o] Error 1
"make -j16 all" terminated with exit code 2. Build might be incomplete.
13:43:12 **** Incremental Build of configuration Debug for project STM_DAC ****
make -j16 all 
arm-none-eabi-g++ "../Core/Src/Codec.cpp" -mcpu=cortex-m7 -std=gnu++14 -g3 -DDEBUG -DUSE_HAL_DRIVER -DSTM32F767xx -c -I../Core/Inc -I../Drivers/STM32F7xx_HAL_Driver/Inc -I../Drivers/STM32F7xx_HAL_Driver/Inc/Legacy -I../Drivers/CMSIS/Device/ST/STM32F7xx/Include -I../Drivers/CMSIS/Include -O0 -ffunction-sections -fdata-sections -fno-exceptions -fno-rtti -fno-use-cxa-atexit -Wall -fstack-usage -MMD -MP -MF"Core/Src/Codec.d" -MT"Core/Src/Codec.o" --specs=nano.specs -mfpu=fpv5-d16 -mfloat-abi=hard -mthumb -o "Core/Src/Codec.o"
arm-none-eabi-g++ "../Core/Src/main.cpp" -mcpu=cortex-m7 -std=gnu++14 -g3 -DDEBUG -DUSE_HAL_DRIVER -DSTM32F767xx -c -I../Core/Inc -I../Drivers/STM32F7xx_HAL_Driver/Inc -I../Drivers/STM32F7xx_HAL_Driver/Inc/Legacy -I../Drivers/CMSIS/Device/ST/STM32F7xx/Include -I../Drivers/CMSIS/Include -O0 -ffunction-sections -fdata-sections -fno-exceptions -fno-rtti -fno-use-cxa-atexit -Wall -fstack-usage -MMD -MP -MF"Core/Src/main.d" -MT"Core/Src/main.o" --specs=nano.specs -mfpu=fpv5-d16 -mfloat-abi=hard -mthumb -o "Core/Src/main.o"
../Core/Src/Codec.cpp: In member function 'uint8_t Codec::init()':
../Core/Src/Codec.cpp:24:27: error: 'CODEC_RESET_Pin' was not declared in this scope
   24 |  HAL_GPIO_WritePin(GPIOD, CODEC_RESET_Pin, GPIO_PIN_SET);
      |                           ^~~~~~~~~~~~~~~
../Core/Src/Codec.cpp: In member function 'uint8_t Codec::write(uint8_t, uint8_t)':
../Core/Src/Codec.cpp:35:30: error: 'hi2c1' was not declared in this scope
   35 |  status = HAL_I2C_Mem_Write(&hi2c1, AUDIO_I2C1_ADDR, reg, 1, &val, sizeof(val), HAL_MAX_DELAY);
      |                              ^~~~~
../Core/Src/Codec.cpp:35:37: error: 'AUDIO_I2C1_ADDR' was not declared in this scope
   35 |  status = HAL_I2C_Mem_Write(&hi2c1, AUDIO_I2C1_ADDR, reg, 1, &val, sizeof(val), HAL_MAX_DELAY);
      |                                     ^~~~~~~~~~~~~~~
../Core/Src/Codec.cpp:36:1: warning: no return statement in function returning non-void [-Wreturn-type]
   36 | }
      | ^
make: *** [Core/Src/subdir.mk:44: Core/Src/Codec.o] Error 1
make: *** Waiting for unfinished jobs....
"make -j16 all" terminated with exit code 2. Build might be incomplete.
13:55:32 **** Incremental Build of configuration Debug for project STM_DAC ****
make -j16 all 
arm-none-eabi-g++ "../Core/Src/Codec.cpp" -mcpu=cortex-m7 -std=gnu++14 -g3 -DDEBUG -DUSE_HAL_DRIVER -DSTM32F767xx -c -I../Core/Inc -I../Drivers/STM32F7xx_HAL_Driver/Inc -I../Drivers/STM32F7xx_HAL_Driver/Inc/Legacy -I../Drivers/CMSIS/Device/ST/STM32F7xx/Include -I../Drivers/CMSIS/Include -O0 -ffunction-sections -fdata-sections -fno-exceptions -fno-rtti -fno-use-cxa-atexit -Wall -fstack-usage -MMD -MP -MF"Core/Src/Codec.d" -MT"Core/Src/Codec.o" --specs=nano.specs -mfpu=fpv5-d16 -mfloat-abi=hard -mthumb -o "Core/Src/Codec.o"
arm-none-eabi-g++ "../Core/Src/main.cpp" -mcpu=cortex-m7 -std=gnu++14 -g3 -DDEBUG -DUSE_HAL_DRIVER -DSTM32F767xx -c -I../Core/Inc -I../Drivers/STM32F7xx_HAL_Driver/Inc -I../Drivers/STM32F7xx_HAL_Driver/Inc/Legacy -I../Drivers/CMSIS/Device/ST/STM32F7xx/Include -I../Drivers/CMSIS/Include -O0 -ffunction-sections -fdata-sections -fno-exceptions -fno-rtti -fno-use-cxa-atexit -Wall -fstack-usage -MMD -MP -MF"Core/Src/main.d" -MT"Core/Src/main.o" --specs=nano.specs -mfpu=fpv5-d16 -mfloat-abi=hard -mthumb -o "Core/Src/main.o"
../Core/Src/Codec.cpp: In member function 'uint8_t Codec::init()':
../Core/Src/Codec.cpp:24:26: error: 'CODE' was not declared in this scope
   24 |  HAL_GPIO_WritePin(GPIOD,CODE, GPIO_PIN_SET);
      |                          ^~~~
../Core/Src/Codec.cpp: In member function 'uint8_t Codec::write(uint8_t, uint8_t)':
../Core/Src/Codec.cpp:35:30: error: 'hi2c1' was not declared in this scope
   35 |  status = HAL_I2C_Mem_Write(&hi2c1, , reg, 1, &val, sizeof(val), HAL_MAX_DELAY);
      |                              ^~~~~
../Core/Src/Codec.cpp:35:37: error: expected primary-expression before ',' token
   35 |  status = HAL_I2C_Mem_Write(&hi2c1, , reg, 1, &val, sizeof(val), HAL_MAX_DELAY);
      |                                     ^
../Core/Src/Codec.cpp:36:1: warning: no return statement in function returning non-void [-Wreturn-type]
   36 | }
      | ^
make: *** [Core/Src/subdir.mk:44: Core/Src/Codec.o] Error 1
make: *** Waiting for unfinished jobs....
"make -j16 all" terminated with exit code 2. Build might be incomplete.
14:02:27 **** Incremental Build of configuration Debug for project STM_DAC ****
make -j16 all 
arm-none-eabi-g++ "../Core/Src/Codec.cpp" -mcpu=cortex-m7 -std=gnu++14 -g3 -DDEBUG -DUSE_HAL_DRIVER -DSTM32F767xx -c -I../Core/Inc -I../Drivers/STM32F7xx_HAL_Driver/Inc -I../Drivers/STM32F7xx_HAL_Driver/Inc/Legacy -I../Drivers/CMSIS/Device/ST/STM32F7xx/Include -I../Drivers/CMSIS/Include -O0 -ffunction-sections -fdata-sections -fno-exceptions -fno-rtti -fno-use-cxa-atexit -Wall -fstack-usage -MMD -MP -MF"Core/Src/Codec.d" -MT"Core/Src/Codec.o" --specs=nano.specs -mfpu=fpv5-d16 -mfloat-abi=hard -mthumb -o "Core/Src/Codec.o"
arm-none-eabi-g++ "../Core/Src/main.cpp" -mcpu=cortex-m7 -std=gnu++14 -g3 -DDEBUG -DUSE_HAL_DRIVER -DSTM32F767xx -c -I../Core/Inc -I../Drivers/STM32F7xx_HAL_Driver/Inc -I../Drivers/STM32F7xx_HAL_Driver/Inc/Legacy -I../Drivers/CMSIS/Device/ST/STM32F7xx/Include -I../Drivers/CMSIS/Include -O0 -ffunction-sections -fdata-sections -fno-exceptions -fno-rtti -fno-use-cxa-atexit -Wall -fstack-usage -MMD -MP -MF"Core/Src/main.d" -MT"Core/Src/main.o" --specs=nano.specs -mfpu=fpv5-d16 -mfloat-abi=hard -mthumb -o "Core/Src/main.o"
In file included from ../Drivers/CMSIS/Device/ST/STM32F7xx/Include/stm32f7xx.h:203,
                 from ../Drivers/STM32F7xx_HAL_Driver/Inc/stm32f7xx_hal_def.h:30,
                 from ../Drivers/STM32F7xx_HAL_Driver/Inc/stm32f7xx_hal_rcc.h:29,
                 from ../Core/Inc/stm32f7xx_hal_conf.h:273,
                 from ../Core/Src/Codec.cpp:10:
../Drivers/STM32F7xx_HAL_Driver/Inc/stm32f7xx_hal.h:186:1: error: 'HAL_StatusTypeDef' does not name a type; did you mean 'NOR_StatusTypedef'?
  186 | HAL_StatusTypeDef HAL_Init(void);
      | ^~~~~~~~~~~~~~~~~
      | NOR_StatusTypedef
../Drivers/STM32F7xx_HAL_Driver/Inc/stm32f7xx_hal.h:187:1: error: 'HAL_StatusTypeDef' does not name a type; did you mean 'NOR_StatusTypedef'?
  187 | HAL_StatusTypeDef HAL_DeInit(void);
      | ^~~~~~~~~~~~~~~~~
      | NOR_StatusTypedef
../Drivers/STM32F7xx_HAL_Driver/Inc/stm32f7xx_hal.h:190:1: error: 'HAL_StatusTypeDef' does not name a type; did you mean 'NOR_StatusTypedef'?
  190 | HAL_StatusTypeDef HAL_InitTick(uint32_t TickPriority);
      | ^~~~~~~~~~~~~~~~~
      | NOR_StatusTypedef
../Drivers/STM32F7xx_HAL_Driver/Inc/stm32f7xx_hal.h:214:1: error: 'HAL_StatusTypeDef' does not name a type; did you mean 'NOR_StatusTypedef'?
  214 | HAL_StatusTypeDef HAL_SetTickFreq(HAL_TickFreqTypeDef Freq);
      | ^~~~~~~~~~~~~~~~~
      | NOR_StatusTypedef
../Core/Src/Codec.cpp: In member function 'uint8_t Codec::init()':
../Core/Src/Codec.cpp:26:26: error: 'CODE' was not declared in this scope
   26 |  HAL_GPIO_WritePin(GPIOD,CODE, GPIO_PIN_SET);
      |                          ^~~~
../Core/Src/Codec.cpp: In member function 'uint8_t Codec::write(uint8_t, uint8_t)':
../Core/Src/Codec.cpp:37:30: error: 'hi2c1' was not declared in this scope
   37 |  status = HAL_I2C_Mem_Write(&hi2c1, , reg, 1, &val, sizeof(val), HAL_MAX_DELAY);
      |                              ^~~~~
../Core/Src/Codec.cpp:37:37: error: expected primary-expression before ',' token
   37 |  status = HAL_I2C_Mem_Write(&hi2c1, , reg, 1, &val, sizeof(val), HAL_MAX_DELAY);
      |                                     ^
../Core/Src/Codec.cpp:38:1: warning: no return statement in function returning non-void [-Wreturn-type]
   38 | }
      | ^
make: *** [Core/Src/subdir.mk:44: Core/Src/Codec.o] Error 1
make: *** Waiting for unfinished jobs....
"make -j16 all" terminated with exit code 2. Build might be incomplete.
14:02:52 **** Incremental Build of configuration Debug for project STM_DAC ****
make -j16 all 
arm-none-eabi-g++ "../Core/Src/Codec.cpp" -mcpu=cortex-m7 -std=gnu++14 -g3 -DDEBUG -DUSE_HAL_DRIVER -DSTM32F767xx -c -I../Core/Inc -I../Drivers/STM32F7xx_HAL_Driver/Inc -I../Drivers/STM32F7xx_HAL_Driver/Inc/Legacy -I../Drivers/CMSIS/Device/ST/STM32F7xx/Include -I../Drivers/CMSIS/Include -O0 -ffunction-sections -fdata-sections -fno-exceptions -fno-rtti -fno-use-cxa-atexit -Wall -fstack-usage -MMD -MP -MF"Core/Src/Codec.d" -MT"Core/Src/Codec.o" --specs=nano.specs -mfpu=fpv5-d16 -mfloat-abi=hard -mthumb -o "Core/Src/Codec.o"
In file included from ../Drivers/CMSIS/Device/ST/STM32F7xx/Include/stm32f7xx.h:203,
                 from ../Drivers/STM32F7xx_HAL_Driver/Inc/stm32f7xx_hal_def.h:30,
                 from ../Drivers/STM32F7xx_HAL_Driver/Inc/stm32f7xx_hal_rcc.h:29,
                 from ../Core/Inc/stm32f7xx_hal_conf.h:273,
                 from ../Core/Src/Codec.cpp:10:
../Drivers/STM32F7xx_HAL_Driver/Inc/stm32f7xx_hal.h:186:1: error: 'HAL_StatusTypeDef' does not name a type; did you mean 'NOR_StatusTypedef'?
  186 | HAL_StatusTypeDef HAL_Init(void);
      | ^~~~~~~~~~~~~~~~~
      | NOR_StatusTypedef
../Drivers/STM32F7xx_HAL_Driver/Inc/stm32f7xx_hal.h:187:1: error: 'HAL_StatusTypeDef' does not name a type; did you mean 'NOR_StatusTypedef'?
  187 | HAL_StatusTypeDef HAL_DeInit(void);
      | ^~~~~~~~~~~~~~~~~
      | NOR_StatusTypedef
../Drivers/STM32F7xx_HAL_Driver/Inc/stm32f7xx_hal.h:190:1: error: 'HAL_StatusTypeDef' does not name a type; did you mean 'NOR_StatusTypedef'?
  190 | HAL_StatusTypeDef HAL_InitTick(uint32_t TickPriority);
      | ^~~~~~~~~~~~~~~~~
      | NOR_StatusTypedef
../Drivers/STM32F7xx_HAL_Driver/Inc/stm32f7xx_hal.h:214:1: error: 'HAL_StatusTypeDef' does not name a type; did you mean 'NOR_StatusTypedef'?
  214 | HAL_StatusTypeDef HAL_SetTickFreq(HAL_TickFreqTypeDef Freq);
      | ^~~~~~~~~~~~~~~~~
      | NOR_StatusTypedef
../Core/Src/Codec.cpp: In member function 'uint8_t Codec::init()':
../Core/Src/Codec.cpp:26:26: error: 'CODEC_RESET_PIN' was not declared in this scope
   26 |  HAL_GPIO_WritePin(GPIOD,CODEC_RESET_PIN, GPIO_PIN_SET);
      |                          ^~~~~~~~~~~~~~~
../Core/Src/Codec.cpp: In member function 'uint8_t Codec::write(uint8_t, uint8_t)':
../Core/Src/Codec.cpp:37:30: error: 'hi2c1' was not declared in this scope
   37 |  status = HAL_I2C_Mem_Write(&hi2c1, , reg, 1, &val, sizeof(val), HAL_MAX_DELAY);
      |                              ^~~~~
../Core/Src/Codec.cpp:37:37: error: expected primary-expression before ',' token
   37 |  status = HAL_I2C_Mem_Write(&hi2c1, , reg, 1, &val, sizeof(val), HAL_MAX_DELAY);
      |                                     ^
../Core/Src/Codec.cpp:38:1: warning: no return statement in function returning non-void [-Wreturn-type]
   38 | }
      | ^
make: *** [Core/Src/subdir.mk:44: Core/Src/Codec.o] Error 1
"make -j16 all" terminated with exit code 2. Build might be incomplete.
14:03:48 **** Incremental Build of configuration Debug for project STM_DAC ****
make -j16 all 
arm-none-eabi-g++ "../Core/Src/Codec.cpp" -mcpu=cortex-m7 -std=gnu++14 -g3 -DDEBUG -DUSE_HAL_DRIVER -DSTM32F767xx -c -I../Core/Inc -I../Drivers/STM32F7xx_HAL_Driver/Inc -I../Drivers/STM32F7xx_HAL_Driver/Inc/Legacy -I../Drivers/CMSIS/Device/ST/STM32F7xx/Include -I../Drivers/CMSIS/Include -O0 -ffunction-sections -fdata-sections -fno-exceptions -fno-rtti -fno-use-cxa-atexit -Wall -fstack-usage -MMD -MP -MF"Core/Src/Codec.d" -MT"Core/Src/Codec.o" --specs=nano.specs -mfpu=fpv5-d16 -mfloat-abi=hard -mthumb -o "Core/Src/Codec.o"
In file included from ../Drivers/CMSIS/Device/ST/STM32F7xx/Include/stm32f7xx.h:203,
                 from ../Drivers/STM32F7xx_HAL_Driver/Inc/stm32f7xx_hal_def.h:30,
                 from ../Drivers/STM32F7xx_HAL_Driver/Inc/stm32f7xx_hal_rcc.h:29,
                 from ../Core/Inc/stm32f7xx_hal_conf.h:273,
                 from ../Core/Src/Codec.cpp:10:
../Drivers/STM32F7xx_HAL_Driver/Inc/stm32f7xx_hal.h:186:1: error: 'HAL_StatusTypeDef' does not name a type; did you mean 'NOR_StatusTypedef'?
  186 | HAL_StatusTypeDef HAL_Init(void);
      | ^~~~~~~~~~~~~~~~~
      | NOR_StatusTypedef
../Drivers/STM32F7xx_HAL_Driver/Inc/stm32f7xx_hal.h:187:1: error: 'HAL_StatusTypeDef' does not name a type; did you mean 'NOR_StatusTypedef'?
  187 | HAL_StatusTypeDef HAL_DeInit(void);
      | ^~~~~~~~~~~~~~~~~
      | NOR_StatusTypedef
../Drivers/STM32F7xx_HAL_Driver/Inc/stm32f7xx_hal.h:190:1: error: 'HAL_StatusTypeDef' does not name a type; did you mean 'NOR_StatusTypedef'?
  190 | HAL_StatusTypeDef HAL_InitTick(uint32_t TickPriority);
      | ^~~~~~~~~~~~~~~~~
      | NOR_StatusTypedef
../Drivers/STM32F7xx_HAL_Driver/Inc/stm32f7xx_hal.h:214:1: error: 'HAL_StatusTypeDef' does not name a type; did you mean 'NOR_StatusTypedef'?
  214 | HAL_StatusTypeDef HAL_SetTickFreq(HAL_TickFreqTypeDef Freq);
      | ^~~~~~~~~~~~~~~~~
      | NOR_StatusTypedef
../Core/Src/Codec.cpp: In member function 'uint8_t Codec::init()':
../Core/Src/Codec.cpp:26:26: error: 'CODEC_RESET_PIN' was not declared in this scope
   26 |  HAL_GPIO_WritePin(GPIOD,CODEC_RESET_PIN, GPIO_PIN_SET);
      |                          ^~~~~~~~~~~~~~~
../Core/Src/Codec.cpp: In member function 'uint8_t Codec::write(uint8_t, uint8_t)':
../Core/Src/Codec.cpp:37:30: error: 'hi2c1' was not declared in this scope
   37 |  status = HAL_I2C_Mem_Write(&hi2c1, AUDIO_I2C_ADDR, reg, 1, &val, sizeof(val), HAL_MAX_DELAY);
      |                              ^~~~~
../Core/Src/Codec.cpp:37:37: error: 'AUDIO_I2C_ADDR' was not declared in this scope
   37 |  status = HAL_I2C_Mem_Write(&hi2c1, AUDIO_I2C_ADDR, reg, 1, &val, sizeof(val), HAL_MAX_DELAY);
      |                                     ^~~~~~~~~~~~~~
../Core/Src/Codec.cpp:38:1: warning: no return statement in function returning non-void [-Wreturn-type]
   38 | }
      | ^
make: *** [Core/Src/subdir.mk:44: Core/Src/Codec.o] Error 1
"make -j16 all" terminated with exit code 2. Build might be incomplete.
14:04:34 **** Incremental Build of configuration Debug for project STM_DAC ****
make -j16 all 
arm-none-eabi-g++ "../Core/Src/Codec.cpp" -mcpu=cortex-m7 -std=gnu++14 -g3 -DDEBUG -DUSE_HAL_DRIVER -DSTM32F767xx -c -I../Core/Inc -I../Drivers/STM32F7xx_HAL_Driver/Inc -I../Drivers/STM32F7xx_HAL_Driver/Inc/Legacy -I../Drivers/CMSIS/Device/ST/STM32F7xx/Include -I../Drivers/CMSIS/Include -O0 -ffunction-sections -fdata-sections -fno-exceptions -fno-rtti -fno-use-cxa-atexit -Wall -fstack-usage -MMD -MP -MF"Core/Src/Codec.d" -MT"Core/Src/Codec.o" --specs=nano.specs -mfpu=fpv5-d16 -mfloat-abi=hard -mthumb -o "Core/Src/Codec.o"
In file included from ../Drivers/CMSIS/Device/ST/STM32F7xx/Include/stm32f7xx.h:203,
                 from ../Drivers/STM32F7xx_HAL_Driver/Inc/stm32f7xx_hal_def.h:30,
                 from ../Drivers/STM32F7xx_HAL_Driver/Inc/stm32f7xx_hal_rcc.h:29,
                 from ../Core/Inc/stm32f7xx_hal_conf.h:273,
                 from ../Core/Src/Codec.cpp:10:
../Drivers/STM32F7xx_HAL_Driver/Inc/stm32f7xx_hal.h:186:1: error: 'HAL_StatusTypeDef' does not name a type; did you mean 'NOR_StatusTypedef'?
  186 | HAL_StatusTypeDef HAL_Init(void);
      | ^~~~~~~~~~~~~~~~~
      | NOR_StatusTypedef
../Drivers/STM32F7xx_HAL_Driver/Inc/stm32f7xx_hal.h:187:1: error: 'HAL_StatusTypeDef' does not name a type; did you mean 'NOR_StatusTypedef'?
  187 | HAL_StatusTypeDef HAL_DeInit(void);
      | ^~~~~~~~~~~~~~~~~
      | NOR_StatusTypedef
../Drivers/STM32F7xx_HAL_Driver/Inc/stm32f7xx_hal.h:190:1: error: 'HAL_StatusTypeDef' does not name a type; did you mean 'NOR_StatusTypedef'?
  190 | HAL_StatusTypeDef HAL_InitTick(uint32_t TickPriority);
      | ^~~~~~~~~~~~~~~~~
      | NOR_StatusTypedef
../Drivers/STM32F7xx_HAL_Driver/Inc/stm32f7xx_hal.h:214:1: error: 'HAL_StatusTypeDef' does not name a type; did you mean 'NOR_StatusTypedef'?
  214 | HAL_StatusTypeDef HAL_SetTickFreq(HAL_TickFreqTypeDef Freq);
      | ^~~~~~~~~~~~~~~~~
      | NOR_StatusTypedef
../Core/Src/Codec.cpp: In member function 'uint8_t Codec::write(uint8_t, uint8_t)':
../Core/Src/Codec.cpp:37:30: error: 'hi2c1' was not declared in this scope
   37 |  status = HAL_I2C_Mem_Write(&hi2c1, AUDIO_I2C_ADDR, reg, 1, &val, sizeof(val), HAL_MAX_DELAY);
      |                              ^~~~~
../Core/Src/Codec.cpp:37:37: error: 'AUDIO_I2C_ADDR' was not declared in this scope
   37 |  status = HAL_I2C_Mem_Write(&hi2c1, AUDIO_I2C_ADDR, reg, 1, &val, sizeof(val), HAL_MAX_DELAY);
      |                                     ^~~~~~~~~~~~~~
../Core/Src/Codec.cpp:38:1: warning: no return statement in function returning non-void [-Wreturn-type]
   38 | }
      | ^
make: *** [Core/Src/subdir.mk:44: Core/Src/Codec.o] Error 1
"make -j16 all" terminated with exit code 2. Build might be incomplete.
14:07:35 **** Incremental Build of configuration Debug for project STM_DAC ****
make -j16 all 
arm-none-eabi-g++ "../Core/Src/Codec.cpp" -mcpu=cortex-m7 -std=gnu++14 -g3 -DDEBUG -DUSE_HAL_DRIVER -DSTM32F767xx -c -I../Core/Inc -I../Drivers/STM32F7xx_HAL_Driver/Inc -I../Drivers/STM32F7xx_HAL_Driver/Inc/Legacy -I../Drivers/CMSIS/Device/ST/STM32F7xx/Include -I../Drivers/CMSIS/Include -O0 -ffunction-sections -fdata-sections -fno-exceptions -fno-rtti -fno-use-cxa-atexit -Wall -fstack-usage -MMD -MP -MF"Core/Src/Codec.d" -MT"Core/Src/Codec.o" --specs=nano.specs -mfpu=fpv5-d16 -mfloat-abi=hard -mthumb -o "Core/Src/Codec.o"
In file included from ../Drivers/CMSIS/Device/ST/STM32F7xx/Include/stm32f7xx.h:203,
                 from ../Drivers/STM32F7xx_HAL_Driver/Inc/stm32f7xx_hal_def.h:30,
                 from ../Drivers/STM32F7xx_HAL_Driver/Inc/stm32f7xx_hal_rcc.h:29,
                 from ../Core/Inc/stm32f7xx_hal_conf.h:273,
                 from ../Core/Src/Codec.cpp:10:
../Drivers/STM32F7xx_HAL_Driver/Inc/stm32f7xx_hal.h:186:1: error: 'HAL_StatusTypeDef' does not name a type; did you mean 'NOR_StatusTypedef'?
  186 | HAL_StatusTypeDef HAL_Init(void);
      | ^~~~~~~~~~~~~~~~~
      | NOR_StatusTypedef
../Drivers/STM32F7xx_HAL_Driver/Inc/stm32f7xx_hal.h:187:1: error: 'HAL_StatusTypeDef' does not name a type; did you mean 'NOR_StatusTypedef'?
  187 | HAL_StatusTypeDef HAL_DeInit(void);
      | ^~~~~~~~~~~~~~~~~
      | NOR_StatusTypedef
../Drivers/STM32F7xx_HAL_Driver/Inc/stm32f7xx_hal.h:190:1: error: 'HAL_StatusTypeDef' does not name a type; did you mean 'NOR_StatusTypedef'?
  190 | HAL_StatusTypeDef HAL_InitTick(uint32_t TickPriority);
      | ^~~~~~~~~~~~~~~~~
      | NOR_StatusTypedef
../Drivers/STM32F7xx_HAL_Driver/Inc/stm32f7xx_hal.h:214:1: error: 'HAL_StatusTypeDef' does not name a type; did you mean 'NOR_StatusTypedef'?
  214 | HAL_StatusTypeDef HAL_SetTickFreq(HAL_TickFreqTypeDef Freq);
      | ^~~~~~~~~~~~~~~~~
      | NOR_StatusTypedef
../Core/Src/Codec.cpp: In member function 'uint8_t Codec::write(uint8_t, uint8_t)':
../Core/Src/Codec.cpp:37:30: error: 'hi2c1' was not declared in this scope
   37 |  status = HAL_I2C_Mem_Write(&hi2c1, AUDIO_I2C_ADDR, reg, 1, &val, sizeof(val), HAL_MAX_DELAY);
      |                              ^~~~~
../Core/Src/Codec.cpp:37:37: error: 'AUDIO_I2C_ADDR' was not declared in this scope
   37 |  status = HAL_I2C_Mem_Write(&hi2c1, AUDIO_I2C_ADDR, reg, 1, &val, sizeof(val), HAL_MAX_DELAY);
      |                                     ^~~~~~~~~~~~~~
../Core/Src/Codec.cpp:38:1: warning: no return statement in function returning non-void [-Wreturn-type]
   38 | }
      | ^
make: *** [Core/Src/subdir.mk:44: Core/Src/Codec.o] Error 1
"make -j16 all" terminated with exit code 2. Build might be incomplete.
14:10:32 **** Incremental Build of configuration Debug for project STM_DAC ****
make -j16 all 
arm-none-eabi-g++ "../Core/Src/Codec.cpp" -mcpu=cortex-m7 -std=gnu++14 -g3 -DDEBUG -DUSE_HAL_DRIVER -DSTM32F767xx -c -I../Core/Inc -I../Drivers/STM32F7xx_HAL_Driver/Inc -I../Drivers/STM32F7xx_HAL_Driver/Inc/Legacy -I../Drivers/CMSIS/Device/ST/STM32F7xx/Include -I../Drivers/CMSIS/Include -O0 -ffunction-sections -fdata-sections -fno-exceptions -fno-rtti -fno-use-cxa-atexit -Wall -fstack-usage -MMD -MP -MF"Core/Src/Codec.d" -MT"Core/Src/Codec.o" --specs=nano.specs -mfpu=fpv5-d16 -mfloat-abi=hard -mthumb -o "Core/Src/Codec.o"
In file included from ../Drivers/CMSIS/Device/ST/STM32F7xx/Include/stm32f7xx.h:203,
                 from ../Drivers/STM32F7xx_HAL_Driver/Inc/stm32f7xx_hal_def.h:30,
                 from ../Drivers/STM32F7xx_HAL_Driver/Inc/stm32f7xx_hal_rcc.h:29,
                 from ../Core/Inc/stm32f7xx_hal_conf.h:273,
                 from ../Core/Src/Codec.cpp:10:
../Drivers/STM32F7xx_HAL_Driver/Inc/stm32f7xx_hal.h:186:1: error: 'HAL_StatusTypeDef' does not name a type; did you mean 'NOR_StatusTypedef'?
  186 | HAL_StatusTypeDef HAL_Init(void);
      | ^~~~~~~~~~~~~~~~~
      | NOR_StatusTypedef
../Drivers/STM32F7xx_HAL_Driver/Inc/stm32f7xx_hal.h:187:1: error: 'HAL_StatusTypeDef' does not name a type; did you mean 'NOR_StatusTypedef'?
  187 | HAL_StatusTypeDef HAL_DeInit(void);
      | ^~~~~~~~~~~~~~~~~
      | NOR_StatusTypedef
../Drivers/STM32F7xx_HAL_Driver/Inc/stm32f7xx_hal.h:190:1: error: 'HAL_StatusTypeDef' does not name a type; did you mean 'NOR_StatusTypedef'?
  190 | HAL_StatusTypeDef HAL_InitTick(uint32_t TickPriority);
      | ^~~~~~~~~~~~~~~~~
      | NOR_StatusTypedef
../Drivers/STM32F7xx_HAL_Driver/Inc/stm32f7xx_hal.h:214:1: error: 'HAL_StatusTypeDef' does not name a type; did you mean 'NOR_StatusTypedef'?
  214 | HAL_StatusTypeDef HAL_SetTickFreq(HAL_TickFreqTypeDef Freq);
      | ^~~~~~~~~~~~~~~~~
      | NOR_StatusTypedef
../Core/Src/Codec.cpp: In member function 'uint8_t Codec::write(uint8_t, uint8_t)':
../Core/Src/Codec.cpp:41:30: error: 'hi2c1' was not declared in this scope
   41 |  status = HAL_I2C_Mem_Write(&hi2c1, AUDIO_I2C_ADDR, reg, 1, &val, sizeof(val), HAL_MAX_DELAY);
      |                              ^~~~~
../Core/Src/Codec.cpp:41:37: error: 'AUDIO_I2C_ADDR' was not declared in this scope
   41 |  status = HAL_I2C_Mem_Write(&hi2c1, AUDIO_I2C_ADDR, reg, 1, &val, sizeof(val), HAL_MAX_DELAY);
      |                                     ^~~~~~~~~~~~~~
../Core/Src/Codec.cpp:42:1: warning: no return statement in function returning non-void [-Wreturn-type]
   42 | }
      | ^
make: *** [Core/Src/subdir.mk:44: Core/Src/Codec.o] Error 1
"make -j16 all" terminated with exit code 2. Build might be incomplete.
14:12:20 **** Incremental Build of configuration Debug for project STM_DAC ****
make -j16 all 
arm-none-eabi-g++ "../Core/Src/Codec.cpp" -mcpu=cortex-m7 -std=gnu++14 -g3 -DDEBUG -DUSE_HAL_DRIVER -DSTM32F767xx -c -I../Core/Inc -I../Drivers/STM32F7xx_HAL_Driver/Inc -I../Drivers/STM32F7xx_HAL_Driver/Inc/Legacy -I../Drivers/CMSIS/Device/ST/STM32F7xx/Include -I../Drivers/CMSIS/Include -O0 -ffunction-sections -fdata-sections -fno-exceptions -fno-rtti -fno-use-cxa-atexit -Wall -fstack-usage -MMD -MP -MF"Core/Src/Codec.d" -MT"Core/Src/Codec.o" --specs=nano.specs -mfpu=fpv5-d16 -mfloat-abi=hard -mthumb -o "Core/Src/Codec.o"
In file included from ../Drivers/CMSIS/Device/ST/STM32F7xx/Include/stm32f7xx.h:203,
                 from ../Drivers/STM32F7xx_HAL_Driver/Inc/stm32f7xx_hal_def.h:30,
                 from ../Drivers/STM32F7xx_HAL_Driver/Inc/stm32f7xx_hal_rcc.h:29,
                 from ../Core/Inc/stm32f7xx_hal_conf.h:273,
                 from ../Core/Src/Codec.cpp:10:
../Drivers/STM32F7xx_HAL_Driver/Inc/stm32f7xx_hal.h:186:1: error: 'HAL_StatusTypeDef' does not name a type; did you mean 'NOR_StatusTypedef'?
  186 | HAL_StatusTypeDef HAL_Init(void);
      | ^~~~~~~~~~~~~~~~~
      | NOR_StatusTypedef
../Drivers/STM32F7xx_HAL_Driver/Inc/stm32f7xx_hal.h:187:1: error: 'HAL_StatusTypeDef' does not name a type; did you mean 'NOR_StatusTypedef'?
  187 | HAL_StatusTypeDef HAL_DeInit(void);
      | ^~~~~~~~~~~~~~~~~
      | NOR_StatusTypedef
../Drivers/STM32F7xx_HAL_Driver/Inc/stm32f7xx_hal.h:190:1: error: 'HAL_StatusTypeDef' does not name a type; did you mean 'NOR_StatusTypedef'?
  190 | HAL_StatusTypeDef HAL_InitTick(uint32_t TickPriority);
      | ^~~~~~~~~~~~~~~~~
      | NOR_StatusTypedef
../Drivers/STM32F7xx_HAL_Driver/Inc/stm32f7xx_hal.h:214:1: error: 'HAL_StatusTypeDef' does not name a type; did you mean 'NOR_StatusTypedef'?
  214 | HAL_StatusTypeDef HAL_SetTickFreq(HAL_TickFreqTypeDef Freq);
      | ^~~~~~~~~~~~~~~~~
      | NOR_StatusTypedef
../Core/Src/Codec.cpp: In member function 'uint8_t Codec::write(uint8_t, uint8_t)':
../Core/Src/Codec.cpp:41:30: error: 'hi2c1' was not declared in this scope
   41 |  status = HAL_I2C_Mem_Write(&hi2c1, AUDIO_I2C_ADDR, reg, 1, &val, sizeof(val), HAL_MAX_DELAY);
      |                              ^~~~~
../Core/Src/Codec.cpp:41:37: error: 'AUDIO_I2C_ADDR' was not declared in this scope
   41 |  status = HAL_I2C_Mem_Write(&hi2c1, AUDIO_I2C_ADDR, reg, 1, &val, sizeof(val), HAL_MAX_DELAY);
      |                                     ^~~~~~~~~~~~~~
../Core/Src/Codec.cpp:42:1: warning: no return statement in function returning non-void [-Wreturn-type]
   42 | }
      | ^
make: *** [Core/Src/subdir.mk:44: Core/Src/Codec.o] Error 1
"make -j16 all" terminated with exit code 2. Build might be incomplete.
