00:05:24 **** Incremental Build of configuration Debug for project STM32_dax ****
make -j16 all 
arm-none-eabi-gcc "../Core/Src/main.c" -mcpu=cortex-m7 -std=gnu11 -g3 -DDEBUG -DUSE_HAL_DRIVER -DSTM32F767xx -c -I../Core/Inc -I../Drivers/STM32F7xx_HAL_Driver/Inc -I../Drivers/STM32F7xx_HAL_Driver/Inc/Legacy -I../Drivers/CMSIS/Device/ST/STM32F7xx/Include -I../Drivers/CMSIS/Include -O0 -ffunction-sections -fdata-sections -Wall -fstack-usage -MMD -MP -MF"Core/Src/main.d" -MT"Core/Src/main.o" --specs=nano.specs -mfpu=fpv5-d16 -mfloat-abi=hard -mthumb -o "Core/Src/main.o"
../Core/Src/main.c: In function 'main':
../Core/Src/main.c:315:29: warning: passing argument 2 of 'HAL_I2S_Transmit' discards 'const' qualifier from pointer target type [-Wdiscarded-qualifiers]
  315 |    HAL_I2S_Transmit(&hi2s1, triangle_wave, sizeof(triangle_wave)/sizeof(triangle_wave[0]), 10);
      |                             ^~~~~~~~~~~~~
In file included from ../Core/Inc/stm32f7xx_hal_conf.h:354,
                 from ../Drivers/STM32F7xx_HAL_Driver/Inc/stm32f7xx_hal.h:30,
                 from ../Core/Inc/main.h:31,
                 from ../Core/Src/main.c:21:
../Drivers/STM32F7xx_HAL_Driver/Inc/stm32f7xx_hal_i2s.h:436:71: note: expected 'uint16_t *' {aka 'short unsigned int *'} but argument is of type 'const uint16_t *' {aka 'const short unsigned int *'}
  436 | HAL_StatusTypeDef HAL_I2S_Transmit(I2S_HandleTypeDef *hi2s, uint16_t *pData, uint16_t Size, uint32_t Timeout);
      |                                                             ~~~~~~~~~~^~~~~
arm-none-eabi-gcc -o "STM32_dax.elf" @"objects.list"   -mcpu=cortex-m7 -T"C:\Users\Joshua\Documents\GitHub\STM32_GitHub\STM32_dax\STM32F767ZITX_FLASH.ld" --specs=nosys.specs -Wl,-Map="STM32_dax.map" -Wl,--gc-sections -static --specs=nano.specs -mfpu=fpv5-d16 -mfloat-abi=hard -mthumb -Wl,--start-group -lc -lm -Wl,--end-group
Finished building target: STM32_dax.elf
 
arm-none-eabi-size   STM32_dax.elf 
arm-none-eabi-objdump -h -S  STM32_dax.elf  > "STM32_dax.list"
arm-none-eabi-objcopy  -O binary  STM32_dax.elf  "STM32_dax.bin"
   text	   data	    bss	    dec	    hex	filename
  15400	     20	   1868	  17288	   4388	STM32_dax.elf
Finished building: default.size.stdout
 
Finished building: STM32_dax.bin
 
Finished building: STM32_dax.list
 
00:05:31 **** Incremental Build of configuration Debug for project STM32_dax ****
make -j16 all 
arm-none-eabi-size   STM32_dax.elf 
   text	   data	    bss	    dec	    hex	filename
  15400	     20	   1868	  17288	   4388	STM32_dax.elf
Finished building: default.size.stdout
 
00:09:09 **** Incremental Build of configuration Debug for project STM32_dax ****
make -j16 all 
arm-none-eabi-gcc "../Drivers/STM32F7xx_HAL_Driver/Src/stm32f7xx_hal.c" -mcpu=cortex-m7 -std=gnu11 -g3 -DDEBUG -DUSE_HAL_DRIVER -DSTM32F767xx -c -I../Core/Inc -I../Drivers/STM32F7xx_HAL_Driver/Inc -I../Drivers/STM32F7xx_HAL_Driver/Inc/Legacy -I../Drivers/CMSIS/Device/ST/STM32F7xx/Include -I../Drivers/CMSIS/Include -O0 -ffunction-sections -fdata-sections -Wall -fstack-usage -MMD -MP -MF"Drivers/STM32F7xx_HAL_Driver/Src/stm32f7xx_hal.d" -MT"Drivers/STM32F7xx_HAL_Driver/Src/stm32f7xx_hal.o" --specs=nano.specs -mfpu=fpv5-d16 -mfloat-abi=hard -mthumb -o "Drivers/STM32F7xx_HAL_Driver/Src/stm32f7xx_hal.o"
arm-none-eabi-gcc "../Drivers/STM32F7xx_HAL_Driver/Src/stm32f7xx_hal_cortex.c" -mcpu=cortex-m7 -std=gnu11 -g3 -DDEBUG -DUSE_HAL_DRIVER -DSTM32F767xx -c -I../Core/Inc -I../Drivers/STM32F7xx_HAL_Driver/Inc -I../Drivers/STM32F7xx_HAL_Driver/Inc/Legacy -I../Drivers/CMSIS/Device/ST/STM32F7xx/Include -I../Drivers/CMSIS/Include -O0 -ffunction-sections -fdata-sections -Wall -fstack-usage -MMD -MP -MF"Drivers/STM32F7xx_HAL_Driver/Src/stm32f7xx_hal_cortex.d" -MT"Drivers/STM32F7xx_HAL_Driver/Src/stm32f7xx_hal_cortex.o" --specs=nano.specs -mfpu=fpv5-d16 -mfloat-abi=hard -mthumb -o "Drivers/STM32F7xx_HAL_Driver/Src/stm32f7xx_hal_cortex.o"
arm-none-eabi-gcc "../Drivers/STM32F7xx_HAL_Driver/Src/stm32f7xx_hal_dma.c" -mcpu=cortex-m7 -std=gnu11 -g3 -DDEBUG -DUSE_HAL_DRIVER -DSTM32F767xx -c -I../Core/Inc -I../Drivers/STM32F7xx_HAL_Driver/Inc -I../Drivers/STM32F7xx_HAL_Driver/Inc/Legacy -I../Drivers/CMSIS/Device/ST/STM32F7xx/Include -I../Drivers/CMSIS/Include -O0 -ffunction-sections -fdata-sections -Wall -fstack-usage -MMD -MP -MF"Drivers/STM32F7xx_HAL_Driver/Src/stm32f7xx_hal_dma.d" -MT"Drivers/STM32F7xx_HAL_Driver/Src/stm32f7xx_hal_dma.o" --specs=nano.specs -mfpu=fpv5-d16 -mfloat-abi=hard -mthumb -o "Drivers/STM32F7xx_HAL_Driver/Src/stm32f7xx_hal_dma.o"
arm-none-eabi-gcc "../Drivers/STM32F7xx_HAL_Driver/Src/stm32f7xx_hal_dma_ex.c" -mcpu=cortex-m7 -std=gnu11 -g3 -DDEBUG -DUSE_HAL_DRIVER -DSTM32F767xx -c -I../Core/Inc -I../Drivers/STM32F7xx_HAL_Driver/Inc -I../Drivers/STM32F7xx_HAL_Driver/Inc/Legacy -I../Drivers/CMSIS/Device/ST/STM32F7xx/Include -I../Drivers/CMSIS/Include -O0 -ffunction-sections -fdata-sections -Wall -fstack-usage -MMD -MP -MF"Drivers/STM32F7xx_HAL_Driver/Src/stm32f7xx_hal_dma_ex.d" -MT"Drivers/STM32F7xx_HAL_Driver/Src/stm32f7xx_hal_dma_ex.o" --specs=nano.specs -mfpu=fpv5-d16 -mfloat-abi=hard -mthumb -o "Drivers/STM32F7xx_HAL_Driver/Src/stm32f7xx_hal_dma_ex.o"
arm-none-eabi-gcc "../Drivers/STM32F7xx_HAL_Driver/Src/stm32f7xx_hal_exti.c" -mcpu=cortex-m7 -std=gnu11 -g3 -DDEBUG -DUSE_HAL_DRIVER -DSTM32F767xx -c -I../Core/Inc -I../Drivers/STM32F7xx_HAL_Driver/Inc -I../Drivers/STM32F7xx_HAL_Driver/Inc/Legacy -I../Drivers/CMSIS/Device/ST/STM32F7xx/Include -I../Drivers/CMSIS/Include -O0 -ffunction-sections -fdata-sections -Wall -fstack-usage -MMD -MP -MF"Drivers/STM32F7xx_HAL_Driver/Src/stm32f7xx_hal_exti.d" -MT"Drivers/STM32F7xx_HAL_Driver/Src/stm32f7xx_hal_exti.o" --specs=nano.specs -mfpu=fpv5-d16 -mfloat-abi=hard -mthumb -o "Drivers/STM32F7xx_HAL_Driver/Src/stm32f7xx_hal_exti.o"
arm-none-eabi-gcc "../Drivers/STM32F7xx_HAL_Driver/Src/stm32f7xx_hal_flash.c" -mcpu=cortex-m7 -std=gnu11 -g3 -DDEBUG -DUSE_HAL_DRIVER -DSTM32F767xx -c -I../Core/Inc -I../Drivers/STM32F7xx_HAL_Driver/Inc -I../Drivers/STM32F7xx_HAL_Driver/Inc/Legacy -I../Drivers/CMSIS/Device/ST/STM32F7xx/Include -I../Drivers/CMSIS/Include -O0 -ffunction-sections -fdata-sections -Wall -fstack-usage -MMD -MP -MF"Drivers/STM32F7xx_HAL_Driver/Src/stm32f7xx_hal_flash.d" -MT"Drivers/STM32F7xx_HAL_Driver/Src/stm32f7xx_hal_flash.o" --specs=nano.specs -mfpu=fpv5-d16 -mfloat-abi=hard -mthumb -o "Drivers/STM32F7xx_HAL_Driver/Src/stm32f7xx_hal_flash.o"
arm-none-eabi-gcc "../Drivers/STM32F7xx_HAL_Driver/Src/stm32f7xx_hal_flash_ex.c" -mcpu=cortex-m7 -std=gnu11 -g3 -DDEBUG -DUSE_HAL_DRIVER -DSTM32F767xx -c -I../Core/Inc -I../Drivers/STM32F7xx_HAL_Driver/Inc -I../Drivers/STM32F7xx_HAL_Driver/Inc/Legacy -I../Drivers/CMSIS/Device/ST/STM32F7xx/Include -I../Drivers/CMSIS/Include -O0 -ffunction-sections -fdata-sections -Wall -fstack-usage -MMD -MP -MF"Drivers/STM32F7xx_HAL_Driver/Src/stm32f7xx_hal_flash_ex.d" -MT"Drivers/STM32F7xx_HAL_Driver/Src/stm32f7xx_hal_flash_ex.o" --specs=nano.specs -mfpu=fpv5-d16 -mfloat-abi=hard -mthumb -o "Drivers/STM32F7xx_HAL_Driver/Src/stm32f7xx_hal_flash_ex.o"
arm-none-eabi-gcc "../Drivers/STM32F7xx_HAL_Driver/Src/stm32f7xx_hal_gpio.c" -mcpu=cortex-m7 -std=gnu11 -g3 -DDEBUG -DUSE_HAL_DRIVER -DSTM32F767xx -c -I../Core/Inc -I../Drivers/STM32F7xx_HAL_Driver/Inc -I../Drivers/STM32F7xx_HAL_Driver/Inc/Legacy -I../Drivers/CMSIS/Device/ST/STM32F7xx/Include -I../Drivers/CMSIS/Include -O0 -ffunction-sections -fdata-sections -Wall -fstack-usage -MMD -MP -MF"Drivers/STM32F7xx_HAL_Driver/Src/stm32f7xx_hal_gpio.d" -MT"Drivers/STM32F7xx_HAL_Driver/Src/stm32f7xx_hal_gpio.o" --specs=nano.specs -mfpu=fpv5-d16 -mfloat-abi=hard -mthumb -o "Drivers/STM32F7xx_HAL_Driver/Src/stm32f7xx_hal_gpio.o"
arm-none-eabi-gcc "../Drivers/STM32F7xx_HAL_Driver/Src/stm32f7xx_hal_i2c.c" -mcpu=cortex-m7 -std=gnu11 -g3 -DDEBUG -DUSE_HAL_DRIVER -DSTM32F767xx -c -I../Core/Inc -I../Drivers/STM32F7xx_HAL_Driver/Inc -I../Drivers/STM32F7xx_HAL_Driver/Inc/Legacy -I../Drivers/CMSIS/Device/ST/STM32F7xx/Include -I../Drivers/CMSIS/Include -O0 -ffunction-sections -fdata-sections -Wall -fstack-usage -MMD -MP -MF"Drivers/STM32F7xx_HAL_Driver/Src/stm32f7xx_hal_i2c.d" -MT"Drivers/STM32F7xx_HAL_Driver/Src/stm32f7xx_hal_i2c.o" --specs=nano.specs -mfpu=fpv5-d16 -mfloat-abi=hard -mthumb -o "Drivers/STM32F7xx_HAL_Driver/Src/stm32f7xx_hal_i2c.o"
arm-none-eabi-gcc "../Drivers/STM32F7xx_HAL_Driver/Src/stm32f7xx_hal_i2c_ex.c" -mcpu=cortex-m7 -std=gnu11 -g3 -DDEBUG -DUSE_HAL_DRIVER -DSTM32F767xx -c -I../Core/Inc -I../Drivers/STM32F7xx_HAL_Driver/Inc -I../Drivers/STM32F7xx_HAL_Driver/Inc/Legacy -I../Drivers/CMSIS/Device/ST/STM32F7xx/Include -I../Drivers/CMSIS/Include -O0 -ffunction-sections -fdata-sections -Wall -fstack-usage -MMD -MP -MF"Drivers/STM32F7xx_HAL_Driver/Src/stm32f7xx_hal_i2c_ex.d" -MT"Drivers/STM32F7xx_HAL_Driver/Src/stm32f7xx_hal_i2c_ex.o" --specs=nano.specs -mfpu=fpv5-d16 -mfloat-abi=hard -mthumb -o "Drivers/STM32F7xx_HAL_Driver/Src/stm32f7xx_hal_i2c_ex.o"
arm-none-eabi-gcc "../Drivers/STM32F7xx_HAL_Driver/Src/stm32f7xx_hal_i2s.c" -mcpu=cortex-m7 -std=gnu11 -g3 -DDEBUG -DUSE_HAL_DRIVER -DSTM32F767xx -c -I../Core/Inc -I../Drivers/STM32F7xx_HAL_Driver/Inc -I../Drivers/STM32F7xx_HAL_Driver/Inc/Legacy -I../Drivers/CMSIS/Device/ST/STM32F7xx/Include -I../Drivers/CMSIS/Include -O0 -ffunction-sections -fdata-sections -Wall -fstack-usage -MMD -MP -MF"Drivers/STM32F7xx_HAL_Driver/Src/stm32f7xx_hal_i2s.d" -MT"Drivers/STM32F7xx_HAL_Driver/Src/stm32f7xx_hal_i2s.o" --specs=nano.specs -mfpu=fpv5-d16 -mfloat-abi=hard -mthumb -o "Drivers/STM32F7xx_HAL_Driver/Src/stm32f7xx_hal_i2s.o"
arm-none-eabi-gcc "../Drivers/STM32F7xx_HAL_Driver/Src/stm32f7xx_hal_pwr.c" -mcpu=cortex-m7 -std=gnu11 -g3 -DDEBUG -DUSE_HAL_DRIVER -DSTM32F767xx -c -I../Core/Inc -I../Drivers/STM32F7xx_HAL_Driver/Inc -I../Drivers/STM32F7xx_HAL_Driver/Inc/Legacy -I../Drivers/CMSIS/Device/ST/STM32F7xx/Include -I../Drivers/CMSIS/Include -O0 -ffunction-sections -fdata-sections -Wall -fstack-usage -MMD -MP -MF"Drivers/STM32F7xx_HAL_Driver/Src/stm32f7xx_hal_pwr.d" -MT"Drivers/STM32F7xx_HAL_Driver/Src/stm32f7xx_hal_pwr.o" --specs=nano.specs -mfpu=fpv5-d16 -mfloat-abi=hard -mthumb -o "Drivers/STM32F7xx_HAL_Driver/Src/stm32f7xx_hal_pwr.o"
arm-none-eabi-gcc "../Drivers/STM32F7xx_HAL_Driver/Src/stm32f7xx_hal_pwr_ex.c" -mcpu=cortex-m7 -std=gnu11 -g3 -DDEBUG -DUSE_HAL_DRIVER -DSTM32F767xx -c -I../Core/Inc -I../Drivers/STM32F7xx_HAL_Driver/Inc -I../Drivers/STM32F7xx_HAL_Driver/Inc/Legacy -I../Drivers/CMSIS/Device/ST/STM32F7xx/Include -I../Drivers/CMSIS/Include -O0 -ffunction-sections -fdata-sections -Wall -fstack-usage -MMD -MP -MF"Drivers/STM32F7xx_HAL_Driver/Src/stm32f7xx_hal_pwr_ex.d" -MT"Drivers/STM32F7xx_HAL_Driver/Src/stm32f7xx_hal_pwr_ex.o" --specs=nano.specs -mfpu=fpv5-d16 -mfloat-abi=hard -mthumb -o "Drivers/STM32F7xx_HAL_Driver/Src/stm32f7xx_hal_pwr_ex.o"
arm-none-eabi-gcc "../Drivers/STM32F7xx_HAL_Driver/Src/stm32f7xx_hal_rcc.c" -mcpu=cortex-m7 -std=gnu11 -g3 -DDEBUG -DUSE_HAL_DRIVER -DSTM32F767xx -c -I../Core/Inc -I../Drivers/STM32F7xx_HAL_Driver/Inc -I../Drivers/STM32F7xx_HAL_Driver/Inc/Legacy -I../Drivers/CMSIS/Device/ST/STM32F7xx/Include -I../Drivers/CMSIS/Include -O0 -ffunction-sections -fdata-sections -Wall -fstack-usage -MMD -MP -MF"Drivers/STM32F7xx_HAL_Driver/Src/stm32f7xx_hal_rcc.d" -MT"Drivers/STM32F7xx_HAL_Driver/Src/stm32f7xx_hal_rcc.o" --specs=nano.specs -mfpu=fpv5-d16 -mfloat-abi=hard -mthumb -o "Drivers/STM32F7xx_HAL_Driver/Src/stm32f7xx_hal_rcc.o"
arm-none-eabi-gcc "../Drivers/STM32F7xx_HAL_Driver/Src/stm32f7xx_hal_rcc_ex.c" -mcpu=cortex-m7 -std=gnu11 -g3 -DDEBUG -DUSE_HAL_DRIVER -DSTM32F767xx -c -I../Core/Inc -I../Drivers/STM32F7xx_HAL_Driver/Inc -I../Drivers/STM32F7xx_HAL_Driver/Inc/Legacy -I../Drivers/CMSIS/Device/ST/STM32F7xx/Include -I../Drivers/CMSIS/Include -O0 -ffunction-sections -fdata-sections -Wall -fstack-usage -MMD -MP -MF"Drivers/STM32F7xx_HAL_Driver/Src/stm32f7xx_hal_rcc_ex.d" -MT"Drivers/STM32F7xx_HAL_Driver/Src/stm32f7xx_hal_rcc_ex.o" --specs=nano.specs -mfpu=fpv5-d16 -mfloat-abi=hard -mthumb -o "Drivers/STM32F7xx_HAL_Driver/Src/stm32f7xx_hal_rcc_ex.o"
arm-none-eabi-gcc "../Drivers/STM32F7xx_HAL_Driver/Src/stm32f7xx_hal_tim.c" -mcpu=cortex-m7 -std=gnu11 -g3 -DDEBUG -DUSE_HAL_DRIVER -DSTM32F767xx -c -I../Core/Inc -I../Drivers/STM32F7xx_HAL_Driver/Inc -I../Drivers/STM32F7xx_HAL_Driver/Inc/Legacy -I../Drivers/CMSIS/Device/ST/STM32F7xx/Include -I../Drivers/CMSIS/Include -O0 -ffunction-sections -fdata-sections -Wall -fstack-usage -MMD -MP -MF"Drivers/STM32F7xx_HAL_Driver/Src/stm32f7xx_hal_tim.d" -MT"Drivers/STM32F7xx_HAL_Driver/Src/stm32f7xx_hal_tim.o" --specs=nano.specs -mfpu=fpv5-d16 -mfloat-abi=hard -mthumb -o "Drivers/STM32F7xx_HAL_Driver/Src/stm32f7xx_hal_tim.o"
arm-none-eabi-gcc "../Drivers/STM32F7xx_HAL_Driver/Src/stm32f7xx_hal_tim_ex.c" -mcpu=cortex-m7 -std=gnu11 -g3 -DDEBUG -DUSE_HAL_DRIVER -DSTM32F767xx -c -I../Core/Inc -I../Drivers/STM32F7xx_HAL_Driver/Inc -I../Drivers/STM32F7xx_HAL_Driver/Inc/Legacy -I../Drivers/CMSIS/Device/ST/STM32F7xx/Include -I../Drivers/CMSIS/Include -O0 -ffunction-sections -fdata-sections -Wall -fstack-usage -MMD -MP -MF"Drivers/STM32F7xx_HAL_Driver/Src/stm32f7xx_hal_tim_ex.d" -MT"Drivers/STM32F7xx_HAL_Driver/Src/stm32f7xx_hal_tim_ex.o" --specs=nano.specs -mfpu=fpv5-d16 -mfloat-abi=hard -mthumb -o "Drivers/STM32F7xx_HAL_Driver/Src/stm32f7xx_hal_tim_ex.o"
arm-none-eabi-gcc "../Drivers/STM32F7xx_HAL_Driver/Src/stm32f7xx_hal_uart.c" -mcpu=cortex-m7 -std=gnu11 -g3 -DDEBUG -DUSE_HAL_DRIVER -DSTM32F767xx -c -I../Core/Inc -I../Drivers/STM32F7xx_HAL_Driver/Inc -I../Drivers/STM32F7xx_HAL_Driver/Inc/Legacy -I../Drivers/CMSIS/Device/ST/STM32F7xx/Include -I../Drivers/CMSIS/Include -O0 -ffunction-sections -fdata-sections -Wall -fstack-usage -MMD -MP -MF"Drivers/STM32F7xx_HAL_Driver/Src/stm32f7xx_hal_uart.d" -MT"Drivers/STM32F7xx_HAL_Driver/Src/stm32f7xx_hal_uart.o" --specs=nano.specs -mfpu=fpv5-d16 -mfloat-abi=hard -mthumb -o "Drivers/STM32F7xx_HAL_Driver/Src/stm32f7xx_hal_uart.o"
arm-none-eabi-gcc "../Drivers/STM32F7xx_HAL_Driver/Src/stm32f7xx_hal_uart_ex.c" -mcpu=cortex-m7 -std=gnu11 -g3 -DDEBUG -DUSE_HAL_DRIVER -DSTM32F767xx -c -I../Core/Inc -I../Drivers/STM32F7xx_HAL_Driver/Inc -I../Drivers/STM32F7xx_HAL_Driver/Inc/Legacy -I../Drivers/CMSIS/Device/ST/STM32F7xx/Include -I../Drivers/CMSIS/Include -O0 -ffunction-sections -fdata-sections -Wall -fstack-usage -MMD -MP -MF"Drivers/STM32F7xx_HAL_Driver/Src/stm32f7xx_hal_uart_ex.d" -MT"Drivers/STM32F7xx_HAL_Driver/Src/stm32f7xx_hal_uart_ex.o" --specs=nano.specs -mfpu=fpv5-d16 -mfloat-abi=hard -mthumb -o "Drivers/STM32F7xx_HAL_Driver/Src/stm32f7xx_hal_uart_ex.o"
arm-none-eabi-gcc "../Core/Src/main.c" -mcpu=cortex-m7 -std=gnu11 -g3 -DDEBUG -DUSE_HAL_DRIVER -DSTM32F767xx -c -I../Core/Inc -I../Drivers/STM32F7xx_HAL_Driver/Inc -I../Drivers/STM32F7xx_HAL_Driver/Inc/Legacy -I../Drivers/CMSIS/Device/ST/STM32F7xx/Include -I../Drivers/CMSIS/Include -O0 -ffunction-sections -fdata-sections -Wall -fstack-usage -MMD -MP -MF"Core/Src/main.d" -MT"Core/Src/main.o" --specs=nano.specs -mfpu=fpv5-d16 -mfloat-abi=hard -mthumb -o "Core/Src/main.o"
arm-none-eabi-gcc "../Core/Src/stm32f7xx_hal_msp.c" -mcpu=cortex-m7 -std=gnu11 -g3 -DDEBUG -DUSE_HAL_DRIVER -DSTM32F767xx -c -I../Core/Inc -I../Drivers/STM32F7xx_HAL_Driver/Inc -I../Drivers/STM32F7xx_HAL_Driver/Inc/Legacy -I../Drivers/CMSIS/Device/ST/STM32F7xx/Include -I../Drivers/CMSIS/Include -O0 -ffunction-sections -fdata-sections -Wall -fstack-usage -MMD -MP -MF"Core/Src/stm32f7xx_hal_msp.d" -MT"Core/Src/stm32f7xx_hal_msp.o" --specs=nano.specs -mfpu=fpv5-d16 -mfloat-abi=hard -mthumb -o "Core/Src/stm32f7xx_hal_msp.o"
arm-none-eabi-gcc "../Core/Src/stm32f7xx_it.c" -mcpu=cortex-m7 -std=gnu11 -g3 -DDEBUG -DUSE_HAL_DRIVER -DSTM32F767xx -c -I../Core/Inc -I../Drivers/STM32F7xx_HAL_Driver/Inc -I../Drivers/STM32F7xx_HAL_Driver/Inc/Legacy -I../Drivers/CMSIS/Device/ST/STM32F7xx/Include -I../Drivers/CMSIS/Include -O0 -ffunction-sections -fdata-sections -Wall -fstack-usage -MMD -MP -MF"Core/Src/stm32f7xx_it.d" -MT"Core/Src/stm32f7xx_it.o" --specs=nano.specs -mfpu=fpv5-d16 -mfloat-abi=hard -mthumb -o "Core/Src/stm32f7xx_it.o"
arm-none-eabi-gcc "../Core/Src/system_stm32f7xx.c" -mcpu=cortex-m7 -std=gnu11 -g3 -DDEBUG -DUSE_HAL_DRIVER -DSTM32F767xx -c -I../Core/Inc -I../Drivers/STM32F7xx_HAL_Driver/Inc -I../Drivers/STM32F7xx_HAL_Driver/Inc/Legacy -I../Drivers/CMSIS/Device/ST/STM32F7xx/Include -I../Drivers/CMSIS/Include -O0 -ffunction-sections -fdata-sections -Wall -fstack-usage -MMD -MP -MF"Core/Src/system_stm32f7xx.d" -MT"Core/Src/system_stm32f7xx.o" --specs=nano.specs -mfpu=fpv5-d16 -mfloat-abi=hard -mthumb -o "Core/Src/system_stm32f7xx.o"
../Core/Src/main.c: In function 'main':
../Core/Src/main.c:315:29: warning: passing argument 2 of 'HAL_I2S_Transmit' discards 'const' qualifier from pointer target type [-Wdiscarded-qualifiers]
  315 |    HAL_I2S_Transmit(&hi2s1, triangle_wave, sizeof(triangle_wave)/sizeof(triangle_wave[0]), 10);
      |                             ^~~~~~~~~~~~~
In file included from ../Core/Inc/stm32f7xx_hal_conf.h:354,
                 from ../Drivers/STM32F7xx_HAL_Driver/Inc/stm32f7xx_hal.h:30,
                 from ../Core/Inc/main.h:31,
                 from ../Core/Src/main.c:21:
../Drivers/STM32F7xx_HAL_Driver/Inc/stm32f7xx_hal_i2s.h:436:71: note: expected 'uint16_t *' {aka 'short unsigned int *'} but argument is of type 'const uint16_t *' {aka 'const short unsigned int *'}
  436 | HAL_StatusTypeDef HAL_I2S_Transmit(I2S_HandleTypeDef *hi2s, uint16_t *pData, uint16_t Size, uint32_t Timeout);
      |                                                             ~~~~~~~~~~^~~~~
arm-none-eabi-gcc -o "STM32_dax.elf" @"objects.list"   -mcpu=cortex-m7 -T"C:\Users\Joshua\Documents\GitHub\STM32_GitHub\STM32_dax\STM32F767ZITX_FLASH.ld" --specs=nosys.specs -Wl,-Map="STM32_dax.map" -Wl,--gc-sections -static --specs=nano.specs -mfpu=fpv5-d16 -mfloat-abi=hard -mthumb -Wl,--start-group -lc -lm -Wl,--end-group
Finished building target: STM32_dax.elf
 
arm-none-eabi-size   STM32_dax.elf 
arm-none-eabi-objdump -h -S  STM32_dax.elf  > "STM32_dax.list"
arm-none-eabi-objcopy  -O binary  STM32_dax.elf  "STM32_dax.bin"
   text	   data	    bss	    dec	    hex	filename
  15484	     20	   1868	  17372	   43dc	STM32_dax.elf
Finished building: default.size.stdout
 
Finished building: STM32_dax.bin
 
Finished building: STM32_dax.list
 
00:10:11 **** Incremental Build of configuration Debug for project STM32_dax ****
make -j16 all 
arm-none-eabi-size   STM32_dax.elf 
   text	   data	    bss	    dec	    hex	filename
  15484	     20	   1868	  17372	   43dc	STM32_dax.elf
Finished building: default.size.stdout
 
00:11:57 **** Incremental Build of configuration Debug for project STM32_dax ****
make -j16 all 
arm-none-eabi-size   STM32_dax.elf 
   text	   data	    bss	    dec	    hex	filename
  15484	     20	   1868	  17372	   43dc	STM32_dax.elf
Finished building: default.size.stdout
 
00:12:14 **** Incremental Build of configuration Debug for project STM32_dax ****
make -j16 all 
arm-none-eabi-size   STM32_dax.elf 
   text	   data	    bss	    dec	    hex	filename
  15484	     20	   1868	  17372	   43dc	STM32_dax.elf
Finished building: default.size.stdout
 
00:22:30 **** Incremental Build of configuration Debug for project STM32_dax ****
make -j16 all 
arm-none-eabi-size   STM32_dax.elf 
   text	   data	    bss	    dec	    hex	filename
  15484	     20	   1868	  17372	   43dc	STM32_dax.elf
Finished building: default.size.stdout
 
01:22:00 **** Incremental Build of configuration Debug for project STM32_dax ****
make -j16 all 
arm-none-eabi-gcc "../Core/Src/main.c" -mcpu=cortex-m7 -std=gnu11 -g3 -DDEBUG -DUSE_HAL_DRIVER -DSTM32F767xx -c -I../Core/Inc -I../Drivers/STM32F7xx_HAL_Driver/Inc -I../Drivers/STM32F7xx_HAL_Driver/Inc/Legacy -I../Drivers/CMSIS/Device/ST/STM32F7xx/Include -I../Drivers/CMSIS/Include -O0 -ffunction-sections -fdata-sections -Wall -fstack-usage -MMD -MP -MF"Core/Src/main.d" -MT"Core/Src/main.o" --specs=nano.specs -mfpu=fpv5-d16 -mfloat-abi=hard -mthumb -o "Core/Src/main.o"
../Core/Src/main.c: In function 'main':
../Core/Src/main.c:318:29: warning: passing argument 2 of 'HAL_I2S_Transmit' discards 'const' qualifier from pointer target type [-Wdiscarded-qualifiers]
  318 |    HAL_I2S_Transmit(&hi2s1, triangle_wave, sizeof(triangle_wave)/sizeof(triangle_wave[0]), 10);
      |                             ^~~~~~~~~~~~~
In file included from ../Core/Inc/stm32f7xx_hal_conf.h:354,
                 from ../Drivers/STM32F7xx_HAL_Driver/Inc/stm32f7xx_hal.h:30,
                 from ../Core/Inc/main.h:31,
                 from ../Core/Src/main.c:21:
../Drivers/STM32F7xx_HAL_Driver/Inc/stm32f7xx_hal_i2s.h:436:71: note: expected 'uint16_t *' {aka 'short unsigned int *'} but argument is of type 'const uint16_t *' {aka 'const short unsigned int *'}
  436 | HAL_StatusTypeDef HAL_I2S_Transmit(I2S_HandleTypeDef *hi2s, uint16_t *pData, uint16_t Size, uint32_t Timeout);
      |                                                             ~~~~~~~~~~^~~~~
../Core/Src/main.c: In function 'HAL_UART_RxCpltCallback':
../Core/Src/main.c:498:22: warning: suggest parentheses around comparison in operand of '&' [-Wparentheses]
  498 |     if(received_char == 0xF & buffNum)
      |        ~~~~~~~~~~~~~~^~~~~~
../Core/Src/main.c:500:8: error: 'vhbtn' undeclared (first use in this function)
  500 |        vhbtn = 1;
      |        ^~~~~
../Core/Src/main.c:500:8: note: each undeclared identifier is reported only once for each function it appears in
../Core/Src/main.c:506:46: warning: suggest parentheses around comparison in operand of '&' [-Wparentheses]
  506 |        if((received_char == 0xF7)  & buffNum == 0)
      |                                      ~~~~~~~~^~~~
../Core/Src/main.c:513:25: warning: suggest parentheses around comparison in operand of '&' [-Wparentheses]
  513 |        if(received_char < 0x80 & buffNum == 0)
      |           ~~~~~~~~~~~~~~^~~~~~
../Core/Src/main.c:536:9: warning: implicit declaration of function 'ProcessReceivedMidiDatas' [-Wimplicit-function-declaration]
  536 |         ProcessReceivedMidiDatas();
      |         ^~~~~~~~~~~~~~~~~~~~~~~~
make: *** [Core/Src/subdir.mk:34: Core/Src/main.o] Error 1
"make -j16 all" terminated with exit code 2. Build might be incomplete.
01:22:47 **** Incremental Build of configuration Debug for project STM32_dax ****
make -j16 all 
arm-none-eabi-gcc "../Core/Src/main.c" -mcpu=cortex-m7 -std=gnu11 -g3 -DDEBUG -DUSE_HAL_DRIVER -DSTM32F767xx -c -I../Core/Inc -I../Drivers/STM32F7xx_HAL_Driver/Inc -I../Drivers/STM32F7xx_HAL_Driver/Inc/Legacy -I../Drivers/CMSIS/Device/ST/STM32F7xx/Include -I../Drivers/CMSIS/Include -O0 -ffunction-sections -fdata-sections -Wall -fstack-usage -MMD -MP -MF"Core/Src/main.d" -MT"Core/Src/main.o" --specs=nano.specs -mfpu=fpv5-d16 -mfloat-abi=hard -mthumb -o "Core/Src/main.o"
../Core/Src/main.c: In function 'main':
../Core/Src/main.c:320:29: warning: passing argument 2 of 'HAL_I2S_Transmit' discards 'const' qualifier from pointer target type [-Wdiscarded-qualifiers]
  320 |    HAL_I2S_Transmit(&hi2s1, triangle_wave, sizeof(triangle_wave)/sizeof(triangle_wave[0]), 10);
      |                             ^~~~~~~~~~~~~
In file included from ../Core/Inc/stm32f7xx_hal_conf.h:354,
                 from ../Drivers/STM32F7xx_HAL_Driver/Inc/stm32f7xx_hal.h:30,
                 from ../Core/Inc/main.h:31,
                 from ../Core/Src/main.c:21:
../Drivers/STM32F7xx_HAL_Driver/Inc/stm32f7xx_hal_i2s.h:436:71: note: expected 'uint16_t *' {aka 'short unsigned int *'} but argument is of type 'const uint16_t *' {aka 'const short unsigned int *'}
  436 | HAL_StatusTypeDef HAL_I2S_Transmit(I2S_HandleTypeDef *hi2s, uint16_t *pData, uint16_t Size, uint32_t Timeout);
      |                                                             ~~~~~~~~~~^~~~~
../Core/Src/main.c: In function 'HAL_UART_RxCpltCallback':
../Core/Src/main.c:500:22: warning: suggest parentheses around comparison in operand of '&' [-Wparentheses]
  500 |     if(received_char == 0xF & buffNum)
      |        ~~~~~~~~~~~~~~^~~~~~
../Core/Src/main.c:508:46: warning: suggest parentheses around comparison in operand of '&' [-Wparentheses]
  508 |        if((received_char == 0xF7)  & buffNum == 0)
      |                                      ~~~~~~~~^~~~
../Core/Src/main.c:515:25: warning: suggest parentheses around comparison in operand of '&' [-Wparentheses]
  515 |        if(received_char < 0x80 & buffNum == 0)
      |           ~~~~~~~~~~~~~~^~~~~~
../Core/Src/main.c:538:9: warning: implicit declaration of function 'ProcessReceivedMidiDatas' [-Wimplicit-function-declaration]
  538 |         ProcessReceivedMidiDatas();
      |         ^~~~~~~~~~~~~~~~~~~~~~~~
arm-none-eabi-gcc -o "STM32_dax.elf" @"objects.list"   -mcpu=cortex-m7 -T"C:\Users\Joshua\Documents\GitHub\STM32_GitHub\STM32_dax\STM32F767ZITX_FLASH.ld" --specs=nosys.specs -Wl,-Map="STM32_dax.map" -Wl,--gc-sections -static --specs=nano.specs -mfpu=fpv5-d16 -mfloat-abi=hard -mthumb -Wl,--start-group -lc -lm -Wl,--end-group
c:\st\stm32cubeide_1.4.0\stm32cubeide\plugins\com.st.stm32cube.ide.mcu.externaltools.gnu-tools-for-stm32.9-2020-q2-update.win32_2.0.0.202105311346\tools\arm-none-eabi\bin\ld.exe: ./Core/Src/main.o: in function `HAL_UART_RxCpltCallback':
C:/Users/Joshua/Documents/GitHub/STM32_GitHub/STM32_dax/Debug/../Core/Src/main.c:538: undefined reference to `ProcessReceivedMidiDatas'
collect2.exe: error: ld returned 1 exit status
make: *** [makefile:65: STM32_dax.elf] Error 1
"make -j16 all" terminated with exit code 2. Build might be incomplete.
01:22:47 **** Incremental Build of configuration Debug for project STM32_dax ****
make -j16 all 
arm-none-eabi-gcc -o "STM32_dax.elf" @"objects.list"   -mcpu=cortex-m7 -T"C:\Users\Joshua\Documents\GitHub\STM32_GitHub\STM32_dax\STM32F767ZITX_FLASH.ld" --specs=nosys.specs -Wl,-Map="STM32_dax.map" -Wl,--gc-sections -static --specs=nano.specs -mfpu=fpv5-d16 -mfloat-abi=hard -mthumb -Wl,--start-group -lc -lm -Wl,--end-group
c:\st\stm32cubeide_1.4.0\stm32cubeide\plugins\com.st.stm32cube.ide.mcu.externaltools.gnu-tools-for-stm32.9-2020-q2-update.win32_2.0.0.202105311346\tools\arm-none-eabi\bin\ld.exe: ./Core/Src/main.o: in function `HAL_UART_RxCpltCallback':
C:/Users/Joshua/Documents/GitHub/STM32_GitHub/STM32_dax/Debug/../Core/Src/main.c:538: undefined reference to `ProcessReceivedMidiDatas'
collect2.exe: error: ld returned 1 exit status
make: *** [makefile:65: STM32_dax.elf] Error 1
"make -j16 all" terminated with exit code 2. Build might be incomplete.
01:22:50 **** Incremental Build of configuration Debug for project STM32_dax ****
make -j16 all 
arm-none-eabi-gcc -o "STM32_dax.elf" @"objects.list"   -mcpu=cortex-m7 -T"C:\Users\Joshua\Documents\GitHub\STM32_GitHub\STM32_dax\STM32F767ZITX_FLASH.ld" --specs=nosys.specs -Wl,-Map="STM32_dax.map" -Wl,--gc-sections -static --specs=nano.specs -mfpu=fpv5-d16 -mfloat-abi=hard -mthumb -Wl,--start-group -lc -lm -Wl,--end-group
c:\st\stm32cubeide_1.4.0\stm32cubeide\plugins\com.st.stm32cube.ide.mcu.externaltools.gnu-tools-for-stm32.9-2020-q2-update.win32_2.0.0.202105311346\tools\arm-none-eabi\bin\ld.exe: ./Core/Src/main.o: in function `HAL_UART_RxCpltCallback':
C:/Users/Joshua/Documents/GitHub/STM32_GitHub/STM32_dax/Debug/../Core/Src/main.c:538: undefined reference to `ProcessReceivedMidiDatas'
collect2.exe: error: ld returned 1 exit status
make: *** [makefile:65: STM32_dax.elf] Error 1
"make -j16 all" terminated with exit code 2. Build might be incomplete.
01:23:09 **** Incremental Build of configuration Debug for project STM32_dax ****
make -j16 all 
arm-none-eabi-gcc "../Core/Src/main.c" -mcpu=cortex-m7 -std=gnu11 -g3 -DDEBUG -DUSE_HAL_DRIVER -DSTM32F767xx -c -I../Core/Inc -I../Drivers/STM32F7xx_HAL_Driver/Inc -I../Drivers/STM32F7xx_HAL_Driver/Inc/Legacy -I../Drivers/CMSIS/Device/ST/STM32F7xx/Include -I../Drivers/CMSIS/Include -O0 -ffunction-sections -fdata-sections -Wall -fstack-usage -MMD -MP -MF"Core/Src/main.d" -MT"Core/Src/main.o" --specs=nano.specs -mfpu=fpv5-d16 -mfloat-abi=hard -mthumb -o "Core/Src/main.o"
../Core/Src/main.c: In function 'main':
../Core/Src/main.c:320:29: warning: passing argument 2 of 'HAL_I2S_Transmit' discards 'const' qualifier from pointer target type [-Wdiscarded-qualifiers]
  320 |    HAL_I2S_Transmit(&hi2s1, triangle_wave, sizeof(triangle_wave)/sizeof(triangle_wave[0]), 10);
      |                             ^~~~~~~~~~~~~
In file included from ../Core/Inc/stm32f7xx_hal_conf.h:354,
                 from ../Drivers/STM32F7xx_HAL_Driver/Inc/stm32f7xx_hal.h:30,
                 from ../Core/Inc/main.h:31,
                 from ../Core/Src/main.c:21:
../Drivers/STM32F7xx_HAL_Driver/Inc/stm32f7xx_hal_i2s.h:436:71: note: expected 'uint16_t *' {aka 'short unsigned int *'} but argument is of type 'const uint16_t *' {aka 'const short unsigned int *'}
  436 | HAL_StatusTypeDef HAL_I2S_Transmit(I2S_HandleTypeDef *hi2s, uint16_t *pData, uint16_t Size, uint32_t Timeout);
      |                                                             ~~~~~~~~~~^~~~~
../Core/Src/main.c: In function 'HAL_UART_RxCpltCallback':
../Core/Src/main.c:500:22: warning: suggest parentheses around comparison in operand of '&' [-Wparentheses]
  500 |     if(received_char == 0xF & buffNum)
      |        ~~~~~~~~~~~~~~^~~~~~
../Core/Src/main.c:508:46: warning: suggest parentheses around comparison in operand of '&' [-Wparentheses]
  508 |        if((received_char == 0xF7)  & buffNum == 0)
      |                                      ~~~~~~~~^~~~
../Core/Src/main.c:515:25: warning: suggest parentheses around comparison in operand of '&' [-Wparentheses]
  515 |        if(received_char < 0x80 & buffNum == 0)
      |           ~~~~~~~~~~~~~~^~~~~~
arm-none-eabi-gcc -o "STM32_dax.elf" @"objects.list"   -mcpu=cortex-m7 -T"C:\Users\Joshua\Documents\GitHub\STM32_GitHub\STM32_dax\STM32F767ZITX_FLASH.ld" --specs=nosys.specs -Wl,-Map="STM32_dax.map" -Wl,--gc-sections -static --specs=nano.specs -mfpu=fpv5-d16 -mfloat-abi=hard -mthumb -Wl,--start-group -lc -lm -Wl,--end-group
Finished building target: STM32_dax.elf
 
arm-none-eabi-size   STM32_dax.elf 
arm-none-eabi-objdump -h -S  STM32_dax.elf  > "STM32_dax.list"
arm-none-eabi-objcopy  -O binary  STM32_dax.elf  "STM32_dax.bin"
   text	   data	    bss	    dec	    hex	filename
  15716	     20	   1884	  17620	   44d4	STM32_dax.elf
Finished building: default.size.stdout
 
Finished building: STM32_dax.bin
 
Finished building: STM32_dax.list
 
01:23:19 **** Incremental Build of configuration Debug for project STM32_dax ****
make -j16 all 
arm-none-eabi-size   STM32_dax.elf 
   text	   data	    bss	    dec	    hex	filename
  15716	     20	   1884	  17620	   44d4	STM32_dax.elf
Finished building: default.size.stdout
 
01:28:55 **** Incremental Build of configuration Debug for project STM32_dax ****
make -j16 all 
arm-none-eabi-gcc "../Core/Src/main.c" -mcpu=cortex-m7 -std=gnu11 -g3 -DDEBUG -DUSE_HAL_DRIVER -DSTM32F767xx -c -I../Core/Inc -I../Drivers/STM32F7xx_HAL_Driver/Inc -I../Drivers/STM32F7xx_HAL_Driver/Inc/Legacy -I../Drivers/CMSIS/Device/ST/STM32F7xx/Include -I../Drivers/CMSIS/Include -O0 -ffunction-sections -fdata-sections -Wall -fstack-usage -MMD -MP -MF"Core/Src/main.d" -MT"Core/Src/main.o" --specs=nano.specs -mfpu=fpv5-d16 -mfloat-abi=hard -mthumb -o "Core/Src/main.o"
../Core/Src/main.c: In function 'main':
../Core/Src/main.c:320:29: warning: passing argument 2 of 'HAL_I2S_Transmit' discards 'const' qualifier from pointer target type [-Wdiscarded-qualifiers]
  320 |    HAL_I2S_Transmit(&hi2s1, triangle_wave, sizeof(triangle_wave)/sizeof(triangle_wave[0]), 10);
      |                             ^~~~~~~~~~~~~
In file included from ../Core/Inc/stm32f7xx_hal_conf.h:354,
                 from ../Drivers/STM32F7xx_HAL_Driver/Inc/stm32f7xx_hal.h:30,
                 from ../Core/Inc/main.h:31,
                 from ../Core/Src/main.c:21:
../Drivers/STM32F7xx_HAL_Driver/Inc/stm32f7xx_hal_i2s.h:436:71: note: expected 'uint16_t *' {aka 'short unsigned int *'} but argument is of type 'const uint16_t *' {aka 'const short unsigned int *'}
  436 | HAL_StatusTypeDef HAL_I2S_Transmit(I2S_HandleTypeDef *hi2s, uint16_t *pData, uint16_t Size, uint32_t Timeout);
      |                                                             ~~~~~~~~~~^~~~~
../Core/Src/main.c: In function 'HAL_UART_RxCpltCallback':
../Core/Src/main.c:500:22: warning: suggest parentheses around comparison in operand of '&' [-Wparentheses]
  500 |     if(received_char == 0xF & msgnum)
      |        ~~~~~~~~~~~~~~^~~~~~
../Core/Src/main.c:508:45: warning: suggest parentheses around comparison in operand of '&' [-Wparentheses]
  508 |        if((received_char == 0xF7)  & msgnum == 0)
      |                                      ~~~~~~~^~~~
../Core/Src/main.c:515:25: warning: suggest parentheses around comparison in operand of '&' [-Wparentheses]
  515 |        if(received_char < 0x80 & msgnum == 0)
      |           ~~~~~~~~~~~~~~^~~~~~
../Core/Src/main.c:538:9: warning: implicit declaration of function 'ProcessReceivedMidiDatas' [-Wimplicit-function-declaration]
  538 |         ProcessReceivedMidiDatas();
      |         ^~~~~~~~~~~~~~~~~~~~~~~~
../Core/Src/main.c:544:47: warning: suggest parentheses around comparison in operand of '&' [-Wparentheses]
  544 |          if((received_char == 0xF7)  & msgnum == 0)
      |                                        ~~~~~~~^~~~
../Core/Src/main.c:549:27: warning: suggest parentheses around comparison in operand of '&' [-Wparentheses]
  549 |          if(received_char < 0x80 & msgnum == 0)return;
      |             ~~~~~~~~~~~~~~^~~~~~
../Core/Src/main.c:571:11: error: 'param' undeclared (first use in this function)
  571 |           param = key - 0x24;
      |           ^~~~~
../Core/Src/main.c:571:11: note: each undeclared identifier is reported only once for each function it appears in
../Core/Src/main.c: At top level:
../Core/Src/main.c:578:6: warning: conflicting types for 'ProcessReceivedMidiDatas'
  578 | void ProcessReceivedMidiDatas(void)
      |      ^~~~~~~~~~~~~~~~~~~~~~~~
../Core/Src/main.c:538:9: note: previous implicit declaration of 'ProcessReceivedMidiDatas' was here
  538 |         ProcessReceivedMidiDatas();
      |         ^~~~~~~~~~~~~~~~~~~~~~~~
../Core/Src/main.c: In function 'ProcessReceivedMidiDatas':
../Core/Src/main.c:590:6: error: 'notepos' undeclared (first use in this function)
  590 |      notepos = key + transpose;
      |      ^~~~~~~
../Core/Src/main.c:590:22: error: 'transpose' undeclared (first use in this function)
  590 |      notepos = key + transpose;
      |                      ^~~~~~~~~
../Core/Src/main.c:591:6: warning: implicit declaration of function 'stop_note' [-Wimplicit-function-declaration]
  591 |      stop_note(notepos);
      |      ^~~~~~~~~
../Core/Src/main.c:601:7: warning: implicit declaration of function 'play_note' [-Wimplicit-function-declaration]
  601 |       play_note(notepos, velocity);
      |       ^~~~~~~~~
../Core/Src/main.c:613:6: warning: implicit declaration of function 'LocalMidiHandler' [-Wimplicit-function-declaration]
  613 |      LocalMidiHandler(param, data);
      |      ^~~~~~~~~~~~~~~~
../Core/Src/main.c:613:23: error: 'param' undeclared (first use in this function)
  613 |      LocalMidiHandler(param, data);
      |                       ^~~~~
make: *** [Core/Src/subdir.mk:34: Core/Src/main.o] Error 1
"make -j16 all" terminated with exit code 2. Build might be incomplete.
01:31:47 **** Incremental Build of configuration Debug for project STM32_dax ****
make -j16 all 
arm-none-eabi-gcc "../Core/Src/main.c" -mcpu=cortex-m7 -std=gnu11 -g3 -DDEBUG -DUSE_HAL_DRIVER -DSTM32F767xx -c -I../Core/Inc -I../Drivers/STM32F7xx_HAL_Driver/Inc -I../Drivers/STM32F7xx_HAL_Driver/Inc/Legacy -I../Drivers/CMSIS/Device/ST/STM32F7xx/Include -I../Drivers/CMSIS/Include -O0 -ffunction-sections -fdata-sections -Wall -fstack-usage -MMD -MP -MF"Core/Src/main.d" -MT"Core/Src/main.o" --specs=nano.specs -mfpu=fpv5-d16 -mfloat-abi=hard -mthumb -o "Core/Src/main.o"
../Core/Src/main.c: In function 'main':
../Core/Src/main.c:323:29: warning: passing argument 2 of 'HAL_I2S_Transmit' discards 'const' qualifier from pointer target type [-Wdiscarded-qualifiers]
  323 |    HAL_I2S_Transmit(&hi2s1, triangle_wave, sizeof(triangle_wave)/sizeof(triangle_wave[0]), 10);
      |                             ^~~~~~~~~~~~~
In file included from ../Core/Inc/stm32f7xx_hal_conf.h:354,
                 from ../Drivers/STM32F7xx_HAL_Driver/Inc/stm32f7xx_hal.h:30,
                 from ../Core/Inc/main.h:31,
                 from ../Core/Src/main.c:21:
../Drivers/STM32F7xx_HAL_Driver/Inc/stm32f7xx_hal_i2s.h:436:71: note: expected 'uint16_t *' {aka 'short unsigned int *'} but argument is of type 'const uint16_t *' {aka 'const short unsigned int *'}
  436 | HAL_StatusTypeDef HAL_I2S_Transmit(I2S_HandleTypeDef *hi2s, uint16_t *pData, uint16_t Size, uint32_t Timeout);
      |                                                             ~~~~~~~~~~^~~~~
../Core/Src/main.c: In function 'HAL_UART_RxCpltCallback':
../Core/Src/main.c:503:22: warning: suggest parentheses around comparison in operand of '&' [-Wparentheses]
  503 |     if(received_char == 0xF & msgnum)
      |        ~~~~~~~~~~~~~~^~~~~~
../Core/Src/main.c:511:45: warning: suggest parentheses around comparison in operand of '&' [-Wparentheses]
  511 |        if((received_char == 0xF7)  & msgnum == 0)
      |                                      ~~~~~~~^~~~
../Core/Src/main.c:518:25: warning: suggest parentheses around comparison in operand of '&' [-Wparentheses]
  518 |        if(received_char < 0x80 & msgnum == 0)
      |           ~~~~~~~~~~~~~~^~~~~~
../Core/Src/main.c:541:9: warning: implicit declaration of function 'ProcessReceivedMidiDatas' [-Wimplicit-function-declaration]
  541 |         ProcessReceivedMidiDatas();
      |         ^~~~~~~~~~~~~~~~~~~~~~~~
../Core/Src/main.c:547:47: warning: suggest parentheses around comparison in operand of '&' [-Wparentheses]
  547 |          if((received_char == 0xF7)  & msgnum == 0)
      |                                        ~~~~~~~^~~~
../Core/Src/main.c:552:27: warning: suggest parentheses around comparison in operand of '&' [-Wparentheses]
  552 |          if(received_char < 0x80 & msgnum == 0)return;
      |             ~~~~~~~~~~~~~~^~~~~~
../Core/Src/main.c: At top level:
../Core/Src/main.c:581:6: warning: conflicting types for 'ProcessReceivedMidiDatas'
  581 | void ProcessReceivedMidiDatas(void)
      |      ^~~~~~~~~~~~~~~~~~~~~~~~
../Core/Src/main.c:541:9: note: previous implicit declaration of 'ProcessReceivedMidiDatas' was here
  541 |         ProcessReceivedMidiDatas();
      |         ^~~~~~~~~~~~~~~~~~~~~~~~
../Core/Src/main.c: In function 'ProcessReceivedMidiDatas':
../Core/Src/main.c:593:22: error: 'transpose' undeclared (first use in this function)
  593 |      notepos = key + transpose;
      |                      ^~~~~~~~~
../Core/Src/main.c:593:22: note: each undeclared identifier is reported only once for each function it appears in
../Core/Src/main.c:616:6: warning: implicit declaration of function 'LocalMidiHandler' [-Wimplicit-function-declaration]
  616 |      LocalMidiHandler(param, data);
      |      ^~~~~~~~~~~~~~~~
make: *** [Core/Src/subdir.mk:34: Core/Src/main.o] Error 1
"make -j16 all" terminated with exit code 2. Build might be incomplete.
01:32:09 **** Incremental Build of configuration Debug for project STM32_dax ****
make -j16 all 
arm-none-eabi-gcc "../Core/Src/main.c" -mcpu=cortex-m7 -std=gnu11 -g3 -DDEBUG -DUSE_HAL_DRIVER -DSTM32F767xx -c -I../Core/Inc -I../Drivers/STM32F7xx_HAL_Driver/Inc -I../Drivers/STM32F7xx_HAL_Driver/Inc/Legacy -I../Drivers/CMSIS/Device/ST/STM32F7xx/Include -I../Drivers/CMSIS/Include -O0 -ffunction-sections -fdata-sections -Wall -fstack-usage -MMD -MP -MF"Core/Src/main.d" -MT"Core/Src/main.o" --specs=nano.specs -mfpu=fpv5-d16 -mfloat-abi=hard -mthumb -o "Core/Src/main.o"
../Core/Src/main.c: In function 'main':
../Core/Src/main.c:323:29: warning: passing argument 2 of 'HAL_I2S_Transmit' discards 'const' qualifier from pointer target type [-Wdiscarded-qualifiers]
  323 |    HAL_I2S_Transmit(&hi2s1, triangle_wave, sizeof(triangle_wave)/sizeof(triangle_wave[0]), 10);
      |                             ^~~~~~~~~~~~~
In file included from ../Core/Inc/stm32f7xx_hal_conf.h:354,
                 from ../Drivers/STM32F7xx_HAL_Driver/Inc/stm32f7xx_hal.h:30,
                 from ../Core/Inc/main.h:31,
                 from ../Core/Src/main.c:21:
../Drivers/STM32F7xx_HAL_Driver/Inc/stm32f7xx_hal_i2s.h:436:71: note: expected 'uint16_t *' {aka 'short unsigned int *'} but argument is of type 'const uint16_t *' {aka 'const short unsigned int *'}
  436 | HAL_StatusTypeDef HAL_I2S_Transmit(I2S_HandleTypeDef *hi2s, uint16_t *pData, uint16_t Size, uint32_t Timeout);
      |                                                             ~~~~~~~~~~^~~~~
../Core/Src/main.c: In function 'HAL_UART_RxCpltCallback':
../Core/Src/main.c:503:22: warning: suggest parentheses around comparison in operand of '&' [-Wparentheses]
  503 |     if(received_char == 0xF & msgnum)
      |        ~~~~~~~~~~~~~~^~~~~~
../Core/Src/main.c:511:45: warning: suggest parentheses around comparison in operand of '&' [-Wparentheses]
  511 |        if((received_char == 0xF7)  & msgnum == 0)
      |                                      ~~~~~~~^~~~
../Core/Src/main.c:518:25: warning: suggest parentheses around comparison in operand of '&' [-Wparentheses]
  518 |        if(received_char < 0x80 & msgnum == 0)
      |           ~~~~~~~~~~~~~~^~~~~~
../Core/Src/main.c:541:9: warning: implicit declaration of function 'ProcessReceivedMidiDatas' [-Wimplicit-function-declaration]
  541 |         ProcessReceivedMidiDatas();
      |         ^~~~~~~~~~~~~~~~~~~~~~~~
../Core/Src/main.c:547:47: warning: suggest parentheses around comparison in operand of '&' [-Wparentheses]
  547 |          if((received_char == 0xF7)  & msgnum == 0)
      |                                        ~~~~~~~^~~~
../Core/Src/main.c:552:27: warning: suggest parentheses around comparison in operand of '&' [-Wparentheses]
  552 |          if(received_char < 0x80 & msgnum == 0)return;
      |             ~~~~~~~~~~~~~~^~~~~~
../Core/Src/main.c: At top level:
../Core/Src/main.c:581:6: warning: conflicting types for 'ProcessReceivedMidiDatas'
  581 | void ProcessReceivedMidiDatas(void)
      |      ^~~~~~~~~~~~~~~~~~~~~~~~
../Core/Src/main.c:541:9: note: previous implicit declaration of 'ProcessReceivedMidiDatas' was here
  541 |         ProcessReceivedMidiDatas();
      |         ^~~~~~~~~~~~~~~~~~~~~~~~
../Core/Src/main.c: In function 'ProcessReceivedMidiDatas':
../Core/Src/main.c:593:22: error: 'transpose' undeclared (first use in this function)
  593 |      notepos = key + transpose;
      |                      ^~~~~~~~~
../Core/Src/main.c:593:22: note: each undeclared identifier is reported only once for each function it appears in
../Core/Src/main.c:616:6: warning: implicit declaration of function 'LocalMidiHandler' [-Wimplicit-function-declaration]
  616 |      LocalMidiHandler(param, data);
      |      ^~~~~~~~~~~~~~~~
../Core/Src/main.c: At top level:
../Core/Src/main.c:631:6: warning: conflicting types for 'LocalMidiHandler'
  631 | void LocalMidiHandler(uint8_t m_param, uint8_t m_data)
      |      ^~~~~~~~~~~~~~~~
../Core/Src/main.c:616:6: note: previous implicit declaration of 'LocalMidiHandler' was here
  616 |      LocalMidiHandler(param, data);
      |      ^~~~~~~~~~~~~~~~
make: *** [Core/Src/subdir.mk:34: Core/Src/main.o] Error 1
"make -j16 all" terminated with exit code 2. Build might be incomplete.
01:32:37 **** Incremental Build of configuration Debug for project STM32_dax ****
make -j16 all 
arm-none-eabi-gcc "../Core/Src/main.c" -mcpu=cortex-m7 -std=gnu11 -g3 -DDEBUG -DUSE_HAL_DRIVER -DSTM32F767xx -c -I../Core/Inc -I../Drivers/STM32F7xx_HAL_Driver/Inc -I../Drivers/STM32F7xx_HAL_Driver/Inc/Legacy -I../Drivers/CMSIS/Device/ST/STM32F7xx/Include -I../Drivers/CMSIS/Include -O0 -ffunction-sections -fdata-sections -Wall -fstack-usage -MMD -MP -MF"Core/Src/main.d" -MT"Core/Src/main.o" --specs=nano.specs -mfpu=fpv5-d16 -mfloat-abi=hard -mthumb -o "Core/Src/main.o"
../Core/Src/main.c: In function 'main':
../Core/Src/main.c:324:29: warning: passing argument 2 of 'HAL_I2S_Transmit' discards 'const' qualifier from pointer target type [-Wdiscarded-qualifiers]
  324 |    HAL_I2S_Transmit(&hi2s1, triangle_wave, sizeof(triangle_wave)/sizeof(triangle_wave[0]), 10);
      |                             ^~~~~~~~~~~~~
In file included from ../Core/Inc/stm32f7xx_hal_conf.h:354,
                 from ../Drivers/STM32F7xx_HAL_Driver/Inc/stm32f7xx_hal.h:30,
                 from ../Core/Inc/main.h:31,
                 from ../Core/Src/main.c:21:
../Drivers/STM32F7xx_HAL_Driver/Inc/stm32f7xx_hal_i2s.h:436:71: note: expected 'uint16_t *' {aka 'short unsigned int *'} but argument is of type 'const uint16_t *' {aka 'const short unsigned int *'}
  436 | HAL_StatusTypeDef HAL_I2S_Transmit(I2S_HandleTypeDef *hi2s, uint16_t *pData, uint16_t Size, uint32_t Timeout);
      |                                                             ~~~~~~~~~~^~~~~
../Core/Src/main.c: In function 'HAL_UART_RxCpltCallback':
../Core/Src/main.c:504:22: warning: suggest parentheses around comparison in operand of '&' [-Wparentheses]
  504 |     if(received_char == 0xF & msgnum)
      |        ~~~~~~~~~~~~~~^~~~~~
../Core/Src/main.c:512:45: warning: suggest parentheses around comparison in operand of '&' [-Wparentheses]
  512 |        if((received_char == 0xF7)  & msgnum == 0)
      |                                      ~~~~~~~^~~~
../Core/Src/main.c:519:25: warning: suggest parentheses around comparison in operand of '&' [-Wparentheses]
  519 |        if(received_char < 0x80 & msgnum == 0)
      |           ~~~~~~~~~~~~~~^~~~~~
../Core/Src/main.c:542:9: warning: implicit declaration of function 'ProcessReceivedMidiDatas' [-Wimplicit-function-declaration]
  542 |         ProcessReceivedMidiDatas();
      |         ^~~~~~~~~~~~~~~~~~~~~~~~
../Core/Src/main.c:548:47: warning: suggest parentheses around comparison in operand of '&' [-Wparentheses]
  548 |          if((received_char == 0xF7)  & msgnum == 0)
      |                                        ~~~~~~~^~~~
../Core/Src/main.c:553:27: warning: suggest parentheses around comparison in operand of '&' [-Wparentheses]
  553 |          if(received_char < 0x80 & msgnum == 0)return;
      |             ~~~~~~~~~~~~~~^~~~~~
../Core/Src/main.c: At top level:
../Core/Src/main.c:582:6: warning: conflicting types for 'ProcessReceivedMidiDatas'
  582 | void ProcessReceivedMidiDatas(void)
      |      ^~~~~~~~~~~~~~~~~~~~~~~~
../Core/Src/main.c:542:9: note: previous implicit declaration of 'ProcessReceivedMidiDatas' was here
  542 |         ProcessReceivedMidiDatas();
      |         ^~~~~~~~~~~~~~~~~~~~~~~~
../Core/Src/main.c: In function 'ProcessReceivedMidiDatas':
../Core/Src/main.c:594:22: error: 'transpose' undeclared (first use in this function)
  594 |      notepos = key + transpose;
      |                      ^~~~~~~~~
../Core/Src/main.c:594:22: note: each undeclared identifier is reported only once for each function it appears in
make: *** [Core/Src/subdir.mk:34: Core/Src/main.o] Error 1
"make -j16 all" terminated with exit code 2. Build might be incomplete.
01:33:21 **** Incremental Build of configuration Debug for project STM32_dax ****
make -j16 all 
arm-none-eabi-gcc "../Core/Src/main.c" -mcpu=cortex-m7 -std=gnu11 -g3 -DDEBUG -DUSE_HAL_DRIVER -DSTM32F767xx -c -I../Core/Inc -I../Drivers/STM32F7xx_HAL_Driver/Inc -I../Drivers/STM32F7xx_HAL_Driver/Inc/Legacy -I../Drivers/CMSIS/Device/ST/STM32F7xx/Include -I../Drivers/CMSIS/Include -O0 -ffunction-sections -fdata-sections -Wall -fstack-usage -MMD -MP -MF"Core/Src/main.d" -MT"Core/Src/main.o" --specs=nano.specs -mfpu=fpv5-d16 -mfloat-abi=hard -mthumb -o "Core/Src/main.o"
../Core/Src/main.c: In function 'main':
../Core/Src/main.c:324:29: warning: passing argument 2 of 'HAL_I2S_Transmit' discards 'const' qualifier from pointer target type [-Wdiscarded-qualifiers]
  324 |    HAL_I2S_Transmit(&hi2s1, triangle_wave, sizeof(triangle_wave)/sizeof(triangle_wave[0]), 10);
      |                             ^~~~~~~~~~~~~
In file included from ../Core/Inc/stm32f7xx_hal_conf.h:354,
                 from ../Drivers/STM32F7xx_HAL_Driver/Inc/stm32f7xx_hal.h:30,
                 from ../Core/Inc/main.h:31,
                 from ../Core/Src/main.c:21:
../Drivers/STM32F7xx_HAL_Driver/Inc/stm32f7xx_hal_i2s.h:436:71: note: expected 'uint16_t *' {aka 'short unsigned int *'} but argument is of type 'const uint16_t *' {aka 'const short unsigned int *'}
  436 | HAL_StatusTypeDef HAL_I2S_Transmit(I2S_HandleTypeDef *hi2s, uint16_t *pData, uint16_t Size, uint32_t Timeout);
      |                                                             ~~~~~~~~~~^~~~~
../Core/Src/main.c: In function 'HAL_UART_RxCpltCallback':
../Core/Src/main.c:504:22: warning: suggest parentheses around comparison in operand of '&' [-Wparentheses]
  504 |     if(received_char == 0xF & msgnum)
      |        ~~~~~~~~~~~~~~^~~~~~
../Core/Src/main.c:512:45: warning: suggest parentheses around comparison in operand of '&' [-Wparentheses]
  512 |        if((received_char == 0xF7)  & msgnum == 0)
      |                                      ~~~~~~~^~~~
../Core/Src/main.c:519:25: warning: suggest parentheses around comparison in operand of '&' [-Wparentheses]
  519 |        if(received_char < 0x80 & msgnum == 0)
      |           ~~~~~~~~~~~~~~^~~~~~
../Core/Src/main.c:542:9: warning: implicit declaration of function 'ProcessReceivedMidiDatas' [-Wimplicit-function-declaration]
  542 |         ProcessReceivedMidiDatas();
      |         ^~~~~~~~~~~~~~~~~~~~~~~~
../Core/Src/main.c:548:47: warning: suggest parentheses around comparison in operand of '&' [-Wparentheses]
  548 |          if((received_char == 0xF7)  & msgnum == 0)
      |                                        ~~~~~~~^~~~
../Core/Src/main.c:553:27: warning: suggest parentheses around comparison in operand of '&' [-Wparentheses]
  553 |          if(received_char < 0x80 & msgnum == 0)return;
      |             ~~~~~~~~~~~~~~^~~~~~
../Core/Src/main.c: At top level:
../Core/Src/main.c:582:6: warning: conflicting types for 'ProcessReceivedMidiDatas'
  582 | void ProcessReceivedMidiDatas(void)
      |      ^~~~~~~~~~~~~~~~~~~~~~~~
../Core/Src/main.c:542:9: note: previous implicit declaration of 'ProcessReceivedMidiDatas' was here
  542 |         ProcessReceivedMidiDatas();
      |         ^~~~~~~~~~~~~~~~~~~~~~~~
arm-none-eabi-gcc -o "STM32_dax.elf" @"objects.list"   -mcpu=cortex-m7 -T"C:\Users\Joshua\Documents\GitHub\STM32_GitHub\STM32_dax\STM32F767ZITX_FLASH.ld" --specs=nosys.specs -Wl,-Map="STM32_dax.map" -Wl,--gc-sections -static --specs=nano.specs -mfpu=fpv5-d16 -mfloat-abi=hard -mthumb -Wl,--start-group -lc -lm -Wl,--end-group
Finished building target: STM32_dax.elf
 
arm-none-eabi-size   STM32_dax.elf 
arm-none-eabi-objdump -h -S  STM32_dax.elf  > "STM32_dax.list"
arm-none-eabi-objcopy  -O binary  STM32_dax.elf  "STM32_dax.bin"
   text	   data	    bss	    dec	    hex	filename
  16252	     20	   1900	  18172	   46fc	STM32_dax.elf
Finished building: default.size.stdout
 
Finished building: STM32_dax.bin
 
Finished building: STM32_dax.list
 
01:34:46 **** Incremental Build of configuration Debug for project STM32_dax ****
make -j16 all 
arm-none-eabi-size   STM32_dax.elf 
   text	   data	    bss	    dec	    hex	filename
  16252	     20	   1900	  18172	   46fc	STM32_dax.elf
Finished building: default.size.stdout
 
01:36:28 **** Incremental Build of configuration Debug for project STM32_dax ****
make -j16 all 
arm-none-eabi-size   STM32_dax.elf 
   text	   data	    bss	    dec	    hex	filename
  16252	     20	   1900	  18172	   46fc	STM32_dax.elf
Finished building: default.size.stdout
 
01:39:55 **** Incremental Build of configuration Debug for project STM32_dax ****
make -j16 all 
arm-none-eabi-gcc "../Drivers/STM32F7xx_HAL_Driver/Src/stm32f7xx_hal.c" -mcpu=cortex-m7 -std=gnu11 -g3 -DDEBUG -DUSE_HAL_DRIVER -DSTM32F767xx -c -I../Core/Inc -I../Drivers/STM32F7xx_HAL_Driver/Inc -I../Drivers/STM32F7xx_HAL_Driver/Inc/Legacy -I../Drivers/CMSIS/Device/ST/STM32F7xx/Include -I../Drivers/CMSIS/Include -O0 -ffunction-sections -fdata-sections -Wall -fstack-usage -MMD -MP -MF"Drivers/STM32F7xx_HAL_Driver/Src/stm32f7xx_hal.d" -MT"Drivers/STM32F7xx_HAL_Driver/Src/stm32f7xx_hal.o" --specs=nano.specs -mfpu=fpv5-d16 -mfloat-abi=hard -mthumb -o "Drivers/STM32F7xx_HAL_Driver/Src/stm32f7xx_hal.o"
arm-none-eabi-gcc "../Drivers/STM32F7xx_HAL_Driver/Src/stm32f7xx_hal_cortex.c" -mcpu=cortex-m7 -std=gnu11 -g3 -DDEBUG -DUSE_HAL_DRIVER -DSTM32F767xx -c -I../Core/Inc -I../Drivers/STM32F7xx_HAL_Driver/Inc -I../Drivers/STM32F7xx_HAL_Driver/Inc/Legacy -I../Drivers/CMSIS/Device/ST/STM32F7xx/Include -I../Drivers/CMSIS/Include -O0 -ffunction-sections -fdata-sections -Wall -fstack-usage -MMD -MP -MF"Drivers/STM32F7xx_HAL_Driver/Src/stm32f7xx_hal_cortex.d" -MT"Drivers/STM32F7xx_HAL_Driver/Src/stm32f7xx_hal_cortex.o" --specs=nano.specs -mfpu=fpv5-d16 -mfloat-abi=hard -mthumb -o "Drivers/STM32F7xx_HAL_Driver/Src/stm32f7xx_hal_cortex.o"
arm-none-eabi-gcc "../Drivers/STM32F7xx_HAL_Driver/Src/stm32f7xx_hal_dma.c" -mcpu=cortex-m7 -std=gnu11 -g3 -DDEBUG -DUSE_HAL_DRIVER -DSTM32F767xx -c -I../Core/Inc -I../Drivers/STM32F7xx_HAL_Driver/Inc -I../Drivers/STM32F7xx_HAL_Driver/Inc/Legacy -I../Drivers/CMSIS/Device/ST/STM32F7xx/Include -I../Drivers/CMSIS/Include -O0 -ffunction-sections -fdata-sections -Wall -fstack-usage -MMD -MP -MF"Drivers/STM32F7xx_HAL_Driver/Src/stm32f7xx_hal_dma.d" -MT"Drivers/STM32F7xx_HAL_Driver/Src/stm32f7xx_hal_dma.o" --specs=nano.specs -mfpu=fpv5-d16 -mfloat-abi=hard -mthumb -o "Drivers/STM32F7xx_HAL_Driver/Src/stm32f7xx_hal_dma.o"
arm-none-eabi-gcc "../Drivers/STM32F7xx_HAL_Driver/Src/stm32f7xx_hal_dma_ex.c" -mcpu=cortex-m7 -std=gnu11 -g3 -DDEBUG -DUSE_HAL_DRIVER -DSTM32F767xx -c -I../Core/Inc -I../Drivers/STM32F7xx_HAL_Driver/Inc -I../Drivers/STM32F7xx_HAL_Driver/Inc/Legacy -I../Drivers/CMSIS/Device/ST/STM32F7xx/Include -I../Drivers/CMSIS/Include -O0 -ffunction-sections -fdata-sections -Wall -fstack-usage -MMD -MP -MF"Drivers/STM32F7xx_HAL_Driver/Src/stm32f7xx_hal_dma_ex.d" -MT"Drivers/STM32F7xx_HAL_Driver/Src/stm32f7xx_hal_dma_ex.o" --specs=nano.specs -mfpu=fpv5-d16 -mfloat-abi=hard -mthumb -o "Drivers/STM32F7xx_HAL_Driver/Src/stm32f7xx_hal_dma_ex.o"
arm-none-eabi-gcc "../Drivers/STM32F7xx_HAL_Driver/Src/stm32f7xx_hal_exti.c" -mcpu=cortex-m7 -std=gnu11 -g3 -DDEBUG -DUSE_HAL_DRIVER -DSTM32F767xx -c -I../Core/Inc -I../Drivers/STM32F7xx_HAL_Driver/Inc -I../Drivers/STM32F7xx_HAL_Driver/Inc/Legacy -I../Drivers/CMSIS/Device/ST/STM32F7xx/Include -I../Drivers/CMSIS/Include -O0 -ffunction-sections -fdata-sections -Wall -fstack-usage -MMD -MP -MF"Drivers/STM32F7xx_HAL_Driver/Src/stm32f7xx_hal_exti.d" -MT"Drivers/STM32F7xx_HAL_Driver/Src/stm32f7xx_hal_exti.o" --specs=nano.specs -mfpu=fpv5-d16 -mfloat-abi=hard -mthumb -o "Drivers/STM32F7xx_HAL_Driver/Src/stm32f7xx_hal_exti.o"
arm-none-eabi-gcc "../Drivers/STM32F7xx_HAL_Driver/Src/stm32f7xx_hal_flash.c" -mcpu=cortex-m7 -std=gnu11 -g3 -DDEBUG -DUSE_HAL_DRIVER -DSTM32F767xx -c -I../Core/Inc -I../Drivers/STM32F7xx_HAL_Driver/Inc -I../Drivers/STM32F7xx_HAL_Driver/Inc/Legacy -I../Drivers/CMSIS/Device/ST/STM32F7xx/Include -I../Drivers/CMSIS/Include -O0 -ffunction-sections -fdata-sections -Wall -fstack-usage -MMD -MP -MF"Drivers/STM32F7xx_HAL_Driver/Src/stm32f7xx_hal_flash.d" -MT"Drivers/STM32F7xx_HAL_Driver/Src/stm32f7xx_hal_flash.o" --specs=nano.specs -mfpu=fpv5-d16 -mfloat-abi=hard -mthumb -o "Drivers/STM32F7xx_HAL_Driver/Src/stm32f7xx_hal_flash.o"
arm-none-eabi-gcc "../Drivers/STM32F7xx_HAL_Driver/Src/stm32f7xx_hal_flash_ex.c" -mcpu=cortex-m7 -std=gnu11 -g3 -DDEBUG -DUSE_HAL_DRIVER -DSTM32F767xx -c -I../Core/Inc -I../Drivers/STM32F7xx_HAL_Driver/Inc -I../Drivers/STM32F7xx_HAL_Driver/Inc/Legacy -I../Drivers/CMSIS/Device/ST/STM32F7xx/Include -I../Drivers/CMSIS/Include -O0 -ffunction-sections -fdata-sections -Wall -fstack-usage -MMD -MP -MF"Drivers/STM32F7xx_HAL_Driver/Src/stm32f7xx_hal_flash_ex.d" -MT"Drivers/STM32F7xx_HAL_Driver/Src/stm32f7xx_hal_flash_ex.o" --specs=nano.specs -mfpu=fpv5-d16 -mfloat-abi=hard -mthumb -o "Drivers/STM32F7xx_HAL_Driver/Src/stm32f7xx_hal_flash_ex.o"
arm-none-eabi-gcc "../Drivers/STM32F7xx_HAL_Driver/Src/stm32f7xx_hal_gpio.c" -mcpu=cortex-m7 -std=gnu11 -g3 -DDEBUG -DUSE_HAL_DRIVER -DSTM32F767xx -c -I../Core/Inc -I../Drivers/STM32F7xx_HAL_Driver/Inc -I../Drivers/STM32F7xx_HAL_Driver/Inc/Legacy -I../Drivers/CMSIS/Device/ST/STM32F7xx/Include -I../Drivers/CMSIS/Include -O0 -ffunction-sections -fdata-sections -Wall -fstack-usage -MMD -MP -MF"Drivers/STM32F7xx_HAL_Driver/Src/stm32f7xx_hal_gpio.d" -MT"Drivers/STM32F7xx_HAL_Driver/Src/stm32f7xx_hal_gpio.o" --specs=nano.specs -mfpu=fpv5-d16 -mfloat-abi=hard -mthumb -o "Drivers/STM32F7xx_HAL_Driver/Src/stm32f7xx_hal_gpio.o"
arm-none-eabi-gcc "../Drivers/STM32F7xx_HAL_Driver/Src/stm32f7xx_hal_i2c.c" -mcpu=cortex-m7 -std=gnu11 -g3 -DDEBUG -DUSE_HAL_DRIVER -DSTM32F767xx -c -I../Core/Inc -I../Drivers/STM32F7xx_HAL_Driver/Inc -I../Drivers/STM32F7xx_HAL_Driver/Inc/Legacy -I../Drivers/CMSIS/Device/ST/STM32F7xx/Include -I../Drivers/CMSIS/Include -O0 -ffunction-sections -fdata-sections -Wall -fstack-usage -MMD -MP -MF"Drivers/STM32F7xx_HAL_Driver/Src/stm32f7xx_hal_i2c.d" -MT"Drivers/STM32F7xx_HAL_Driver/Src/stm32f7xx_hal_i2c.o" --specs=nano.specs -mfpu=fpv5-d16 -mfloat-abi=hard -mthumb -o "Drivers/STM32F7xx_HAL_Driver/Src/stm32f7xx_hal_i2c.o"
arm-none-eabi-gcc "../Drivers/STM32F7xx_HAL_Driver/Src/stm32f7xx_hal_i2c_ex.c" -mcpu=cortex-m7 -std=gnu11 -g3 -DDEBUG -DUSE_HAL_DRIVER -DSTM32F767xx -c -I../Core/Inc -I../Drivers/STM32F7xx_HAL_Driver/Inc -I../Drivers/STM32F7xx_HAL_Driver/Inc/Legacy -I../Drivers/CMSIS/Device/ST/STM32F7xx/Include -I../Drivers/CMSIS/Include -O0 -ffunction-sections -fdata-sections -Wall -fstack-usage -MMD -MP -MF"Drivers/STM32F7xx_HAL_Driver/Src/stm32f7xx_hal_i2c_ex.d" -MT"Drivers/STM32F7xx_HAL_Driver/Src/stm32f7xx_hal_i2c_ex.o" --specs=nano.specs -mfpu=fpv5-d16 -mfloat-abi=hard -mthumb -o "Drivers/STM32F7xx_HAL_Driver/Src/stm32f7xx_hal_i2c_ex.o"
arm-none-eabi-gcc "../Drivers/STM32F7xx_HAL_Driver/Src/stm32f7xx_hal_i2s.c" -mcpu=cortex-m7 -std=gnu11 -g3 -DDEBUG -DUSE_HAL_DRIVER -DSTM32F767xx -c -I../Core/Inc -I../Drivers/STM32F7xx_HAL_Driver/Inc -I../Drivers/STM32F7xx_HAL_Driver/Inc/Legacy -I../Drivers/CMSIS/Device/ST/STM32F7xx/Include -I../Drivers/CMSIS/Include -O0 -ffunction-sections -fdata-sections -Wall -fstack-usage -MMD -MP -MF"Drivers/STM32F7xx_HAL_Driver/Src/stm32f7xx_hal_i2s.d" -MT"Drivers/STM32F7xx_HAL_Driver/Src/stm32f7xx_hal_i2s.o" --specs=nano.specs -mfpu=fpv5-d16 -mfloat-abi=hard -mthumb -o "Drivers/STM32F7xx_HAL_Driver/Src/stm32f7xx_hal_i2s.o"
arm-none-eabi-gcc "../Drivers/STM32F7xx_HAL_Driver/Src/stm32f7xx_hal_pwr.c" -mcpu=cortex-m7 -std=gnu11 -g3 -DDEBUG -DUSE_HAL_DRIVER -DSTM32F767xx -c -I../Core/Inc -I../Drivers/STM32F7xx_HAL_Driver/Inc -I../Drivers/STM32F7xx_HAL_Driver/Inc/Legacy -I../Drivers/CMSIS/Device/ST/STM32F7xx/Include -I../Drivers/CMSIS/Include -O0 -ffunction-sections -fdata-sections -Wall -fstack-usage -MMD -MP -MF"Drivers/STM32F7xx_HAL_Driver/Src/stm32f7xx_hal_pwr.d" -MT"Drivers/STM32F7xx_HAL_Driver/Src/stm32f7xx_hal_pwr.o" --specs=nano.specs -mfpu=fpv5-d16 -mfloat-abi=hard -mthumb -o "Drivers/STM32F7xx_HAL_Driver/Src/stm32f7xx_hal_pwr.o"
arm-none-eabi-gcc "../Drivers/STM32F7xx_HAL_Driver/Src/stm32f7xx_hal_pwr_ex.c" -mcpu=cortex-m7 -std=gnu11 -g3 -DDEBUG -DUSE_HAL_DRIVER -DSTM32F767xx -c -I../Core/Inc -I../Drivers/STM32F7xx_HAL_Driver/Inc -I../Drivers/STM32F7xx_HAL_Driver/Inc/Legacy -I../Drivers/CMSIS/Device/ST/STM32F7xx/Include -I../Drivers/CMSIS/Include -O0 -ffunction-sections -fdata-sections -Wall -fstack-usage -MMD -MP -MF"Drivers/STM32F7xx_HAL_Driver/Src/stm32f7xx_hal_pwr_ex.d" -MT"Drivers/STM32F7xx_HAL_Driver/Src/stm32f7xx_hal_pwr_ex.o" --specs=nano.specs -mfpu=fpv5-d16 -mfloat-abi=hard -mthumb -o "Drivers/STM32F7xx_HAL_Driver/Src/stm32f7xx_hal_pwr_ex.o"
arm-none-eabi-gcc "../Drivers/STM32F7xx_HAL_Driver/Src/stm32f7xx_hal_rcc.c" -mcpu=cortex-m7 -std=gnu11 -g3 -DDEBUG -DUSE_HAL_DRIVER -DSTM32F767xx -c -I../Core/Inc -I../Drivers/STM32F7xx_HAL_Driver/Inc -I../Drivers/STM32F7xx_HAL_Driver/Inc/Legacy -I../Drivers/CMSIS/Device/ST/STM32F7xx/Include -I../Drivers/CMSIS/Include -O0 -ffunction-sections -fdata-sections -Wall -fstack-usage -MMD -MP -MF"Drivers/STM32F7xx_HAL_Driver/Src/stm32f7xx_hal_rcc.d" -MT"Drivers/STM32F7xx_HAL_Driver/Src/stm32f7xx_hal_rcc.o" --specs=nano.specs -mfpu=fpv5-d16 -mfloat-abi=hard -mthumb -o "Drivers/STM32F7xx_HAL_Driver/Src/stm32f7xx_hal_rcc.o"
arm-none-eabi-gcc "../Drivers/STM32F7xx_HAL_Driver/Src/stm32f7xx_hal_rcc_ex.c" -mcpu=cortex-m7 -std=gnu11 -g3 -DDEBUG -DUSE_HAL_DRIVER -DSTM32F767xx -c -I../Core/Inc -I../Drivers/STM32F7xx_HAL_Driver/Inc -I../Drivers/STM32F7xx_HAL_Driver/Inc/Legacy -I../Drivers/CMSIS/Device/ST/STM32F7xx/Include -I../Drivers/CMSIS/Include -O0 -ffunction-sections -fdata-sections -Wall -fstack-usage -MMD -MP -MF"Drivers/STM32F7xx_HAL_Driver/Src/stm32f7xx_hal_rcc_ex.d" -MT"Drivers/STM32F7xx_HAL_Driver/Src/stm32f7xx_hal_rcc_ex.o" --specs=nano.specs -mfpu=fpv5-d16 -mfloat-abi=hard -mthumb -o "Drivers/STM32F7xx_HAL_Driver/Src/stm32f7xx_hal_rcc_ex.o"
arm-none-eabi-gcc "../Drivers/STM32F7xx_HAL_Driver/Src/stm32f7xx_hal_tim.c" -mcpu=cortex-m7 -std=gnu11 -g3 -DDEBUG -DUSE_HAL_DRIVER -DSTM32F767xx -c -I../Core/Inc -I../Drivers/STM32F7xx_HAL_Driver/Inc -I../Drivers/STM32F7xx_HAL_Driver/Inc/Legacy -I../Drivers/CMSIS/Device/ST/STM32F7xx/Include -I../Drivers/CMSIS/Include -O0 -ffunction-sections -fdata-sections -Wall -fstack-usage -MMD -MP -MF"Drivers/STM32F7xx_HAL_Driver/Src/stm32f7xx_hal_tim.d" -MT"Drivers/STM32F7xx_HAL_Driver/Src/stm32f7xx_hal_tim.o" --specs=nano.specs -mfpu=fpv5-d16 -mfloat-abi=hard -mthumb -o "Drivers/STM32F7xx_HAL_Driver/Src/stm32f7xx_hal_tim.o"
arm-none-eabi-gcc "../Drivers/STM32F7xx_HAL_Driver/Src/stm32f7xx_hal_tim_ex.c" -mcpu=cortex-m7 -std=gnu11 -g3 -DDEBUG -DUSE_HAL_DRIVER -DSTM32F767xx -c -I../Core/Inc -I../Drivers/STM32F7xx_HAL_Driver/Inc -I../Drivers/STM32F7xx_HAL_Driver/Inc/Legacy -I../Drivers/CMSIS/Device/ST/STM32F7xx/Include -I../Drivers/CMSIS/Include -O0 -ffunction-sections -fdata-sections -Wall -fstack-usage -MMD -MP -MF"Drivers/STM32F7xx_HAL_Driver/Src/stm32f7xx_hal_tim_ex.d" -MT"Drivers/STM32F7xx_HAL_Driver/Src/stm32f7xx_hal_tim_ex.o" --specs=nano.specs -mfpu=fpv5-d16 -mfloat-abi=hard -mthumb -o "Drivers/STM32F7xx_HAL_Driver/Src/stm32f7xx_hal_tim_ex.o"
arm-none-eabi-gcc "../Drivers/STM32F7xx_HAL_Driver/Src/stm32f7xx_hal_uart.c" -mcpu=cortex-m7 -std=gnu11 -g3 -DDEBUG -DUSE_HAL_DRIVER -DSTM32F767xx -c -I../Core/Inc -I../Drivers/STM32F7xx_HAL_Driver/Inc -I../Drivers/STM32F7xx_HAL_Driver/Inc/Legacy -I../Drivers/CMSIS/Device/ST/STM32F7xx/Include -I../Drivers/CMSIS/Include -O0 -ffunction-sections -fdata-sections -Wall -fstack-usage -MMD -MP -MF"Drivers/STM32F7xx_HAL_Driver/Src/stm32f7xx_hal_uart.d" -MT"Drivers/STM32F7xx_HAL_Driver/Src/stm32f7xx_hal_uart.o" --specs=nano.specs -mfpu=fpv5-d16 -mfloat-abi=hard -mthumb -o "Drivers/STM32F7xx_HAL_Driver/Src/stm32f7xx_hal_uart.o"
arm-none-eabi-gcc "../Drivers/STM32F7xx_HAL_Driver/Src/stm32f7xx_hal_uart_ex.c" -mcpu=cortex-m7 -std=gnu11 -g3 -DDEBUG -DUSE_HAL_DRIVER -DSTM32F767xx -c -I../Core/Inc -I../Drivers/STM32F7xx_HAL_Driver/Inc -I../Drivers/STM32F7xx_HAL_Driver/Inc/Legacy -I../Drivers/CMSIS/Device/ST/STM32F7xx/Include -I../Drivers/CMSIS/Include -O0 -ffunction-sections -fdata-sections -Wall -fstack-usage -MMD -MP -MF"Drivers/STM32F7xx_HAL_Driver/Src/stm32f7xx_hal_uart_ex.d" -MT"Drivers/STM32F7xx_HAL_Driver/Src/stm32f7xx_hal_uart_ex.o" --specs=nano.specs -mfpu=fpv5-d16 -mfloat-abi=hard -mthumb -o "Drivers/STM32F7xx_HAL_Driver/Src/stm32f7xx_hal_uart_ex.o"
arm-none-eabi-gcc "../Core/Src/main.c" -mcpu=cortex-m7 -std=gnu11 -g3 -DDEBUG -DUSE_HAL_DRIVER -DSTM32F767xx -c -I../Core/Inc -I../Drivers/STM32F7xx_HAL_Driver/Inc -I../Drivers/STM32F7xx_HAL_Driver/Inc/Legacy -I../Drivers/CMSIS/Device/ST/STM32F7xx/Include -I../Drivers/CMSIS/Include -O0 -ffunction-sections -fdata-sections -Wall -fstack-usage -MMD -MP -MF"Core/Src/main.d" -MT"Core/Src/main.o" --specs=nano.specs -mfpu=fpv5-d16 -mfloat-abi=hard -mthumb -o "Core/Src/main.o"
arm-none-eabi-gcc "../Core/Src/stm32f7xx_hal_msp.c" -mcpu=cortex-m7 -std=gnu11 -g3 -DDEBUG -DUSE_HAL_DRIVER -DSTM32F767xx -c -I../Core/Inc -I../Drivers/STM32F7xx_HAL_Driver/Inc -I../Drivers/STM32F7xx_HAL_Driver/Inc/Legacy -I../Drivers/CMSIS/Device/ST/STM32F7xx/Include -I../Drivers/CMSIS/Include -O0 -ffunction-sections -fdata-sections -Wall -fstack-usage -MMD -MP -MF"Core/Src/stm32f7xx_hal_msp.d" -MT"Core/Src/stm32f7xx_hal_msp.o" --specs=nano.specs -mfpu=fpv5-d16 -mfloat-abi=hard -mthumb -o "Core/Src/stm32f7xx_hal_msp.o"
arm-none-eabi-gcc "../Core/Src/stm32f7xx_it.c" -mcpu=cortex-m7 -std=gnu11 -g3 -DDEBUG -DUSE_HAL_DRIVER -DSTM32F767xx -c -I../Core/Inc -I../Drivers/STM32F7xx_HAL_Driver/Inc -I../Drivers/STM32F7xx_HAL_Driver/Inc/Legacy -I../Drivers/CMSIS/Device/ST/STM32F7xx/Include -I../Drivers/CMSIS/Include -O0 -ffunction-sections -fdata-sections -Wall -fstack-usage -MMD -MP -MF"Core/Src/stm32f7xx_it.d" -MT"Core/Src/stm32f7xx_it.o" --specs=nano.specs -mfpu=fpv5-d16 -mfloat-abi=hard -mthumb -o "Core/Src/stm32f7xx_it.o"
arm-none-eabi-gcc "../Core/Src/system_stm32f7xx.c" -mcpu=cortex-m7 -std=gnu11 -g3 -DDEBUG -DUSE_HAL_DRIVER -DSTM32F767xx -c -I../Core/Inc -I../Drivers/STM32F7xx_HAL_Driver/Inc -I../Drivers/STM32F7xx_HAL_Driver/Inc/Legacy -I../Drivers/CMSIS/Device/ST/STM32F7xx/Include -I../Drivers/CMSIS/Include -O0 -ffunction-sections -fdata-sections -Wall -fstack-usage -MMD -MP -MF"Core/Src/system_stm32f7xx.d" -MT"Core/Src/system_stm32f7xx.o" --specs=nano.specs -mfpu=fpv5-d16 -mfloat-abi=hard -mthumb -o "Core/Src/system_stm32f7xx.o"
../Core/Src/main.c: In function 'main':
../Core/Src/main.c:323:29: warning: passing argument 2 of 'HAL_I2S_Transmit' discards 'const' qualifier from pointer target type [-Wdiscarded-qualifiers]
  323 |    HAL_I2S_Transmit(&hi2s1, triangle_wave, sizeof(triangle_wave)/sizeof(triangle_wave[0]), 10);
      |                             ^~~~~~~~~~~~~
In file included from ../Core/Inc/stm32f7xx_hal_conf.h:354,
                 from ../Drivers/STM32F7xx_HAL_Driver/Inc/stm32f7xx_hal.h:30,
                 from ../Core/Inc/main.h:31,
                 from ../Core/Src/main.c:21:
../Drivers/STM32F7xx_HAL_Driver/Inc/stm32f7xx_hal_i2s.h:436:71: note: expected 'uint16_t *' {aka 'short unsigned int *'} but argument is of type 'const uint16_t *' {aka 'const short unsigned int *'}
  436 | HAL_StatusTypeDef HAL_I2S_Transmit(I2S_HandleTypeDef *hi2s, uint16_t *pData, uint16_t Size, uint32_t Timeout);
      |                                                             ~~~~~~~~~~^~~~~
../Core/Src/main.c: In function 'HAL_UART_RxCpltCallback':
../Core/Src/main.c:515:22: warning: suggest parentheses around comparison in operand of '&' [-Wparentheses]
  515 |     if(received_char == 0xF & msgnum)
      |        ~~~~~~~~~~~~~~^~~~~~
../Core/Src/main.c:523:45: warning: suggest parentheses around comparison in operand of '&' [-Wparentheses]
  523 |        if((received_char == 0xF7)  & msgnum == 0)
      |                                      ~~~~~~~^~~~
../Core/Src/main.c:530:25: warning: suggest parentheses around comparison in operand of '&' [-Wparentheses]
  530 |        if(received_char < 0x80 & msgnum == 0)
      |           ~~~~~~~~~~~~~~^~~~~~
../Core/Src/main.c:553:9: warning: implicit declaration of function 'ProcessReceivedMidiDatas' [-Wimplicit-function-declaration]
  553 |         ProcessReceivedMidiDatas();
      |         ^~~~~~~~~~~~~~~~~~~~~~~~
../Core/Src/main.c:559:47: warning: suggest parentheses around comparison in operand of '&' [-Wparentheses]
  559 |          if((received_char == 0xF7)  & msgnum == 0)
      |                                        ~~~~~~~^~~~
../Core/Src/main.c:564:27: warning: suggest parentheses around comparison in operand of '&' [-Wparentheses]
  564 |          if(received_char < 0x80 & msgnum == 0)return;
      |             ~~~~~~~~~~~~~~^~~~~~
../Core/Src/main.c: At top level:
../Core/Src/main.c:593:6: warning: conflicting types for 'ProcessReceivedMidiDatas'
  593 | void ProcessReceivedMidiDatas(void)
      |      ^~~~~~~~~~~~~~~~~~~~~~~~
../Core/Src/main.c:553:9: note: previous implicit declaration of 'ProcessReceivedMidiDatas' was here
  553 |         ProcessReceivedMidiDatas();
      |         ^~~~~~~~~~~~~~~~~~~~~~~~
arm-none-eabi-gcc -o "STM32_dax.elf" @"objects.list"   -mcpu=cortex-m7 -T"C:\Users\Joshua\Documents\GitHub\STM32_GitHub\STM32_dax\STM32F767ZITX_FLASH.ld" --specs=nosys.specs -Wl,-Map="STM32_dax.map" -Wl,--gc-sections -static --specs=nano.specs -mfpu=fpv5-d16 -mfloat-abi=hard -mthumb -Wl,--start-group -lc -lm -Wl,--end-group
Finished building target: STM32_dax.elf
 
arm-none-eabi-size   STM32_dax.elf 
arm-none-eabi-objdump -h -S  STM32_dax.elf  > "STM32_dax.list"
arm-none-eabi-objcopy  -O binary  STM32_dax.elf  "STM32_dax.bin"
   text	   data	    bss	    dec	    hex	filename
  16380	     20	   1900	  18300	   477c	STM32_dax.elf
Finished building: default.size.stdout
 
Finished building: STM32_dax.bin
 
Finished building: STM32_dax.list
 
01:40:52 **** Incremental Build of configuration Debug for project STM32_dax ****
make -j16 all 
arm-none-eabi-gcc "../Core/Src/main.c" -mcpu=cortex-m7 -std=gnu11 -g3 -DDEBUG -DUSE_HAL_DRIVER -DSTM32F767xx -c -I../Core/Inc -I../Drivers/STM32F7xx_HAL_Driver/Inc -I../Drivers/STM32F7xx_HAL_Driver/Inc/Legacy -I../Drivers/CMSIS/Device/ST/STM32F7xx/Include -I../Drivers/CMSIS/Include -O0 -ffunction-sections -fdata-sections -Wall -fstack-usage -MMD -MP -MF"Core/Src/main.d" -MT"Core/Src/main.o" --specs=nano.specs -mfpu=fpv5-d16 -mfloat-abi=hard -mthumb -o "Core/Src/main.o"
../Core/Src/main.c: In function 'main':
../Core/Src/main.c:323:29: warning: passing argument 2 of 'HAL_I2S_Transmit' discards 'const' qualifier from pointer target type [-Wdiscarded-qualifiers]
  323 |    HAL_I2S_Transmit(&hi2s1, triangle_wave, sizeof(triangle_wave)/sizeof(triangle_wave[0]), 10);
      |                             ^~~~~~~~~~~~~
In file included from ../Core/Inc/stm32f7xx_hal_conf.h:354,
                 from ../Drivers/STM32F7xx_HAL_Driver/Inc/stm32f7xx_hal.h:30,
                 from ../Core/Inc/main.h:31,
                 from ../Core/Src/main.c:21:
../Drivers/STM32F7xx_HAL_Driver/Inc/stm32f7xx_hal_i2s.h:436:71: note: expected 'uint16_t *' {aka 'short unsigned int *'} but argument is of type 'const uint16_t *' {aka 'const short unsigned int *'}
  436 | HAL_StatusTypeDef HAL_I2S_Transmit(I2S_HandleTypeDef *hi2s, uint16_t *pData, uint16_t Size, uint32_t Timeout);
      |                                                             ~~~~~~~~~~^~~~~
../Core/Src/main.c: In function 'HAL_UART_RxCpltCallback':
../Core/Src/main.c:515:22: warning: suggest parentheses around comparison in operand of '&' [-Wparentheses]
  515 |     if(received_char == 0xF & msgnum)
      |        ~~~~~~~~~~~~~~^~~~~~
../Core/Src/main.c:523:45: warning: suggest parentheses around comparison in operand of '&' [-Wparentheses]
  523 |        if((received_char == 0xF7)  & msgnum == 0)
      |                                      ~~~~~~~^~~~
../Core/Src/main.c:530:25: warning: suggest parentheses around comparison in operand of '&' [-Wparentheses]
  530 |        if(received_char < 0x80 & msgnum == 0)
      |           ~~~~~~~~~~~~~~^~~~~~
../Core/Src/main.c:553:9: warning: implicit declaration of function 'ProcessReceivedMidiDatas' [-Wimplicit-function-declaration]
  553 |         ProcessReceivedMidiDatas();
      |         ^~~~~~~~~~~~~~~~~~~~~~~~
../Core/Src/main.c:559:47: warning: suggest parentheses around comparison in operand of '&' [-Wparentheses]
  559 |          if((received_char == 0xF7)  & msgnum == 0)
      |                                        ~~~~~~~^~~~
../Core/Src/main.c:564:27: warning: suggest parentheses around comparison in operand of '&' [-Wparentheses]
  564 |          if(received_char < 0x80 & msgnum == 0)return;
      |             ~~~~~~~~~~~~~~^~~~~~
../Core/Src/main.c: At top level:
../Core/Src/main.c:594:6: warning: conflicting types for 'ProcessReceivedMidiDatas'
  594 | void ProcessReceivedMidiDatas(void)
      |      ^~~~~~~~~~~~~~~~~~~~~~~~
../Core/Src/main.c:553:9: note: previous implicit declaration of 'ProcessReceivedMidiDatas' was here
  553 |         ProcessReceivedMidiDatas();
      |         ^~~~~~~~~~~~~~~~~~~~~~~~
arm-none-eabi-gcc -o "STM32_dax.elf" @"objects.list"   -mcpu=cortex-m7 -T"C:\Users\Joshua\Documents\GitHub\STM32_GitHub\STM32_dax\STM32F767ZITX_FLASH.ld" --specs=nosys.specs -Wl,-Map="STM32_dax.map" -Wl,--gc-sections -static --specs=nano.specs -mfpu=fpv5-d16 -mfloat-abi=hard -mthumb -Wl,--start-group -lc -lm -Wl,--end-group
Finished building target: STM32_dax.elf
 
arm-none-eabi-size   STM32_dax.elf 
arm-none-eabi-objdump -h -S  STM32_dax.elf  > "STM32_dax.list"
arm-none-eabi-objcopy  -O binary  STM32_dax.elf  "STM32_dax.bin"
   text	   data	    bss	    dec	    hex	filename
  16392	     20	   1900	  18312	   4788	STM32_dax.elf
Finished building: default.size.stdout
 
Finished building: STM32_dax.bin
 
Finished building: STM32_dax.list
 
01:41:03 **** Incremental Build of configuration Debug for project STM32_dax ****
make -j16 all 
arm-none-eabi-size   STM32_dax.elf 
   text	   data	    bss	    dec	    hex	filename
  16392	     20	   1900	  18312	   4788	STM32_dax.elf
Finished building: default.size.stdout
 
01:41:24 **** Incremental Build of configuration Debug for project STM32_dax ****
make -j16 all 
arm-none-eabi-gcc "../Core/Src/main.c" -mcpu=cortex-m7 -std=gnu11 -g3 -DDEBUG -DUSE_HAL_DRIVER -DSTM32F767xx -c -I../Core/Inc -I../Drivers/STM32F7xx_HAL_Driver/Inc -I../Drivers/STM32F7xx_HAL_Driver/Inc/Legacy -I../Drivers/CMSIS/Device/ST/STM32F7xx/Include -I../Drivers/CMSIS/Include -O0 -ffunction-sections -fdata-sections -Wall -fstack-usage -MMD -MP -MF"Core/Src/main.d" -MT"Core/Src/main.o" --specs=nano.specs -mfpu=fpv5-d16 -mfloat-abi=hard -mthumb -o "Core/Src/main.o"
../Core/Src/main.c: In function 'main':
../Core/Src/main.c:323:29: warning: passing argument 2 of 'HAL_I2S_Transmit' discards 'const' qualifier from pointer target type [-Wdiscarded-qualifiers]
  323 |    HAL_I2S_Transmit(&hi2s1, triangle_wave, sizeof(triangle_wave)/sizeof(triangle_wave[0]), 10);
      |                             ^~~~~~~~~~~~~
In file included from ../Core/Inc/stm32f7xx_hal_conf.h:354,
                 from ../Drivers/STM32F7xx_HAL_Driver/Inc/stm32f7xx_hal.h:30,
                 from ../Core/Inc/main.h:31,
                 from ../Core/Src/main.c:21:
../Drivers/STM32F7xx_HAL_Driver/Inc/stm32f7xx_hal_i2s.h:436:71: note: expected 'uint16_t *' {aka 'short unsigned int *'} but argument is of type 'const uint16_t *' {aka 'const short unsigned int *'}
  436 | HAL_StatusTypeDef HAL_I2S_Transmit(I2S_HandleTypeDef *hi2s, uint16_t *pData, uint16_t Size, uint32_t Timeout);
      |                                                             ~~~~~~~~~~^~~~~
../Core/Src/main.c: In function 'HAL_UART_RxCpltCallback':
../Core/Src/main.c:515:22: warning: suggest parentheses around comparison in operand of '&' [-Wparentheses]
  515 |     if(received_char == 0xF & msgnum)
      |        ~~~~~~~~~~~~~~^~~~~~
../Core/Src/main.c:523:45: warning: suggest parentheses around comparison in operand of '&' [-Wparentheses]
  523 |        if((received_char == 0xF7)  & msgnum == 0)
      |                                      ~~~~~~~^~~~
../Core/Src/main.c:530:25: warning: suggest parentheses around comparison in operand of '&' [-Wparentheses]
  530 |        if(received_char < 0x80 & msgnum == 0)
      |           ~~~~~~~~~~~~~~^~~~~~
../Core/Src/main.c:553:9: warning: implicit declaration of function 'ProcessReceivedMidiDatas' [-Wimplicit-function-declaration]
  553 |         ProcessReceivedMidiDatas();
      |         ^~~~~~~~~~~~~~~~~~~~~~~~
../Core/Src/main.c:559:47: warning: suggest parentheses around comparison in operand of '&' [-Wparentheses]
  559 |          if((received_char == 0xF7)  & msgnum == 0)
      |                                        ~~~~~~~^~~~
../Core/Src/main.c:564:27: warning: suggest parentheses around comparison in operand of '&' [-Wparentheses]
  564 |          if(received_char < 0x80 & msgnum == 0)return;
      |             ~~~~~~~~~~~~~~^~~~~~
../Core/Src/main.c: At top level:
../Core/Src/main.c:595:6: warning: conflicting types for 'ProcessReceivedMidiDatas'
  595 | void ProcessReceivedMidiDatas(void)
      |      ^~~~~~~~~~~~~~~~~~~~~~~~
../Core/Src/main.c:553:9: note: previous implicit declaration of 'ProcessReceivedMidiDatas' was here
  553 |         ProcessReceivedMidiDatas();
      |         ^~~~~~~~~~~~~~~~~~~~~~~~
arm-none-eabi-gcc -o "STM32_dax.elf" @"objects.list"   -mcpu=cortex-m7 -T"C:\Users\Joshua\Documents\GitHub\STM32_GitHub\STM32_dax\STM32F767ZITX_FLASH.ld" --specs=nosys.specs -Wl,-Map="STM32_dax.map" -Wl,--gc-sections -static --specs=nano.specs -mfpu=fpv5-d16 -mfloat-abi=hard -mthumb -Wl,--start-group -lc -lm -Wl,--end-group
Finished building target: STM32_dax.elf
 
arm-none-eabi-size   STM32_dax.elf 
arm-none-eabi-objdump -h -S  STM32_dax.elf  > "STM32_dax.list"
arm-none-eabi-objcopy  -O binary  STM32_dax.elf  "STM32_dax.bin"
   text	   data	    bss	    dec	    hex	filename
  16404	     20	   1900	  18324	   4794	STM32_dax.elf
Finished building: default.size.stdout
 
Finished building: STM32_dax.bin
 
Finished building: STM32_dax.list
 
01:41:59 **** Incremental Build of configuration Debug for project STM32_dax ****
make -j16 all 
arm-none-eabi-gcc "../Core/Src/main.c" -mcpu=cortex-m7 -std=gnu11 -g3 -DDEBUG -DUSE_HAL_DRIVER -DSTM32F767xx -c -I../Core/Inc -I../Drivers/STM32F7xx_HAL_Driver/Inc -I../Drivers/STM32F7xx_HAL_Driver/Inc/Legacy -I../Drivers/CMSIS/Device/ST/STM32F7xx/Include -I../Drivers/CMSIS/Include -O0 -ffunction-sections -fdata-sections -Wall -fstack-usage -MMD -MP -MF"Core/Src/main.d" -MT"Core/Src/main.o" --specs=nano.specs -mfpu=fpv5-d16 -mfloat-abi=hard -mthumb -o "Core/Src/main.o"
../Core/Src/main.c: In function 'main':
../Core/Src/main.c:323:29: warning: passing argument 2 of 'HAL_I2S_Transmit' discards 'const' qualifier from pointer target type [-Wdiscarded-qualifiers]
  323 |    HAL_I2S_Transmit(&hi2s1, triangle_wave, sizeof(triangle_wave)/sizeof(triangle_wave[0]), 10);
      |                             ^~~~~~~~~~~~~
In file included from ../Core/Inc/stm32f7xx_hal_conf.h:354,
                 from ../Drivers/STM32F7xx_HAL_Driver/Inc/stm32f7xx_hal.h:30,
                 from ../Core/Inc/main.h:31,
                 from ../Core/Src/main.c:21:
../Drivers/STM32F7xx_HAL_Driver/Inc/stm32f7xx_hal_i2s.h:436:71: note: expected 'uint16_t *' {aka 'short unsigned int *'} but argument is of type 'const uint16_t *' {aka 'const short unsigned int *'}
  436 | HAL_StatusTypeDef HAL_I2S_Transmit(I2S_HandleTypeDef *hi2s, uint16_t *pData, uint16_t Size, uint32_t Timeout);
      |                                                             ~~~~~~~~~~^~~~~
../Core/Src/main.c: In function 'HAL_UART_RxCpltCallback':
../Core/Src/main.c:515:22: warning: suggest parentheses around comparison in operand of '&' [-Wparentheses]
  515 |     if(received_char == 0xF & msgnum)
      |        ~~~~~~~~~~~~~~^~~~~~
../Core/Src/main.c:523:45: warning: suggest parentheses around comparison in operand of '&' [-Wparentheses]
  523 |        if((received_char == 0xF7)  & msgnum == 0)
      |                                      ~~~~~~~^~~~
../Core/Src/main.c:530:25: warning: suggest parentheses around comparison in operand of '&' [-Wparentheses]
  530 |        if(received_char < 0x80 & msgnum == 0)
[...]
                 from ../Core/Inc/main.h:31,
                 from ../Core/Src/main.c:21:
../Drivers/STM32F7xx_HAL_Driver/Inc/stm32f7xx_hal_i2s.h:436:71: note: expected 'uint16_t *' {aka 'short unsigned int *'} but argument is of type 'const uint16_t *' {aka 'const short unsigned int *'}
  436 | HAL_StatusTypeDef HAL_I2S_Transmit(I2S_HandleTypeDef *hi2s, uint16_t *pData, uint16_t Size, uint32_t Timeout);
      |                                                             ~~~~~~~~~~^~~~~
arm-none-eabi-gcc -o "STM32_dax.elf" @"objects.list"   -mcpu=cortex-m7 -T"C:\Users\Joshua\Documents\GitHub\STM32_GitHub\STM32_dax\STM32F767ZITX_FLASH.ld" --specs=nosys.specs -Wl,-Map="STM32_dax.map" -Wl,--gc-sections -static --specs=nano.specs -mfpu=fpv5-d16 -mfloat-abi=hard -mthumb -Wl,--start-group -lc -lm -Wl,--end-group
Finished building target: STM32_dax.elf
 
arm-none-eabi-size   STM32_dax.elf 
arm-none-eabi-objdump -h -S  STM32_dax.elf  > "STM32_dax.list"
arm-none-eabi-objcopy  -O binary  STM32_dax.elf  "STM32_dax.bin"
   text	   data	    bss	    dec	    hex	filename
  17296	     20	   2300	  19616	   4ca0	STM32_dax.elf
Finished building: default.size.stdout
 
Finished building: STM32_dax.bin
 
Finished building: STM32_dax.list
 
02:27:17 **** Incremental Build of configuration Debug for project STM32_dax ****
make -j16 all 
arm-none-eabi-size   STM32_dax.elf 
   text	   data	    bss	    dec	    hex	filename
  17296	     20	   2300	  19616	   4ca0	STM32_dax.elf
Finished building: default.size.stdout
 
02:28:46 **** Incremental Build of configuration Debug for project STM32_dax ****
make -j16 all 
arm-none-eabi-gcc "../Core/Src/main.c" -mcpu=cortex-m7 -std=gnu11 -g3 -DDEBUG -DUSE_HAL_DRIVER -DSTM32F767xx -c -I../Core/Inc -I../Drivers/STM32F7xx_HAL_Driver/Inc -I../Drivers/STM32F7xx_HAL_Driver/Inc/Legacy -I../Drivers/CMSIS/Device/ST/STM32F7xx/Include -I../Drivers/CMSIS/Include -O0 -ffunction-sections -fdata-sections -Wall -fstack-usage -MMD -MP -MF"Core/Src/main.d" -MT"Core/Src/main.o" --specs=nano.specs -mfpu=fpv5-d16 -mfloat-abi=hard -mthumb -o "Core/Src/main.o"
../Core/Src/main.c: In function 'HAL_UART_RxCpltCallback':
../Core/Src/main.c:532:22: warning: suggest parentheses around comparison in operand of '&' [-Wparentheses]
  532 |     if(received_char == 0xF & msgnum)
      |        ~~~~~~~~~~~~~~^~~~~~
../Core/Src/main.c:540:45: warning: suggest parentheses around comparison in operand of '&' [-Wparentheses]
  540 |        if((received_char == 0xF7)  & msgnum == 0)
      |                                      ~~~~~~~^~~~
../Core/Src/main.c:547:25: warning: suggest parentheses around comparison in operand of '&' [-Wparentheses]
  547 |        if(received_char < 0x80 & msgnum == 0)
      |           ~~~~~~~~~~~~~~^~~~~~
../Core/Src/main.c:571:9: warning: implicit declaration of function 'ProcessReceivedMidiDatas' [-Wimplicit-function-declaration]
  571 |         ProcessReceivedMidiDatas();
      |         ^~~~~~~~~~~~~~~~~~~~~~~~
../Core/Src/main.c:577:47: warning: suggest parentheses around comparison in operand of '&' [-Wparentheses]
  577 |          if((received_char == 0xF7)  & msgnum == 0)
      |                                        ~~~~~~~^~~~
../Core/Src/main.c:582:27: warning: suggest parentheses around comparison in operand of '&' [-Wparentheses]
  582 |          if(received_char < 0x80 & msgnum == 0)return;
      |             ~~~~~~~~~~~~~~^~~~~~
../Core/Src/main.c: At top level:
../Core/Src/main.c:611:6: warning: conflicting types for 'ProcessReceivedMidiDatas'
  611 | void ProcessReceivedMidiDatas(void)
      |      ^~~~~~~~~~~~~~~~~~~~~~~~
../Core/Src/main.c:571:9: note: previous implicit declaration of 'ProcessReceivedMidiDatas' was here
  571 |         ProcessReceivedMidiDatas();
      |         ^~~~~~~~~~~~~~~~~~~~~~~~
../Core/Src/main.c: In function 'play_note':
../Core/Src/main.c:656:27: warning: passing argument 2 of 'HAL_I2S_Transmit' discards 'const' qualifier from pointer target type [-Wdiscarded-qualifiers]
  656 |  HAL_I2S_Transmit(&hi2s1, triangle_wave, sizeof(triangle_wave)/sizeof(triangle_wave[0]), 10);
      |                           ^~~~~~~~~~~~~
In file included from ../Core/Inc/stm32f7xx_hal_conf.h:354,
                 from ../Drivers/STM32F7xx_HAL_Driver/Inc/stm32f7xx_hal.h:30,
                 from ../Core/Inc/main.h:31,
                 from ../Core/Src/main.c:21:
../Drivers/STM32F7xx_HAL_Driver/Inc/stm32f7xx_hal_i2s.h:436:71: note: expected 'uint16_t *' {aka 'short unsigned int *'} but argument is of type 'const uint16_t *' {aka 'const short unsigned int *'}
  436 | HAL_StatusTypeDef HAL_I2S_Transmit(I2S_HandleTypeDef *hi2s, uint16_t *pData, uint16_t Size, uint32_t Timeout);
      |                                                             ~~~~~~~~~~^~~~~
arm-none-eabi-gcc -o "STM32_dax.elf" @"objects.list"   -mcpu=cortex-m7 -T"C:\Users\Joshua\Documents\GitHub\STM32_GitHub\STM32_dax\STM32F767ZITX_FLASH.ld" --specs=nosys.specs -Wl,-Map="STM32_dax.map" -Wl,--gc-sections -static --specs=nano.specs -mfpu=fpv5-d16 -mfloat-abi=hard -mthumb -Wl,--start-group -lc -lm -Wl,--end-group
Finished building target: STM32_dax.elf
 
arm-none-eabi-size   STM32_dax.elf 
arm-none-eabi-objdump -h -S  STM32_dax.elf  > "STM32_dax.list"
arm-none-eabi-objcopy  -O binary  STM32_dax.elf  "STM32_dax.bin"
   text	   data	    bss	    dec	    hex	filename
  17284	     20	   2300	  19604	   4c94	STM32_dax.elf
Finished building: default.size.stdout
 
Finished building: STM32_dax.bin
 
Finished building: STM32_dax.list
 
02:28:58 **** Incremental Build of configuration Debug for project STM32_dax ****
make -j16 all 
arm-none-eabi-size   STM32_dax.elf 
   text	   data	    bss	    dec	    hex	filename
  17284	     20	   2300	  19604	   4c94	STM32_dax.elf
Finished building: default.size.stdout
 
02:29:10 **** Incremental Build of configuration Debug for project STM32_dax ****
make -j16 all 
arm-none-eabi-size   STM32_dax.elf 
   text	   data	    bss	    dec	    hex	filename
  17284	     20	   2300	  19604	   4c94	STM32_dax.elf
Finished building: default.size.stdout
 
03:09:26 **** Build of configuration Debug for project STM32_dax ****
make -j16 all 
arm-none-eabi-gcc "../Core/Src/main.c" -mcpu=cortex-m7 -std=gnu11 -g3 -DDEBUG -DUSE_HAL_DRIVER -DSTM32F767xx -c -I../Core/Inc -I../Drivers/STM32F7xx_HAL_Driver/Inc -I../Drivers/STM32F7xx_HAL_Driver/Inc/Legacy -I../Drivers/CMSIS/Device/ST/STM32F7xx/Include -I../Drivers/CMSIS/Include -O0 -ffunction-sections -fdata-sections -Wall -fstack-usage -MMD -MP -MF"Core/Src/main.d" -MT"Core/Src/main.o" --specs=nano.specs -mfpu=fpv5-d16 -mfloat-abi=hard -mthumb -o "Core/Src/main.o"
../Core/Src/main.c: In function 'main':
../Core/Src/main.c:338:29: warning: passing argument 2 of 'HAL_I2S_Transmit' discards 'const' qualifier from pointer target type [-Wdiscarded-qualifiers]
  338 |    HAL_I2S_Transmit(&hi2s1, triangle_wave, sizeof(triangle_wave)/sizeof(triangle_wave[0]), 10);
      |                             ^~~~~~~~~~~~~
In file included from ../Core/Inc/stm32f7xx_hal_conf.h:354,
                 from ../Drivers/STM32F7xx_HAL_Driver/Inc/stm32f7xx_hal.h:30,
                 from ../Core/Inc/main.h:31,
                 from ../Core/Src/main.c:21:
../Drivers/STM32F7xx_HAL_Driver/Inc/stm32f7xx_hal_i2s.h:436:71: note: expected 'uint16_t *' {aka 'short unsigned int *'} but argument is of type 'const uint16_t *' {aka 'const short unsigned int *'}
  436 | HAL_StatusTypeDef HAL_I2S_Transmit(I2S_HandleTypeDef *hi2s, uint16_t *pData, uint16_t Size, uint32_t Timeout);
      |                                                             ~~~~~~~~~~^~~~~
../Core/Src/main.c: In function 'HAL_UART_RxCpltCallback':
../Core/Src/main.c:532:22: warning: suggest parentheses around comparison in operand of '&' [-Wparentheses]
  532 |     if(received_char == 0xF & msgnum)
      |        ~~~~~~~~~~~~~~^~~~~~
../Core/Src/main.c:540:45: warning: suggest parentheses around comparison in operand of '&' [-Wparentheses]
  540 |        if((received_char == 0xF7)  & msgnum == 0)
      |                                      ~~~~~~~^~~~
../Core/Src/main.c:547:25: warning: suggest parentheses around comparison in operand of '&' [-Wparentheses]
  547 |        if(received_char < 0x80 & msgnum == 0)
      |           ~~~~~~~~~~~~~~^~~~~~
../Core/Src/main.c:571:9: warning: implicit declaration of function 'ProcessReceivedMidiDatas' [-Wimplicit-function-declaration]
  571 |         ProcessReceivedMidiDatas();
      |         ^~~~~~~~~~~~~~~~~~~~~~~~
../Core/Src/main.c:577:47: warning: suggest parentheses around comparison in operand of '&' [-Wparentheses]
  577 |          if((received_char == 0xF7)  & msgnum == 0)
      |                                        ~~~~~~~^~~~
../Core/Src/main.c:582:27: warning: suggest parentheses around comparison in operand of '&' [-Wparentheses]
  582 |          if(received_char < 0x80 & msgnum == 0)return;
      |             ~~~~~~~~~~~~~~^~~~~~
../Core/Src/main.c: At top level:
../Core/Src/main.c:611:6: warning: conflicting types for 'ProcessReceivedMidiDatas'
  611 | void ProcessReceivedMidiDatas(void)
      |      ^~~~~~~~~~~~~~~~~~~~~~~~
../Core/Src/main.c:571:9: note: previous implicit declaration of 'ProcessReceivedMidiDatas' was here
  571 |         ProcessReceivedMidiDatas();
      |         ^~~~~~~~~~~~~~~~~~~~~~~~
../Core/Src/main.c: In function 'play_note':
../Core/Src/main.c:657:27: warning: passing argument 2 of 'HAL_I2S_Transmit' discards 'const' qualifier from pointer target type [-Wdiscarded-qualifiers]
  657 |  HAL_I2S_Transmit(&hi2s1, triangle_wave, sizeof(triangle_wave)/sizeof(triangle_wave[0]), 10);
      |                           ^~~~~~~~~~~~~
In file included from ../Core/Inc/stm32f7xx_hal_conf.h:354,
                 from ../Drivers/STM32F7xx_HAL_Driver/Inc/stm32f7xx_hal.h:30,
                 from ../Core/Inc/main.h:31,
                 from ../Core/Src/main.c:21:
../Drivers/STM32F7xx_HAL_Driver/Inc/stm32f7xx_hal_i2s.h:436:71: note: expected 'uint16_t *' {aka 'short unsigned int *'} but argument is of type 'const uint16_t *' {aka 'const short unsigned int *'}
  436 | HAL_StatusTypeDef HAL_I2S_Transmit(I2S_HandleTypeDef *hi2s, uint16_t *pData, uint16_t Size, uint32_t Timeout);
      |                                                             ~~~~~~~~~~^~~~~
arm-none-eabi-gcc -o "STM32_dax.elf" @"objects.list"   -mcpu=cortex-m7 -T"C:\Users\Joshua\Documents\GitHub\STM32_GitHub\STM32_dax\STM32F767ZITX_FLASH.ld" --specs=nosys.specs -Wl,-Map="STM32_dax.map" -Wl,--gc-sections -static --specs=nano.specs -mfpu=fpv5-d16 -mfloat-abi=hard -mthumb -Wl,--start-group -lc -lm -Wl,--end-group
Finished building target: STM32_dax.elf
 
arm-none-eabi-size   STM32_dax.elf 
arm-none-eabi-objdump -h -S  STM32_dax.elf  > "STM32_dax.list"
arm-none-eabi-objcopy  -O binary  STM32_dax.elf  "STM32_dax.bin"
   text	   data	    bss	    dec	    hex	filename
  17304	     20	   2300	  19624	   4ca8	STM32_dax.elf
Finished building: default.size.stdout
 
Finished building: STM32_dax.bin
Finished building: STM32_dax.list
 
 
03:11:42 **** Incremental Build of configuration Debug for project STM32_dax ****
make -j16 all 
arm-none-eabi-gcc "../Core/Src/main.c" -mcpu=cortex-m7 -std=gnu11 -g3 -DDEBUG -DUSE_HAL_DRIVER -DSTM32F767xx -c -I../Core/Inc -I../Drivers/STM32F7xx_HAL_Driver/Inc -I../Drivers/STM32F7xx_HAL_Driver/Inc/Legacy -I../Drivers/CMSIS/Device/ST/STM32F7xx/Include -I../Drivers/CMSIS/Include -O0 -ffunction-sections -fdata-sections -Wall -fstack-usage -MMD -MP -MF"Core/Src/main.d" -MT"Core/Src/main.o" --specs=nano.specs -mfpu=fpv5-d16 -mfloat-abi=hard -mthumb -o "Core/Src/main.o"
../Core/Src/main.c: In function 'main':
../Core/Src/main.c:333:24: error: 'Z' undeclared (first use in this function)
  333 |   /* USER CODE END 2 */Z
      |                        ^
../Core/Src/main.c:333:24: note: each undeclared identifier is reported only once for each function it appears in
../Core/Src/main.c:333:25: error: expected ';' before 'while'
  333 |   /* USER CODE END 2 */Z
      |                         ^
      |                         ;
......
  337 |   while (1){
      |   ~~~~~                  
../Core/Src/main.c: In function 'HAL_UART_RxCpltCallback':
../Core/Src/main.c:532:22: warning: suggest parentheses around comparison in operand of '&' [-Wparentheses]
  532 |     if(received_char == 0xF & msgnum)
      |        ~~~~~~~~~~~~~~^~~~~~
../Core/Src/main.c:540:45: warning: suggest parentheses around comparison in operand of '&' [-Wparentheses]
  540 |        if((received_char == 0xF7)  & msgnum == 0)
      |                                      ~~~~~~~^~~~
../Core/Src/main.c:547:25: warning: suggest parentheses around comparison in operand of '&' [-Wparentheses]
  547 |        if(received_char < 0x80 & msgnum == 0)
      |           ~~~~~~~~~~~~~~^~~~~~
../Core/Src/main.c:571:9: warning: implicit declaration of function 'ProcessReceivedMidiDatas' [-Wimplicit-function-declaration]
  571 |         ProcessReceivedMidiDatas();
      |         ^~~~~~~~~~~~~~~~~~~~~~~~
../Core/Src/main.c:577:47: warning: suggest parentheses around comparison in operand of '&' [-Wparentheses]
  577 |          if((received_char == 0xF7)  & msgnum == 0)
      |                                        ~~~~~~~^~~~
../Core/Src/main.c:582:27: warning: suggest parentheses around comparison in operand of '&' [-Wparentheses]
  582 |          if(received_char < 0x80 & msgnum == 0)return;
      |             ~~~~~~~~~~~~~~^~~~~~
../Core/Src/main.c: At top level:
../Core/Src/main.c:611:6: warning: conflicting types for 'ProcessReceivedMidiDatas'
  611 | void ProcessReceivedMidiDatas(void)
      |      ^~~~~~~~~~~~~~~~~~~~~~~~
../Core/Src/main.c:571:9: note: previous implicit declaration of 'ProcessReceivedMidiDatas' was here
  571 |         ProcessReceivedMidiDatas();
      |         ^~~~~~~~~~~~~~~~~~~~~~~~
../Core/Src/main.c: In function 'play_note':
../Core/Src/main.c:657:27: warning: passing argument 2 of 'HAL_I2S_Transmit' discards 'const' qualifier from pointer target type [-Wdiscarded-qualifiers]
  657 |  HAL_I2S_Transmit(&hi2s1, triangle_wave, sizeof(triangle_wave)/sizeof(triangle_wave[0]), 10);
      |                           ^~~~~~~~~~~~~
In file included from ../Core/Inc/stm32f7xx_hal_conf.h:354,
                 from ../Drivers/STM32F7xx_HAL_Driver/Inc/stm32f7xx_hal.h:30,
                 from ../Core/Inc/main.h:31,
                 from ../Core/Src/main.c:21:
../Drivers/STM32F7xx_HAL_Driver/Inc/stm32f7xx_hal_i2s.h:436:71: note: expected 'uint16_t *' {aka 'short unsigned int *'} but argument is of type 'const uint16_t *' {aka 'const short unsigned int *'}
  436 | HAL_StatusTypeDef HAL_I2S_Transmit(I2S_HandleTypeDef *hi2s, uint16_t *pData, uint16_t Size, uint32_t Timeout);
      |                                                             ~~~~~~~~~~^~~~~
make: *** [Core/Src/subdir.mk:34: Core/Src/main.o] Error 1
"make -j16 all" terminated with exit code 2. Build might be incomplete.
03:11:56 **** Incremental Build of configuration Debug for project STM32_dax ****
make -j16 all 
arm-none-eabi-gcc "../Core/Src/main.c" -mcpu=cortex-m7 -std=gnu11 -g3 -DDEBUG -DUSE_HAL_DRIVER -DSTM32F767xx -c -I../Core/Inc -I../Drivers/STM32F7xx_HAL_Driver/Inc -I../Drivers/STM32F7xx_HAL_Driver/Inc/Legacy -I../Drivers/CMSIS/Device/ST/STM32F7xx/Include -I../Drivers/CMSIS/Include -O0 -ffunction-sections -fdata-sections -Wall -fstack-usage -MMD -MP -MF"Core/Src/main.d" -MT"Core/Src/main.o" --specs=nano.specs -mfpu=fpv5-d16 -mfloat-abi=hard -mthumb -o "Core/Src/main.o"
../Core/Src/main.c: In function 'main':
../Core/Src/main.c:338:29: warning: passing argument 2 of 'HAL_I2S_Transmit' discards 'const' qualifier from pointer target type [-Wdiscarded-qualifiers]
  338 |    HAL_I2S_Transmit(&hi2s1, triangle_wave, sizeof(triangle_wave)/sizeof(triangle_wave[0]), 10);
      |                             ^~~~~~~~~~~~~
In file included from ../Core/Inc/stm32f7xx_hal_conf.h:354,
                 from ../Drivers/STM32F7xx_HAL_Driver/Inc/stm32f7xx_hal.h:30,
                 from ../Core/Inc/main.h:31,
                 from ../Core/Src/main.c:21:
../Drivers/STM32F7xx_HAL_Driver/Inc/stm32f7xx_hal_i2s.h:436:71: note: expected 'uint16_t *' {aka 'short unsigned int *'} but argument is of type 'const uint16_t *' {aka 'const short unsigned int *'}
  436 | HAL_StatusTypeDef HAL_I2S_Transmit(I2S_HandleTypeDef *hi2s, uint16_t *pData, uint16_t Size, uint32_t Timeout);
      |                                                             ~~~~~~~~~~^~~~~
../Core/Src/main.c: In function 'HAL_UART_RxCpltCallback':
../Core/Src/main.c:532:22: warning: suggest parentheses around comparison in operand of '&' [-Wparentheses]
  532 |     if(received_char == 0xF & msgnum)
      |        ~~~~~~~~~~~~~~^~~~~~
../Core/Src/main.c:540:45: warning: suggest parentheses around comparison in operand of '&' [-Wparentheses]
  540 |        if((received_char == 0xF7)  & msgnum == 0)
      |                                      ~~~~~~~^~~~
../Core/Src/main.c:547:25: warning: suggest parentheses around comparison in operand of '&' [-Wparentheses]
  547 |        if(received_char < 0x80 & msgnum == 0)
      |           ~~~~~~~~~~~~~~^~~~~~
../Core/Src/main.c:571:9: warning: implicit declaration of function 'ProcessReceivedMidiDatas' [-Wimplicit-function-declaration]
  571 |         ProcessReceivedMidiDatas();
      |         ^~~~~~~~~~~~~~~~~~~~~~~~
../Core/Src/main.c:577:47: warning: suggest parentheses around comparison in operand of '&' [-Wparentheses]
  577 |          if((received_char == 0xF7)  & msgnum == 0)
      |                                        ~~~~~~~^~~~
../Core/Src/main.c:582:27: warning: suggest parentheses around comparison in operand of '&' [-Wparentheses]
  582 |          if(received_char < 0x80 & msgnum == 0)return;
      |             ~~~~~~~~~~~~~~^~~~~~
../Core/Src/main.c: At top level:
../Core/Src/main.c:611:6: warning: conflicting types for 'ProcessReceivedMidiDatas'
  611 | void ProcessReceivedMidiDatas(void)
      |      ^~~~~~~~~~~~~~~~~~~~~~~~
../Core/Src/main.c:571:9: note: previous implicit declaration of 'ProcessReceivedMidiDatas' was here
  571 |         ProcessReceivedMidiDatas();
      |         ^~~~~~~~~~~~~~~~~~~~~~~~
../Core/Src/main.c: In function 'play_note':
../Core/Src/main.c:657:27: warning: passing argument 2 of 'HAL_I2S_Transmit' discards 'const' qualifier from pointer target type [-Wdiscarded-qualifiers]
  657 |  HAL_I2S_Transmit(&hi2s1, triangle_wave, sizeof(triangle_wave)/sizeof(triangle_wave[0]), 10);
      |                           ^~~~~~~~~~~~~
In file included from ../Core/Inc/stm32f7xx_hal_conf.h:354,
                 from ../Drivers/STM32F7xx_HAL_Driver/Inc/stm32f7xx_hal.h:30,
                 from ../Core/Inc/main.h:31,
                 from ../Core/Src/main.c:21:
../Drivers/STM32F7xx_HAL_Driver/Inc/stm32f7xx_hal_i2s.h:436:71: note: expected 'uint16_t *' {aka 'short unsigned int *'} but argument is of type 'const uint16_t *' {aka 'const short unsigned int *'}
  436 | HAL_StatusTypeDef HAL_I2S_Transmit(I2S_HandleTypeDef *hi2s, uint16_t *pData, uint16_t Size, uint32_t Timeout);
      |                                                             ~~~~~~~~~~^~~~~
arm-none-eabi-gcc -o "STM32_dax.elf" @"objects.list"   -mcpu=cortex-m7 -T"C:\Users\Joshua\Documents\GitHub\STM32_GitHub\STM32_dax\STM32F767ZITX_FLASH.ld" --specs=nosys.specs -Wl,-Map="STM32_dax.map" -Wl,--gc-sections -static --specs=nano.specs -mfpu=fpv5-d16 -mfloat-abi=hard -mthumb -Wl,--start-group -lc -lm -Wl,--end-group
Finished building target: STM32_dax.elf
 
arm-none-eabi-size   STM32_dax.elf 
arm-none-eabi-objdump -h -S  STM32_dax.elf  > "STM32_dax.list"
arm-none-eabi-objcopy  -O binary  STM32_dax.elf  "STM32_dax.bin"
   text	   data	    bss	    dec	    hex	filename
  17304	     20	   2300	  19624	   4ca8	STM32_dax.elf
Finished building: default.size.stdout
 
Finished building: STM32_dax.bin
 
Finished building: STM32_dax.list
 
