04:23:53 **** Incremental Build of configuration Debug for project SynthC ****
make -j16 all 
arm-none-eabi-size   SynthC.elf 
   text	   data	    bss	    dec	    hex	filename
  12240	     20	   1700	  13960	   3688	SynthC.elf
Finished building: default.size.stdout
 
04:24:54 **** Incremental Build of configuration Debug for project SynthC ****
make -j16 all 
arm-none-eabi-gcc "../Core/Src/main.c" -mcpu=cortex-m7 -std=gnu11 -g3 -DDEBUG -DUSE_HAL_DRIVER -DSTM32F767xx -c -I../Core/Inc -I../Drivers/STM32F7xx_HAL_Driver/Inc -I../Drivers/STM32F7xx_HAL_Driver/Inc/Legacy -I../Drivers/CMSIS/Device/ST/STM32F7xx/Include -I../Drivers/CMSIS/Include -O0 -ffunction-sections -fdata-sections -Wall -fstack-usage -MMD -MP -MF"Core/Src/main.d" -MT"Core/Src/main.o" --specs=nano.specs -mfpu=fpv5-d16 -mfloat-abi=hard -mthumb -o "Core/Src/main.o"
../Core/Src/main.c: In function 'main':
../Core/Src/main.c:100:4: warning: implicit declaration of function 'USARTx_CharReception_Callback' [-Wimplicit-function-declaration]
  100 |    USARTx_CharReception_Callback();
      |    ^~~~~~~~~~~~~~~~~~~~~~~~~~~~~
../Core/Src/main.c: At top level:
../Core/Src/main.c:217:6: warning: conflicting types for 'USARTx_CharReception_Callback'
  217 | void USARTx_CharReception_Callback(void)
      |      ^~~~~~~~~~~~~~~~~~~~~~~~~~~~~
../Core/Src/main.c:100:4: note: previous implicit declaration of 'USARTx_CharReception_Callback' was here
  100 |    USARTx_CharReception_Callback();
      |    ^~~~~~~~~~~~~~~~~~~~~~~~~~~~~
arm-none-eabi-gcc -o "SynthC.elf" @"objects.list"   -mcpu=cortex-m7 -T"C:\Users\Joshua\Documents\GitHub\STM32_GitHub\SynthC\STM32F767ZITX_FLASH.ld" --specs=nosys.specs -Wl,-Map="SynthC.map" -Wl,--gc-sections -static --specs=nano.specs -mfpu=fpv5-d16 -mfloat-abi=hard -mthumb -Wl,--start-group -lc -lm -Wl,--end-group
Finished building target: SynthC.elf
 
arm-none-eabi-size   SynthC.elf 
arm-none-eabi-objdump -h -S  SynthC.elf  > "SynthC.list"
arm-none-eabi-objcopy  -O binary  SynthC.elf  "SynthC.bin"
   text	   data	    bss	    dec	    hex	filename
  12396	     20	   1700	  14116	   3724	SynthC.elf
Finished building: default.size.stdout
 
Finished building: SynthC.bin
 
Finished building: SynthC.list
 
