21:27:39 **** Incremental Build of configuration Debug for project SynthC ****
make -j16 all 
arm-none-eabi-size   SynthC.elf 
   text	   data	    bss	    dec	    hex	filename
  11096	     20	   1716	  12832	   3220	SynthC.elf
Finished building: default.size.stdout
 
21:27:43 **** Incremental Build of configuration Debug for project SynthC ****
make -j16 all 
arm-none-eabi-size   SynthC.elf 
   text	   data	    bss	    dec	    hex	filename
  11096	     20	   1716	  12832	   3220	SynthC.elf
Finished building: default.size.stdout
 
21:31:08 **** Incremental Build of configuration Debug for project SynthC ****
make -j16 all 
arm-none-eabi-size   SynthC.elf 
   text	   data	    bss	    dec	    hex	filename
  11096	     20	   1716	  12832	   3220	SynthC.elf
Finished building: default.size.stdout
 
21:31:15 **** Incremental Build of configuration Debug for project SynthC ****
make -j16 all 
arm-none-eabi-size   SynthC.elf 
   text	   data	    bss	    dec	    hex	filename
  11096	     20	   1716	  12832	   3220	SynthC.elf
Finished building: default.size.stdout
 
21:38:02 **** Incremental Build of configuration Debug for project SynthC ****
make -j16 all 
arm-none-eabi-gcc "../Core/Src/main.c" -mcpu=cortex-m7 -std=gnu11 -g3 -DDEBUG -DUSE_HAL_DRIVER -DSTM32F767xx -c -I../Core/Inc -I../Drivers/STM32F7xx_HAL_Driver/Inc -I../Drivers/STM32F7xx_HAL_Driver/Inc/Legacy -I../Drivers/CMSIS/Device/ST/STM32F7xx/Include -I../Drivers/CMSIS/Include -O0 -ffunction-sections -fdata-sections -Wall -fstack-usage -MMD -MP -MF"Core/Src/main.d" -MT"Core/Src/main.o" --specs=nano.specs -mfpu=fpv5-d16 -mfloat-abi=hard -mthumb -o "Core/Src/main.o"
../Core/Src/main.c: In function 'main':
../Core/Src/main.c:105:9: warning: type defaults to 'int' in declaration of 'testVar' [-Wimplicit-int]
  105 |    auto testVar = MIDI_buffer;
      |         ^~~~~~~
../Core/Src/main.c:105:19: warning: initialization of 'int' from 'uint8_t *' {aka 'unsigned char *'} makes integer from pointer without a cast [-Wint-conversion]
  105 |    auto testVar = MIDI_buffer;
      |                   ^~~~~~~~~~~
../Core/Src/main.c:106:8: error: 'MIDI_bufferr' undeclared (first use in this function); did you mean 'MIDI_buffer'?
  106 |    if (MIDI_bufferr != 0){
      |        ^~~~~~~~~~~~
      |        MIDI_buffer
../Core/Src/main.c:106:8: note: each undeclared identifier is reported only once for each function it appears in
../Core/Src/main.c:105:9: warning: unused variable 'testVar' [-Wunused-variable]
  105 |    auto testVar = MIDI_buffer;
      |         ^~~~~~~
../Core/Src/main.c:104:18: warning: unused variable 'received_char' [-Wunused-variable]
  104 |    __IO uint32_t received_char;
      |                  ^~~~~~~~~~~~~
make: *** [Core/Src/subdir.mk:34: Core/Src/main.o] Error 1
"make -j16 all" terminated with exit code 2. Build might be incomplete.
21:38:26 **** Incremental Build of configuration Debug for project SynthC ****
make -j16 all 
arm-none-eabi-gcc "../Core/Src/main.c" -mcpu=cortex-m7 -std=gnu11 -g3 -DDEBUG -DUSE_HAL_DRIVER -DSTM32F767xx -c -I../Core/Inc -I../Drivers/STM32F7xx_HAL_Driver/Inc -I../Drivers/STM32F7xx_HAL_Driver/Inc/Legacy -I../Drivers/CMSIS/Device/ST/STM32F7xx/Include -I../Drivers/CMSIS/Include -O0 -ffunction-sections -fdata-sections -Wall -fstack-usage -MMD -MP -MF"Core/Src/main.d" -MT"Core/Src/main.o" --specs=nano.specs -mfpu=fpv5-d16 -mfloat-abi=hard -mthumb -o "Core/Src/main.o"
../Core/Src/main.c: In function 'main':
../Core/Src/main.c:105:8: error: 'MIDI_bufferr' undeclared (first use in this function); did you mean 'MIDI_buffer'?
  105 |    if (MIDI_bufferr != 0){
      |        ^~~~~~~~~~~~
      |        MIDI_buffer
../Core/Src/main.c:105:8: note: each undeclared identifier is reported only once for each function it appears in
../Core/Src/main.c:104:18: warning: unused variable 'received_char' [-Wunused-variable]
  104 |    __IO uint32_t received_char;
      |                  ^~~~~~~~~~~~~
make: *** [Core/Src/subdir.mk:34: Core/Src/main.o] Error 1
"make -j16 all" terminated with exit code 2. Build might be incomplete.
21:38:47 **** Incremental Build of configuration Debug for project SynthC ****
make -j16 all 
arm-none-eabi-gcc "../Core/Src/main.c" -mcpu=cortex-m7 -std=gnu11 -g3 -DDEBUG -DUSE_HAL_DRIVER -DSTM32F767xx -c -I../Core/Inc -I../Drivers/STM32F7xx_HAL_Driver/Inc -I../Drivers/STM32F7xx_HAL_Driver/Inc/Legacy -I../Drivers/CMSIS/Device/ST/STM32F7xx/Include -I../Drivers/CMSIS/Include -O0 -ffunction-sections -fdata-sections -Wall -fstack-usage -MMD -MP -MF"Core/Src/main.d" -MT"Core/Src/main.o" --specs=nano.specs -mfpu=fpv5-d16 -mfloat-abi=hard -mthumb -o "Core/Src/main.o"
arm-none-eabi-gcc -o "SynthC.elf" @"objects.list"   -mcpu=cortex-m7 -T"C:\Users\Joshua\Documents\GitHub\STM32_GitHub\SynthC\STM32F767ZITX_FLASH.ld" --specs=nosys.specs -Wl,-Map="SynthC.map" -Wl,--gc-sections -static --specs=nano.specs -mfpu=fpv5-d16 -mfloat-abi=hard -mthumb -Wl,--start-group -lc -lm -Wl,--end-group
Finished building target: SynthC.elf
 
arm-none-eabi-size   SynthC.elf 
arm-none-eabi-objdump -h -S  SynthC.elf  > "SynthC.list"
arm-none-eabi-objcopy  -O binary  SynthC.elf  "SynthC.bin"
   text	   data	    bss	    dec	    hex	filename
  11080	     20	   1780	  12880	   3250	SynthC.elf
Finished building: default.size.stdout
 
Finished building: SynthC.bin
 
Finished building: SynthC.list
 
21:39:02 **** Incremental Build of configuration Debug for project SynthC ****
make -j16 all 
arm-none-eabi-size   SynthC.elf 
   text	   data	    bss	    dec	    hex	filename
  11080	     20	   1780	  12880	   3250	SynthC.elf
Finished building: default.size.stdout
 
21:40:43 **** Incremental Build of configuration Debug for project SynthC ****
make -j16 all 
arm-none-eabi-size   SynthC.elf 
   text	   data	    bss	    dec	    hex	filename
  11080	     20	   1780	  12880	   3250	SynthC.elf
Finished building: default.size.stdout
 
21:40:48 **** Incremental Build of configuration Debug for project SynthC ****
make -j16 all 
arm-none-eabi-size   SynthC.elf 
   text	   data	    bss	    dec	    hex	filename
  11080	     20	   1780	  12880	   3250	SynthC.elf
Finished building: default.size.stdout
 
21:45:18 **** Incremental Build of configuration Debug for project SynthC ****
make -j16 all 
arm-none-eabi-gcc "../Core/Src/main.c" -mcpu=cortex-m7 -std=gnu11 -g3 -DDEBUG -DUSE_HAL_DRIVER -DSTM32F767xx -c -I../Core/Inc -I../Drivers/STM32F7xx_HAL_Driver/Inc -I../Drivers/STM32F7xx_HAL_Driver/Inc/Legacy -I../Drivers/CMSIS/Device/ST/STM32F7xx/Include -I../Drivers/CMSIS/Include -O0 -ffunction-sections -fdata-sections -Wall -fstack-usage -MMD -MP -MF"Core/Src/main.d" -MT"Core/Src/main.o" --specs=nano.specs -mfpu=fpv5-d16 -mfloat-abi=hard -mthumb -o "Core/Src/main.o"
arm-none-eabi-gcc -o "SynthC.elf" @"objects.list"   -mcpu=cortex-m7 -T"C:\Users\Joshua\Documents\GitHub\STM32_GitHub\SynthC\STM32F767ZITX_FLASH.ld" --specs=nosys.specs -Wl,-Map="SynthC.map" -Wl,--gc-sections -static --specs=nano.specs -mfpu=fpv5-d16 -mfloat-abi=hard -mthumb -Wl,--start-group -lc -lm -Wl,--end-group
Finished building target: SynthC.elf
 
arm-none-eabi-size   SynthC.elf 
arm-none-eabi-objdump -h -S  SynthC.elf  > "SynthC.list"
arm-none-eabi-objcopy  -O binary  SynthC.elf  "SynthC.bin"
   text	   data	    bss	    dec	    hex	filename
  11080	     20	   1780	  12880	   3250	SynthC.elf
Finished building: default.size.stdout
 
Finished building: SynthC.bin
 
Finished building: SynthC.list
 
21:48:10 **** Incremental Build of configuration Debug for project SynthC ****
make -j16 all 
arm-none-eabi-size   SynthC.elf 
   text	   data	    bss	    dec	    hex	filename
  11080	     20	   1780	  12880	   3250	SynthC.elf
Finished building: default.size.stdout
 
21:55:46 **** Incremental Build of configuration Debug for project SynthC ****
make -j16 all 
arm-none-eabi-gcc "../Core/Src/main.c" -mcpu=cortex-m7 -std=gnu11 -g3 -DDEBUG -DUSE_HAL_DRIVER -DSTM32F767xx -c -I../Core/Inc -I../Drivers/STM32F7xx_HAL_Driver/Inc -I../Drivers/STM32F7xx_HAL_Driver/Inc/Legacy -I../Drivers/CMSIS/Device/ST/STM32F7xx/Include -I../Drivers/CMSIS/Include -O0 -ffunction-sections -fdata-sections -Wall -fstack-usage -MMD -MP -MF"Core/Src/main.d" -MT"Core/Src/main.o" --specs=nano.specs -mfpu=fpv5-d16 -mfloat-abi=hard -mthumb -o "Core/Src/main.o"
../Core/Src/main.c: In function 'main':
../Core/Src/main.c:104:23: warning: suggest parentheses around comparison in operand of '&' [-Wparentheses]
  104 |    if (MIDI_buffer[0] & 0xF0 == 0x90){
      |                       ^
arm-none-eabi-gcc -o "SynthC.elf" @"objects.list"   -mcpu=cortex-m7 -T"C:\Users\Joshua\Documents\GitHub\STM32_GitHub\SynthC\STM32F767ZITX_FLASH.ld" --specs=nosys.specs -Wl,-Map="SynthC.map" -Wl,--gc-sections -static --specs=nano.specs -mfpu=fpv5-d16 -mfloat-abi=hard -mthumb -Wl,--start-group -lc -lm -Wl,--end-group
Finished building target: SynthC.elf
 
arm-none-eabi-size   SynthC.elf 
arm-none-eabi-objdump -h -S  SynthC.elf  > "SynthC.list"
arm-none-eabi-objcopy  -O binary  SynthC.elf  "SynthC.bin"
   text	   data	    bss	    dec	    hex	filename
  11016	     20	   1780	  12816	   3210	SynthC.elf
Finished building: default.size.stdout
 
Finished building: SynthC.bin
 
Finished building: SynthC.list
 
21:56:42 **** Incremental Build of configuration Debug for project SynthC ****
make -j16 all 
arm-none-eabi-gcc "../Core/Src/main.c" -mcpu=cortex-m7 -std=gnu11 -g3 -DDEBUG -DUSE_HAL_DRIVER -DSTM32F767xx -c -I../Core/Inc -I../Drivers/STM32F7xx_HAL_Driver/Inc -I../Drivers/STM32F7xx_HAL_Driver/Inc/Legacy -I../Drivers/CMSIS/Device/ST/STM32F7xx/Include -I../Drivers/CMSIS/Include -O0 -ffunction-sections -fdata-sections -Wall -fstack-usage -MMD -MP -MF"Core/Src/main.d" -MT"Core/Src/main.o" --specs=nano.specs -mfpu=fpv5-d16 -mfloat-abi=hard -mthumb -o "Core/Src/main.o"
arm-none-eabi-gcc -o "SynthC.elf" @"objects.list"   -mcpu=cortex-m7 -T"C:\Users\Joshua\Documents\GitHub\STM32_GitHub\SynthC\STM32F767ZITX_FLASH.ld" --specs=nosys.specs -Wl,-Map="SynthC.map" -Wl,--gc-sections -static --specs=nano.specs -mfpu=fpv5-d16 -mfloat-abi=hard -mthumb -Wl,--start-group -lc -lm -Wl,--end-group
Finished building target: SynthC.elf
 
arm-none-eabi-size   SynthC.elf 
arm-none-eabi-objdump -h -S  SynthC.elf  > "SynthC.list"
arm-none-eabi-objcopy  -O binary  SynthC.elf  "SynthC.bin"
   text	   data	    bss	    dec	    hex	filename
  11092	     20	   1780	  12892	   325c	SynthC.elf
Finished building: default.size.stdout
 
Finished building: SynthC.bin
 
Finished building: SynthC.list
 
21:56:59 **** Incremental Build of configuration Debug for project SynthC ****
make -j16 all 
arm-none-eabi-size   SynthC.elf 
   text	   data	    bss	    dec	    hex	filename
  11092	     20	   1780	  12892	   325c	SynthC.elf
Finished building: default.size.stdout
 
21:58:17 **** Incremental Build of configuration Debug for project SynthC ****
make -j16 all 
arm-none-eabi-gcc "../Core/Src/main.c" -mcpu=cortex-m7 -std=gnu11 -g3 -DDEBUG -DUSE_HAL_DRIVER -DSTM32F767xx -c -I../Core/Inc -I../Drivers/STM32F7xx_HAL_Driver/Inc -I../Drivers/STM32F7xx_HAL_Driver/Inc/Legacy -I../Drivers/CMSIS/Device/ST/STM32F7xx/Include -I../Drivers/CMSIS/Include -O0 -ffunction-sections -fdata-sections -Wall -fstack-usage -MMD -MP -MF"Core/Src/main.d" -MT"Core/Src/main.o" --specs=nano.specs -mfpu=fpv5-d16 -mfloat-abi=hard -mthumb -o "Core/Src/main.o"
arm-none-eabi-gcc -o "SynthC.elf" @"objects.list"   -mcpu=cortex-m7 -T"C:\Users\Joshua\Documents\GitHub\STM32_GitHub\SynthC\STM32F767ZITX_FLASH.ld" --specs=nosys.specs -Wl,-Map="SynthC.map" -Wl,--gc-sections -static --specs=nano.specs -mfpu=fpv5-d16 -mfloat-abi=hard -mthumb -Wl,--start-group -lc -lm -Wl,--end-group
Finished building target: SynthC.elf
 
arm-none-eabi-size   SynthC.elf 
arm-none-eabi-objdump -h -S  SynthC.elf  > "SynthC.list"
arm-none-eabi-objcopy  -O binary  SynthC.elf  "SynthC.bin"
   text	   data	    bss	    dec	    hex	filename
  11092	     20	   1780	  12892	   325c	SynthC.elf
Finished building: default.size.stdout
 
Finished building: SynthC.bin
 
Finished building: SynthC.list
 
21:58:29 **** Incremental Build of configuration Debug for project SynthC ****
make -j16 all 
arm-none-eabi-size   SynthC.elf 
   text	   data	    bss	    dec	    hex	filename
  11092	     20	   1780	  12892	   325c	SynthC.elf
Finished building: default.size.stdout
 
21:58:45 **** Incremental Build of configuration Debug for project SynthC ****
make -j16 all 
arm-none-eabi-size   SynthC.elf 
   text	   data	    bss	    dec	    hex	filename
  11092	     20	   1780	  12892	   325c	SynthC.elf
Finished building: default.size.stdout
 
21:59:47 **** Incremental Build of configuration Debug for project SynthC ****
make -j16 all 
arm-none-eabi-size   SynthC.elf 
   text	   data	    bss	    dec	    hex	filename
  11092	     20	   1780	  12892	   325c	SynthC.elf
Finished building: default.size.stdout
 
22:02:44 **** Incremental Build of configuration Debug for project SynthC ****
make -j16 all 
arm-none-eabi-gcc "../Core/Src/main.c" -mcpu=cortex-m7 -std=gnu11 -g3 -DDEBUG -DUSE_HAL_DRIVER -DSTM32F767xx -c -I../Core/Inc -I../Drivers/STM32F7xx_HAL_Driver/Inc -I../Drivers/STM32F7xx_HAL_Driver/Inc/Legacy -I../Drivers/CMSIS/Device/ST/STM32F7xx/Include -I../Drivers/CMSIS/Include -O0 -ffunction-sections -fdata-sections -Wall -fstack-usage -MMD -MP -MF"Core/Src/main.d" -MT"Core/Src/main.o" --specs=nano.specs -mfpu=fpv5-d16 -mfloat-abi=hard -mthumb -o "Core/Src/main.o"
../Core/Src/main.c: In function 'main':
../Core/Src/main.c:104:4: warning: implicit declaration of function 'MIDI_parser' [-Wimplicit-function-declaration]
  104 |    MIDI_parser(MIDI_buffer,0)
      |    ^~~~~~~~~~~
../Core/Src/main.c:104:30: error: expected ';' before 'if'
  104 |    MIDI_parser(MIDI_buffer,0)
      |                              ^
      |                              ;
  105 |    if ((MIDI_buffer[0] & 0xF0) == 0x90){
      |    ~~                         
../Core/Src/main.c: At top level:
../Core/Src/main.c:227:6: warning: conflicting types for 'MIDI_parser'
  227 | void MIDI_parser(uint8_t* MIDI_buffer, uint8_t nb_MIDI_bytes){
      |      ^~~~~~~~~~~
../Core/Src/main.c:104:4: note: previous implicit declaration of 'MIDI_parser' was here
  104 |    MIDI_parser(MIDI_buffer,0)
      |    ^~~~~~~~~~~
../Core/Src/main.c: In function 'MIDI_parser':
../Core/Src/main.c:310:1: error: expected declaration or statement at end of input
  310 | }
      | ^
../Core/Src/main.c:310:1: error: expected declaration or statement at end of input
../Core/Src/main.c:310:1: error: expected declaration or statement at end of input
../Core/Src/main.c:310:1: error: expected declaration or statement at end of input
../Core/Src/main.c:237:13: warning: unused variable 'PB_wheel' [-Wunused-variable]
  237 |   uint16_t  PB_wheel;
      |             ^~~~~~~~
../Core/Src/main.c:233:34: warning: unused variable 'MIDI_PB_byte2' [-Wunused-variable]
  233 |   static uint8_t  MIDI_PB_byte1, MIDI_PB_byte2;
      |                                  ^~~~~~~~~~~~~
../Core/Src/main.c:233:19: warning: unused variable 'MIDI_PB_byte1' [-Wunused-variable]
  233 |   static uint8_t  MIDI_PB_byte1, MIDI_PB_byte2;
      |                   ^~~~~~~~~~~~~
../Core/Src/main.c:232:35: warning: unused variable 'MIDI_CC_value' [-Wunused-variable]
  232 |   static uint8_t  MIDI_CC_number, MIDI_CC_value;
      |                                   ^~~~~~~~~~~~~
../Core/Src/main.c:232:19: warning: unused variable 'MIDI_CC_number' [-Wunused-variable]
  232 |   static uint8_t  MIDI_CC_number, MIDI_CC_value;
      |                   ^~~~~~~~~~~~~~
../Core/Src/main.c:231:29: warning: unused variable 'MIDI_velocity' [-Wunused-variable]
  231 |   static uint8_t MIDI_note, MIDI_velocity;
      |                             ^~~~~~~~~~~~~
../Core/Src/main.c:231:18: warning: unused variable 'MIDI_note' [-Wunused-variable]
  231 |   static uint8_t MIDI_note, MIDI_velocity;
      |                  ^~~~~~~~~
At top level:
../Core/Src/main.c:231:18: warning: 'MIDI_note' defined but not used [-Wunused-variable]
../Core/Src/main.c:231:29: warning: 'MIDI_velocity' defined but not used [-Wunused-variable]
  231 |   static uint8_t MIDI_note, MIDI_velocity;
      |                             ^~~~~~~~~~~~~
../Core/Src/main.c:232:19: warning: 'MIDI_CC_number' defined but not used [-Wunused-variable]
  232 |   static uint8_t  MIDI_CC_number, MIDI_CC_value;
      |                   ^~~~~~~~~~~~~~
../Core/Src/main.c:232:35: warning: 'MIDI_CC_value' defined but not used [-Wunused-variable]
  232 |   static uint8_t  MIDI_CC_number, MIDI_CC_value;
      |                                   ^~~~~~~~~~~~~
../Core/Src/main.c:233:19: warning: 'MIDI_PB_byte1' defined but not used [-Wunused-variable]
  233 |   static uint8_t  MIDI_PB_byte1, MIDI_PB_byte2;
      |                   ^~~~~~~~~~~~~
../Core/Src/main.c:233:34: warning: 'MIDI_PB_byte2' defined but not used [-Wunused-variable]
  233 |   static uint8_t  MIDI_PB_byte1, MIDI_PB_byte2;
      |                                  ^~~~~~~~~~~~~
../Core/Src/main.c:301:6: warning: 'Error_Handler' defined but not used [-Wunused-function]
  301 | void Error_Handler(void)
      |      ^~~~~~~~~~~~~
../Core/Src/main.c:289:6: warning: 'UARTx_CharReception_Callback' defined but not used [-Wunused-function]
  289 | void UARTx_CharReception_Callback(void)
      |      ^~~~~~~~~~~~~~~~~~~~~~~~~~~~
make: *** [Core/Src/subdir.mk:34: Core/Src/main.o] Error 1
"make -j16 all" terminated with exit code 2. Build might be incomplete.
22:03:47 **** Incremental Build of configuration Debug for project SynthC ****
make -j16 all 
arm-none-eabi-gcc "../Core/Src/main.c" -mcpu=cortex-m7 -std=gnu11 -g3 -DDEBUG -DUSE_HAL_DRIVER -DSTM32F767xx -c -I../Core/Inc -I../Drivers/STM32F7xx_HAL_Driver/Inc -I../Drivers/STM32F7xx_HAL_Driver/Inc/Legacy -I../Drivers/CMSIS/Device/ST/STM32F7xx/Include -I../Drivers/CMSIS/Include -O0 -ffunction-sections -fdata-sections -Wall -fstack-usage -MMD -MP -MF"Core/Src/main.d" -MT"Core/Src/main.o" --specs=nano.specs -mfpu=fpv5-d16 -mfloat-abi=hard -mthumb -o "Core/Src/main.o"
../Core/Src/main.c: In function 'main':
../Core/Src/main.c:104:4: warning: implicit declaration of function 'MIDI_parser' [-Wimplicit-function-declaration]
  104 |    MIDI_parser(MIDI_buffer);
      |    ^~~~~~~~~~~
../Core/Src/main.c: At top level:
../Core/Src/main.c:224:6: warning: conflicting types for 'MIDI_parser'
  224 | void MIDI_parser(uint8_t* MIDI_buffer){
      |      ^~~~~~~~~~~
../Core/Src/main.c:104:4: note: previous implicit declaration of 'MIDI_parser' was here
  104 |    MIDI_parser(MIDI_buffer);
      |    ^~~~~~~~~~~
arm-none-eabi-gcc -o "SynthC.elf" @"objects.list"   -mcpu=cortex-m7 -T"C:\Users\Joshua\Documents\GitHub\STM32_GitHub\SynthC\STM32F767ZITX_FLASH.ld" --specs=nosys.specs -Wl,-Map="SynthC.map" -Wl,--gc-sections -static --specs=nano.specs -mfpu=fpv5-d16 -mfloat-abi=hard -mthumb -Wl,--start-group -lc -lm -Wl,--end-group
Finished building target: SynthC.elf
 
arm-none-eabi-size   SynthC.elf 
arm-none-eabi-objdump -h -S  SynthC.elf  > "SynthC.list"
arm-none-eabi-objcopy  -O binary  SynthC.elf  "SynthC.bin"
   text	   data	    bss	    dec	    hex	filename
  11116	     20	   1780	  12916	   3274	SynthC.elf
Finished building: default.size.stdout
 
Finished building: SynthC.bin
 
Finished building: SynthC.list
 
22:05:34 **** Incremental Build of configuration Debug for project SynthC ****
make -j16 all 
arm-none-eabi-size   SynthC.elf 
   text	   data	    bss	    dec	    hex	filename
  11116	     20	   1780	  12916	   3274	SynthC.elf
Finished building: default.size.stdout
 
22:06:55 **** Incremental Build of configuration Debug for project SynthC ****
make -j16 all 
arm-none-eabi-size   SynthC.elf 
   text	   data	    bss	    dec	    hex	filename
  11116	     20	   1780	  12916	   3274	SynthC.elf
Finished building: default.size.stdout
 
22:07:04 **** Incremental Build of configuration Debug for project SynthC ****
make -j16 all 
arm-none-eabi-size   SynthC.elf 
   text	   data	    bss	    dec	    hex	filename
  11116	     20	   1780	  12916	   3274	SynthC.elf
Finished building: default.size.stdout
 
22:07:50 **** Incremental Build of configuration Debug for project SynthC ****
make -j16 all 
arm-none-eabi-size   SynthC.elf 
   text	   data	    bss	    dec	    hex	filename
  11116	     20	   1780	  12916	   3274	SynthC.elf
Finished building: default.size.stdout
 
22:10:01 **** Incremental Build of configuration Debug for project SynthC ****
make -j16 all 
arm-none-eabi-size   SynthC.elf 
   text	   data	    bss	    dec	    hex	filename
  11116	     20	   1780	  12916	   3274	SynthC.elf
Finished building: default.size.stdout
 
22:12:00 **** Incremental Build of configuration Debug for project SynthC ****
make -j16 all 
arm-none-eabi-gcc "../Core/Src/main.c" -mcpu=cortex-m7 -std=gnu11 -g3 -DDEBUG -DUSE_HAL_DRIVER -DSTM32F767xx -c -I../Core/Inc -I../Drivers/STM32F7xx_HAL_Driver/Inc -I../Drivers/STM32F7xx_HAL_Driver/Inc/Legacy -I../Drivers/CMSIS/Device/ST/STM32F7xx/Include -I../Drivers/CMSIS/Include -O0 -ffunction-sections -fdata-sections -Wall -fstack-usage -MMD -MP -MF"Core/Src/main.d" -MT"Core/Src/main.o" --specs=nano.specs -mfpu=fpv5-d16 -mfloat-abi=hard -mthumb -o "Core/Src/main.o"
../Core/Src/main.c: In function 'main':
../Core/Src/main.c:104:31: warning: passing argument 2 of 'HAL_UART_Receive' makes pointer from integer without a cast [-Wint-conversion]
  104 |    HAL_UART_Receive (&huart4, MIDI_bufferOne, 64, 5000);
      |                               ^~~~~~~~~~~~~~
      |                               |
      |                               uint8_t {aka unsigned char}
In file included from ../Core/Inc/stm32f7xx_hal_conf.h:410,
                 from ../Drivers/STM32F7xx_HAL_Driver/Inc/stm32f7xx_hal.h:30,
                 from ../Core/Inc/main.h:31,
                 from ../Core/Src/main.c:21:
../Drivers/STM32F7xx_HAL_Driver/Inc/stm32f7xx_hal_uart.h:1532:72: note: expected 'uint8_t *' {aka 'unsigned char *'} but argument is of type 'uint8_t' {aka 'unsigned char'}
 1532 | HAL_StatusTypeDef HAL_UART_Receive(UART_HandleTypeDef *huart, uint8_t *pData, uint16_t Size, uint32_t Timeout);
      |                                                               ~~~~~~~~~^~~~~
../Core/Src/main.c:105:4: warning: implicit declaration of function 'MIDI_parser' [-Wimplicit-function-declaration]
  105 |    MIDI_parser(MIDI_bufferOne);
      |    ^~~~~~~~~~~
../Core/Src/main.c: At top level:
../Core/Src/main.c:225:6: warning: conflicting types for 'MIDI_parser'
  225 | void MIDI_parser(uint8_t MIDI_buffer){
      |      ^~~~~~~~~~~
../Core/Src/main.c:105:4: note: previous implicit declaration of 'MIDI_parser' was here
  105 |    MIDI_parser(MIDI_bufferOne);
      |    ^~~~~~~~~~~
arm-none-eabi-gcc -o "SynthC.elf" @"objects.list"   -mcpu=cortex-m7 -T"C:\Users\Joshua\Documents\GitHub\STM32_GitHub\SynthC\STM32F767ZITX_FLASH.ld" --specs=nosys.specs -Wl,-Map="SynthC.map" -Wl,--gc-sections -static --specs=nano.specs -mfpu=fpv5-d16 -mfloat-abi=hard -mthumb -Wl,--start-group -lc -lm -Wl,--end-group
Finished building target: SynthC.elf
 
arm-none-eabi-size   SynthC.elf 
arm-none-eabi-objdump -h -S  SynthC.elf  > "SynthC.list"
arm-none-eabi-objcopy  -O binary  SynthC.elf  "SynthC.bin"
   text	   data	    bss	    dec	    hex	filename
  11124	     20	   1716	  12860	   323c	SynthC.elf
Finished building: default.size.stdout
 
Finished building: SynthC.bin
 
Finished building: SynthC.list
 
22:13:06 **** Incremental Build of configuration Debug for project SynthC ****
make -j16 all 
arm-none-eabi-gcc "../Core/Src/main.c" -mcpu=cortex-m7 -std=gnu11 -g3 -DDEBUG -DUSE_HAL_DRIVER -DSTM32F767xx -c -I../Core/Inc -I../Drivers/STM32F7xx_HAL_Driver/Inc -I../Drivers/STM32F7xx_HAL_Driver/Inc/Legacy -I../Drivers/CMSIS/Device/ST/STM32F7xx/Include -I../Drivers/CMSIS/Include -O0 -ffunction-sections -fdata-sections -Wall -fstack-usage -MMD -MP -MF"Core/Src/main.d" -MT"Core/Src/main.o" --specs=nano.specs -mfpu=fpv5-d16 -mfloat-abi=hard -mthumb -o "Core/Src/main.o"
../Core/Src/main.c: In function 'main':
../Core/Src/main.c:104:31: warning: passing argument 2 of 'HAL_UART_Receive' makes pointer from integer without a cast [-Wint-conversion]
  104 |    HAL_UART_Receive (&huart4, MIDI_bufferOne, 1, 5000);
      |                               ^~~~~~~~~~~~~~
      |                               |
      |                               uint8_t {aka unsigned char}
In file included from ../Core/Inc/stm32f7xx_hal_conf.h:410,
                 from ../Drivers/STM32F7xx_HAL_Driver/Inc/stm32f7xx_hal.h:30,
                 from ../Core/Inc/main.h:31,
                 from ../Core/Src/main.c:21:
../Drivers/STM32F7xx_HAL_Driver/Inc/stm32f7xx_hal_uart.h:1532:72: note: expected 'uint8_t *' {aka 'unsigned char *'} but argument is of type 'uint8_t' {aka 'unsigned char'}
 1532 | HAL_StatusTypeDef HAL_UART_Receive(UART_HandleTypeDef *huart, uint8_t *pData, uint16_t Size, uint32_t Timeout);
      |                                                               ~~~~~~~~~^~~~~
../Core/Src/main.c:105:4: warning: implicit declaration of function 'MIDI_parser' [-Wimplicit-function-declaration]
  105 |    MIDI_parser(MIDI_bufferOne);
      |    ^~~~~~~~~~~
../Core/Src/main.c: At top level:
../Core/Src/main.c:225:6: warning: conflicting types for 'MIDI_parser'
  225 | void MIDI_parser(uint8_t MIDI_buffer){
      |      ^~~~~~~~~~~
../Core/Src/main.c:105:4: note: previous implicit declaration of 'MIDI_parser' was here
  105 |    MIDI_parser(MIDI_bufferOne);
      |    ^~~~~~~~~~~
arm-none-eabi-gcc -o "SynthC.elf" @"objects.list"   -mcpu=cortex-m7 -T"C:\Users\Joshua\Documents\GitHub\STM32_GitHub\SynthC\STM32F767ZITX_FLASH.ld" --specs=nosys.specs -Wl,-Map="SynthC.map" -Wl,--gc-sections -static --specs=nano.specs -mfpu=fpv5-d16 -mfloat-abi=hard -mthumb -Wl,--start-group -lc -lm -Wl,--end-group
Finished building target: SynthC.elf
 
arm-none-eabi-size   SynthC.elf 
arm-none-eabi-objdump -h -S  SynthC.elf  > "SynthC.list"
arm-none-eabi-objcopy  -O binary  SynthC.elf  "SynthC.bin"
   text	   data	    bss	    dec	    hex	filename
  11124	     20	   1716	  12860	   323c	SynthC.elf
Finished building: default.size.stdout
 
Finished building: SynthC.bin
 
Finished building: SynthC.list
 
22:14:24 **** Incremental Build of configuration Debug for project SynthC ****
make -j16 all 
arm-none-eabi-gcc "../Core/Src/main.c" -mcpu=cortex-m7 -std=gnu11 -g3 -DDEBUG -DUSE_HAL_DRIVER -DSTM32F767xx -c -I../Core/Inc -I../Drivers/STM32F7xx_HAL_Driver/Inc -I../Drivers/STM32F7xx_HAL_Driver/Inc/Legacy -I../Drivers/CMSIS/Device/ST/STM32F7xx/Include -I../Drivers/CMSIS/Include -O0 -ffunction-sections -fdata-sections -Wall -fstack-usage -MMD -MP -MF"Core/Src/main.d" -MT"Core/Src/main.o" --specs=nano.specs -mfpu=fpv5-d16 -mfloat-abi=hard -mthumb -o "Core/Src/main.o"
../Core/Src/main.c: In function 'main':
../Core/Src/main.c:105:4: warning: implicit declaration of function 'MIDI_parser' [-Wimplicit-function-declaration]
  105 |    MIDI_parser(MIDI_bufferOne);
      |    ^~~~~~~~~~~
../Core/Src/main.c: At top level:
../Core/Src/main.c:225:6: warning: conflicting types for 'MIDI_parser'
  225 | void MIDI_parser(uint8_t MIDI_buffer){
      |      ^~~~~~~~~~~
../Core/Src/main.c:105:4: note: previous implicit declaration of 'MIDI_parser' was here
  105 |    MIDI_parser(MIDI_bufferOne);
      |    ^~~~~~~~~~~
arm-none-eabi-gcc -o "SynthC.elf" @"objects.list"   -mcpu=cortex-m7 -T"C:\Users\Joshua\Documents\GitHub\STM32_GitHub\SynthC\STM32F767ZITX_FLASH.ld" --specs=nosys.specs -Wl,-Map="SynthC.map" -Wl,--gc-sections -static --specs=nano.specs -mfpu=fpv5-d16 -mfloat-abi=hard -mthumb -Wl,--start-group -lc -lm -Wl,--end-group
Finished building target: SynthC.elf
 
arm-none-eabi-size   SynthC.elf 
arm-none-eabi-objdump -h -S  SynthC.elf  > "SynthC.list"
arm-none-eabi-objcopy  -O binary  SynthC.elf  "SynthC.bin"
   text	   data	    bss	    dec	    hex	filename
  11120	     20	   1716	  12856	   3238	SynthC.elf
Finished building: default.size.stdout
 
Finished building: SynthC.bin
 
Finished building: SynthC.list
 
22:15:09 **** Incremental Build of configuration Debug for project SynthC ****
make -j16 all 
arm-none-eabi-gcc "../Core/Src/main.c" -mcpu=cortex-m7 -std=gnu11 -g3 -DDEBUG -DUSE_HAL_DRIVER -DSTM32F767xx -c -I../Core/Inc -I../Drivers/STM32F7xx_HAL_Driver/Inc -I../Drivers/STM32F7xx_HAL_Driver/Inc/Legacy -I../Drivers/CMSIS/Device/ST/STM32F7xx/Include -I../Drivers/CMSIS/Include -O0 -ffunction-sections -fdata-sections -Wall -fstack-usage -MMD -MP -MF"Core/Src/main.d" -MT"Core/Src/main.o" --specs=nano.specs -mfpu=fpv5-d16 -mfloat-abi=hard -mthumb -o "Core/Src/main.o"
../Core/Src/main.c: In function 'main':
../Core/Src/main.c:104:4: warning: implicit declaration of function 'MIDI_parser' [-Wimplicit-function-declaration]
  104 |    MIDI_parser(MIDI_buffer);
      |    ^~~~~~~~~~~
../Core/Src/main.c: At top level:
../Core/Src/main.c:224:6: warning: conflicting types for 'MIDI_parser'
  224 | void MIDI_parser(uint8_t* MIDI_buffer){
      |      ^~~~~~~~~~~
../Core/Src/main.c:104:4: note: previous implicit declaration of 'MIDI_parser' was here
  104 |    MIDI_parser(MIDI_buffer);
      |    ^~~~~~~~~~~
arm-none-eabi-gcc -o "SynthC.elf" @"objects.list"   -mcpu=cortex-m7 -T"C:\Users\Joshua\Documents\GitHub\STM32_GitHub\SynthC\STM32F767ZITX_FLASH.ld" --specs=nosys.specs -Wl,-Map="SynthC.map" -Wl,--gc-sections -static --specs=nano.specs -mfpu=fpv5-d16 -mfloat-abi=hard -mthumb -Wl,--start-group -lc -lm -Wl,--end-group
Finished building target: SynthC.elf
 
arm-none-eabi-size   SynthC.elf 
arm-none-eabi-objdump -h -S  SynthC.elf  > "SynthC.list"
arm-none-eabi-objcopy  -O binary  SynthC.elf  "SynthC.bin"
   text	   data	    bss	    dec	    hex	filename
  11116	     20	   1780	  12916	   3274	SynthC.elf
Finished building: default.size.stdout
 
Finished building: SynthC.bin
 
Finished building: SynthC.list
 
22:17:35 **** Incremental Build of configuration Debug for project SynthC ****
make -j16 all 
arm-none-eabi-size   SynthC.elf 
   text	   data	    bss	    dec	    hex	filename
  11116	     20	   1780	  12916	   3274	SynthC.elf
Finished building: default.size.stdout
 
22:20:55 **** Incremental Build of configuration Debug for project SynthC ****
make -j16 all 
arm-none-eabi-gcc "../Core/Src/main.c" -mcpu=cortex-m7 -std=gnu11 -g3 -DDEBUG -DUSE_HAL_DRIVER -DSTM32F767xx -c -I../Core/Inc -I../Drivers/STM32F7xx_HAL_Driver/Inc -I../Drivers/STM32F7xx_HAL_Driver/Inc/Legacy -I../Drivers/CMSIS/Device/ST/STM32F7xx/Include -I../Drivers/CMSIS/Include -O0 -ffunction-sections -fdata-sections -Wall -fstack-usage -MMD -MP -MF"Core/Src/main.d" -MT"Core/Src/main.o" --specs=nano.specs -mfpu=fpv5-d16 -mfloat-abi=hard -mthumb -o "Core/Src/main.o"
../Core/Src/main.c: In function 'main':
../Core/Src/main.c:103:31: warning: passing argument 2 of 'HAL_UART_Receive' from incompatible pointer type [-Wincompatible-pointer-types]
  103 |    HAL_UART_Receive (&huart4, MIDI_buffer, 64, 5000);
      |                               ^~~~~~~~~~~
      |                               |
      |                               uint8_t ** {aka unsigned char **}
In file included from ../Core/Inc/stm32f7xx_hal_conf.h:410,
                 from ../Drivers/STM32F7xx_HAL_Driver/Inc/stm32f7xx_hal.h:30,
                 from ../Core/Inc/main.h:31,
                 from ../Core/Src/main.c:21:
../Drivers/STM32F7xx_HAL_Driver/Inc/stm32f7xx_hal_uart.h:1532:72: note: expected 'uint8_t *' {aka 'unsigned char *'} but argument is of type 'uint8_t **' {aka 'unsigned char **'}
 1532 | HAL_StatusTypeDef HAL_UART_Receive(UART_HandleTypeDef *huart, uint8_t *pData, uint16_t Size, uint32_t Timeout);
      |                                                               ~~~~~~~~~^~~~~
../Core/Src/main.c:104:4: warning: implicit declaration of function 'MIDI_parser' [-Wimplicit-function-declaration]
  104 |    MIDI_parser(MIDI_buffer);
      |    ^~~~~~~~~~~
../Core/Src/main.c: At top level:
../Core/Src/main.c:224:6: warning: conflicting types for 'MIDI_parser'
  224 | void MIDI_parser(uint8_t* MIDI_buffer){
      |      ^~~~~~~~~~~
../Core/Src/main.c:104:4: note: previous implicit declaration of 'MIDI_parser' was here
  104 |    MIDI_parser(MIDI_buffer);
      |    ^~~~~~~~~~~
arm-none-eabi-gcc -o "SynthC.elf" @"objects.list"   -mcpu=cortex-m7 -T"C:\Users\Joshua\Documents\GitHub\STM32_GitHub\SynthC\STM32F767ZITX_FLASH.ld" --specs=nosys.specs -Wl,-Map="SynthC.map" -Wl,--gc-sections -static --specs=nano.specs -mfpu=fpv5-d16 -mfloat-abi=hard -mthumb -Wl,--start-group -lc -lm -Wl,--end-group
Finished building target: SynthC.elf
 
arm-none-eabi-size   SynthC.elf 
arm-none-eabi-objdump -h -S  SynthC.elf  > "SynthC.list"
arm-none-eabi-objcopy  -O binary  SynthC.elf  "SynthC.bin"
   text	   data	    bss	    dec	    hex	filename
  11116	     20	   1972	  13108	   3334	SynthC.elf
Finished building: default.size.stdout
 
Finished building: SynthC.bin
 
Finished building: SynthC.list
 
22:22:15 **** Incremental Build of configuration Debug for project SynthC ****
make -j16 all 
arm-none-eabi-gcc "../Core/Src/main.c" -mcpu=cortex-m7 -std=gnu11 -g3 -DDEBUG -DUSE_HAL_DRIVER -DSTM32F767xx -c -I../Core/Inc -I../Drivers/STM32F7xx_HAL_Driver/Inc -I../Drivers/STM32F7xx_HAL_Driver/Inc/Legacy -I../Drivers/CMSIS/Device/ST/STM32F7xx/Include -I../Drivers/CMSIS/Include -O0 -ffunction-sections -fdata-sections -Wall -fstack-usage -MMD -MP -MF"Core/Src/main.d" -MT"Core/Src/main.o" --specs=nano.specs -mfpu=fpv5-d16 -mfloat-abi=hard -mthumb -o "Core/Src/main.o"
../Core/Src/main.c: In function 'main':
../Core/Src/main.c:104:4: warning: implicit declaration of function 'MIDI_parser' [-Wimplicit-function-declaration]
  104 |    MIDI_parser(MIDI_buffer);
      |    ^~~~~~~~~~~
../Core/Src/main.c: At top level:
../Core/Src/main.c:224:6: warning: conflicting types for 'MIDI_parser'
  224 | void MIDI_parser(uint8_t* MIDI_buffer){
      |      ^~~~~~~~~~~
../Core/Src/main.c:104:4: note: previous implicit declaration of 'MIDI_parser' was here
  104 |    MIDI_parser(MIDI_buffer);
      |    ^~~~~~~~~~~
arm-none-eabi-gcc -o "SynthC.elf" @"objects.list"   -mcpu=cortex-m7 -T"C:\Users\Joshua\Documents\GitHub\STM32_GitHub\SynthC\STM32F767ZITX_FLASH.ld" --specs=nosys.specs -Wl,-Map="SynthC.map" -Wl,--gc-sections -static --specs=nano.specs -mfpu=fpv5-d16 -mfloat-abi=hard -mthumb -Wl,--start-group -lc -lm -Wl,--end-group
Finished building target: SynthC.elf
 
arm-none-eabi-size   SynthC.elf 
arm-none-eabi-objdump -h -S  SynthC.elf  > "SynthC.list"
arm-none-eabi-objcopy  -O binary  SynthC.elf  "SynthC.bin"
   text	   data	    bss	    dec	    hex	filename
  11116	     20	   1780	  12916	   3274	SynthC.elf
Finished building: default.size.stdout
 
Finished building: SynthC.bin
 
Finished building: SynthC.list
 
22:25:58 **** Incremental Build of configuration Debug for project SynthC ****
make -j16 all 
arm-none-eabi-gcc "../Core/Src/main.c" -mcpu=cortex-m7 -std=gnu11 -g3 -DDEBUG -DUSE_HAL_DRIVER -DSTM32F767xx -c -I../Core/Inc -I../Drivers/STM32F7xx_HAL_Driver/Inc -I../Drivers/STM32F7xx_HAL_Driver/Inc/Legacy -I../Drivers/CMSIS/Device/ST/STM32F7xx/Include -I../Drivers/CMSIS/Include -O0 -ffunction-sections -fdata-sections -Wall -fstack-usage -MMD -MP -MF"Core/Src/main.d" -MT"Core/Src/main.o" --specs=nano.specs -mfpu=fpv5-d16 -mfloat-abi=hard -mthumb -o "Core/Src/main.o"
../Core/Src/main.c: In function 'main':
../Core/Src/main.c:104:4: warning: implicit declaration of function 'MIDI_parser' [-Wimplicit-function-declaration]
  104 |    MIDI_parser(MIDI_buffer);
      |    ^~~~~~~~~~~
../Core/Src/main.c: At top level:
../Core/Src/main.c:224:6: warning: conflicting types for 'MIDI_parser'
  224 | void MIDI_parser(uint8_t* MIDI_buffer){
      |      ^~~~~~~~~~~
../Core/Src/main.c:104:4: note: previous implicit declaration of 'MIDI_parser' was here
  104 |    MIDI_parser(MIDI_buffer);
      |    ^~~~~~~~~~~
../Core/Src/main.c: In function 'MIDI_parser':
../Core/Src/main.c:227:2: error: 'nb_MIDI_bytes' undeclared (first use in this function)
  227 |  nb_MIDI_bytes = 1;
      |  ^~~~~~~~~~~~~
../Core/Src/main.c:227:2: note: each undeclared identifier is reported only once for each function it appears in
../Core/Src/main.c:362:6: warning: implicit declaration of function 'printf' [-Wimplicit-function-declaration]
  362 |      printf ("Note ON : %d %d\n", MIDI_note, MIDI_velocity);
      |      ^~~~~~
../Core/Src/main.c:362:6: warning: incompatible implicit declaration of built-in function 'printf'
../Core/Src/main.c:22:1: note: include '<stdio.h>' or provide a declaration of 'printf'
   21 | #include "main.h"
  +++ |+#include <stdio.h>
   22 | 
../Core/Src/main.c:363:6: error: 'note_list' undeclared (first use in this function)
  363 |      note_list = add_note_last(note_list, MIDI_note, MIDI_velocity);
      |      ^~~~~~~~~
../Core/Src/main.c:363:18: warning: implicit declaration of function 'add_note_last' [-Wimplicit-function-declaration]
  363 |      note_list = add_note_last(note_list, MIDI_note, MIDI_velocity);
      |                  ^~~~~~~~~~~~~
../Core/Src/main.c:365:6: error: 'new_note_event' undeclared (first use in this function)
  365 |      new_note_event = 1;
      |      ^~~~~~~~~~~~~~
../Core/Src/main.c:369:6: warning: incompatible implicit declaration of built-in function 'printf'
  369 |      printf ("Note OFF : %d %d\n", MIDI_note, MIDI_velocity);
      |      ^~~~~~
../Core/Src/main.c:369:6: note: include '<stdio.h>' or provide a declaration of 'printf'
../Core/Src/main.c:370:18: warning: implicit declaration of function 'delete_note' [-Wimplicit-function-declaration]
  370 |      note_list = delete_note(note_list, MIDI_note);
      |                  ^~~~~~~~~~~
../Core/Src/main.c:410:5: warning: incompatible implicit declaration of built-in function 'printf'
  410 |     printf ("Note OFF : %d %d\n", MIDI_note, MIDI_velocity);
      |     ^~~~~~
../Core/Src/main.c:410:5: note: include '<stdio.h>' or provide a declaration of 'printf'
../Core/Src/main.c:450:5: warning: incompatible implicit declaration of built-in function 'printf'
  450 |     printf ("CC : %d %d\n", MIDI_CC_number, MIDI_CC_value);
      |     ^~~~~~
../Core/Src/main.c:450:5: note: include '<stdio.h>' or provide a declaration of 'printf'
../Core/Src/main.c:451:5: warning: implicit declaration of function 'ChangeParam' [-Wimplicit-function-declaration]
  451 |     ChangeParam(MIDI_CC_number, MIDI_CC_value);
      |     ^~~~~~~~~~~
../Core/Src/main.c:495:5: error: 'params' undeclared (first use in this function)
  495 |     params.bend = params.pitch * 2.0f * ( (float_t)PB_wheel - 8192.0f) / (4096.0f * 12.0f);
      |     ^~~~~~
../Core/Src/main.c:495:44: error: 'float_t' undeclared (first use in this function); did you mean 'float'?
  495 |     params.bend = params.pitch * 2.0f * ( (float_t)PB_wheel - 8192.0f) / (4096.0f * 12.0f);
      |                                            ^~~~~~~
      |                                            float
../Core/Src/main.c:495:52: error: expected ')' before 'PB_wheel'
  495 |     params.bend = params.pitch * 2.0f * ( (float_t)PB_wheel - 8192.0f) / (4096.0f * 12.0f);
      |                                         ~          ^~~~~~~~
      |                                                    )
make: *** [Core/Src/subdir.mk:34: Core/Src/main.o] Error 1
"make -j16 all" terminated with exit code 2. Build might be incomplete.
22:26:40 **** Incremental Build of configuration Debug for project SynthC ****
make -j16 all 
arm-none-eabi-gcc "../Core/Src/main.c" -mcpu=cortex-m7 -std=gnu11 -g3 -DDEBUG -DUSE_HAL_DRIVER -DSTM32F767xx -c -I../Core/Inc -I../Drivers/STM32F7xx_HAL_Driver/Inc -I../Drivers/STM32F7xx_HAL_Driver/Inc/Legacy -I../Drivers/CMSIS/Device/ST/STM32F7xx/Include -I../Drivers/CMSIS/Include -O0 -ffunction-sections -fdata-sections -Wall -fstack-usage -MMD -MP -MF"Core/Src/main.d" -MT"Core/Src/main.o" --specs=nano.specs -mfpu=fpv5-d16 -mfloat-abi=hard -mthumb -o "Core/Src/main.o"
../Core/Src/main.c: In function 'main':
../Core/Src/main.c:104:4: warning: implicit declaration of function 'MIDI_parser' [-Wimplicit-function-declaration]
  104 |    MIDI_parser(MIDI_buffer);
      |    ^~~~~~~~~~~
../Core/Src/main.c: At top level:
../Core/Src/main.c:224:6: warning: conflicting types for 'MIDI_parser'
  224 | void MIDI_parser(uint8_t* MIDI_buffer){
      |      ^~~~~~~~~~~
../Core/Src/main.c:104:4: note: previous implicit declaration of 'MIDI_parser' was here
  104 |    MIDI_parser(MIDI_buffer);
      |    ^~~~~~~~~~~
../Core/Src/main.c: In function 'MIDI_parser':
../Core/Src/main.c:227:2: error: 'nb_MIDI_bytes' undeclared (first use in this function)
  227 |  nb_MIDI_bytes = 1;
      |  ^~~~~~~~~~~~~
../Core/Src/main.c:227:2: note: each undeclared identifier is reported only once for each function it appears in
../Core/Src/main.c:230:34: warning: variable 'MIDI_CC_value' set but not used [-Wunused-but-set-variable]
  230 |  static uint8_t  MIDI_CC_number, MIDI_CC_value;
      |                                  ^~~~~~~~~~~~~
../Core/Src/main.c:230:18: warning: variable 'MIDI_CC_number' set but not used [-Wunused-but-set-variable]
  230 |  static uint8_t  MIDI_CC_number, MIDI_CC_value;
      |                  ^~~~~~~~~~~~~~
../Core/Src/main.c:229:28: warning: variable 'MIDI_velocity' set but not used [-Wunused-but-set-variable]
  229 |  static uint8_t MIDI_note, MIDI_velocity;
      |                            ^~~~~~~~~~~~~
../Core/Src/main.c:229:17: warning: variable 'MIDI_note' set but not used [-Wunused-but-set-variable]
  229 |  static uint8_t MIDI_note, MIDI_velocity;
      |                 ^~~~~~~~~
make: *** [Core/Src/subdir.mk:34: Core/Src/main.o] Error 1
"make -j16 all" terminated with exit code 2. Build might be incomplete.
22:27:00 **** Incremental Build of configuration Debug for project SynthC ****
make -j16 all 
arm-none-eabi-gcc "../Core/Src/main.c" -mcpu=cortex-m7 -std=gnu11 -g3 -DDEBUG -DUSE_HAL_DRIVER -DSTM32F767xx -c -I../Core/Inc -I../Drivers/STM32F7xx_HAL_Driver/Inc -I../Drivers/STM32F7xx_HAL_Driver/Inc/Legacy -I../Drivers/CMSIS/Device/ST/STM32F7xx/Include -I../Drivers/CMSIS/Include -O0 -ffunction-sections -fdata-sections -Wall -fstack-usage -MMD -MP -MF"Core/Src/main.d" -MT"Core/Src/main.o" --specs=nano.specs -mfpu=fpv5-d16 -mfloat-abi=hard -mthumb -o "Core/Src/main.o"
../Core/Src/main.c: In function 'main':
../Core/Src/main.c:104:4: warning: implicit declaration of function 'MIDI_parser' [-Wimplicit-function-declaration]
  104 |    MIDI_parser(MIDI_buffer);
      |    ^~~~~~~~~~~
../Core/Src/main.c: At top level:
../Core/Src/main.c:224:6: warning: conflicting types for 'MIDI_parser'
  224 | void MIDI_parser(uint8_t* MIDI_buffer){
      |      ^~~~~~~~~~~
../Core/Src/main.c:104:4: note: previous implicit declaration of 'MIDI_parser' was here
  104 |    MIDI_parser(MIDI_buffer);
      |    ^~~~~~~~~~~
../Core/Src/main.c: In function 'MIDI_parser':
../Core/Src/main.c:230:34: warning: variable 'MIDI_CC_value' set but not used [-Wunused-but-set-variable]
  230 |  static uint8_t  MIDI_CC_number, MIDI_CC_value;
      |                                  ^~~~~~~~~~~~~
../Core/Src/main.c:230:18: warning: variable 'MIDI_CC_number' set but not used [-Wunused-but-set-variable]
  230 |  static uint8_t  MIDI_CC_number, MIDI_CC_value;
      |                  ^~~~~~~~~~~~~~
../Core/Src/main.c:229:28: warning: variable 'MIDI_velocity' set but not used [-Wunused-but-set-variable]
  229 |  static uint8_t MIDI_note, MIDI_velocity;
      |                            ^~~~~~~~~~~~~
../Core/Src/main.c:229:17: warning: variable 'MIDI_note' set but not used [-Wunused-but-set-variable]
  229 |  static uint8_t MIDI_note, MIDI_velocity;
      |                 ^~~~~~~~~
arm-none-eabi-gcc -o "SynthC.elf" @"objects.list"   -mcpu=cortex-m7 -T"C:\Users\Joshua\Documents\GitHub\STM32_GitHub\SynthC\STM32F767ZITX_FLASH.ld" --specs=nosys.specs -Wl,-Map="SynthC.map" -Wl,--gc-sections -static --specs=nano.specs -mfpu=fpv5-d16 -mfloat-abi=hard -mthumb -Wl,--start-group -lc -lm -Wl,--end-group
Finished building target: SynthC.elf
 
arm-none-eabi-size   SynthC.elf 
arm-none-eabi-objdump -h -S  SynthC.elf  > "SynthC.list"
arm-none-eabi-objcopy  -O binary  SynthC.elf  "SynthC.bin"
   text	   data	    bss	    dec	    hex	filename
  12012	     20	   1788	  13820	   35fc	SynthC.elf
Finished building: default.size.stdout
 
Finished building: SynthC.bin
 
Finished building: SynthC.list
 
