14:03:17 **** Incremental Build of configuration Debug for project STM32_dax ****
make -j16 all 
arm-none-eabi-gcc "../Core/Src/main.c" -mcpu=cortex-m7 -std=gnu11 -g3 -DDEBUG -DUSE_HAL_DRIVER -DSTM32F767xx -c -I../Core/Inc -I../Drivers/STM32F7xx_HAL_Driver/Inc -I../Drivers/STM32F7xx_HAL_Driver/Inc/Legacy -I../Drivers/CMSIS/Device/ST/STM32F7xx/Include -I../Drivers/CMSIS/Include -O0 -ffunction-sections -fdata-sections -Wall -fstack-usage -MMD -MP -MF"Core/Src/main.d" -MT"Core/Src/main.o" --specs=nano.specs -mfpu=fpv5-d16 -mfloat-abi=hard -mthumb -o "Core/Src/main.o"
../Core/Src/main.c: In function 'main':
../Core/Src/main.c:300:2: warning: implicit declaration of function 'SSD1306_Menu'; did you mean 'SSD1306_Clear'? [-Wimplicit-function-declaration]
  300 |  SSD1306_Menu();
      |  ^~~~~~~~~~~~
      |  SSD1306_Clear
../Core/Src/main.c:332:37: warning: passing argument 2 of 'HAL_SAI_Transmit' from incompatible pointer type [-Wincompatible-pointer-types]
  332 |     HAL_SAI_Transmit(&hsai_BlockA1, tone_c, sizeof(tone_c) / sizeof(tone_c[0]), 1000);
      |                                     ^~~~~~
      |                                     |
      |                                     int *
In file included from ../Core/Inc/stm32f7xx_hal_conf.h:386,
                 from ../Drivers/STM32F7xx_HAL_Driver/Inc/stm32f7xx_hal.h:30,
                 from ../Core/Inc/main.h:31,
                 from ../Core/Src/main.c:21:
../Drivers/STM32F7xx_HAL_Driver/Inc/stm32f7xx_hal_sai.h:700:70: note: expected 'uint8_t *' {aka 'unsigned char *'} but argument is of type 'int *'
  700 | HAL_StatusTypeDef HAL_SAI_Transmit(SAI_HandleTypeDef *hsai, uint8_t *pData, uint16_t Size, uint32_t Timeout);
      |                                                             ~~~~~~~~~^~~~~
../Core/Src/main.c:335:37: warning: passing argument 2 of 'HAL_SAI_Transmit' from incompatible pointer type [-Wincompatible-pointer-types]
  335 |     HAL_SAI_Transmit(&hsai_BlockA1, tone_c_sharp, sizeof(tone_c_sharp) / sizeof(tone_c_sharp[0]), 1000);
      |                                     ^~~~~~~~~~~~
      |                                     |
      |                                     int *
In file included from ../Core/Inc/stm32f7xx_hal_conf.h:386,
                 from ../Drivers/STM32F7xx_HAL_Driver/Inc/stm32f7xx_hal.h:30,
                 from ../Core/Inc/main.h:31,
                 from ../Core/Src/main.c:21:
../Drivers/STM32F7xx_HAL_Driver/Inc/stm32f7xx_hal_sai.h:700:70: note: expected 'uint8_t *' {aka 'unsigned char *'} but argument is of type 'int *'
  700 | HAL_StatusTypeDef HAL_SAI_Transmit(SAI_HandleTypeDef *hsai, uint8_t *pData, uint16_t Size, uint32_t Timeout);
      |                                                             ~~~~~~~~~^~~~~
../Core/Src/main.c:338:37: warning: passing argument 2 of 'HAL_SAI_Transmit' from incompatible pointer type [-Wincompatible-pointer-types]
  338 |     HAL_SAI_Transmit(&hsai_BlockA1, tone_d, sizeof(tone_d) / sizeof(tone_d[0]), 1000);
      |                                     ^~~~~~
      |                                     |
      |                                     int *
In file included from ../Core/Inc/stm32f7xx_hal_conf.h:386,
                 from ../Drivers/STM32F7xx_HAL_Driver/Inc/stm32f7xx_hal.h:30,
                 from ../Core/Inc/main.h:31,
                 from ../Core/Src/main.c:21:
../Drivers/STM32F7xx_HAL_Driver/Inc/stm32f7xx_hal_sai.h:700:70: note: expected 'uint8_t *' {aka 'unsigned char *'} but argument is of type 'int *'
  700 | HAL_StatusTypeDef HAL_SAI_Transmit(SAI_HandleTypeDef *hsai, uint8_t *pData, uint16_t Size, uint32_t Timeout);
      |                                                             ~~~~~~~~~^~~~~
../Core/Src/main.c:341:37: warning: passing argument 2 of 'HAL_SAI_Transmit' from incompatible pointer type [-Wincompatible-pointer-types]
  341 |     HAL_SAI_Transmit(&hsai_BlockA1, tone_d_sharp, sizeof(tone_d_sharp) / sizeof(tone_d_sharp[0]), 1000);
      |                                     ^~~~~~~~~~~~
      |                                     |
      |                                     int *
In file included from ../Core/Inc/stm32f7xx_hal_conf.h:386,
                 from ../Drivers/STM32F7xx_HAL_Driver/Inc/stm32f7xx_hal.h:30,
                 from ../Core/Inc/main.h:31,
                 from ../Core/Src/main.c:21:
../Drivers/STM32F7xx_HAL_Driver/Inc/stm32f7xx_hal_sai.h:700:70: note: expected 'uint8_t *' {aka 'unsigned char *'} but argument is of type 'int *'
  700 | HAL_StatusTypeDef HAL_SAI_Transmit(SAI_HandleTypeDef *hsai, uint8_t *pData, uint16_t Size, uint32_t Timeout);
      |                                                             ~~~~~~~~~^~~~~
../Core/Src/main.c:344:37: warning: passing argument 2 of 'HAL_SAI_Transmit' from incompatible pointer type [-Wincompatible-pointer-types]
  344 |     HAL_SAI_Transmit(&hsai_BlockA1, tone_e, sizeof(tone_e) / sizeof(tone_e[0]), 1000);
      |                                     ^~~~~~
      |                                     |
      |                                     int *
In file included from ../Core/Inc/stm32f7xx_hal_conf.h:386,
                 from ../Drivers/STM32F7xx_HAL_Driver/Inc/stm32f7xx_hal.h:30,
                 from ../Core/Inc/main.h:31,
                 from ../Core/Src/main.c:21:
../Drivers/STM32F7xx_HAL_Driver/Inc/stm32f7xx_hal_sai.h:700:70: note: expected 'uint8_t *' {aka 'unsigned char *'} but argument is of type 'int *'
  700 | HAL_StatusTypeDef HAL_SAI_Transmit(SAI_HandleTypeDef *hsai, uint8_t *pData, uint16_t Size, uint32_t Timeout);
      |                                                             ~~~~~~~~~^~~~~
../Core/Src/main.c:348:36: warning: passing argument 2 of 'HAL_SAI_Transmit' from incompatible pointer type [-Wincompatible-pointer-types]
  348 |    HAL_SAI_Transmit(&hsai_BlockA1, triangle_wave, sizeof(triangle_wave) / sizeof(triangle_wave[0]), 1000);
      |                                    ^~~~~~~~~~~~~
      |                                    |
      |                                    const uint16_t * {aka const short unsigned int *}
In file included from ../Core/Inc/stm32f7xx_hal_conf.h:386,
                 from ../Drivers/STM32F7xx_HAL_Driver/Inc/stm32f7xx_hal.h:30,
                 from ../Core/Inc/main.h:31,
                 from ../Core/Src/main.c:21:
../Drivers/STM32F7xx_HAL_Driver/Inc/stm32f7xx_hal_sai.h:700:70: note: expected 'uint8_t *' {aka 'unsigned char *'} but argument is of type 'const uint16_t *' {aka 'const short unsigned int *'}
  700 | HAL_StatusTypeDef HAL_SAI_Transmit(SAI_HandleTypeDef *hsai, uint8_t *pData, uint16_t Size, uint32_t Timeout);
      |                                                             ~~~~~~~~~^~~~~
../Core/Src/main.c:353:5: warning: implicit declaration of function 'SSD1306_Note0'; did you mean 'SSD1306_Puts'? [-Wimplicit-function-declaration]
  353 |     SSD1306_Note0();
      |     ^~~~~~~~~~~~~
      |     SSD1306_Puts
../Core/Src/main.c: In function 'HAL_I2S_TxCpltCallback':
../Core/Src/main.c:640:18: warning: passing argument 1 of 'HAL_I2S_Receive' from incompatible pointer type [-Wincompatible-pointer-types]
  640 |  HAL_I2S_Receive(&hi2s1, sendBuff, 8, 100);
      |                  ^~~~~~
      |                  |
      |                  I2S_HandleTypeDef ** {aka struct <anonymous> **}
In file included from ../Core/Inc/stm32f7xx_hal_conf.h:354,
                 from ../Drivers/STM32F7xx_HAL_Driver/Inc/stm32f7xx_hal.h:30,
                 from ../Core/Inc/main.h:31,
                 from ../Core/Src/main.c:21:
../Drivers/STM32F7xx_HAL_Driver/Inc/stm32f7xx_hal_i2s.h:437:54: note: expected 'I2S_HandleTypeDef *' {aka 'struct <anonymous> *'} but argument is of type 'I2S_HandleTypeDef **' {aka 'struct <anonymous> **'}
  437 | HAL_StatusTypeDef HAL_I2S_Receive(I2S_HandleTypeDef *hi2s, uint16_t *pData, uint16_t Size, uint32_t Timeout);
      |                                   ~~~~~~~~~~~~~~~~~~~^~~~
../Core/Src/main.c:642:23: warning: passing argument 1 of 'HAL_I2S_Transmit_DMA' from incompatible pointer type [-Wincompatible-pointer-types]
  642 |  HAL_I2S_Transmit_DMA(&hi2s1, sendBuff, 8);
      |                       ^~~~~~
      |                       |
      |                       I2S_HandleTypeDef ** {aka struct <anonymous> **}
In file included from ../Core/Inc/stm32f7xx_hal_conf.h:354,
                 from ../Drivers/STM32F7xx_HAL_Driver/Inc/stm32f7xx_hal.h:30,
                 from ../Core/Inc/main.h:31,
                 from ../Core/Src/main.c:21:
../Drivers/STM32F7xx_HAL_Driver/Inc/stm32f7xx_hal_i2s.h:445:59: note: expected 'I2S_HandleTypeDef *' {aka 'struct <anonymous> *'} but argument is of type 'I2S_HandleTypeDef **' {aka 'struct <anonymous> **'}
  445 | HAL_StatusTypeDef HAL_I2S_Transmit_DMA(I2S_HandleTypeDef *hi2s, uint16_t *pData, uint16_t Size);
      |                                        ~~~~~~~~~~~~~~~~~~~^~~~
arm-none-eabi-gcc -o "STM32_dax.elf" @"objects.list"   -mcpu=cortex-m7 -T"C:\Users\Joshua\Documents\GitHub\STM32_GitHub\STM32_dax\STM32F767ZITX_FLASH.ld" --specs=nosys.specs -Wl,-Map="STM32_dax.map" -Wl,--gc-sections -static --specs=nano.specs -mfpu=fpv5-d16 -mfloat-abi=hard -mthumb -Wl,--start-group -lc -lm -Wl,--end-group
Finished building target: STM32_dax.elf
 
arm-none-eabi-size   STM32_dax.elf 
arm-none-eabi-objdump -h -S  STM32_dax.elf  > "STM32_dax.list"
arm-none-eabi-objcopy  -O binary  STM32_dax.elf  "STM32_dax.bin"
   text	   data	    bss	    dec	    hex	filename
  34036	 480140	   3228	 517404	  7e51c	STM32_dax.elf
Finished building: default.size.stdout
 
Finished building: STM32_dax.bin
 
Finished building: STM32_dax.list
 

14:03:19 Build Finished. 0 errors, 10 warnings. (took 1s.500ms)

