15:12:03 **** Incremental Build of configuration Debug for project STM_Led_Blink ****
make -j4 all 
arm-none-eabi-gcc "../Core/Src/main.c" -mcpu=cortex-m4 -std=gnu11 -g3 -DDEBUG -DUSE_HAL_DRIVER -DSTM32F429xx -c -I../Core/Inc -I../Drivers/STM32F4xx_HAL_Driver/Inc -I../Drivers/STM32F4xx_HAL_Driver/Inc/Legacy -I../Drivers/CMSIS/Device/ST/STM32F4xx/Include -I../Drivers/CMSIS/Include -O0 -ffunction-sections -fdata-sections -Wall -fstack-usage -MMD -MP -MF"Core/Src/main.d" -MT"Core/Src/main.o" --specs=nano.specs -mfpu=fpv4-sp-d16 -mfloat-abi=hard -mthumb -o "Core/Src/main.o"
arm-none-eabi-gcc -o "STM_Led_Blink.elf" @"objects.list"   -mcpu=cortex-m4 -T"C:\Users\Ohmyj\Documents\GitHub\STM32_GitHub\STM_Led_Blink\STM32F429ZITX_FLASH.ld" --specs=nosys.specs -Wl,-Map="STM_Led_Blink.map" -Wl,--gc-sections -static --specs=nano.specs -mfpu=fpv4-sp-d16 -mfloat-abi=hard -mthumb -Wl,--start-group -lc -lm -Wl,--end-group
Finished building target: STM_Led_Blink.elf
 
arm-none-eabi-size   STM_Led_Blink.elf 
arm-none-eabi-objdump -h -S  STM_Led_Blink.elf  > "STM_Led_Blink.list"
arm-none-eabi-objcopy  -O binary  STM_Led_Blink.elf  "STM_Led_Blink.bin"
   text	   data	    bss	    dec	    hex	filename
   5852	     20	   1572	   7444	   1d14	STM_Led_Blink.elf
Finished building: default.size.stdout
 
Finished building: STM_Led_Blink.bin
Finished building: STM_Led_Blink.list
 
 

15:12:29 Build Finished. 0 errors, 0 warnings. (took 25s.242ms)

